Q741_M2_CHUNKS=20
Q741_M2_TERM=4.753074e+37
Q741_M2_SE=2.199e+34
Q741_M2_RELERR=0.0463%
Q741_M2_CHI2_DF19=14.89
Q741_M4_CHUNKS=20
Q741_M4_TERM=4.150069e+37
Q741_M4_SE=2.067e+34
Q741_M4_RELERR=0.0498%
Q741_M4_CHI2_DF19=17.76
Q741_Mp_CHUNKS=20
Q741_Mp_TERM=1.138453e+37
Q741_Mp_SE=9.557e+33
Q741_Mp_RELERR=0.0839%
Q741_Mp_CHI2_DF19=15.72
Q741_T3_PUBLISHED=8.657772e+37
Q741_T3_SE_APPROX=2.176e+34
Q741_CCIRC=1.869937e+38
Q741_CCIRC_SE_EXCL_T3=3.166e+34
Q741_CCIRC_SE_INCL_T3_APPROX=3.841e+34
Q741_CCIRC_OVER_NLIN=1.4071
Q741_OMITTED_SHARE=0.4761
Q741_TWO_TERM_OVER_NLIN=0.7372
Q741_T1_VS_PUBLISHED_PCT=-0.030
Q741_PARITY=PASS
