KNUTH-ESTIMATE probes=2000000000 threads=64 start_step=1 prefix_levels=0
  tree_nodes            : est=2.087414e+40  95%CI=[2.0872e+40, 2.0877e+40]  relerr=0.01%  hitrate=1
  leaves_C1C2C4C5       : est=1.096583e+39  95%CI=[1.0959e+39, 1.0972e+39]  relerr=0.03%  hitrate=0.0144
  leaves_canonical_C1C5 : est=1.328327e+38  95%CI=[1.3260e+38, 1.3306e+38]  relerr=0.09%  hitrate=0.0018
  [f5 01 correct_lead] mean=10.999251 min=1 max=21 kw=15 below=0.94086547 at=0.03764110 above=0.02149342
  [f5 02 rising      ] mean=9.001004 min=0 max=18 kw=10 below=0.58905429 at=0.16178264 above=0.24916306
  [f5 03 rf_alt      ] mean=8.230486 min=0 max=17 kw=10 below=0.73582639 at=0.13380864 above=0.13036497
  [f5 04 gender_lead ] mean=2.496841 min=1 max=4 kw=2 below=0.12745826 at=0.37423415 above=0.49830759
  [f5 05 mirror_order] mean=5.910269 min=0 max=11 kw=7 below=0.63578027 at=0.19520465 above=0.16901508
  [f5 06 lex_dev     ] mean=16.498454 min=4 max=29 kw=17 below=0.50026717 at=0.14360317 above=0.35612966
  [f5 07 orient_alt  ] mean=15.902749 min=3 max=28 kw=13 below=0.10189551 at=0.08319068 above=0.81491381
  [f5 08 greedy_entry] mean=23.905026 min=15 max=30 kw=23 below=0.21063094 at=0.18931100 above=0.60005806
  [f5 09 bpd_six_pos ] mean=15.513135 min=1 max=30 kw=18 below=0.55294242 at=0.02690168 above=0.42015591
  [f5 10 bpd_one_span] mean=10.626389 min=1 max=30 kw=4 below=0.18132998 at=0.05915958 above=0.75951044
  [f5 11 vdb_nuc     ] mean=14.999289 min=2 max=28 kw=29 below=1.00000000 at=0.00000000 above=0.00000000
f5_hist correct_lead 1 2.7228371830e-07
f5_hist correct_lead 2 2.3392643644e-05
f5_hist correct_lead 3 1.9759365977e-04
f5_hist correct_lead 4 1.1215416000e-03
f5_hist correct_lead 5 4.8195240564e-03
f5_hist correct_lead 6 1.5333413858e-02
f5_hist correct_lead 7 3.7983943358e-02
f5_hist correct_lead 8 7.4515313258e-02
f5_hist correct_lead 9 1.2006220769e-01
f5_hist correct_lead 10 1.5884114694e-01
f5_hist correct_lead 11 1.7391316868e-01
f5_hist correct_lead 12 1.5946047827e-01
f5_hist correct_lead 13 1.2014929231e-01
f5_hist correct_lead 14 7.4444186002e-02
f5_hist correct_lead 15 3.7641102829e-02
f5_hist correct_lead 16 1.5269056702e-02
f5_hist correct_lead 17 4.8742953948e-03
f5_hist correct_lead 18 1.1369213721e-03
f5_hist correct_lead 19 1.9816338475e-04
f5_hist correct_lead 20 1.3476909117e-05
f5_hist correct_lead 21 1.5087890837e-06
f5_hist rising 0 3.9701356202e-06
f5_hist rising 1 7.0769193828e-05
f5_hist rising 2 7.2474924505e-04
f5_hist rising 3 3.7841269548e-03
f5_hist rising 4 1.3460966609e-02
f5_hist rising 5 3.5817855105e-02
f5_hist rising 6 7.3610758977e-02
f5_hist rising 7 1.2139351017e-01
f5_hist rising 8 1.6195561475e-01
f5_hist rising 9 1.7823197033e-01
f5_hist rising 10 1.6178264417e-01
f5_hist rising 11 1.2150761366e-01
f5_hist rising 12 7.3621473584e-02
f5_hist rising 13 3.5861134755e-02
f5_hist rising 14 1.3534618679e-02
f5_hist rising 15 3.7987818175e-03
f5_hist rising 16 7.5576891996e-04
f5_hist rising 17 8.1265793239e-05
f5_hist rising 18 2.4071470687e-06
f5_hist rf_alt 0 6.3772826889e-06
f5_hist rf_alt 1 1.1946077718e-04
f5_hist rf_alt 2 1.2300005332e-03
f5_hist rf_alt 3 6.1485826590e-03
f5_hist rf_alt 4 2.2078753501e-02
f5_hist rf_alt 5 5.6786287903e-02
f5_hist rf_alt 6 1.0959763853e-01
f5_hist rf_alt 7 1.6478216337e-01
f5_hist rf_alt 8 1.9466983221e-01
f5_hist rf_alt 9 1.8040729738e-01
f5_hist rf_alt 10 1.3380863951e-01
f5_hist rf_alt 11 7.8124747438e-02
f5_hist rf_alt 12 3.5960626556e-02
f5_hist rf_alt 13 1.2488912405e-02
f5_hist rf_alt 14 3.1514315856e-03
f5_hist rf_alt 15 5.6525007066e-04
f5_hist rf_alt 16 6.9691796872e-05
f5_hist rf_alt 17 4.3064901475e-06
f5_hist gender_lead 1 1.2745826278e-01
f5_hist gender_lead 2 3.7423414783e-01
f5_hist gender_lead 3 3.7231565574e-01
f5_hist gender_lead 4 1.2599193365e-01
f5_hist mirror_order 0 2.1218382425e-04
f5_hist mirror_order 1 2.6801515792e-03
f5_hist mirror_order 2 1.5652278937e-02
f5_hist mirror_order 3 5.4048395694e-02
f5_hist mirror_order 4 1.2447271966e-01
f5_hist mirror_order 5 2.0266546514e-01
f5_hist mirror_order 6 2.3604907159e-01
f5_hist mirror_order 7 1.9520464986e-01
f5_hist mirror_order 8 1.1350065674e-01
f5_hist mirror_order 9 4.4046034357e-02
f5_hist mirror_order 10 1.0378330219e-02
f5_hist mirror_order 11 1.0900624054e-03
f5_hist lex_dev 4 2.4370838990e-07
f5_hist lex_dev 5 5.7089906753e-06
f5_hist lex_dev 6 5.1567273716e-05
f5_hist lex_dev 7 2.3377498237e-04
f5_hist lex_dev 8 9.5076838573e-04
f5_hist lex_dev 9 2.9674586460e-03
f5_hist lex_dev 10 8.2151954469e-03
f5_hist lex_dev 11 1.8844060572e-02
f5_hist lex_dev 12 3.7369892549e-02
f5_hist lex_dev 13 6.4744925448e-02
f5_hist lex_dev 14 9.7078809949e-02
f5_hist lex_dev 15 1.2621920147e-01
f5_hist lex_dev 16 1.4358556704e-01
f5_hist lex_dev 17 1.4360317002e-01
f5_hist lex_dev 18 1.2616481378e-01
f5_hist lex_dev 19 9.6397267041e-02
f5_hist lex_dev 20 6.4760217179e-02
f5_hist lex_dev 21 3.7666218412e-02
f5_hist lex_dev 22 1.8966138714e-02
f5_hist lex_dev 23 8.0628054121e-03
f5_hist lex_dev 24 2.9633424142e-03
f5_hist lex_dev 25 8.7596930000e-04
f5_hist lex_dev 26 2.1559291200e-04
f5_hist lex_dev 27 4.8553386855e-05
f5_hist lex_dev 28 7.1963856211e-06
f5_hist lex_dev 29 1.5405811085e-06
f5_hist orient_alt 3 4.6084162988e-07
f5_hist orient_alt 4 2.8053132977e-06
f5_hist orient_alt 5 2.8987675430e-05
f5_hist orient_alt 6 1.2786789544e-04
f5_hist orient_alt 7 5.4664679000e-04
f5_hist orient_alt 8 1.8553265981e-03
f5_hist orient_alt 9 5.4999769512e-03
f5_hist orient_alt 10 1.3420932385e-02
f5_hist orient_alt 11 2.8695610660e-02
f5_hist orient_alt 12 5.1716896943e-02
f5_hist orient_alt 13 8.3190676371e-02
f5_hist orient_alt 14 1.1531783742e-01
f5_hist orient_alt 15 1.3896611295e-01
f5_hist orient_alt 16 1.4744613127e-01
f5_hist orient_alt 17 1.3662592026e-01
f5_hist orient_alt 18 1.1025450159e-01
f5_hist orient_alt 19 7.7340523805e-02
f5_hist orient_alt 20 4.7078644257e-02
f5_hist orient_alt 21 2.4630119487e-02
f5_hist orient_alt 22 1.1124055420e-02
f5_hist orient_alt 23 4.2776846467e-03
f5_hist orient_alt 24 1.3954138518e-03
f5_hist orient_alt 25 3.6218546454e-04
f5_hist orient_alt 26 8.1990243883e-05
f5_hist orient_alt 27 1.1552495103e-05
f5_hist orient_alt 28 1.1384166564e-06
f5_hist greedy_entry 15 2.9837022463e-06
f5_hist greedy_entry 16 2.8394122316e-05
f5_hist greedy_entry 17 2.5059036650e-04
f5_hist greedy_entry 18 1.4722298000e-03
f5_hist greedy_entry 19 6.4446696152e-03
f5_hist greedy_entry 20 2.2194045499e-02
f5_hist greedy_entry 21 5.9344750249e-02
f5_hist greedy_entry 22 1.2089327188e-01
f5_hist greedy_entry 23 1.8931100024e-01
f5_hist greedy_entry 24 2.2242741936e-01
f5_hist greedy_entry 25 1.9291585250e-01
f5_hist greedy_entry 26 1.1902191057e-01
f5_hist greedy_entry 27 5.0060246593e-02
f5_hist greedy_entry 28 1.3437043365e-02
f5_hist greedy_entry 29 2.0634893901e-03
f5_hist greedy_entry 30 1.3210273446e-04
f5_hist bpd_six_pos 1 4.6475517694e-02
f5_hist bpd_six_pos 2 4.5833754511e-02
f5_hist bpd_six_pos 3 4.2031159519e-02
f5_hist bpd_six_pos 4 3.8835398394e-02
f5_hist bpd_six_pos 5 3.6064091631e-02
f5_hist bpd_six_pos 6 3.3949647259e-02
f5_hist bpd_six_pos 7 3.2192608698e-02
f5_hist bpd_six_pos 8 3.0766294235e-02
f5_hist bpd_six_pos 9 2.9525789844e-02
f5_hist bpd_six_pos 10 2.8527529988e-02
f5_hist bpd_six_pos 11 2.7712128197e-02
f5_hist bpd_six_pos 12 2.7578573839e-02
f5_hist bpd_six_pos 13 2.6869144236e-02
f5_hist bpd_six_pos 14 2.6797647856e-02
f5_hist bpd_six_pos 15 2.6495963817e-02
f5_hist bpd_six_pos 16 2.6643733296e-02
f5_hist bpd_six_pos 17 2.6643433002e-02
f5_hist bpd_six_pos 18 2.6901676489e-02
f5_hist bpd_six_pos 19 2.7529904711e-02
f5_hist bpd_six_pos 20 2.7984172059e-02
f5_hist bpd_six_pos 21 2.8505544470e-02
f5_hist bpd_six_pos 22 2.9361565468e-02
f5_hist bpd_six_pos 23 3.0796091687e-02
f5_hist bpd_six_pos 24 3.1879918578e-02
f5_hist bpd_six_pos 25 3.3669011125e-02
f5_hist bpd_six_pos 26 3.5904944441e-02
f5_hist bpd_six_pos 27 3.8404987794e-02
f5_hist bpd_six_pos 28 4.2052301677e-02
f5_hist bpd_six_pos 29 4.6524780332e-02
f5_hist bpd_six_pos 30 4.7542685155e-02
f5_hist bpd_one_span 1 5.7127902495e-02
f5_hist bpd_one_span 2 6.2693324932e-02
f5_hist bpd_one_span 3 6.1508749266e-02
f5_hist bpd_one_span 4 5.9159580057e-02
f5_hist bpd_one_span 5 5.7057677030e-02
f5_hist bpd_one_span 6 5.5228580168e-02
f5_hist bpd_one_span 7 5.2596086113e-02
f5_hist bpd_one_span 8 5.0484768547e-02
f5_hist bpd_one_span 9 4.8528100046e-02
f5_hist bpd_one_span 10 4.5948948510e-02
f5_hist bpd_one_span 11 4.3906123457e-02
f5_hist bpd_one_span 12 4.1463402904e-02
f5_hist bpd_one_span 13 3.9194891957e-02
f5_hist bpd_one_span 14 3.6775140634e-02
f5_hist bpd_one_span 15 3.4791244467e-02
f5_hist bpd_one_span 16 3.2780464199e-02
f5_hist bpd_one_span 17 3.0191997861e-02
f5_hist bpd_one_span 18 2.8066050101e-02
f5_hist bpd_one_span 19 2.6032214497e-02
f5_hist bpd_one_span 20 2.3293550432e-02
f5_hist bpd_one_span 21 2.1192159407e-02
f5_hist bpd_one_span 22 1.8764899099e-02
f5_hist bpd_one_span 23 1.6911687292e-02
f5_hist bpd_one_span 24 1.4433001939e-02
f5_hist bpd_one_span 25 1.2373124136e-02
f5_hist bpd_one_span 26 1.0228322079e-02
f5_hist bpd_one_span 27 7.9018646363e-03
f5_hist bpd_one_span 28 5.7130725199e-03
f5_hist bpd_one_span 29 3.8456449037e-03
f5_hist bpd_one_span 30 1.8074263143e-03
f5_hist vdb_nuc 2 8.5682724097e-07
f5_hist vdb_nuc 3 4.5727759905e-06
f5_hist vdb_nuc 4 2.6497414161e-05
f5_hist vdb_nuc 5 1.2532976626e-04
f5_hist vdb_nuc 6 5.6130438661e-04
f5_hist vdb_nuc 7 1.9703571256e-03
f5_hist vdb_nuc 8 5.5730141356e-03
f5_hist vdb_nuc 9 1.3461649593e-02
f5_hist vdb_nuc 10 2.8282536369e-02
f5_hist vdb_nuc 11 5.1062613672e-02
f5_hist vdb_nuc 12 8.1096299032e-02
f5_hist vdb_nuc 13 1.1101734861e-01
f5_hist vdb_nuc 14 1.3542248150e-01
f5_hist vdb_nuc 15 1.4353578104e-01
f5_hist vdb_nuc 16 1.3479278311e-01
f5_hist vdb_nuc 17 1.1131101930e-01
f5_hist vdb_nuc 18 8.0600080329e-02
f5_hist vdb_nuc 19 5.1060201498e-02
f5_hist vdb_nuc 20 2.8165248955e-02
f5_hist vdb_nuc 21 1.3674722162e-02
f5_hist vdb_nuc 22 5.4942586988e-03
f5_hist vdb_nuc 23 1.9669812123e-03
f5_hist vdb_nuc 24 6.0516136571e-04
f5_hist vdb_nuc 25 1.5176203422e-04
f5_hist vdb_nuc 26 3.1626813388e-05
f5_hist vdb_nuc 27 4.9788645678e-06
f5_hist vdb_nuc 28 5.3340456446e-07
