V3ROWS_MODE=ladder
V3ROWS_BATTERY_SHA256=fdfa94bf009193e04044b1fe15bfa80bad9eea6c9d4f44072900b10f05c0c154
V3ROWS_SOLVEPY_SHA256=7b4447177d6709731100ae02f10fd3eac084074ef5ca114acb9741c0232bfc04
V3ROWS_REPORT_FIGURES_SHA256=76a4923372d98cf9f96c25368dda706e68e004a7953ff76260188cf363e53315
V3ROWS_SRC_TREE=not-a-git-tree
V3ROWS_NUMPY=2.2.6
V3ROWS_MATPLOTLIB=3.10.9
V3ROWS_EXTRACT_norm=lines:339-399:sha256:2554f2c86ef3ecd6
V3ROWS_EXTRACT_machinery=lines:404-560:sha256:1820dfe3a7ac2874
V3ROWS_EXTRACT_knobs=lines:289-308:sha256:fb11ea111ba4cc12
V3ROWS_EXTRACT_a1_v3=lines:2041-2057:sha256:78a05333b2d3a140
V3ROWS_EXTRACT_v3join=lines:3624-3640:sha256:64c32745ed5f7a6f
V3ROWS_EXTRACT_cviz=lines:3644-3658:sha256:47b707dff7875ebc
V3ROWS_EXTRACT_v3fig=lines:3664-3677:sha256:b44ad6ac595a597b
V3ROWS_EXTRACT_agg=lines:3696-3708:sha256:a621e3456e2fbfc9
V3ROWS_EXTRACT_aggv3=lines:3715-3715:sha256:21d0b9a3cba70433
V3ROWS_EXTRACT_verdloop=lines:3741-3744:sha256:04b26d4ac5194f7a
V3ROWS_SOLVE_BIN_SHA256=a5a0ae499b1917e5e7d4db5e9b610d1044778d2bd4b56f8a0090f6ed473bd345
V3ROWS_RO=PASS:<LADDER_MOUNT>
V3ROWS_UNIVERSE_N=31
V3ROWS_N_TOTAL=1097051278789181790036112071176579186688
V3ROWS_V3K=1000
V3ROWS_A1_EXPECT_SHA256=38457ee67dcf5cce359b80e2cd93148085394c016e50aa5362f51b8dd17d3a69
V3ROWS_CONSUMER=seeded-from-SRC/tr12
a1_v3 start 15:18:13; progress: wc -l <OUT>/raw/a1_v3.txt (K+2 when done)
  [ok  ] a1_v3                  TR12_V3_TSV
  [MINT] c_v3_join              TR12_V3_FIG   (no expected block existed; WRITTEN, not diffed)
  [MINT] c_viz                  TR12_VIZ   (no expected block existed; WRITTEN, not diffed)
V3ROWS_GRID_SHA256=38457ee67dcf5cce359b80e2cd93148085394c016e50aa5362f51b8dd17d3a69
V3ROWS_GRID_VS_COMMITTED=MATCH
V3ROWS_SPECTRUM_SHA256=22ac482fe8f25e3a6db683adda0459b414729fa6e045796b276640b67ec6e6b2
V3ROWS_SPECTRUM_VS_B15_COMMITTED=MATCH
V3ROWS_LADDER_UNMODIFIED=YES
V3ROWS_ELAPSED_S=427
# run_v3_rows.sh 2026-09-25T15:25:19Z host=<HOST> universe n=31 N=1097051278789181790036112071176579186688
V3ROWS_MODE=ladder
V3ROWS_BATTERY_SHA256=fdfa94bf009193e04044b1fe15bfa80bad9eea6c9d4f44072900b10f05c0c154
V3ROWS_SOLVEPY_SHA256=7b4447177d6709731100ae02f10fd3eac084074ef5ca114acb9741c0232bfc04
V3ROWS_REPORT_FIGURES_SHA256=76a4923372d98cf9f96c25368dda706e68e004a7953ff76260188cf363e53315
V3ROWS_SRC_TREE=not-a-git-tree
V3ROWS_NUMPY=2.2.6
V3ROWS_MATPLOTLIB=3.10.9
V3ROWS_EXTRACT_norm=lines:339-399:sha256:2554f2c86ef3ecd6
V3ROWS_EXTRACT_machinery=lines:404-560:sha256:1820dfe3a7ac2874
V3ROWS_EXTRACT_knobs=lines:289-308:sha256:fb11ea111ba4cc12
V3ROWS_EXTRACT_a1_v3=lines:2041-2057:sha256:78a05333b2d3a140
V3ROWS_EXTRACT_v3join=lines:3624-3640:sha256:64c32745ed5f7a6f
V3ROWS_EXTRACT_cviz=lines:3644-3658:sha256:47b707dff7875ebc
V3ROWS_EXTRACT_v3fig=lines:3664-3677:sha256:b44ad6ac595a597b
V3ROWS_EXTRACT_agg=lines:3696-3708:sha256:a621e3456e2fbfc9
V3ROWS_EXTRACT_aggv3=lines:3715-3715:sha256:21d0b9a3cba70433
V3ROWS_EXTRACT_verdloop=lines:3741-3744:sha256:04b26d4ac5194f7a
V3ROWS_SOLVE_BIN_SHA256=a5a0ae499b1917e5e7d4db5e9b610d1044778d2bd4b56f8a0090f6ed473bd345
V3ROWS_RO=PASS:<LADDER_MOUNT>
V3ROWS_UNIVERSE_N=31
V3ROWS_N_TOTAL=1097051278789181790036112071176579186688
V3ROWS_V3K=1000
V3ROWS_A1_EXPECT_SHA256=38457ee67dcf5cce359b80e2cd93148085394c016e50aa5362f51b8dd17d3a69
V3ROWS_CONSUMER=seeded-from-SRC/tr12
V3ROWS_GRID_SHA256=38457ee67dcf5cce359b80e2cd93148085394c016e50aa5362f51b8dd17d3a69
V3ROWS_GRID_VS_COMMITTED=MATCH
V3ROWS_SPECTRUM_SHA256=22ac482fe8f25e3a6db683adda0459b414729fa6e045796b276640b67ec6e6b2
V3ROWS_SPECTRUM_VS_B15_COMMITTED=MATCH
V3ROWS_LADDER_UNMODIFIED=YES
V3ROWS_ELAPSED_S=427
TR12_V3_TSV=PASS
TR12_V3_FIG=PASS
TR12_VIZ=PASS
TR12_V3=PASS
V3ROWS_STATE=DONE
