[knuth] attributed-rule scoring ACTIVE (Cook 2006: R-C1/R-C2; classical+Hacker-Moore 2003: R-C5; Moore 2005: R-M1)
[knuth] 20000000000 probes, 64 threads, 0 prefix level(s)
[knuth] C5 BUDGET OVERRIDE ACTIVE (R6): d0=0 d1=1 d2=20 d3=14 d4=19 d6=8 (post pure-pair decrement; estimator-only, sha-neutral)
KNUTH-ESTIMATE probes=20000000000 threads=64 start_step=1 prefix_levels=0
  tree_nodes            : est=9.194802e+39  95%CI=[9.1944e+39, 9.1952e+39]  relerr=0.00%  hitrate=1
  leaves_C1C2C4C5       : est=5.214202e+38  95%CI=[5.2130e+38, 5.2154e+38]  relerr=0.01%  hitrate=0.0124
  leaves_canonical_C1C5 : est=6.506820e+37  95%CI=[6.5025e+37, 6.5111e+37]  relerr=0.03%  hitrate=0.00155
  [score] R-C1 final-pair-anchor  : 0.078380 of canonical mass
  [score] R-C1c circular anchor-adjacency (R6; A2={21,42} slot2||slot32): adjacent=0.134096 slot2=0.055717 slot32=0.078380 (McKenna 1975 frame; slot32 must reproduce R-C1=0.078380)
  [score] R-C1c A2 pair-slot histogram (report-only; fraction of canonical mass, slots 1-32):
  a2slot 2 5.5716795922e-02
  a2slot 3 3.8773926279e-02
  a2slot 4 3.5032516546e-02
  a2slot 5 3.3122277504e-02
  a2slot 6 3.2019792599e-02
  a2slot 7 3.0966453569e-02
  a2slot 8 2.9969664793e-02
  a2slot 9 2.9205339054e-02
  a2slot 10 2.8496900374e-02
  a2slot 11 2.8042298141e-02
  a2slot 12 2.7622668048e-02
  a2slot 13 2.7253015359e-02
  a2slot 14 2.7086191501e-02
  a2slot 15 2.6837978839e-02
  a2slot 16 2.6802630678e-02
  a2slot 17 2.6736588531e-02
  a2slot 18 2.6664558939e-02
  a2slot 19 2.6865699276e-02
  a2slot 20 2.6894485950e-02
  a2slot 21 2.7316242407e-02
  a2slot 22 2.7628039928e-02
  a2slot 23 2.7856197057e-02
  a2slot 24 2.8472187047e-02
  a2slot 25 2.9237890147e-02
  a2slot 26 2.9888584151e-02
  a2slot 27 3.0744282084e-02
  a2slot 28 3.2021475197e-02
  a2slot 29 3.3014947852e-02
  a2slot 30 3.3666870114e-02
  a2slot 31 3.7663899440e-02
  a2slot 32 7.8379602672e-02
  [score] R-C2 first7-level-cover : 0.115720 of canonical mass
  [score] R-C5 18:18-HEC-split    : 0.364104 of canonical mass
  [score] R-M1 Moore-parity strict : 0.000005 of canonical mass (18/18; KW itself FAILS this)
  [score] R-M1 Moore-parity >=16/18: 0.000840 of canonical mass (KW level)
  [score] R-M1 max compliance seen : 18 of 18 (Moore-2005 precursor existence bound)
  [score] R-M2 Moore-1989 R/F <=2 breaks: 0.033812 of canonical mass (KW level)
  [score] R-M2 strict 0 breaks     : 0.000525 of canonical mass; min breaks seen = 0 (KW = 2)
  [score] Moore joint (M1>=16 & M2<=2): 0.00002212 of canonical mass (independence: 0.00002839)
  [score] R-C3 level-3 positions == KW : 0.00000000 | S-gap pattern anywhere: 0.00010632 (Cook 2006)
  [score] R-C4 gender/valence <=2 viol : 0.000099 | 0 viol: 0.000001 (Cook 2006)
  [score] Davis palindrome windows >=1 : 0.502184 | >=2 (KW level): 0.140854 (Davis 2012)
  [score] Pareto-dominates KW          : 0.00000009 of canonical mass (F4-A)
  [score] wrap-distance mass d(s63,s0)  : d1=0.175017 d3=0.650367 d5=0.174616 (odd-only per theorem; circular-C2 price = d5 mass)
