[knuth] attributed-rule scoring ACTIVE (Cook 2006: R-C1/R-C2; classical+Hacker-Moore 2003: R-C5; Moore 2005: R-M1)
[knuth] 20000000000 probes, 64 threads, 0 prefix level(s)
KNUTH-ESTIMATE probes=20000000000 threads=64 start_step=1 prefix_levels=0
  tree_nodes            : est=2.087464e+40  95%CI=[2.0874e+40, 2.0875e+40]  relerr=0.00%  hitrate=1
  leaves_C1C2C4C5       : est=1.096915e+39  95%CI=[1.0967e+39, 1.0971e+39]  relerr=0.01%  hitrate=0.0144
  leaves_canonical_C1C5 : est=1.328432e+38  95%CI=[1.3277e+38, 1.3292e+38]  relerr=0.03%  hitrate=0.0018
  [score] R-C1 final-pair-anchor  : 0.078460 of canonical mass
  [score] R-C1c circular anchor-adjacency (R6; A2={21,42} slot2||slot32): adjacent=0.130472 slot2=0.052012 slot32=0.078460 (McKenna 1975 frame; slot32 must reproduce R-C1=0.078460)
  [score] R-C1c A2 pair-slot histogram (report-only; fraction of canonical mass, slots 1-32):
  a2slot 2 5.2012353010e-02
  a2slot 3 3.8435926817e-02
  a2slot 4 3.5034216039e-02
  a2slot 5 3.3243711042e-02
  a2slot 6 3.1922596016e-02
  a2slot 7 3.1000405421e-02
  a2slot 8 3.0115532885e-02
  a2slot 9 2.9384517952e-02
  a2slot 10 2.8660981952e-02
  a2slot 11 2.8260637376e-02
  a2slot 12 2.7814540551e-02
  a2slot 13 2.7502514581e-02
  a2slot 14 2.7222254838e-02
  a2slot 15 2.7114189327e-02
  a2slot 16 2.6893997166e-02
  a2slot 17 2.6815915320e-02
  a2slot 18 2.6951128169e-02
  a2slot 19 2.7021838645e-02
  a2slot 20 2.7285455897e-02
  a2slot 21 2.7444298184e-02
  a2slot 22 2.7794218373e-02
  a2slot 23 2.8252537599e-02
  a2slot 24 2.8705592784e-02
  a2slot 25 2.9191272041e-02
  a2slot 26 2.9934597766e-02
  a2slot 27 3.0938765879e-02
  a2slot 28 3.1991445396e-02
  a2slot 29 3.3071953308e-02
  a2slot 30 3.3743067704e-02
  a2slot 31 3.7779607901e-02
  a2slot 32 7.8459930064e-02
  [score] R-C2 first7-level-cover : 0.120490 of canonical mass
  [score] R-C5 18:18-HEC-split    : 0.364094 of canonical mass
  [score] R-M1 Moore-parity strict : 0.000004 of canonical mass (18/18; KW itself FAILS this)
  [score] R-M1 Moore-parity >=16/18: 0.000729 of canonical mass (KW level)
  [score] R-M1 max compliance seen : 18 of 18 (Moore-2005 precursor existence bound)
  [score] R-M2 Moore-1989 R/F <=2 breaks: 0.038447 of canonical mass (KW level)
  [score] R-M2 strict 0 breaks     : 0.000632 of canonical mass; min breaks seen = 0 (KW = 2)
  [score] Moore joint (M1>=16 & M2<=2): 0.00001825 of canonical mass (independence: 0.00002803)
  [score] R-C3 level-3 positions == KW : 0.00000000 | S-gap pattern anywhere: 0.00011277 (Cook 2006)
  [score] R-C4 gender/valence <=2 viol : 0.000087 | 0 viol: 0.000001 (Cook 2006)
  [score] Davis palindrome windows >=1 : 0.504488 | >=2 (KW level): 0.142533 (Davis 2012)
  [score] Pareto-dominates KW          : 0.00000009 of canonical mass (F4-A)
  [score] wrap-distance mass d(s63,s0)  : d1=0.174503 d3=0.651804 d5=0.173693 (odd-only per theorem; circular-C2 price = d5 mass)
