[knuth] RNG SEED OVERRIDE ACTIVE: base=0x0000000001352829 (R11 Phase-2 independent-seed replicate; estimator-only, sha-neutral)
[knuth] attributed-rule scoring ACTIVE (Cook 2006: R-C1/R-C2; classical+Hacker-Moore 2003: R-C5; Moore 2005: R-M1)
[knuth] 20000000000 probes, 128 threads, 0 prefix level(s)
KNUTH-ESTIMATE probes=20000000000 threads=128 start_step=1 prefix_levels=0
KNUTH-PROVENANCE seed_base=0x0000000001352829 moore_strict=0 gender_strict=0 score=1 r11_hist=0 wall_s=2162
  tree_nodes            : est=2.087441e+40  95%CI=[2.0874e+40, 2.0875e+40]  relerr=0.00%  hitrate=1
  leaves_C1C2C4C5       : est=1.096995e+39  95%CI=[1.0968e+39, 1.0972e+39]  relerr=0.01%  hitrate=0.0144
  leaves_canonical_C1C5 : est=1.328740e+38  95%CI=[1.3280e+38, 1.3295e+38]  relerr=0.03%  hitrate=0.0018
  [diag] canonical top single-probe share : max_w=1.498897e+42 = 0.0001% of estimate mass (skew/ESS audit; lower=better)
  [score] R-C1 final-pair-anchor  : 0.078374 of canonical mass se=7.125e-05
  [score] R-C1c circular anchor-adjacency (R6; A2={21,42} slot2||slot32): adjacent=0.130266 slot2=0.051892 slot32=0.078374 (McKenna 1975 frame; slot32 must reproduce R-C1=0.078374)
  [score] R-C1c A2 pair-slot histogram (report-only; fraction of canonical mass, slots 1-32):
  a2slot 2 5.1892309010e-02
  a2slot 3 3.8314251474e-02
  a2slot 4 3.5075900169e-02
  a2slot 5 3.3304314854e-02
  a2slot 6 3.2052027553e-02
  a2slot 7 3.1055946092e-02
  a2slot 8 3.0061798666e-02
  a2slot 9 2.9413875402e-02
  a2slot 10 2.8709995923e-02
  a2slot 11 2.8284954821e-02
  a2slot 12 2.7721296313e-02
  a2slot 13 2.7495247763e-02
  a2slot 14 2.7255741754e-02
  a2slot 15 2.7011604475e-02
  a2slot 16 2.6964752512e-02
  a2slot 17 2.6944317411e-02
  a2slot 18 2.6957386427e-02
  a2slot 19 2.7045562842e-02
  a2slot 20 2.7251626475e-02
  a2slot 21 2.7481125676e-02
  a2slot 22 2.7739559056e-02
  a2slot 23 2.8180192742e-02
  a2slot 24 2.8628611826e-02
  a2slot 25 2.9255460153e-02
  a2slot 26 3.0043986559e-02
  a2slot 27 3.0930711000e-02
  a2slot 28 3.2050907578e-02
  a2slot 29 3.3042511307e-02
  a2slot 30 3.3650680742e-02
  a2slot 31 3.7809596241e-02
  a2slot 32 7.8373747185e-02
  [score] R-C2 first7-level-cover : 0.120510 of canonical mass se=8.795e-05
  [score] R-C5 18:18-HEC-split    : 0.364235 of canonical mass se=1.342e-04
  [score] R-M1 Moore-parity strict : 0.000004 of canonical mass (18/18; KW itself FAILS this) se=4.871e-07
  [score] R-M1 Moore-parity >=16/18: 0.000732 of canonical mass (KW level) se=7.582e-06
  [score] R-M1 max compliance seen : 18 of 18 (Moore-2005 precursor existence bound)
  [score] R-M2 Moore-1989 R/F <=2 breaks: 0.038580 of canonical mass (KW level) se=5.514e-05
  [score] R-M2 strict 0 breaks     : 0.000644 of canonical mass se=7.320e-06; min breaks seen = 0 (KW = 2)
  [score] Moore joint (M1>=16 & M2<=2): 0.00002046 of canonical mass se=1.266e-06 (independence: 0.00002824)
  [score] R-C3 level-3 positions == KW : 0.00000000 se=0.000e+00 | S-gap pattern anywhere: 0.00010570 se=2.794e-06 (Cook 2006)
  [score] R-C4 gender/valence <=2 viol : 0.000082 se=2.576e-06 | 0 viol: 0.000000 se=7.067e-08 (Cook 2006)
  [score] R-C4-B exception-form (0 viol OR 2 adjacent) : 7.2357662063e-06 se=7.184e-07 | R-C4-C KW locus [25,26]: 2.6300750324e-07 se=1.104e-07 (R13 two-convention; Schulz 1990/Cook 2006)
  [score] R-C4 0-viol DERIVED-N_gs abs : est=2.559954e+31  95%CI=[7.1938e+30, 4.4005e+31]  relerr=36.68%  hits=11
  [score] Davis palindrome windows >=1 : 0.504706 se=1.394e-04 | >=2 (KW level): 0.142531 se=9.841e-05 (Davis 2012)
  [score] Pareto-dominates KW          : 0.00000005 of canonical mass se=4.802e-08 (F4-A)
  [score] wrap-distance mass d(s63,s0)  : d1=0.174761 d3=0.651506 d5=0.173733 se=1.092e-04/1.353e-04/1.090e-04 (odd-only per theorem; circular-C2 price = d5 mass)
