[knuth] R11 8-axis joint violation histogram ACTIVE (g1..g6 T1 principled + g7,g8 T2 data-like; sparse-hashed; requires SOLVE_KNUTH_SCORE=1; KW cell 2,2,2,0,0,0,0,0; gate --r11-verify)
[knuth] RNG SEED OVERRIDE ACTIVE: base=0x000000000007b4db (R11 Phase-2 independent-seed replicate; estimator-only, sha-neutral)
[knuth] STRICT-MOORE walk ACTIVE (Moore 2005 parity 18/18 + Moore 1989 rhythm 0-breaks enforced in-walk)
[knuth] attributed-rule scoring ACTIVE (Cook 2006: R-C1/R-C2; classical+Hacker-Moore 2003: R-C5; Moore 2005: R-M1)
[knuth] 40000000000 probes, 64 threads, 0 prefix level(s)
KNUTH-ESTIMATE probes=40000000000 threads=64 start_step=1 prefix_levels=0
KNUTH-PROVENANCE seed_base=0x000000000007b4db moore_strict=1 gender_strict=0 score=1 r11_hist=1 wall_s=5796
  tree_nodes            : est=2.672631e+32  95%CI=[2.6721e+32, 2.6732e+32]  relerr=0.01%  hitrate=1
  leaves_C1C2C4C5       : est=1.885938e+30  95%CI=[1.8755e+30, 1.8964e+30]  relerr=0.28%  hitrate=0.000821
  leaves_canonical_C1C5 : est=1.149035e+29  95%CI=[1.1156e+29, 1.1825e+29]  relerr=1.49%  hitrate=9.27e-05
  [diag] canonical top single-probe share : max_w=4.307615e+37 = 0.9372% of estimate mass (skew/ESS audit; lower=better)
  [score] R-C1 final-pair-anchor  : 0.057679 of canonical mass
  [score] R-C1c circular anchor-adjacency (R6; A2={21,42} slot2||slot32): adjacent=0.088366 slot2=0.030687 slot32=0.057679 (McKenna 1975 frame; slot32 must reproduce R-C1=0.057679)
  [score] R-C1c A2 pair-slot histogram (report-only; fraction of canonical mass, slots 1-32):
  a2slot 2 3.0686689768e-02
  a2slot 3 4.1736885058e-02
  a2slot 4 3.8268820455e-02
  a2slot 5 3.4682656952e-02
  a2slot 6 3.6572743471e-02
  a2slot 7 3.1477220631e-02
  a2slot 8 3.3309925356e-02
  a2slot 9 3.6498676336e-02
  a2slot 10 2.8715006275e-02
  a2slot 11 3.0972632553e-02
  a2slot 12 3.3058662614e-02
  a2slot 13 2.6438279430e-02
  a2slot 14 2.8797913912e-02
  a2slot 15 2.9167262687e-02
  a2slot 16 2.8969981442e-02
  a2slot 17 2.4743598137e-02
  a2slot 18 2.8604211506e-02
  a2slot 19 2.7742742110e-02
  a2slot 20 2.8913304582e-02
  a2slot 21 2.3142913408e-02
  a2slot 22 2.8253399232e-02
  a2slot 23 2.6962019077e-02
  a2slot 24 2.9532300090e-02
  a2slot 25 2.6522851837e-02
  a2slot 26 3.8192383817e-02
  a2slot 27 2.6864487123e-02
  a2slot 28 3.5489205519e-02
  a2slot 29 3.4651696652e-02
  a2slot 30 3.7121732595e-02
  a2slot 31 3.6230903908e-02
  a2slot 32 5.7678893468e-02
  [score] R-C2 first7-level-cover : 0.139292 of canonical mass
  [score] R-C5 18:18-HEC-split    : 0.360139 of canonical mass
  [score] R-M1 Moore-parity strict : 1.000000 of canonical mass (18/18; KW itself FAILS this)
  [score] R-M1 Moore-parity >=16/18: 1.000000 of canonical mass (KW level)
  [score] R-M1 max compliance seen : 18 of 18 (Moore-2005 precursor existence bound)
  [score] R-M2 Moore-1989 R/F <=2 breaks: 1.000000 of canonical mass (KW level)
  [score] R-M2 strict 0 breaks     : 1.000000 of canonical mass; min breaks seen = 0 (KW = 2)
  [score] Moore joint (M1>=16 & M2<=2): 1.00000000 of canonical mass (independence: 1.00000000)
  [score] R-C3 level-3 positions == KW : 0.00000000 | S-gap pattern anywhere: 0.00010099 (Cook 2006)
  [score] R-C4 gender/valence <=2 viol : 0.006813 | 0 viol: 0.000172 (Cook 2006)
  [score] R-C4 0-viol DERIVED-N_gs abs : est=1.977336e+25  95%CI=[-5.4136e+24, 4.4960e+25]  relerr=64.99%  hits=14
  [score] Davis palindrome windows >=1 : 0.829362 | >=2 (KW level): 0.486798 (Davis 2012)
  [score] Pareto-dominates KW          : 0.00598969 of canonical mass (F4-A)
  [score] wrap-distance mass d(s63,s0)  : d1=0.000000 d3=0.501860 d5=0.498140 (odd-only per theorem; circular-C2 price = d5 mass)
r11_hist 0 0 21 2 0 1 1 8 1.0547225843e-04
r11_hist 0 0 21 2 0 1 1 4 3.3589031158e-05
r11_hist 0 0 21 2 0 1 1 6 4.3745423532e-04
r11_hist 0 0 21 2 0 1 1 2 8.6458098902e-08
r11_hist 0 0 8 2 1 0 1 8 5.6383172927e-03
r11_hist 0 0 8 2 1 0 1 6 3.8415340610e-03
r11_hist 0 0 8 2 1 0 1 4 1.0100748424e-03
r11_hist 0 0 8 2 1 0 1 2 6.7045811006e-05
r11_hist 0 0 8 2 1 0 1 0 5.0258940419e-06
r11_hist 0 0 3 4 1 0 1 8 7.7399129506e-07
r11_hist 0 0 3 4 1 0 1 6 1.7717116544e-09
r11_hist 0 0 20 1 1 0 1 8 6.8220617304e-04
r11_hist 0 0 20 1 1 0 1 6 3.2863006110e-04
r11_hist 0 0 20 1 1 0 1 4 7.0437119779e-05
r11_hist 0 0 20 1 1 0 1 2 1.2826162523e-06
r11_hist 0 0 20 1 1 0 1 0 3.9440545805e-08
r11_hist 0 0 7 1 0 0 1 6 2.8428136494e-04
r11_hist 0 0 7 1 0 0 1 8 3.8039286636e-04
r11_hist 0 0 7 1 0 0 1 4 4.6281271331e-05
r11_hist 0 0 7 1 0 0 1 2 1.4135672849e-06
r11_hist 0 0 15 3 1 0 1 8 1.3355537860e-04
r11_hist 0 0 15 3 1 0 1 6 8.0494475745e-05
r11_hist 0 0 15 3 1 0 1 4 2.3441990933e-05
r11_hist 0 0 15 3 1 0 1 2 4.7163201832e-07
r11_hist 0 0 15 3 1 0 1 0 1.2691662519e-09
r11_hist 0 0 2 3 0 0 1 4 1.0920460641e-06
r11_hist 0 0 2 3 0 0 1 8 2.0463515616e-08
r11_hist 0 0 19 0 0 0 1 6 1.3269954921e-05
r11_hist 0 0 19 0 0 0 1 8 3.7001339655e-05
r11_hist 0 0 19 0 0 0 1 4 2.7458968675e-07
r11_hist 0 0 6 0 1 1 1 6 1.0818229670e-03
r11_hist 0 0 6 0 1 1 1 8 1.2106964155e-03
r11_hist 0 0 6 0 1 1 1 4 2.6476058201e-04
r11_hist 0 0 14 2 0 0 1 6 1.7123622291e-04
r11_hist 0 0 14 2 0 0 1 8 2.0796422693e-04
r11_hist 0 0 14 2 0 0 1 4 5.5991309034e-05
r11_hist 0 0 14 2 0 0 1 2 2.8150870766e-07
r11_hist 0 0 1 2 1 1 1 8 4.4013777819e-04
r11_hist 0 0 1 2 1 1 1 4 1.2107503892e-05
r11_hist 0 0 1 2 1 1 1 6 3.8729389977e-04
r11_hist 0 0 1 2 1 1 1 2 4.1551110528e-07
r11_hist 0 0 22 4 1 0 1 6 2.6393333048e-08
r11_hist 0 0 22 4 1 0 1 8 2.9306940368e-09
r11_hist 0 0 22 4 1 0 1 4 6.5616027959e-10
r11_hist 0 0 13 1 1 1 1 4 1.4827350371e-03
r11_hist 0 0 13 1 1 1 1 6 6.7666970444e-03
r11_hist 0 0 13 1 1 1 1 8 9.8105652324e-03
r11_hist 0 0 13 1 1 1 1 2 8.9385221359e-05
r11_hist 0 0 21 3 0 0 1 6 8.0917805551e-09
r11_hist 0 0 21 3 0 0 1 8 5.4660935786e-09
r11_hist 0 0 8 3 1 1 1 8 3.7462261011e-04
r11_hist 0 0 8 3 1 1 1 6 1.8651954339e-04
r11_hist 0 0 8 3 1 1 1 4 3.5792474178e-05
r11_hist 0 0 8 3 1 1 1 2 1.1100830531e-06
r11_hist 0 0 8 3 1 1 1 0 4.4035725695e-09
r11_hist 0 0 12 0 0 1 1 6 1.7152662464e-05
r11_hist 0 0 12 0 0 1 1 4 5.0779282405e-06
r11_hist 0 0 12 0 0 1 1 8 3.4966002509e-05
r11_hist 0 0 20 2 1 1 1 6 2.8497390585e-03
r11_hist 0 0 20 2 1 1 1 4 7.1174055690e-04
r11_hist 0 0 20 2 1 1 1 8 4.4134565106e-03
r11_hist 0 0 20 2 1 1 1 2 4.3327188662e-05
r11_hist 0 0 20 2 1 1 1 0 4.9515562999e-08
r11_hist 0 0 7 2 0 1 1 4 6.4971032575e-05
r11_hist 0 0 7 2 0 1 1 8 4.7155975058e-05
r11_hist 0 0 7 2 0 1 1 6 2.4628676629e-04
r11_hist 0 0 15 4 1 1 1 6 5.7672479893e-07
r11_hist 0 0 15 4 1 1 1 8 5.4959788879e-07
r11_hist 0 0 15 4 1 1 1 4 2.0384632380e-07
r11_hist 0 0 15 4 1 1 1 0 1.7253345109e-11
r11_hist 0 0 15 4 1 1 1 2 8.9003579061e-09
r11_hist 0 0 19 1 0 1 1 8 2.2941251395e-04
r11_hist 0 0 19 1 0 1 1 4 6.7676436225e-05
r11_hist 0 0 19 1 0 1 1 6 2.3334885761e-04
r11_hist 0 0 19 1 0 1 1 2 1.4691172485e-06
r11_hist 0 0 6 1 1 0 1 6 4.9849291595e-03
r11_hist 0 0 6 1 1 0 1 8 4.8862357991e-03
r11_hist 0 0 6 1 1 0 1 4 5.1641872383e-04
r11_hist 0 0 6 1 1 0 1 2 2.7165702271e-05
r11_hist 0 0 14 3 0 1 1 4 8.0751374578e-06
r11_hist 0 0 14 3 0 1 1 6 1.5666087807e-05
r11_hist 0 0 14 3 0 1 1 8 2.6782286700e-06
r11_hist 0 0 14 3 0 1 1 2 2.0745904345e-08
r11_hist 0 0 1 3 1 0 1 8 1.0730739483e-05
r11_hist 0 0 1 3 1 0 1 6 8.9471514472e-05
r11_hist 0 0 18 0 1 0 1 8 6.3313787929e-04
r11_hist 0 0 18 0 1 0 1 4 7.5278308843e-05
r11_hist 0 0 18 0 1 0 1 6 4.7288018771e-04
r11_hist 0 0 18 0 1 0 1 2 1.9553790407e-05
r11_hist 0 0 18 0 1 0 1 0 1.9926975162e-09
r11_hist 0 0 5 0 0 0 1 6 4.9437835864e-04
r11_hist 0 0 5 0 0 0 1 8 1.4665746717e-04
r11_hist 0 0 5 0 0 0 1 4 2.0177712142e-06
r11_hist 0 0 13 2 1 0 1 8 5.6459857017e-03
r11_hist 0 0 13 2 1 0 1 6 4.0133028826e-03
r11_hist 0 0 13 2 1 0 1 4 1.1162759465e-03
r11_hist 0 0 13 2 1 0 1 2 1.1883260426e-04
r11_hist 0 0 13 2 1 0 1 0 2.4687090738e-07
r11_hist 0 0 0 2 0 0 1 6 4.2592852772e-07
r11_hist 0 0 8 4 1 0 1 4 1.8885999104e-07
r11_hist 0 0 8 4 1 0 1 8 2.2878657266e-07
r11_hist 0 0 8 4 1 0 1 6 3.5660639885e-07
r11_hist 0 0 8 4 1 0 1 2 3.8280066569e-10
r11_hist 0 0 12 1 0 0 1 6 2.9776341484e-04
r11_hist 0 0 12 1 0 0 1 8 3.2246788697e-04
r11_hist 0 0 12 1 0 0 1 4 1.9701568931e-05
r11_hist 0 0 12 1 0 0 1 0 1.3061055388e-07
r11_hist 0 0 12 1 0 0 1 2 5.9763142732e-06
r11_hist 0 0 20 3 1 0 1 6 4.5816147629e-06
r11_hist 0 0 20 3 1 0 1 8 3.9960398835e-06
r11_hist 0 0 20 3 1 0 1 2 8.7268905861e-09
r11_hist 0 0 20 3 1 0 1 4 3.7389315518e-07
r11_hist 0 0 7 3 0 0 1 2 1.2718565185e-07
r11_hist 0 0 7 3 0 0 1 8 4.4431544560e-06
r11_hist 0 0 7 3 0 0 1 6 7.5735013066e-06
r11_hist 0 0 7 3 0 0 1 4 6.6072018498e-08
r11_hist 0 0 11 0 1 1 1 8 2.0332477984e-03
r11_hist 0 0 11 0 1 1 1 6 1.3499978919e-03
r11_hist 0 0 11 0 1 1 1 4 6.1151331717e-04
r11_hist 0 0 11 0 1 1 1 2 3.4279214367e-05
r11_hist 0 0 19 2 0 0 1 6 2.0848810299e-05
r11_hist 0 0 19 2 0 0 1 8 3.1696540344e-05
r11_hist 0 0 19 2 0 0 1 4 4.0243083725e-06
r11_hist 0 0 19 2 0 0 1 2 2.0855186085e-07
r11_hist 0 0 6 2 1 1 1 6 6.5751378380e-03
r11_hist 0 0 6 2 1 1 1 8 5.2123393820e-03
r11_hist 0 0 6 2 1 1 1 4 6.2988719280e-04
r11_hist 0 0 6 2 1 1 1 2 8.2166107159e-05
r11_hist 0 0 6 2 1 1 1 0 4.2836538506e-07
r11_hist 0 0 14 4 0 0 1 8 6.6183994273e-07
r11_hist 0 0 18 1 1 1 1 6 6.1699463141e-03
r11_hist 0 0 18 1 1 1 1 4 1.1897445840e-03
r11_hist 0 0 18 1 1 1 1 8 5.9351705005e-03
r11_hist 0 0 18 1 1 1 1 2 4.8830078341e-05
r11_hist 0 0 18 1 1 1 1 0 2.0199367186e-07
r11_hist 0 0 5 1 0 1 1 6 1.4479406894e-04
r11_hist 0 0 5 1 0 1 1 8 1.4228198541e-03
r11_hist 0 0 13 3 1 1 1 8 4.8145573112e-04
r11_hist 0 0 13 3 1 1 1 6 3.9646194630e-04
r11_hist 0 0 13 3 1 1 1 4 3.9107683661e-05
r11_hist 0 0 13 3 1 1 1 2 2.8730571632e-06
r11_hist 0 0 13 3 1 1 1 0 7.8938707906e-09
r11_hist 0 0 17 0 0 1 1 8 1.1978743355e-04
r11_hist 0 0 17 0 0 1 1 2 1.4610809635e-07
r11_hist 0 0 17 0 0 1 1 4 4.3043900066e-05
r11_hist 0 0 17 0 0 1 1 6 1.3007641593e-04
r11_hist 0 0 4 0 1 0 1 4 7.7122786157e-05
r11_hist 0 0 4 0 1 0 1 6 1.2642797282e-03
r11_hist 0 0 4 0 1 0 1 8 8.7025246065e-04
r11_hist 0 0 4 0 1 0 1 2 7.2713944362e-07
r11_hist 0 0 12 2 0 1 1 6 4.7000439880e-04
r11_hist 0 0 12 2 0 1 1 8 1.0716482733e-03
r11_hist 0 0 12 2 0 1 1 4 2.0143572764e-04
r11_hist 0 0 12 2 0 1 1 2 1.3417611430e-05
r11_hist 0 0 20 4 1 1 1 6 1.5970123838e-07
r11_hist 0 0 20 4 1 1 1 8 1.7798698653e-07
r11_hist 0 0 20 4 1 1 1 4 2.0675787925e-08
r11_hist 0 0 20 4 1 1 1 2 4.1149097970e-11
r11_hist 0 0 24 1 0 1 1 8 1.4972508908e-07
r11_hist 0 0 24 1 0 1 1 4 2.6550972989e-05
r11_hist 0 0 24 1 0 1 1 6 1.6558769177e-06
r11_hist 0 0 11 1 1 0 1 8 6.3831816213e-03
r11_hist 0 0 11 1 1 0 1 6 5.6641294869e-03
r11_hist 0 0 11 1 1 0 1 4 1.0069443134e-03
r11_hist 0 0 11 1 1 0 1 2 5.3703154265e-05
r11_hist 0 0 11 1 1 0 1 0 7.8947659101e-08
r11_hist 0 0 19 3 0 1 1 8 1.4232675301e-06
r11_hist 0 0 19 3 0 1 1 6 1.4461747561e-05
r11_hist 0 0 19 3 0 1 1 4 1.4510137061e-07
r11_hist 0 0 6 3 1 0 1 8 1.0988643893e-04
r11_hist 0 0 6 3 1 0 1 4 1.5752420839e-05
r11_hist 0 0 6 3 1 0 1 6 1.1294085411e-04
r11_hist 0 0 6 3 1 0 1 2 7.4990662347e-07
r11_hist 0 0 23 0 1 0 1 6 3.8227573051e-06
r11_hist 0 0 23 0 1 0 1 8 5.0463463390e-06
r11_hist 0 0 23 0 1 0 1 4 5.2018013772e-07
r11_hist 0 0 23 0 1 0 1 2 6.0087134933e-08
r11_hist 0 0 10 0 0 0 1 6 8.7720480208e-05
r11_hist 0 0 10 0 0 0 1 8 8.0301929044e-05
r11_hist 0 0 10 0 0 0 1 4 6.7086182281e-05
r11_hist 0 0 10 0 0 0 1 2 1.3312160572e-07
r11_hist 0 0 18 2 1 0 1 8 1.3601184079e-03
r11_hist 0 0 18 2 1 0 1 6 1.1123736396e-03
r11_hist 0 0 18 2 1 0 1 4 2.0111756939e-04
r11_hist 0 0 18 2 1 0 1 2 1.0048374836e-05
r11_hist 0 0 18 2 1 0 1 0 1.9818376722e-08
r11_hist 0 0 5 2 0 0 1 8 1.3363896633e-04
r11_hist 0 0 5 2 0 0 1 4 7.0108928580e-06
r11_hist 0 0 5 2 0 0 1 6 2.2189080264e-04
r11_hist 0 0 5 2 0 0 1 2 2.7790607142e-06
r11_hist 0 0 13 4 1 0 1 6 2.8916277659e-07
r11_hist 0 0 13 4 1 0 1 8 2.1830941120e-07
r11_hist 0 0 13 4 1 0 1 4 1.9744622455e-08
r11_hist 0 0 13 4 1 0 1 2 4.2807184758e-09
r11_hist 0 0 17 1 0 0 1 8 8.6734570939e-05
r11_hist 0 0 17 1 0 0 1 6 2.9607403823e-05
r11_hist 0 0 17 1 0 0 1 4 6.2362600314e-06
r11_hist 0 0 17 1 0 0 1 2 8.3046125998e-07
r11_hist 0 0 4 1 1 1 1 8 3.1867274358e-03
r11_hist 0 0 4 1 1 1 1 6 2.0312281454e-03
r11_hist 0 0 4 1 1 1 1 4 6.3763321210e-04
r11_hist 0 0 4 1 1 1 1 2 4.8666288052e-06
r11_hist 0 0 12 3 0 0 1 6 8.6116399811e-05
r11_hist 0 0 12 3 0 0 1 8 2.5744972107e-06
r11_hist 0 0 12 3 0 0 1 4 4.4693017708e-07
r11_hist 0 0 16 0 1 1 1 6 2.2672584326e-03
r11_hist 0 0 16 0 1 1 1 8 3.9989635638e-03
r11_hist 0 0 16 0 1 1 1 4 5.1260742515e-04
r11_hist 0 0 16 0 1 1 1 2 1.7991493932e-04
r11_hist 0 0 16 0 1 1 1 0 1.4535755983e-09
r11_hist 0 0 3 0 0 1 1 8 1.9364397731e-04
r11_hist 0 0 11 2 1 1 1 8 7.8265748499e-03
r11_hist 0 0 11 2 1 1 1 6 5.9291634932e-03
r11_hist 0 0 11 2 1 1 1 4 1.5545896062e-03
r11_hist 0 0 11 2 1 1 1 2 8.5458752879e-05
r11_hist 0 0 11 2 1 1 1 0 7.0044047550e-07
r11_hist 0 0 19 4 0 0 1 6 1.3987543981e-09
r11_hist 0 0 6 4 1 1 1 8 4.8586778594e-07
r11_hist 0 0 6 4 1 1 1 6 1.3108399807e-07
r11_hist 0 0 6 4 1 1 1 4 9.2715551963e-08
r11_hist 0 0 23 1 1 1 1 8 2.5081212281e-04
r11_hist 0 0 23 1 1 1 1 4 8.6527344870e-05
r11_hist 0 0 23 1 1 1 1 6 3.9058077964e-04
r11_hist 0 0 23 1 1 1 1 2 1.4793411162e-06
r11_hist 0 0 10 1 0 1 1 8 2.9696207006e-04
r11_hist 0 0 10 1 0 1 1 6 3.5752298339e-04
r11_hist 0 0 10 1 0 1 1 4 1.4602064862e-04
r11_hist 0 0 10 1 0 1 1 2 6.9556524084e-08
r11_hist 0 0 18 3 1 1 1 6 1.6807325151e-04
r11_hist 0 0 18 3 1 1 1 8 2.3536276055e-04
r11_hist 0 0 18 3 1 1 1 4 4.4017051723e-05
r11_hist 0 0 18 3 1 1 1 0 2.4673495963e-10
r11_hist 0 0 18 3 1 1 1 2 4.2995909322e-06
r11_hist 0 0 5 3 0 1 1 6 9.5456791492e-06
r11_hist 0 0 5 3 0 1 1 8 1.9941237310e-06
r11_hist 0 0 22 0 0 1 1 8 1.7466320209e-05
r11_hist 0 0 22 0 0 1 1 4 4.8068297151e-08
r11_hist 0 0 22 0 0 1 1 6 5.0539658927e-05
r11_hist 0 0 9 0 1 0 1 8 2.1893564007e-03
r11_hist 0 0 9 0 1 0 1 6 1.6935921647e-03
r11_hist 0 0 9 0 1 0 1 4 5.2522378725e-04
r11_hist 0 0 9 0 1 0 1 2 1.3648721516e-05
r11_hist 0 0 17 2 0 1 1 4 7.8680522448e-05
r11_hist 0 0 17 2 0 1 1 8 4.0106414616e-04
r11_hist 0 0 17 2 0 1 1 6 4.1217830107e-04
r11_hist 0 0 17 2 0 1 1 2 6.4705514304e-07
r11_hist 0 0 4 2 1 0 1 8 2.0050684458e-03
r11_hist 0 0 4 2 1 0 1 6 1.2301659304e-03
r11_hist 0 0 4 2 1 0 1 4 1.7772640461e-04
r11_hist 0 0 4 2 1 0 1 2 1.7280592195e-05
r11_hist 0 0 16 1 1 0 1 6 3.1069130586e-03
r11_hist 0 0 16 1 1 0 1 8 4.2120832281e-03
r11_hist 0 0 16 1 1 0 1 4 4.9938501486e-04
r11_hist 0 0 16 1 1 0 1 2 2.5065043679e-05
r11_hist 0 0 16 1 1 0 1 0 3.6609926921e-08
r11_hist 0 0 3 1 0 0 1 4 2.8505068633e-05
r11_hist 0 0 3 1 0 0 1 6 5.5513501271e-05
r11_hist 0 0 3 1 0 0 1 8 4.9127574624e-05
r11_hist 0 0 11 3 1 0 1 8 4.9804076000e-04
r11_hist 0 0 11 3 1 0 1 6 1.4495139745e-04
r11_hist 0 0 11 3 1 0 1 4 6.6470944842e-05
r11_hist 0 0 11 3 1 0 1 2 1.0409250280e-06
r11_hist 0 0 11 3 1 0 1 0 1.3972812105e-09
r11_hist 0 0 15 0 0 0 1 8 1.0972632015e-04
r11_hist 0 0 15 0 0 0 1 6 1.1652613680e-04
r11_hist 0 0 15 0 0 0 1 2 1.1694495449e-07
r11_hist 0 0 15 0 0 0 1 4 1.0381513191e-05
r11_hist 0 0 2 0 1 1 1 6 4.6129525488e-05
r11_hist 0 0 2 0 1 1 1 8 1.3824276117e-04
r11_hist 0 0 2 0 1 1 1 4 1.1456606302e-06
r11_hist 0 0 23 2 1 0 1 6 1.1704923318e-05
r11_hist 0 0 23 2 1 0 1 4 1.2131927453e-06
r11_hist 0 0 23 2 1 0 1 8 2.5414511971e-05
r11_hist 0 0 23 2 1 0 1 2 1.4079573476e-07
r11_hist 0 0 10 2 0 0 1 8 2.9509314548e-04
r11_hist 0 0 10 2 0 0 1 6 1.1066873478e-04
r11_hist 0 0 10 2 0 0 1 4 3.0978286448e-05
r11_hist 0 0 10 2 0 0 1 2 5.1777292723e-07
r11_hist 0 0 18 4 1 0 1 8 7.8521987052e-08
r11_hist 0 0 18 4 1 0 1 6 8.7129838719e-08
r11_hist 0 0 18 4 1 0 1 4 5.0057181501e-08
r11_hist 0 0 18 4 1 0 1 2 2.3319662231e-08
r11_hist 0 0 22 1 0 0 1 8 3.9537796642e-08
r11_hist 0 0 22 1 0 0 1 6 3.6911410596e-06
r11_hist 0 0 22 1 0 0 1 4 1.5231968377e-07
r11_hist 0 0 22 1 0 0 1 2 8.1349684713e-08
r11_hist 0 0 9 1 1 1 1 8 6.2729757410e-03
r11_hist 0 0 9 1 1 1 1 6 4.8058656045e-03
r11_hist 0 0 9 1 1 1 1 4 1.5676056309e-03
r11_hist 0 0 9 1 1 1 1 2 6.1597653011e-05
r11_hist 0 0 17 3 0 0 1 8 5.8971338820e-07
r11_hist 0 0 17 3 0 0 1 6 3.1186366813e-07
r11_hist 0 0 17 3 0 0 1 2 9.7881987515e-09
r11_hist 0 0 17 3 0 0 1 4 1.1815743591e-06
r11_hist 0 0 4 3 1 1 1 6 5.9889836027e-05
r11_hist 0 0 4 3 1 1 1 8 5.6033227651e-05
r11_hist 0 0 4 3 1 1 1 2 5.0420328962e-09
r11_hist 0 0 4 3 1 1 1 4 2.8498924212e-05
r11_hist 0 0 21 0 1 1 1 8 8.0352378928e-04
r11_hist 0 0 21 0 1 1 1 4 7.2013532212e-05
r11_hist 0 0 21 0 1 1 1 6 4.6719747142e-04
r11_hist 0 0 21 0 1 1 1 2 6.5235486611e-07
r11_hist 0 0 8 0 0 1 1 8 1.4444824025e-04
r11_hist 0 0 8 0 0 1 1 6 1.1000032090e-04
r11_hist 0 0 8 0 0 1 1 4 4.1321194197e-04
r11_hist 0 0 16 2 1 1 1 8 8.1190938262e-03
r11_hist 0 0 16 2 1 1 1 6 9.2402675156e-03
r11_hist 0 0 16 2 1 1 1 4 1.7067655162e-03
r11_hist 0 0 16 2 1 1 1 2 1.3376357006e-04
r11_hist 0 0 16 2 1 1 1 0 2.8146974207e-07
r11_hist 0 0 3 2 0 1 1 6 1.5334416684e-05
r11_hist 0 0 3 2 0 1 1 8 3.6981215272e-05
r11_hist 0 0 3 2 0 1 1 2 2.4381244324e-06
r11_hist 0 0 11 4 1 1 1 8 9.1961661839e-07
r11_hist 0 0 11 4 1 1 1 6 3.1118556056e-06
r11_hist 0 0 11 4 1 1 1 4 5.1419119143e-08
r11_hist 0 0 11 4 1 1 1 2 5.2301469690e-08
r11_hist 0 0 15 1 0 1 1 6 2.4299384799e-04
r11_hist 0 0 15 1 0 1 1 8 3.8346771166e-04
r11_hist 0 0 15 1 0 1 1 4 8.2311641542e-05
r11_hist 0 0 15 1 0 1 1 2 4.1481289818e-07
r11_hist 0 0 2 1 1 0 1 8 3.3520187324e-04
r11_hist 0 0 2 1 1 0 1 6 1.4883847870e-04
r11_hist 0 0 2 1 1 0 1 4 7.9194493682e-05
r11_hist 0 0 2 1 1 0 1 0 3.2292302391e-07
r11_hist 0 0 2 1 1 0 1 2 5.0058777788e-07
r11_hist 0 0 23 3 1 1 1 8 6.3303972661e-06
r11_hist 0 0 23 3 1 1 1 6 8.3078712607e-06
r11_hist 0 0 23 3 1 1 1 4 1.4171268339e-07
r11_hist 0 0 23 3 1 1 1 2 5.2189278225e-09
r11_hist 0 0 10 3 0 1 1 6 9.3368620510e-06
r11_hist 0 0 10 3 0 1 1 8 1.1752958861e-05
r11_hist 0 0 10 3 0 1 1 4 6.5554965853e-07
r11_hist 0 0 14 0 1 0 1 8 1.7330541896e-03
r11_hist 0 0 14 0 1 0 1 6 1.3892440561e-03
r11_hist 0 0 14 0 1 0 1 4 1.1843649029e-03
r11_hist 0 0 14 0 1 0 1 2 9.5438031875e-05
r11_hist 0 0 14 0 1 0 1 0 1.2200431047e-08
r11_hist 0 0 22 2 0 1 1 8 5.4777309961e-05
r11_hist 0 0 22 2 0 1 1 6 2.0210615651e-05
r11_hist 0 0 22 2 0 1 1 4 3.9709797297e-05
r11_hist 0 0 22 2 0 1 1 2 3.0341183731e-08
r11_hist 0 0 9 2 1 0 1 6 3.9055125341e-03
r11_hist 0 0 9 2 1 0 1 8 7.0601296604e-03
r11_hist 0 0 9 2 1 0 1 4 1.0902528583e-03
r11_hist 0 0 9 2 1 0 1 2 6.5806264854e-05
r11_hist 0 0 9 2 1 0 1 0 6.2901899119e-06
r11_hist 0 0 17 4 0 1 1 6 7.8306036206e-08
r11_hist 0 0 4 4 1 0 1 8 2.2097110162e-07
r11_hist 0 0 4 4 1 0 1 6 8.0583913100e-08
r11_hist 0 0 21 1 1 0 1 6 2.9057740027e-04
r11_hist 0 0 21 1 1 0 1 4 2.0845092735e-05
r11_hist 0 0 21 1 1 0 1 8 3.6382903400e-04
r11_hist 0 0 21 1 1 0 1 2 9.6298565506e-07
r11_hist 0 0 21 1 1 0 1 0 5.0618760602e-08
r11_hist 0 0 8 1 0 0 1 8 2.9314685424e-04
r11_hist 0 0 8 1 0 0 1 6 9.9732070478e-05
r11_hist 0 0 8 1 0 0 1 4 5.0969976678e-05
r11_hist 0 0 8 1 0 0 1 2 3.8694226749e-07
r11_hist 0 0 16 3 1 0 1 8 9.4864316592e-05
r11_hist 0 0 16 3 1 0 1 6 6.2508333033e-05
r11_hist 0 0 16 3 1 0 1 4 1.0180283114e-05
r11_hist 0 0 16 3 1 0 1 2 8.3160313658e-07
r11_hist 0 0 16 3 1 0 1 0 4.3492634210e-09
r11_hist 0 0 3 3 0 0 1 8 1.3169899759e-06
r11_hist 0 0 20 0 0 0 1 6 4.0789860679e-05
r11_hist 0 0 20 0 0 0 1 4 7.8663951354e-07
r11_hist 0 0 20 0 0 0 1 8 1.8448200211e-06
r11_hist 0 0 7 0 1 1 1 8 1.9917763296e-03
r11_hist 0 0 7 0 1 1 1 6 8.1744930238e-04
r11_hist 0 0 7 0 1 1 1 4 5.1757569839e-04
r11_hist 0 0 7 0 1 1 1 2 2.2110463667e-05
r11_hist 0 0 15 2 0 0 1 8 1.7971480195e-04
r11_hist 0 0 15 2 0 0 1 6 8.0901781177e-05
r11_hist 0 0 15 2 0 0 1 4 2.0299926210e-05
r11_hist 0 0 15 2 0 0 1 2 3.6812903479e-06
r11_hist 0 0 2 2 1 1 1 6 3.2016502872e-04
r11_hist 0 0 2 2 1 1 1 8 3.5026127068e-04
r11_hist 0 0 2 2 1 1 1 4 4.5433352157e-05
r11_hist 0 0 2 2 1 1 1 2 6.5367994834e-06
r11_hist 0 0 23 4 1 0 1 4 1.0187291811e-09
r11_hist 0 0 23 4 1 0 1 8 1.7257144528e-10
r11_hist 0 0 23 4 1 0 1 6 4.1430849421e-09
r11_hist 0 0 14 1 1 1 1 6 7.3450368768e-03
r11_hist 0 0 14 1 1 1 1 4 1.4964790608e-03
r11_hist 0 0 14 1 1 1 1 2 6.2428566434e-05
r11_hist 0 0 14 1 1 1 1 8 1.0860900155e-02
r11_hist 0 0 22 3 0 0 1 8 3.8936502982e-06
r11_hist 0 0 9 3 1 1 1 6 2.0177434812e-04
r11_hist 0 0 9 3 1 1 1 8 3.3977605770e-04
r11_hist 0 0 9 3 1 1 1 4 3.9434209760e-05
r11_hist 0 0 9 3 1 1 1 2 1.4397986565e-05
r11_hist 0 0 13 0 0 1 1 8 1.0609662524e-04
r11_hist 0 0 13 0 0 1 1 6 1.7258581248e-04
r11_hist 0 0 13 0 0 1 1 4 3.5024215072e-05
r11_hist 0 0 13 0 0 1 1 2 6.9537681081e-06
r11_hist 0 0 0 0 1 0 1 6 4.5924730776e-07
r11_hist 0 0 21 2 1 1 1 8 2.7764612548e-03
r11_hist 0 0 21 2 1 1 1 6 2.5960488050e-03
r11_hist 0 0 21 2 1 1 1 4 3.4385756198e-04
r11_hist 0 0 21 2 1 1 1 2 6.8853123027e-05
r11_hist 0 0 21 2 1 1 1 0 1.2160910121e-07
r11_hist 0 0 8 2 0 1 1 6 2.5100373970e-04
r11_hist 0 0 8 2 0 1 1 8 1.0874007740e-04
r11_hist 0 0 8 2 0 1 1 2 4.7137541256e-06
r11_hist 0 0 8 2 0 1 1 4 2.1999858552e-05
r11_hist 0 0 16 4 1 1 1 8 1.1576273622e-06
r11_hist 0 0 16 4 1 1 1 4 4.5027314887e-08
r11_hist 0 0 16 4 1 1 1 6 1.5593177525e-06
r11_hist 0 0 16 4 1 1 1 2 8.1070208676e-09
r11_hist 0 0 20 1 0 1 1 6 1.5178892880e-04
r11_hist 0 0 20 1 0 1 1 8 2.5206865729e-04
r11_hist 0 0 20 1 0 1 1 4 1.7772618838e-05
r11_hist 0 0 20 1 0 1 1 2 5.1480971136e-07
r11_hist 0 0 7 1 1 0 1 6 3.1131684779e-03
r11_hist 0 0 7 1 1 0 1 8 5.0873108535e-03
r11_hist 0 0 7 1 1 0 1 4 1.2901202716e-03
r11_hist 0 0 7 1 1 0 1 2 1.1267950065e-04
r11_hist 0 0 15 3 0 1 1 8 1.5076142512e-05
r11_hist 0 0 15 3 0 1 1 6 9.3507608185e-06
r11_hist 0 0 15 3 0 1 1 4 3.5948913167e-06
r11_hist 0 0 2 3 1 0 1 6 3.8638087470e-05
r11_hist 0 0 2 3 1 0 1 8 3.5757980576e-06
r11_hist 0 0 2 3 1 0 1 4 8.2774139648e-09
r11_hist 0 0 19 0 1 0 1 6 1.7867769346e-04
r11_hist 0 0 19 0 1 0 1 8 8.9710834197e-04
r11_hist 0 0 19 0 1 0 1 4 1.9385532590e-05
r11_hist 0 0 19 0 1 0 1 2 1.2339588624e-06
r11_hist 0 0 19 0 1 0 1 0 4.6898891491e-09
r11_hist 0 0 6 0 0 0 1 8 1.7600874200e-04
r11_hist 0 0 6 0 0 0 1 6 1.8026253836e-04
r11_hist 0 0 6 0 0 0 1 4 6.9671397344e-06
r11_hist 0 0 14 2 1 0 1 8 4.2419189173e-03
r11_hist 0 0 14 2 1 0 1 6 3.1580823770e-03
r11_hist 0 0 14 2 1 0 1 4 1.0528227921e-03
r11_hist 0 0 14 2 1 0 1 2 6.4986758415e-05
r11_hist 0 0 14 2 1 0 1 0 2.1412134201e-06
r11_hist 0 0 1 2 0 0 1 8 2.2049228411e-05
r11_hist 0 0 1 2 0 0 1 4 1.5894499051e-06
r11_hist 0 0 22 4 0 1 1 6 1.8492836798e-08
r11_hist 0 0 9 4 1 0 1 8 1.2386574828e-07
r11_hist 0 0 9 4 1 0 1 6 2.7787236090e-07
r11_hist 0 0 9 4 1 0 1 4 2.8835105555e-09
r11_hist 0 0 13 1 0 0 1 6 4.8243561577e-04
r11_hist 0 0 13 1 0 0 1 8 2.6956607809e-04
r11_hist 0 0 13 1 0 0 1 4 4.5686692664e-05
r11_hist 0 0 13 1 0 0 1 2 6.8468947001e-07
r11_hist 0 0 21 3 1 0 1 8 2.6435380049e-06
r11_hist 0 0 21 3 1 0 1 6 5.1545802178e-07
r11_hist 0 0 21 3 1 0 1 4 1.3225200640e-07
r11_hist 0 0 21 3 1 0 1 2 7.8577394166e-09
r11_hist 0 0 8 3 0 0 1 8 1.0173193268e-06
r11_hist 0 0 8 3 0 0 1 6 8.1173476843e-06
r11_hist 0 0 8 3 0 0 1 4 5.1905929991e-07
r11_hist 0 0 12 0 1 1 1 8 2.3101652721e-03
r11_hist 0 0 12 0 1 1 1 6 2.0886647228e-03
r11_hist 0 0 12 0 1 1 1 4 3.7878261882e-04
r11_hist 0 0 12 0 1 1 1 2 1.0630254754e-05
r11_hist 0 0 20 2 0 0 1 6 4.4711806634e-05
r11_hist 0 0 20 2 0 0 1 8 6.6727843307e-06
r11_hist 0 0 20 2 0 0 1 4 4.1423672605e-07
r11_hist 0 0 20 2 0 0 1 2 2.2428206015e-08
r11_hist 0 0 7 2 1 1 1 6 3.1366323286e-03
r11_hist 0 0 7 2 1 1 1 8 5.9232887930e-03
r11_hist 0 0 7 2 1 1 1 4 9.5136753824e-04
r11_hist 0 0 7 2 1 1 1 2 1.3751025524e-05
r11_hist 0 0 7 2 1 1 1 0 9.2156643452e-09
r11_hist 0 0 15 4 0 0 1 8 6.1059932783e-09
r11_hist 0 0 19 1 1 1 1 6 3.8281920178e-03
r11_hist 0 0 19 1 1 1 1 8 5.1954949002e-03
r11_hist 0 0 19 1 1 1 1 4 1.1794984884e-03
r11_hist 0 0 19 1 1 1 1 2 4.7498056396e-04
r11_hist 0 0 19 1 1 1 1 0 9.0566849766e-07
r11_hist 0 0 6 1 0 1 1 8 3.2128075216e-04
r11_hist 0 0 6 1 0 1 1 6 2.5301597197e-04
r11_hist 0 0 6 1 0 1 1 4 7.5284027762e-05
r11_hist 0 0 6 1 0 1 1 2 7.3523237100e-07
r11_hist 0 0 14 3 1 1 1 6 3.1955423610e-04
r11_hist 0 0 14 3 1 1 1 8 3.2015296225e-04
r11_hist 0 0 14 3 1 1 1 4 9.9201621910e-05
r11_hist 0 0 14 3 1 1 1 2 5.0895025624e-06
r11_hist 0 0 14 3 1 1 1 0 3.4629559625e-08
r11_hist 0 0 18 0 0 1 1 4 3.4475964765e-05
r11_hist 0 0 18 0 0 1 1 8 1.9841309753e-04
r11_hist 0 0 18 0 0 1 1 6 1.1177503898e-04
r11_hist 0 0 18 0 0 1 1 2 9.3646140057e-07
r11_hist 0 0 5 0 1 0 1 8 8.0161572634e-04
r11_hist 0 0 5 0 1 0 1 6 7.8416065552e-04
r11_hist 0 0 5 0 1 0 1 4 5.8487281077e-05
r11_hist 0 0 5 0 1 0 1 2 1.6845765808e-05
r11_hist 0 0 13 2 0 1 1 6 6.2829264884e-04
r11_hist 0 0 13 2 0 1 1 8 2.2168970834e-04
r11_hist 0 0 13 2 0 1 1 4 1.1480199474e-04
r11_hist 0 0 13 2 0 1 1 2 1.0413349249e-06
r11_hist 0 0 0 2 1 0 1 6 7.9944019741e-06
r11_hist 0 0 0 2 1 0 1 8 2.5831964172e-06
r11_hist 0 0 21 4 1 1 1 8 1.9280591080e-07
r11_hist 0 0 21 4 1 1 1 4 2.6957522074e-08
r11_hist 0 0 21 4 1 1 1 6 1.5424089356e-07
r11_hist 0 0 21 4 1 1 1 2 2.1569169496e-09
r11_hist 0 0 12 1 1 0 1 8 5.4821379351e-03
r11_hist 0 0 12 1 1 0 1 6 4.1036719469e-03
r11_hist 0 0 12 1 1 0 1 4 8.6190091528e-04
r11_hist 0 0 12 1 1 0 1 2 6.1040053567e-05
r11_hist 0 0 12 1 1 0 1 0 1.3716960952e-06
r11_hist 0 0 20 3 0 1 1 8 2.4975975549e-06
r11_hist 0 0 20 3 0 1 1 6 1.3961809268e-06
r11_hist 0 0 20 3 0 1 1 4 4.6919028201e-07
r11_hist 0 0 7 3 1 0 1 8 2.0075935491e-04
r11_hist 0 0 7 3 1 0 1 6 1.6545490362e-04
r11_hist 0 0 7 3 1 0 1 2 2.6780035438e-07
r11_hist 0 0 7 3 1 0 1 4 1.2689303867e-05
r11_hist 0 0 24 0 1 0 1 6 6.4750932728e-06
r11_hist 0 0 24 0 1 0 1 8 1.8759238391e-07
r11_hist 0 0 24 0 1 0 1 4 1.7997476652e-07
r11_hist 0 0 11 0 0 0 1 8 4.2772809130e-05
r11_hist 0 0 11 0 0 0 1 6 1.2618388920e-04
r11_hist 0 0 11 0 0 0 1 4 2.0318036589e-06
r11_hist 0 0 19 2 1 0 1 8 8.6918016562e-04
r11_hist 0 0 19 2 1 0 1 6 6.7168865419e-04
r11_hist 0 0 19 2 1 0 1 4 1.0553998191e-04
r11_hist 0 0 19 2 1 0 1 2 7.2868604673e-06
r11_hist 0 0 19 2 1 0 1 0 5.9969805501e-09
r11_hist 0 0 6 2 0 0 1 8 2.7390418539e-04
r11_hist 0 0 6 2 0 0 1 6 1.2889238803e-04
r11_hist 0 0 6 2 0 0 1 4 6.6344994680e-05
r11_hist 0 0 14 4 1 0 1 6 5.0551716012e-07
r11_hist 0 0 14 4 1 0 1 8 2.5139603759e-07
r11_hist 0 0 14 4 1 0 1 4 1.0855595484e-07
r11_hist 0 0 14 4 1 0 1 2 9.8580713702e-10
r11_hist 0 0 18 1 0 0 1 8 3.8576683759e-05
r11_hist 0 0 18 1 0 0 1 6 4.1145269204e-05
r11_hist 0 0 18 1 0 0 1 4 7.8178852222e-06
r11_hist 0 0 18 1 0 0 1 2 2.9530176002e-08
r11_hist 0 0 5 1 1 1 1 6 3.2307724323e-03
r11_hist 0 0 5 1 1 1 1 8 5.5418981976e-03
r11_hist 0 0 5 1 1 1 1 4 4.7281683313e-04
r11_hist 0 0 5 1 1 1 1 2 7.3730627629e-05
r11_hist 0 0 13 3 0 0 1 8 2.1214790644e-06
r11_hist 0 0 13 3 0 0 1 6 1.3310590367e-06
r11_hist 0 0 13 3 0 0 1 4 9.5816113103e-07
r11_hist 0 0 13 3 0 0 1 2 1.2608250667e-09
r11_hist 0 0 0 3 1 1 1 8 1.0732592760e-04
r11_hist 0 0 17 0 1 1 1 6 2.6701098295e-03
r11_hist 0 0 17 0 1 1 1 8 3.5000699302e-03
r11_hist 0 0 17 0 1 1 1 4 3.1821785452e-04
r11_hist 0 0 17 0 1 1 1 2 9.9016999874e-06
r11_hist 0 0 17 0 1 1 1 0 2.5967080236e-07
r11_hist 0 0 4 0 0 1 1 8 6.4941943101e-06
r11_hist 0 0 4 0 0 1 1 6 8.8429791465e-08
r11_hist 0 0 12 2 1 1 1 8 9.5297077627e-03
r11_hist 0 0 12 2 1 1 1 6 5.5983608775e-03
r11_hist 0 0 12 2 1 1 1 4 1.5174043289e-03
r11_hist 0 0 12 2 1 1 1 2 6.7188437870e-05
r11_hist 0 0 12 2 1 1 1 0 2.5197102671e-07
r11_hist 0 0 20 4 0 0 1 8 3.2527975727e-09
r11_hist 0 0 7 4 1 1 1 4 4.4710260087e-08
r11_hist 0 0 7 4 1 1 1 8 1.1530873929e-06
r11_hist 0 0 7 4 1 1 1 6 3.8103931973e-07
r11_hist 0 0 24 1 1 1 1 8 7.4887522727e-05
r11_hist 0 0 24 1 1 1 1 6 5.2649165581e-05
r11_hist 0 0 24 1 1 1 1 4 2.3546446482e-05
r11_hist 0 0 24 1 1 1 1 2 2.4227857525e-07
r11_hist 0 0 11 1 0 1 1 8 2.3883144801e-04
r11_hist 0 0 11 1 0 1 1 6 4.1555872860e-04
r11_hist 0 0 11 1 0 1 1 4 7.4476798860e-05
r11_hist 0 0 11 1 0 1 1 2 2.3293642977e-08
r11_hist 0 0 19 3 1 1 1 6 1.4003659061e-04
r11_hist 0 0 19 3 1 1 1 8 1.1884948607e-04
r11_hist 0 0 19 3 1 1 1 4 2.4261440298e-05
r11_hist 0 0 19 3 1 1 1 2 4.2334678089e-06
r11_hist 0 0 19 3 1 1 1 0 1.3791770809e-08
r11_hist 0 0 6 3 0 1 1 6 2.1958758643e-07
r11_hist 0 0 6 3 0 1 1 8 8.2739966442e-07
r11_hist 0 0 6 3 0 1 1 4 4.8344719458e-05
r11_hist 0 0 23 0 0 1 1 8 3.6246728838e-06
r11_hist 0 0 23 0 0 1 1 6 5.4742839672e-06
r11_hist 0 0 23 0 0 1 1 4 6.5625286128e-08
r11_hist 0 0 10 0 1 0 1 6 1.9056126212e-03
r11_hist 0 0 10 0 1 0 1 8 3.2342342114e-03
r11_hist 0 0 10 0 1 0 1 4 5.5146593354e-04
r11_hist 0 0 10 0 1 0 1 2 1.6819162336e-05
r11_hist 0 0 18 2 0 1 1 4 5.4162876621e-05
r11_hist 0 0 18 2 0 1 1 6 2.6277715133e-04
r11_hist 0 0 18 2 0 1 1 8 3.9773629181e-04
r11_hist 0 0 18 2 0 1 1 2 4.1480788523e-06
r11_hist 0 0 5 2 1 0 1 6 1.7437814611e-03
r11_hist 0 0 5 2 1 0 1 8 4.2255147891e-03
r11_hist 0 0 5 2 1 0 1 4 5.3574724870e-04
r11_hist 0 0 5 2 1 0 1 2 2.2666101609e-05
r11_hist 0 0 5 2 1 0 1 0 2.1481534837e-07
r11_hist 0 0 17 1 1 0 1 6 2.1050765202e-03
r11_hist 0 0 17 1 1 0 1 8 2.2656624689e-03
r11_hist 0 0 17 1 1 0 1 4 1.0022531333e-03
r11_hist 0 0 17 1 1 0 1 2 3.2678316148e-05
r11_hist 0 0 17 1 1 0 1 0 3.9422935068e-09
r11_hist 0 0 4 1 0 0 1 6 3.4998788070e-05
r11_hist 0 0 4 1 0 0 1 4 1.7651451511e-06
r11_hist 0 0 4 1 0 0 1 8 1.7109123599e-04
r11_hist 0 0 12 3 1 0 1 8 3.5625630383e-04
r11_hist 0 0 12 3 1 0 1 6 1.6126798685e-04
r11_hist 0 0 12 3 1 0 1 4 2.6316363297e-05
r11_hist 0 0 12 3 1 0 1 2 1.2116474359e-05
r11_hist 0 0 12 3 1 0 1 0 3.0060106236e-10
r11_hist 0 0 16 0 0 0 1 8 8.9466497398e-05
r11_hist 0 0 16 0 0 0 1 6 7.3883597661e-04
r11_hist 0 0 16 0 0 0 1 4 3.1473076282e-05
r11_hist 0 0 16 0 0 0 1 2 9.7853928801e-08
r11_hist 0 0 3 0 1 1 1 6 1.0201179473e-04
r11_hist 0 0 3 0 1 1 1 8 9.8147640160e-05
r11_hist 0 0 3 0 1 1 1 4 3.1439932016e-05
r11_hist 0 0 24 2 1 0 1 8 4.5545199366e-06
r11_hist 0 0 24 2 1 0 1 6 2.9140856850e-06
r11_hist 0 0 24 2 1 0 1 4 1.0515375794e-07
r11_hist 0 0 24 2 1 0 1 2 2.3544482920e-08
r11_hist 0 0 11 2 0 0 1 8 1.6641061181e-04
r11_hist 0 0 11 2 0 0 1 6 1.9465515046e-04
r11_hist 0 0 11 2 0 0 1 4 4.3066535916e-05
r11_hist 0 0 11 2 0 0 1 2 9.6872408495e-07
r11_hist 0 0 19 4 1 0 1 4 2.8558246343e-08
r11_hist 0 0 19 4 1 0 1 8 7.9018448007e-08
r11_hist 0 0 19 4 1 0 1 6 3.5163600413e-08
r11_hist 0 0 19 4 1 0 1 2 4.5864408633e-10
r11_hist 0 0 23 1 0 0 1 8 5.8538174581e-07
r11_hist 0 0 23 1 0 0 1 4 3.7620872905e-07
r11_hist 0 0 23 1 0 0 1 6 1.1161946205e-07
r11_hist 0 0 10 1 1 1 1 4 1.1292847246e-03
r11_hist 0 0 10 1 1 1 1 6 5.8771801915e-03
r11_hist 0 0 10 1 1 1 1 8 9.1572294645e-03
r11_hist 0 0 10 1 1 1 1 2 1.1133703120e-04
r11_hist 0 0 10 1 1 1 1 0 2.2154373145e-06
r11_hist 0 0 18 3 0 0 1 8 5.1858305173e-07
r11_hist 0 0 18 3 0 0 1 6 1.7416334093e-06
r11_hist 0 0 18 3 0 0 1 4 4.0280424419e-09
r11_hist 0 0 5 3 1 1 1 6 1.2317255550e-04
r11_hist 0 0 5 3 1 1 1 4 1.8465350992e-05
r11_hist 0 0 5 3 1 1 1 8 5.3251130626e-05
r11_hist 0 0 5 3 1 1 1 2 3.8591255722e-06
r11_hist 0 0 22 0 1 1 1 6 1.3285661737e-04
r11_hist 0 0 22 0 1 1 1 4 1.4226342206e-04
r11_hist 0 0 22 0 1 1 1 8 3.5688367436e-04
r11_hist 0 0 22 0 1 1 1 2 7.5308465081e-07
r11_hist 0 0 22 0 1 1 1 0 6.2229247065e-09
r11_hist 0 0 9 0 0 1 1 6 1.3992832141e-04
r11_hist 0 0 9 0 0 1 1 8 1.8881490779e-04
r11_hist 0 0 9 0 0 1 1 4 3.2217163964e-05
r11_hist 0 0 17 2 1 1 1 8 9.1957903539e-03
r11_hist 0 0 17 2 1 1 1 4 1.9442379275e-03
r11_hist 0 0 17 2 1 1 1 6 8.2511567982e-03
r11_hist 0 0 17 2 1 1 1 2 9.1397896547e-05
r11_hist 0 0 17 2 1 1 1 0 3.6914077155e-07
r11_hist 0 0 4 2 0 1 1 8 5.1132896445e-05
r11_hist 0 0 4 2 0 1 1 6 1.9884296613e-05
r11_hist 0 0 12 4 1 1 1 4 1.4152624648e-07
r11_hist 0 0 12 4 1 1 1 8 1.5729629550e-06
r11_hist 0 0 12 4 1 1 1 2 9.5389113397e-09
r11_hist 0 0 12 4 1 1 1 6 1.0575271271e-06
r11_hist 0 0 16 1 0 1 1 4 6.9690695016e-05
r11_hist 0 0 16 1 0 1 1 6 4.1934290158e-04
r11_hist 0 0 16 1 0 1 1 8 6.9311923227e-04
r11_hist 0 0 16 1 0 1 1 2 5.7182364386e-06
r11_hist 0 0 3 1 1 0 1 6 6.6616252610e-04
r11_hist 0 0 3 1 1 0 1 8 1.1809456169e-03
r11_hist 0 0 3 1 1 0 1 4 3.9747173739e-04
r11_hist 0 0 3 1 1 0 1 2 2.0658804675e-05
r11_hist 0 0 24 3 1 1 1 6 1.6758924297e-06
r11_hist 0 0 24 3 1 1 1 2 1.8099310364e-08
r11_hist 0 0 24 3 1 1 1 8 6.6483495289e-07
r11_hist 0 0 24 3 1 1 1 4 1.1353708378e-08
r11_hist 0 0 11 3 0 1 1 6 7.5087309081e-06
r11_hist 0 0 11 3 0 1 1 8 2.5193403853e-05
r11_hist 0 0 11 3 0 1 1 4 3.3107755218e-07
r11_hist 0 0 15 0 1 0 1 6 1.1771119507e-03
r11_hist 0 0 15 0 1 0 1 4 3.5468210544e-04
r11_hist 0 0 15 0 1 0 1 8 1.6394358227e-03
r11_hist 0 0 15 0 1 0 1 2 1.7847858682e-05
r11_hist 0 0 15 0 1 0 1 0 2.5905439291e-10
r11_hist 0 0 23 2 0 1 1 8 1.0078224194e-05
r11_hist 0 0 23 2 0 1 1 6 9.0219186728e-06
r11_hist 0 0 23 2 0 1 1 4 1.8886274273e-06
r11_hist 0 0 10 2 1 0 1 8 6.2699211157e-03
r11_hist 0 0 10 2 1 0 1 6 4.4371572353e-03
r11_hist 0 0 10 2 1 0 1 4 1.3467601372e-03
r11_hist 0 0 10 2 1 0 1 2 4.5738010101e-05
r11_hist 0 0 10 2 1 0 1 0 1.2366415570e-05
r11_hist 0 0 5 4 1 0 1 8 1.2442159405e-07
r11_hist 0 0 22 1 1 0 1 8 6.4366662942e-05
r11_hist 0 0 22 1 1 0 1 6 3.8901781720e-05
r11_hist 0 0 22 1 1 0 1 4 9.3086557161e-06
r11_hist 0 0 22 1 1 0 1 2 8.1780628142e-08
r11_hist 0 0 9 1 0 0 1 6 4.1066289374e-04
r11_hist 0 0 9 1 0 0 1 8 4.2408421298e-04
r11_hist 0 0 9 1 0 0 1 4 2.2302070317e-05
r11_hist 0 0 9 1 0 0 1 2 1.1968491818e-07
r11_hist 0 0 17 3 1 0 1 6 8.6832145537e-05
r11_hist 0 0 17 3 1 0 1 8 7.9856218896e-05
r11_hist 0 0 17 3 1 0 1 4 6.9853045499e-06
r11_hist 0 0 17 3 1 0 1 2 2.9241176959e-07
r11_hist 0 0 17 3 1 0 1 0 5.1601975723e-09
r11_hist 0 0 4 3 0 0 1 8 1.2097380079e-06
r11_hist 0 0 4 3 0 0 1 6 8.9911661650e-07
r11_hist 0 0 21 0 0 0 1 8 5.6585562732e-07
r11_hist 0 0 21 0 0 0 1 4 9.2093968045e-09
r11_hist 0 0 21 0 0 0 1 6 4.5547393341e-08
r11_hist 0 0 8 0 1 1 1 8 2.9021990830e-03
r11_hist 0 0 8 0 1 1 1 4 1.7439201089e-04
r11_hist 0 0 8 0 1 1 1 6 1.4021782150e-03
r11_hist 0 0 8 0 1 1 1 2 8.8954554844e-07
r11_hist 0 0 16 2 0 0 1 8 7.8404174279e-05
r11_hist 0 0 16 2 0 0 1 6 8.0355951742e-05
r11_hist 0 0 16 2 0 0 1 4 1.7807597755e-05
r11_hist 0 0 16 2 0 0 1 2 9.8229184848e-08
r11_hist 0 0 3 2 1 1 1 6 5.3497079137e-04
r11_hist 0 0 3 2 1 1 1 8 6.3355950739e-04
r11_hist 0 0 3 2 1 1 1 2 3.3314708082e-05
r11_hist 0 0 3 2 1 1 1 4 1.8066065043e-04
r11_hist 0 0 24 4 1 0 1 8 6.4315472928e-11
r11_hist 0 0 24 4 1 0 1 6 1.2875933591e-10
r11_hist 0 0 24 4 1 0 1 4 2.7815486020e-11
r11_hist 0 0 11 4 0 0 1 4 3.7624433536e-08
r11_hist 0 0 15 1 1 1 1 6 6.4146044489e-03
r11_hist 0 0 15 1 1 1 1 8 9.4588508527e-03
r11_hist 0 0 15 1 1 1 1 4 1.9841602001e-03
r11_hist 0 0 15 1 1 1 1 2 5.3533699920e-05
r11_hist 0 0 15 1 1 1 1 0 1.9724629222e-07
r11_hist 0 0 2 1 0 1 1 6 4.1981020633e-05
r11_hist 0 0 2 1 0 1 1 8 3.2268792587e-05
r11_hist 0 0 10 3 1 1 1 8 2.9850991254e-04
r11_hist 0 0 10 3 1 1 1 6 5.2748670850e-04
r11_hist 0 0 10 3 1 1 1 4 6.8934467747e-05
r11_hist 0 0 10 3 1 1 1 2 2.9241597042e-06
r11_hist 0 0 14 0 0 1 1 8 1.9879108200e-04
r11_hist 0 0 14 0 0 1 1 6 2.2287741878e-04
r11_hist 0 0 14 0 0 1 1 4 5.4771542187e-06
r11_hist 0 0 1 0 1 0 1 8 4.5949352444e-05
r11_hist 0 0 1 0 1 0 1 6 5.8563849196e-05
r11_hist 0 0 22 2 1 1 1 8 1.2921913204e-03
r11_hist 0 0 22 2 1 1 1 4 1.6191259063e-04
r11_hist 0 0 22 2 1 1 1 6 7.4289976496e-04
r11_hist 0 0 22 2 1 1 1 2 1.2391668770e-05
r11_hist 0 0 22 2 1 1 1 0 3.4247273632e-08
r11_hist 0 0 9 2 0 1 1 6 1.6928499144e-04
r11_hist 0 0 9 2 0 1 1 4 7.9170021263e-05
r11_hist 0 0 9 2 0 1 1 8 1.3309775766e-03
r11_hist 0 0 9 2 0 1 1 2 2.9132762667e-06
r11_hist 0 0 17 4 1 1 1 8 7.2719100131e-07
r11_hist 0 0 17 4 1 1 1 4 7.3933736206e-08
r11_hist 0 0 17 4 1 1 1 6 4.8796417776e-07
r11_hist 0 0 17 4 1 1 1 2 6.4613877172e-08
r11_hist 0 0 21 1 0 1 1 6 6.9044732235e-05
r11_hist 0 0 21 1 0 1 1 4 1.4702645201e-05
r11_hist 0 0 21 1 0 1 1 8 3.1829352965e-05
r11_hist 0 0 21 1 0 1 1 2 1.4178644851e-06
r11_hist 0 0 8 1 1 0 1 8 5.0985728783e-03
r11_hist 0 0 8 1 1 0 1 6 5.1008673759e-03
r11_hist 0 0 8 1 1 0 1 4 1.3571111472e-03
r11_hist 0 0 8 1 1 0 1 2 1.4042642274e-04
r11_hist 0 0 8 1 1 0 1 0 1.4132577025e-09
r11_hist 0 0 16 3 0 1 1 8 5.1300529145e-06
r11_hist 0 0 16 3 0 1 1 4 1.8973252124e-06
r11_hist 0 0 16 3 0 1 1 6 2.0948913212e-06
r11_hist 0 0 16 3 0 1 1 2 1.3912094668e-08
r11_hist 0 0 3 3 1 0 1 6 1.0839373494e-04
r11_hist 0 0 3 3 1 0 1 8 1.4261798657e-05
r11_hist 0 0 3 3 1 0 1 4 8.3418707372e-05
r11_hist 0 0 3 3 1 0 1 2 3.3832450581e-08
r11_hist 0 0 20 0 1 0 1 6 1.0418726036e-04
r11_hist 0 0 20 0 1 0 1 8 2.8617086516e-04
r11_hist 0 0 20 0 1 0 1 4 7.0322349686e-06
r11_hist 0 0 20 0 1 0 1 2 1.6598427778e-06
r11_hist 0 0 20 0 1 0 1 0 1.0168416161e-06
r11_hist 0 0 7 0 0 0 1 8 1.1210119778e-04
r11_hist 0 0 7 0 0 0 1 4 2.8365243381e-06
r11_hist 0 0 7 0 0 0 1 6 3.3153437749e-04
r11_hist 0 0 15 2 1 0 1 6 3.0095409962e-03
r11_hist 0 0 15 2 1 0 1 8 3.3795188438e-03
r11_hist 0 0 15 2 1 0 1 4 5.0989302396e-04
r11_hist 0 0 15 2 1 0 1 2 7.2309175607e-05
r11_hist 0 0 15 2 1 0 1 0 4.4459660993e-07
r11_hist 0 0 2 2 0 0 1 6 2.1326639183e-05
r11_hist 0 0 2 2 0 0 1 4 1.0019623244e-06
r11_hist 0 0 2 2 0 0 1 8 4.4209597472e-06
r11_hist 0 0 10 4 1 0 1 6 4.4285695068e-08
r11_hist 0 0 10 4 1 0 1 8 1.4689806997e-07
r11_hist 0 0 10 4 1 0 1 4 3.6917809685e-08
r11_hist 0 0 10 4 1 0 1 2 2.9533760871e-09
r11_hist 0 0 14 1 0 0 1 8 2.8786382457e-04
r11_hist 0 0 14 1 0 0 1 6 2.5294996682e-04
r11_hist 0 0 14 1 0 0 1 2 7.6460546126e-05
r11_hist 0 0 14 1 0 0 1 4 2.9934900573e-05
r11_hist 0 0 1 1 1 1 1 6 5.6590979938e-04
r11_hist 0 0 1 1 1 1 1 8 6.8872233525e-05
r11_hist 0 0 1 1 1 1 1 4 6.0432947097e-06
r11_hist 0 0 22 3 1 0 1 8 1.5417675485e-07
r11_hist 0 0 22 3 1 0 1 6 2.1970658756e-06
r11_hist 0 0 22 3 1 0 1 4 3.3423564267e-08
r11_hist 0 0 22 3 1 0 1 2 1.3606929090e-08
r11_hist 0 0 9 3 0 0 1 8 1.4111245231e-06
r11_hist 0 0 9 3 0 0 1 2 3.1763049873e-07
r11_hist 0 0 9 3 0 0 1 4 1.2032563652e-06
r11_hist 0 0 9 3 0 0 1 6 2.2561249780e-06
r11_hist 0 0 13 0 1 1 1 4 6.3965348794e-04
r11_hist 0 0 13 0 1 1 1 8 2.7813409828e-03
r11_hist 0 0 13 0 1 1 1 6 2.5213840236e-03
r11_hist 0 0 13 0 1 1 1 2 7.5351016692e-06
r11_hist 0 0 21 2 0 0 1 8 7.9168276025e-07
r11_hist 0 0 21 2 0 0 1 4 3.9169028968e-06
r11_hist 0 0 21 2 0 0 1 6 9.7761089786e-07
r11_hist 0 0 8 2 1 1 1 6 4.5948788613e-03
r11_hist 0 0 8 2 1 1 1 8 7.4218270083e-03
r11_hist 0 0 8 2 1 1 1 4 6.5146192318e-04
r11_hist 0 0 8 2 1 1 1 2 5.1559051344e-05
r11_hist 0 0 8 2 1 1 1 0 1.9421688125e-07
r11_hist 0 0 16 4 0 0 1 8 4.4792617823e-08
r11_hist 0 0 3 4 1 1 1 8 1.8816708513e-08
r11_hist 0 0 3 4 1 1 1 2 5.1083551588e-09
r11_hist 0 0 20 1 1 1 1 4 1.0038136730e-03
r11_hist 0 0 20 1 1 1 1 6 3.1674182368e-03
r11_hist 0 0 20 1 1 1 1 8 4.6865426597e-03
r11_hist 0 0 20 1 1 1 1 2 2.5339626923e-05
r11_hist 0 0 20 1 1 1 1 0 3.1968977873e-09
r11_hist 0 0 7 1 0 1 1 8 1.9591774108e-04
r11_hist 0 0 7 1 0 1 1 6 1.0457619313e-04
r11_hist 0 0 7 1 0 1 1 4 2.7793404792e-04
r11_hist 0 0 15 3 1 1 1 8 5.5103536432e-04
r11_hist 0 0 15 3 1 1 1 6 5.9354531518e-04
r11_hist 0 0 15 3 1 1 1 4 6.9738114071e-05
r11_hist 0 0 15 3 1 1 1 2 5.4253391232e-06
r11_hist 0 0 15 3 1 1 1 0 1.6100638045e-09
r11_hist 0 0 2 3 0 1 1 6 1.1546963001e-05
r11_hist 0 0 19 0 0 1 1 6 1.9467421816e-04
r11_hist 0 0 19 0 0 1 1 8 7.2075048456e-05
r11_hist 0 0 19 0 0 1 1 4 3.8862305009e-05
r11_hist 0 0 19 0 0 1 1 2 9.2697537294e-08
r11_hist 0 0 6 0 1 0 1 8 1.3161927489e-03
r11_hist 0 0 6 0 1 0 1 6 1.2110516347e-03
r11_hist 0 0 6 0 1 0 1 4 4.9053111985e-04
r11_hist 0 0 6 0 1 0 1 2 8.5422649635e-06
r11_hist 0 0 14 2 0 1 1 6 3.5110278188e-04
r11_hist 0 0 14 2 0 1 1 8 1.4251115157e-04
r11_hist 0 0 14 2 0 1 1 4 4.4434157008e-04
r11_hist 0 0 14 2 0 1 1 2 8.9774617322e-07
r11_hist 0 0 1 2 1 0 1 8 1.6457536570e-04
r11_hist 0 0 1 2 1 0 1 4 4.2570954923e-05
r11_hist 0 0 1 2 1 0 1 6 1.1286036809e-04
r11_hist 0 0 1 2 1 0 1 2 1.6612772176e-09
r11_hist 0 0 22 4 1 1 1 6 9.4316461083e-08
r11_hist 0 0 22 4 1 1 1 8 7.0429937802e-08
r11_hist 0 0 22 4 1 1 1 4 7.2982348350e-09
r11_hist 0 0 22 4 1 1 1 2 3.7798001809e-11
r11_hist 0 0 13 1 1 0 1 6 5.9638066668e-03
r11_hist 0 0 13 1 1 0 1 4 1.3568099490e-03
r11_hist 0 0 13 1 1 0 1 8 6.5440851814e-03
r11_hist 0 0 13 1 1 0 1 2 5.1016143607e-05
r11_hist 0 0 13 1 1 0 1 0 7.2974230661e-08
r11_hist 0 0 0 1 0 0 1 4 1.4688449426e-06
r11_hist 0 0 21 3 0 1 1 8 4.2068448512e-07
r11_hist 0 0 21 3 0 1 1 6 6.8260398444e-05
r11_hist 0 0 21 3 0 1 1 4 2.1483101270e-08
r11_hist 0 0 8 3 1 0 1 6 1.4186223630e-04
r11_hist 0 0 8 3 1 0 1 8 1.8489875288e-04
r11_hist 0 0 8 3 1 0 1 4 1.2177887237e-04
r11_hist 0 0 8 3 1 0 1 2 8.8101086026e-06
r11_hist 0 0 8 3 1 0 1 0 2.6655571626e-07
r11_hist 0 0 12 0 0 0 1 6 4.4751015718e-04
r11_hist 0 0 12 0 0 0 1 8 1.3919287748e-04
r11_hist 0 0 12 0 0 0 1 4 9.2122002634e-06
r11_hist 0 0 12 0 0 0 1 2 2.6470962094e-07
r11_hist 0 0 20 2 1 0 1 6 1.9737546341e-04
r11_hist 0 0 20 2 1 0 1 8 4.1416315719e-04
r11_hist 0 0 20 2 1 0 1 2 4.2524010421e-06
r11_hist 0 0 20 2 1 0 1 4 7.3454627558e-05
r11_hist 0 0 20 2 1 0 1 0 8.3484860366e-08
r11_hist 0 0 7 2 0 0 1 6 2.0710946890e-04
r11_hist 0 0 7 2 0 0 1 8 2.5745395334e-04
r11_hist 0 0 7 2 0 0 1 4 2.3484721650e-05
r11_hist 0 0 7 2 0 0 1 2 8.9273532654e-06
r11_hist 0 0 15 4 1 0 1 8 1.3792340157e-07
r11_hist 0 0 15 4 1 0 1 6 1.6623197100e-07
r11_hist 0 0 15 4 1 0 1 4 5.0370229474e-08
r11_hist 0 0 15 4 1 0 1 2 2.7828008507e-10
r11_hist 0 0 19 1 0 0 1 6 1.9821984638e-05
r11_hist 0 0 19 1 0 0 1 8 4.5863214981e-05
r11_hist 0 0 19 1 0 0 1 4 4.0721692926e-06
r11_hist 0 0 19 1 0 0 1 2 3.1238711579e-07
r11_hist 0 0 6 1 1 1 1 8 5.2834507103e-03
r11_hist 0 0 6 1 1 1 1 4 1.5620652023e-03
r11_hist 0 0 6 1 1 1 1 6 4.7380973183e-03
r11_hist 0 0 6 1 1 1 1 2 2.3886958431e-04
r11_hist 0 0 14 3 0 0 1 2 1.6387208713e-08
r11_hist 0 0 14 3 0 0 1 6 4.9288305677e-06
r11_hist 0 0 14 3 0 0 1 8 2.3117236317e-05
r11_hist 0 0 14 3 0 0 1 4 4.6639957663e-07
r11_hist 0 0 1 3 1 1 1 8 1.0112309783e-05
r11_hist 0 0 1 3 1 1 1 6 5.0301940539e-07
r11_hist 0 0 1 3 1 1 1 4 2.8455384645e-09
r11_hist 0 0 18 0 1 1 1 8 2.5831063270e-03
r11_hist 0 0 18 0 1 1 1 6 1.6319624735e-03
r11_hist 0 0 18 0 1 1 1 4 4.9527889274e-04
r11_hist 0 0 18 0 1 1 1 2 4.8307476614e-05
r11_hist 0 0 18 0 1 1 1 0 2.5363338712e-08
r11_hist 0 0 5 0 0 1 1 6 5.0693573764e-05
r11_hist 0 0 5 0 0 1 1 8 1.5963745590e-06
r11_hist 0 0 13 2 1 1 1 8 8.5303454795e-03
r11_hist 0 0 13 2 1 1 1 6 7.5278861619e-03
r11_hist 0 0 13 2 1 1 1 4 1.6116625700e-03
r11_hist 0 0 13 2 1 1 1 2 6.2424786456e-05
r11_hist 0 0 13 2 1 1 1 0 1.2672802219e-06
r11_hist 0 0 8 4 1 1 1 6 2.7926717567e-06
r11_hist 0 0 8 4 1 1 1 4 3.6498450639e-07
r11_hist 0 0 8 4 1 1 1 8 7.6397697101e-07
r11_hist 0 0 12 1 0 1 1 6 2.1980120013e-04
r11_hist 0 0 12 1 0 1 1 8 4.2691623561e-04
r11_hist 0 0 12 1 0 1 1 2 1.4944088790e-07
r11_hist 0 0 12 1 0 1 1 4 9.6255728227e-05
r11_hist 0 0 12 1 0 1 1 0 4.0300662765e-08
r11_hist 0 0 20 3 1 1 1 8 8.2515179044e-05
r11_hist 0 0 20 3 1 1 1 4 9.9367058563e-06
r11_hist 0 0 20 3 1 1 1 6 1.8286380997e-04
r11_hist 0 0 20 3 1 1 1 2 1.1660746660e-06
r11_hist 0 0 20 3 1 1 1 0 8.1896301460e-11
r11_hist 0 0 7 3 0 1 1 4 6.1441728343e-06
r11_hist 0 0 7 3 0 1 1 8 4.5021647199e-06
r11_hist 0 0 7 3 0 1 1 6 2.7469642271e-06
r11_hist 0 0 24 0 0 1 1 6 9.1921500345e-08
r11_hist 0 0 11 0 1 0 1 8 2.5325927070e-03
r11_hist 0 0 11 0 1 0 1 6 1.4419491001e-03
r11_hist 0 0 11 0 1 0 1 4 2.7187722094e-04
r11_hist 0 0 11 0 1 0 1 2 7.7690788748e-06
r11_hist 0 0 11 0 1 0 1 0 1.1092860131e-09
r11_hist 0 0 19 2 0 1 1 8 4.4222672087e-04
r11_hist 0 0 19 2 0 1 1 6 1.4014110731e-04
r11_hist 0 0 19 2 0 1 1 4 9.5527455489e-05
r11_hist 0 0 19 2 0 1 1 2 1.2980490332e-07
r11_hist 0 0 6 2 1 0 1 8 4.2479200464e-03
r11_hist 0 0 6 2 1 0 1 6 2.6619368707e-03
r11_hist 0 0 6 2 1 0 1 2 3.9287556490e-05
r11_hist 0 0 6 2 1 0 1 4 1.0479996385e-03
r11_hist 0 0 14 4 0 1 1 8 2.6963808063e-10
r11_hist 0 0 18 1 1 0 1 8 1.5101760305e-03
r11_hist 0 0 18 1 1 0 1 6 8.7949531719e-04
r11_hist 0 0 18 1 1 0 1 4 1.7325756652e-04
r11_hist 0 0 18 1 1 0 1 2 4.4538440264e-06
r11_hist 0 0 18 1 1 0 1 0 2.5058236925e-08
r11_hist 0 0 5 1 0 0 1 8 6.3269548308e-04
r11_hist 0 0 5 1 0 0 1 6 1.4175770022e-04
r11_hist 0 0 5 1 0 0 1 4 4.5684610862e-06
r11_hist 0 0 13 3 1 0 1 8 1.6784456526e-04
r11_hist 0 0 13 3 1 0 1 6 1.9857724031e-04
r11_hist 0 0 13 3 1 0 1 4 3.1956689944e-05
r11_hist 0 0 13 3 1 0 1 2 5.6278334676e-07
r11_hist 0 0 13 3 1 0 1 0 1.2855482153e-08
r11_hist 0 0 17 0 0 0 1 6 3.4416759835e-05
r11_hist 0 0 17 0 0 0 1 4 1.6596649259e-06
r11_hist 0 0 17 0 0 0 1 8 6.2940268430e-05
r11_hist 0 0 17 0 0 0 1 2 1.1219957867e-07
r11_hist 0 0 4 0 1 1 1 8 1.5796236686e-04
r11_hist 0 0 4 0 1 1 1 6 1.5110950982e-04
r11_hist 0 0 4 0 1 1 1 4 1.2815908265e-05
r11_hist 0 0 12 2 0 0 1 8 1.0937837562e-04
r11_hist 0 0 12 2 0 0 1 6 3.6769462276e-04
r11_hist 0 0 12 2 0 0 1 4 4.5095629423e-05
r11_hist 0 0 12 2 0 0 1 2 7.1807503503e-07
r11_hist 0 0 20 4 1 0 1 8 3.5770859005e-08
r11_hist 0 0 20 4 1 0 1 6 5.8529234933e-08
r11_hist 0 0 20 4 1 0 1 4 3.7149276418e-09
r11_hist 0 0 20 4 1 0 1 2 1.6447925313e-10
r11_hist 0 0 24 1 0 0 1 6 6.2258054427e-09
r11_hist 0 0 24 1 0 0 1 8 5.7121653905e-07
r11_hist 0 0 11 1 1 1 1 6 5.9842194401e-03
r11_hist 0 0 11 1 1 1 1 8 8.1404696374e-03
r11_hist 0 0 11 1 1 1 1 4 1.7605396188e-03
r11_hist 0 0 11 1 1 1 1 2 2.0314177851e-04
r11_hist 0 0 19 3 0 0 1 8 5.7283385080e-08
r11_hist 0 0 19 3 0 0 1 6 4.0908652542e-07
r11_hist 0 0 19 3 0 0 1 4 2.8274021729e-05
r11_hist 0 0 6 3 1 1 1 8 1.1188467704e-04
r11_hist 0 0 6 3 1 1 1 6 1.3790804271e-04
r11_hist 0 0 6 3 1 1 1 4 7.9171756179e-05
r11_hist 0 0 6 3 1 1 1 2 1.7868250158e-08
r11_hist 0 0 23 0 1 1 1 8 1.5408788323e-04
r11_hist 0 0 23 0 1 1 1 6 6.6869169283e-05
r11_hist 0 0 23 0 1 1 1 4 3.2100613347e-06
r11_hist 0 0 23 0 1 1 1 2 5.4968162608e-07
r11_hist 0 0 23 0 1 1 1 0 9.9871926462e-09
r11_hist 0 0 10 0 0 1 1 6 3.0278860487e-04
r11_hist 0 0 10 0 0 1 1 8 1.3347541082e-05
r11_hist 0 0 10 0 0 1 1 2 5.1452199406e-06
r11_hist 0 0 10 0 0 1 1 4 1.8396770785e-05
r11_hist 0 0 18 2 1 1 1 8 7.0737740577e-03
r11_hist 0 0 18 2 1 1 1 6 5.7141611317e-03
r11_hist 0 0 18 2 1 1 1 4 1.3438703520e-03
r11_hist 0 0 18 2 1 1 1 2 1.0665937434e-04
r11_hist 0 0 18 2 1 1 1 0 3.1918397237e-07
r11_hist 0 0 5 2 0 1 1 8 7.4059145719e-05
r11_hist 0 0 5 2 0 1 1 6 1.9352300896e-05
r11_hist 0 0 5 2 0 1 1 4 2.3748652370e-05
r11_hist 0 0 13 4 1 1 1 8 5.7465611462e-06
r11_hist 0 0 13 4 1 1 1 6 2.4913279088e-06
r11_hist 0 0 13 4 1 1 1 4 5.8160072527e-08
r11_hist 0 0 13 4 1 1 1 2 2.6288489911e-09
r11_hist 0 0 17 1 0 1 1 6 7.2129578047e-04
r11_hist 0 0 17 1 0 1 1 8 4.3935575284e-04
r11_hist 0 0 17 1 0 1 1 4 7.2172362045e-05
r11_hist 0 0 17 1 0 1 1 2 3.0246766679e-05
r11_hist 0 0 4 1 1 0 1 6 9.0615279924e-04
r11_hist 0 0 4 1 1 0 1 8 1.8434121124e-03
r11_hist 0 0 4 1 1 0 1 4 3.3752036715e-04
r11_hist 0 0 4 1 1 0 1 2 3.8892914199e-06
r11_hist 0 0 12 3 0 1 1 8 5.0297795472e-06
r11_hist 0 0 12 3 0 1 1 4 8.3117204880e-07
r11_hist 0 0 12 3 0 1 1 6 1.1146059287e-05
r11_hist 0 0 12 3 0 1 1 2 1.6964674640e-08
r11_hist 0 0 16 0 1 0 1 8 1.1193814039e-03
r11_hist 0 0 16 0 1 0 1 4 1.2761086798e-04
r11_hist 0 0 16 0 1 0 1 6 1.1618832022e-03
r11_hist 0 0 16 0 1 0 1 2 4.2213951418e-05
r11_hist 0 0 16 0 1 0 1 0 8.8970597147e-10
r11_hist 0 0 3 0 0 0 1 8 1.9324228367e-04
r11_hist 0 0 3 0 0 0 1 6 4.2076201776e-06
r11_hist 0 0 24 2 0 1 1 6 2.0060305470e-05
r11_hist 0 0 24 2 0 1 1 4 3.0814362149e-07
r11_hist 0 0 24 2 0 1 1 8 1.3392605731e-04
r11_hist 0 0 11 2 1 0 1 8 5.2951175931e-03
r11_hist 0 0 11 2 1 0 1 6 4.3836679393e-03
r11_hist 0 0 11 2 1 0 1 4 1.7844501609e-03
r11_hist 0 0 11 2 1 0 1 2 6.7018929795e-05
r11_hist 0 0 11 2 1 0 1 0 2.3730275588e-07
r11_hist 0 0 19 4 0 1 1 8 3.4809621449e-09
r11_hist 0 0 6 4 1 0 1 8 1.2471043579e-07
r11_hist 0 0 6 4 1 0 1 6 1.1963580911e-07
r11_hist 0 0 6 4 1 0 1 4 9.6594987284e-09
r11_hist 0 0 23 1 1 0 1 6 4.3924849976e-05
r11_hist 0 0 23 1 1 0 1 4 2.8868921615e-06
r11_hist 0 0 23 1 1 0 1 8 9.6437310455e-06
r11_hist 0 0 23 1 1 0 1 2 9.2713625420e-09
r11_hist 0 0 10 1 0 0 1 2 5.8681192456e-06
r11_hist 0 0 10 1 0 0 1 8 4.9273044166e-04
r11_hist 0 0 10 1 0 0 1 6 1.9556723418e-04
r11_hist 0 0 10 1 0 0 1 4 2.5984023391e-04
r11_hist 0 0 18 3 1 0 1 8 2.0038504619e-05
r11_hist 0 0 18 3 1 0 1 4 7.1353926060e-06
r11_hist 0 0 18 3 1 0 1 6 4.0250196513e-05
r11_hist 0 0 18 3 1 0 1 2 2.0124918685e-06
r11_hist 0 0 18 3 1 0 1 0 2.8019188521e-09
r11_hist 0 0 5 3 0 0 1 6 3.7911381174e-06
r11_hist 0 0 5 3 0 0 1 8 2.2467639408e-07
r11_hist 0 0 22 0 0 0 1 8 8.1860910602e-07
r11_hist 0 0 22 0 0 0 1 6 2.1629626162e-07
r11_hist 0 0 22 0 0 0 1 4 2.8983843969e-08
r11_hist 0 0 9 0 1 1 1 6 9.1279194703e-04
r11_hist 0 0 9 0 1 1 1 8 1.9322908167e-03
r11_hist 0 0 9 0 1 1 1 4 9.0369846547e-04
r11_hist 0 0 9 0 1 1 1 2 1.4994329939e-05
r11_hist 0 0 17 2 0 0 1 6 7.2069887274e-05
r11_hist 0 0 17 2 0 0 1 8 2.9739750747e-05
r11_hist 0 0 17 2 0 0 1 4 1.2809739370e-05
r11_hist 0 0 17 2 0 0 1 2 2.1295567455e-06
r11_hist 0 0 4 2 1 1 1 8 2.1350789766e-03
r11_hist 0 0 4 2 1 1 1 6 1.9820460585e-03
r11_hist 0 0 4 2 1 1 1 4 3.8435084357e-04
r11_hist 0 0 4 2 1 1 1 2 4.0592199278e-05
r11_hist 0 0 12 4 0 0 1 8 2.5391068860e-08
r11_hist 0 0 16 1 1 1 1 8 1.0139738395e-02
r11_hist 0 0 16 1 1 1 1 6 6.4424331011e-03
r11_hist 0 0 16 1 1 1 1 4 1.4182416264e-03
r11_hist 0 0 16 1 1 1 1 2 8.0667997449e-05
r11_hist 0 0 16 1 1 1 1 0 5.5625794786e-07
r11_hist 0 0 3 1 0 1 1 8 5.9942526424e-06
r11_hist 0 0 3 1 0 1 1 4 6.9189619553e-06
r11_hist 0 0 3 1 0 1 1 6 2.4799654781e-05
r11_hist 0 0 11 3 1 1 1 8 3.3515798248e-04
r11_hist 0 0 11 3 1 1 1 6 4.7787582454e-04
r11_hist 0 0 11 3 1 1 1 4 6.8811563335e-05
r11_hist 0 0 11 3 1 1 1 2 3.4064677143e-05
r11_hist 0 0 11 3 1 1 1 0 8.7928316172e-10
r11_hist 0 0 15 0 0 1 1 6 9.1268991889e-05
r11_hist 0 0 15 0 0 1 1 8 1.8901303180e-04
r11_hist 0 0 15 0 0 1 1 4 2.3089921777e-05
r11_hist 0 0 2 0 1 0 1 6 7.8034951929e-05
r11_hist 0 0 2 0 1 0 1 8 1.9056358409e-04
r11_hist 0 0 2 0 1 0 1 4 2.7736992296e-06
r11_hist 0 0 2 0 1 0 1 2 1.4030818505e-06
r11_hist 0 0 23 2 1 1 1 6 2.6775090568e-04
r11_hist 0 0 23 2 1 1 1 8 3.8495912331e-04
r11_hist 0 0 23 2 1 1 1 4 7.8674219976e-05
r11_hist 0 0 23 2 1 1 1 2 2.3580904469e-06
r11_hist 0 0 23 2 1 1 1 0 1.9096586318e-08
r11_hist 0 0 10 2 0 1 1 6 2.7573376143e-04
r11_hist 0 0 10 2 0 1 1 8 1.5728650200e-04
r11_hist 0 0 10 2 0 1 1 4 2.5509799662e-05
r11_hist 0 0 10 2 0 1 1 2 7.4706437991e-05
r11_hist 0 0 18 4 1 1 1 6 9.0726361142e-07
r11_hist 0 0 18 4 1 1 1 8 2.9837094802e-07
r11_hist 0 0 18 4 1 1 1 4 5.6860655341e-08
r11_hist 0 0 18 4 1 1 1 2 3.2469739300e-10
r11_hist 0 0 22 1 0 1 1 8 2.6741255702e-05
r11_hist 0 0 22 1 0 1 1 6 3.1871515039e-05
r11_hist 0 0 22 1 0 1 1 4 4.8787017636e-06
r11_hist 0 0 22 1 0 1 1 2 2.2548640910e-08
r11_hist 0 0 9 1 1 0 1 8 6.0687059648e-03
r11_hist 0 0 9 1 1 0 1 4 1.3635118673e-03
r11_hist 0 0 9 1 1 0 1 6 4.8095679149e-03
r11_hist 0 0 9 1 1 0 1 2 2.2605260068e-04
r11_hist 0 0 9 1 1 0 1 0 1.1739867831e-08
r11_hist 0 0 17 3 0 1 1 6 1.4358928212e-05
r11_hist 0 0 17 3 0 1 1 8 4.2358736357e-06
r11_hist 0 0 17 3 0 1 1 4 1.4427213725e-07
r11_hist 0 0 4 3 1 0 1 6 7.2665261753e-05
r11_hist 0 0 4 3 1 0 1 8 1.3138233000e-04
r11_hist 0 0 4 3 1 0 1 4 8.4421194891e-06
r11_hist 0 0 4 3 1 0 1 2 2.7469858488e-05
r11_hist 0 0 21 0 1 0 1 8 4.0287906173e-05
r11_hist 0 0 21 0 1 0 1 6 1.3726071132e-04
r11_hist 0 0 21 0 1 0 1 4 1.0228127062e-05
r11_hist 0 0 21 0 1 0 1 2 8.5942538981e-08
r11_hist 0 0 8 0 0 0 1 4 4.9717346612e-04
r11_hist 0 0 8 0 0 0 1 6 1.4410743093e-04
r11_hist 0 0 8 0 0 0 1 8 2.4201685539e-04
r11_hist 0 0 16 2 1 0 1 2 5.0514126582e-05
r11_hist 0 0 16 2 1 0 1 6 1.7708747445e-03
r11_hist 0 0 16 2 1 0 1 4 4.8960243237e-04
r11_hist 0 0 16 2 1 0 1 8 2.9194616648e-03
r11_hist 0 0 16 2 1 0 1 0 1.8233386588e-07
r11_hist 0 0 3 2 0 0 1 6 6.4492961491e-05
r11_hist 0 0 3 2 0 0 1 8 1.9952261235e-05
r11_hist 0 0 3 2 0 0 1 4 1.4323669312e-05
r11_hist 0 0 11 4 1 0 1 6 7.3517691805e-08
r11_hist 0 0 11 4 1 0 1 8 2.5745018243e-07
r11_hist 0 0 11 4 1 0 1 4 1.2307774323e-07
r11_hist 0 0 11 4 1 0 1 2 1.4097854124e-09
r11_hist 0 0 15 1 0 0 1 8 1.3171839296e-04
r11_hist 0 0 15 1 0 0 1 6 2.8053453929e-04
r11_hist 0 0 15 1 0 0 1 4 7.2244126809e-05
r11_hist 0 0 15 1 0 0 1 2 1.8993903597e-06
r11_hist 0 0 2 1 1 1 1 8 3.0748620143e-04
r11_hist 0 0 2 1 1 1 1 6 5.2264378357e-04
r11_hist 0 0 2 1 1 1 1 4 2.0879579484e-05
r11_hist 0 0 2 1 1 1 1 2 2.8858846783e-06
r11_hist 0 0 23 3 1 0 1 4 8.1464694486e-10
r11_hist 0 0 23 3 1 0 1 6 9.8009612147e-09
r11_hist 0 0 23 3 1 0 1 8 3.1861630318e-09
r11_hist 0 0 23 3 1 0 1 2 1.5811951364e-10
r11_hist 0 0 10 3 0 0 1 8 3.8922230308e-06
r11_hist 0 0 10 3 0 0 1 4 5.4877195959e-07
r11_hist 0 0 10 3 0 0 1 6 4.3125131783e-07
r11_hist 0 0 10 3 0 0 1 2 5.4523133668e-06
r11_hist 0 0 14 0 1 1 1 6 1.9944485687e-03
r11_hist 0 0 14 0 1 1 1 8 3.1759128663e-03
r11_hist 0 0 14 0 1 1 1 4 2.8909098122e-04
r11_hist 0 0 14 0 1 1 1 2 7.6727673976e-06
r11_hist 0 0 14 0 1 1 1 0 1.2705419594e-06
r11_hist 0 0 22 2 0 0 1 8 1.0440087562e-07
r11_hist 0 0 22 2 0 0 1 4 1.2411882942e-08
r11_hist 0 0 22 2 0 0 1 2 4.7100487957e-09
r11_hist 0 0 22 2 0 0 1 6 7.1879725091e-09
r11_hist 0 0 9 2 1 1 1 8 7.7008271749e-03
r11_hist 0 0 9 2 1 1 1 6 6.0662996496e-03
r11_hist 0 0 9 2 1 1 1 4 8.0733045537e-04
r11_hist 0 0 9 2 1 1 1 2 6.8976719451e-05
r11_hist 0 0 4 4 1 1 1 4 4.2602387387e-08
r11_hist 0 0 4 4 1 1 1 8 3.8526908939e-07
r11_hist 0 0 21 1 1 1 1 8 2.2922936517e-03
r11_hist 0 0 21 1 1 1 1 4 4.6146376339e-04
r11_hist 0 0 21 1 1 1 1 6 2.0329383952e-03
r11_hist 0 0 21 1 1 1 1 2 9.3496910501e-06
r11_hist 0 0 21 1 1 1 1 0 7.3800990598e-08
r11_hist 0 0 8 1 0 1 1 8 4.8724051681e-04
r11_hist 0 0 8 1 0 1 1 6 4.3137511204e-04
r11_hist 0 0 8 1 0 1 1 4 1.0219165279e-04
r11_hist 0 0 8 1 0 1 1 2 5.0970877969e-07
r11_hist 0 0 16 3 1 1 1 6 2.7773889948e-04
r11_hist 0 0 16 3 1 1 1 4 1.2646979286e-04
r11_hist 0 0 16 3 1 1 1 8 4.9806052755e-04
r11_hist 0 0 16 3 1 1 1 2 5.3943103757e-05
r11_hist 0 0 16 3 1 1 1 0 1.9908918331e-08
r11_hist 0 0 3 3 0 1 1 6 3.2783801853e-08
r11_hist 0 0 3 3 0 1 1 8 2.2340091067e-05
r11_hist 0 0 20 0 0 1 1 6 1.0648593836e-04
r11_hist 0 0 20 0 0 1 1 8 1.1138486403e-04
r11_hist 0 0 20 0 0 1 1 2 5.9395723684e-07
r11_hist 0 0 20 0 0 1 1 4 7.6304278753e-06
r11_hist 0 0 7 0 1 0 1 6 1.0979659642e-03
r11_hist 0 0 7 0 1 0 1 8 2.2318040460e-03
r11_hist 0 0 7 0 1 0 1 4 2.4222603089e-04
r11_hist 0 0 7 0 1 0 1 2 1.5520868547e-05
r11_hist 0 0 15 2 0 1 1 4 4.8879616699e-05
r11_hist 0 0 15 2 0 1 1 8 5.1297738512e-04
r11_hist 0 0 15 2 0 1 1 6 3.0722441845e-04
r11_hist 0 0 15 2 0 1 1 2 2.0429967805e-06
r11_hist 0 0 2 2 1 0 1 8 9.0519558420e-04
r11_hist 0 0 2 2 1 0 1 4 1.5772793196e-04
r11_hist 0 0 2 2 1 0 1 6 3.3849253758e-04
r11_hist 0 0 2 2 1 0 1 2 1.5427130556e-05
r11_hist 0 0 23 4 1 1 1 4 1.7974764890e-09
r11_hist 0 0 23 4 1 1 1 8 6.8171914971e-09
r11_hist 0 0 23 4 1 1 1 6 6.8993578370e-09
r11_hist 0 0 23 4 1 1 1 2 7.9140918850e-12
r11_hist 0 0 23 4 1 1 1 0 3.4052880371e-11
r11_hist 0 0 10 4 0 1 1 6 8.8373994851e-08
r11_hist 0 0 14 1 1 0 1 6 3.5376900193e-03
r11_hist 0 0 14 1 1 0 1 8 5.2660605844e-03
r11_hist 0 0 14 1 1 0 1 4 1.1563521730e-03
r11_hist 0 0 14 1 1 0 1 2 9.5960649608e-05
r11_hist 0 0 14 1 1 0 1 0 3.4866151139e-10
r11_hist 0 0 1 1 0 0 1 8 1.1991228198e-05
r11_hist 0 0 1 1 0 0 1 6 1.0977063585e-05
r11_hist 0 0 22 3 0 1 1 6 1.0071590247e-07
r11_hist 0 0 22 3 0 1 1 4 4.1291340411e-09
r11_hist 0 0 9 3 1 0 1 8 4.0828289378e-04
r11_hist 0 0 9 3 1 0 1 6 1.4254206266e-04
r11_hist 0 0 9 3 1 0 1 4 8.7264754448e-05
r11_hist 0 0 9 3 1 0 1 2 7.2693603569e-07
r11_hist 0 0 13 0 0 0 1 6 3.1944942329e-05
r11_hist 0 0 13 0 0 0 1 8 2.9167735647e-04
r11_hist 0 0 13 0 0 0 1 4 1.5240002102e-04
r11_hist 0 0 13 0 0 0 1 2 1.1538464602e-06
r11_hist 0 0 21 2 1 0 1 8 1.0755335569e-04
r11_hist 0 0 21 2 1 0 1 6 1.2685325366e-04
r11_hist 0 0 21 2 1 0 1 4 2.9925404705e-05
r11_hist 0 0 21 2 1 0 1 2 4.3796618664e-06
r11_hist 0 0 21 2 1 0 1 0 1.4324375797e-07
r11_hist 0 0 8 2 0 0 1 8 3.6981786110e-04
r11_hist 0 0 8 2 0 0 1 4 7.0197067308e-04
r11_hist 0 0 8 2 0 0 1 6 1.5706129302e-04
r11_hist 0 0 8 2 0 0 1 2 1.4332064981e-06
r11_hist 0 0 16 4 1 0 1 6 1.3839509733e-07
r11_hist 0 0 16 4 1 0 1 8 1.7190965860e-07
r11_hist 0 0 16 4 1 0 1 4 3.7652608081e-08
r11_hist 0 0 16 4 1 0 1 2 1.5481934996e-09
r11_hist 0 0 20 1 0 0 1 8 1.0083474594e-04
r11_hist 0 0 20 1 0 0 1 4 8.9991829365e-07
r11_hist 0 0 20 1 0 0 1 6 3.2031563318e-06
r11_hist 0 0 7 1 1 1 1 8 6.1328749993e-03
r11_hist 0 0 7 1 1 1 1 6 3.4708933512e-03
r11_hist 0 0 7 1 1 1 1 4 2.1322926293e-03
r11_hist 0 0 7 1 1 1 1 2 3.2022123377e-05
r11_hist 0 0 15 3 0 0 1 8 5.0190938519e-07
r11_hist 0 0 15 3 0 0 1 4 3.5988293588e-08
r11_hist 0 0 15 3 0 0 1 6 1.4285425008e-06
r11_hist 0 0 15 3 0 0 1 2 1.2442646056e-08
r11_hist 0 0 2 3 1 1 1 6 2.7652328100e-06
r11_hist 0 0 2 3 1 1 1 8 3.2346968125e-06
r11_hist 0 0 2 3 1 1 1 2 1.6623778131e-06
r11_hist 0 0 2 3 1 1 1 4 4.1890146854e-09
r11_hist 0 0 19 0 1 1 1 6 1.6210676501e-03
r11_hist 0 0 19 0 1 1 1 4 6.0827191381e-04
r11_hist 0 0 19 0 1 1 1 8 2.8163378250e-03
r11_hist 0 0 19 0 1 1 1 2 4.8068073491e-05
r11_hist 0 0 19 0 1 1 1 0 8.8796515933e-11
r11_hist 0 0 6 0 0 1 1 4 5.0811745138e-05
r11_hist 0 0 6 0 0 1 1 6 2.4245131904e-04
r11_hist 0 0 6 0 0 1 1 8 9.8120201268e-05
r11_hist 0 0 14 2 1 1 1 8 9.4265393772e-03
r11_hist 0 0 14 2 1 1 1 6 1.9131209870e-02
r11_hist 0 0 14 2 1 1 1 4 1.4182004482e-03
r11_hist 0 0 14 2 1 1 1 2 1.7027460098e-04
r11_hist 0 0 14 2 1 1 1 0 3.3793542605e-06
r11_hist 0 0 1 2 0 1 1 8 1.0716350516e-05
r11_hist 0 0 1 2 0 1 1 2 4.6206427405e-07
r11_hist 0 0 9 4 1 1 1 8 9.2453535478e-07
r11_hist 0 0 9 4 1 1 1 6 7.0870364859e-07
r11_hist 0 0 9 4 1 1 1 4 1.1814871676e-06
r11_hist 0 0 9 4 1 1 1 2 1.1003169660e-07
r11_hist 0 0 13 1 0 1 1 6 3.9534539682e-04
r11_hist 0 0 13 1 0 1 1 8 7.2708458243e-04
r11_hist 0 0 13 1 0 1 1 4 6.1190882067e-05
r11_hist 0 0 13 1 0 1 1 2 9.8670888049e-06
r11_hist 0 0 0 1 1 0 1 6 3.9896863125e-05
r11_hist 0 0 0 1 1 0 1 8 8.3287074593e-06
r11_hist 0 0 21 3 1 1 1 6 3.7077022971e-05
r11_hist 0 0 21 3 1 1 1 8 6.2850549558e-05
r11_hist 0 0 21 3 1 1 1 4 3.7736262095e-06
r11_hist 0 0 21 3 1 1 1 2 4.2235847368e-07
r11_hist 0 0 21 3 1 1 1 0 1.0055422876e-10
r11_hist 0 0 8 3 0 1 1 4 1.1791206822e-06
r11_hist 0 0 8 3 0 1 1 2 5.6860096205e-07
r11_hist 0 0 8 3 0 1 1 8 8.2344318644e-06
r11_hist 0 0 8 3 0 1 1 6 2.6281323032e-06
r11_hist 0 0 12 0 1 0 1 4 3.3166411259e-04
r11_hist 0 0 12 0 1 0 1 8 2.0391802098e-03
r11_hist 0 0 12 0 1 0 1 6 1.8736073984e-03
r11_hist 0 0 12 0 1 0 1 2 3.1766805154e-05
r11_hist 0 0 20 2 0 1 1 6 3.5739282792e-05
r11_hist 0 0 20 2 0 1 1 8 9.4704424097e-05
r11_hist 0 0 20 2 0 1 1 4 5.3665514737e-05
r11_hist 0 0 20 2 0 1 1 2 6.8407084710e-08
r11_hist 0 0 7 2 1 0 1 6 6.0329402693e-03
r11_hist 0 0 7 2 1 0 1 8 6.0166663621e-03
r11_hist 0 0 7 2 1 0 1 4 9.1597923903e-04
r11_hist 0 0 7 2 1 0 1 2 1.6304350551e-05
r11_hist 0 0 7 2 1 0 1 0 1.7972966075e-08
r11_hist 0 0 19 1 1 0 1 8 7.9872949079e-04
r11_hist 0 0 19 1 1 0 1 4 8.0334690753e-05
r11_hist 0 0 19 1 1 0 1 6 8.9264869456e-04
r11_hist 0 0 19 1 1 0 1 2 1.5784080006e-06
r11_hist 0 0 19 1 1 0 1 0 7.7941434124e-08
r11_hist 0 0 6 1 0 0 1 6 2.5911177949e-04
r11_hist 0 0 6 1 0 0 1 8 1.2361229109e-04
r11_hist 0 0 6 1 0 0 1 4 5.9758649461e-05
r11_hist 0 0 14 3 1 0 1 6 2.7658345064e-04
r11_hist 0 0 14 3 1 0 1 8 5.6338006761e-04
r11_hist 0 0 14 3 1 0 1 4 2.8467182486e-05
r11_hist 0 0 14 3 1 0 1 2 9.6658616757e-07
r11_hist 0 0 18 0 0 0 1 6 1.0874208609e-05
r11_hist 0 0 18 0 0 0 1 8 3.1234612848e-05
r11_hist 0 0 18 0 0 0 1 4 4.5798293826e-07
r11_hist 0 0 5 0 1 1 1 4 1.0473377731e-04
r11_hist 0 0 5 0 1 1 1 8 1.3768893433e-03
r11_hist 0 0 5 0 1 1 1 6 4.7692229784e-04
r11_hist 0 0 5 0 1 1 1 2 4.3307680925e-06
r11_hist 0 0 13 2 0 0 1 8 2.1662575804e-04
r11_hist 0 0 13 2 0 0 1 6 2.3434307210e-04
r11_hist 0 0 13 2 0 0 1 4 9.6765800551e-05
r11_hist 0 0 13 2 0 0 1 2 5.2102415321e-07
r11_hist 0 0 21 4 1 0 1 8 2.9504217168e-08
r11_hist 0 0 21 4 1 0 1 6 6.9005478438e-09
r11_hist 0 0 21 4 1 0 1 4 1.7122048360e-09
r11_hist 0 0 21 4 1 0 1 2 9.4674228162e-12
r11_hist 0 0 12 1 1 1 1 8 1.0124827580e-02
r11_hist 0 0 12 1 1 1 1 6 6.3134923306e-03
r11_hist 0 0 12 1 1 1 1 4 3.3317790695e-03
r11_hist 0 0 12 1 1 1 1 2 8.7911614528e-05
r11_hist 0 0 12 1 1 1 1 0 3.9429957593e-08
r11_hist 0 0 20 3 0 0 1 6 9.2211917001e-08
r11_hist 0 0 20 3 0 0 1 8 1.5003928173e-07
r11_hist 0 0 7 3 1 1 1 8 2.6673526767e-04
r11_hist 0 0 7 3 1 1 1 4 4.0055465814e-05
r11_hist 0 0 7 3 1 1 1 6 1.3964032933e-04
r11_hist 0 0 7 3 1 1 1 2 1.3290757087e-06
r11_hist 0 0 24 0 1 1 1 6 7.6630289826e-06
r11_hist 0 0 24 0 1 1 1 8 5.3316577548e-05
r11_hist 0 0 24 0 1 1 1 4 3.6435238201e-06
r11_hist 0 0 24 0 1 1 1 2 2.5776769560e-08
r11_hist 0 0 11 0 0 1 1 8 1.6266234925e-04
r11_hist 0 0 11 0 0 1 1 4 2.1860047392e-05
r11_hist 0 0 11 0 0 1 1 6 4.0702051562e-05
r11_hist 0 0 19 2 1 1 1 8 5.2362848551e-03
r11_hist 0 0 19 2 1 1 1 6 3.7097583042e-03
r11_hist 0 0 19 2 1 1 1 4 1.0441823443e-03
r11_hist 0 0 19 2 1 1 1 2 6.7558996192e-05
r11_hist 0 0 19 2 1 1 1 0 6.8531472845e-07
r11_hist 0 0 6 2 0 1 1 8 2.1278987251e-04
r11_hist 0 0 6 2 0 1 1 6 7.2984890721e-05
r11_hist 0 0 6 2 0 1 1 4 3.3722127944e-05
r11_hist 0 0 14 4 1 1 1 6 3.6982989868e-07
r11_hist 0 0 14 4 1 1 1 8 8.6577236092e-07
r11_hist 0 0 14 4 1 1 1 4 6.0314420194e-08
r11_hist 0 0 14 4 1 1 1 2 5.2364702476e-10
r11_hist 0 0 18 1 0 1 1 6 3.5161092925e-04
r11_hist 0 0 18 1 0 1 1 8 5.8539683611e-04
r11_hist 0 0 18 1 0 1 1 4 2.2637566977e-05
r11_hist 0 0 18 1 0 1 1 2 7.7467689328e-06
r11_hist 0 0 5 1 1 0 1 6 4.5243673456e-03
r11_hist 0 0 5 1 1 0 1 8 3.2604855095e-03
r11_hist 0 0 5 1 1 0 1 4 8.4687676443e-04
r11_hist 0 0 5 1 1 0 1 2 3.0952772497e-05
r11_hist 0 0 13 3 0 1 1 4 1.9004800248e-07
r11_hist 0 0 13 3 0 1 1 8 1.6801055296e-05
r11_hist 0 0 13 3 0 1 1 6 5.3556086883e-06
r11_hist 0 0 0 3 1 0 1 8 3.6034908146e-06
r11_hist 0 0 17 0 1 0 1 8 9.9054625757e-04
r11_hist 0 0 17 0 1 0 1 6 8.6864988955e-04
r11_hist 0 0 17 0 1 0 1 4 2.3343371536e-04
r11_hist 0 0 17 0 1 0 1 2 1.4945720039e-05
r11_hist 0 0 4 0 0 0 1 8 5.6209091492e-05
r11_hist 0 0 4 0 0 0 1 6 8.7624272943e-05
r11_hist 0 0 12 2 1 0 1 8 5.8986228835e-03
r11_hist 0 0 12 2 1 0 1 6 3.8104332361e-03
r11_hist 0 0 12 2 1 0 1 4 1.0237939455e-03
r11_hist 0 0 12 2 1 0 1 2 8.9327723789e-05
r11_hist 0 0 12 2 1 0 1 0 5.4039003027e-08
r11_hist 0 0 20 4 0 1 1 4 1.8289691546e-09
r11_hist 0 0 7 4 1 0 1 8 5.6238104710e-07
r11_hist 0 0 7 4 1 0 1 6 3.2352669118e-07
r11_hist 0 0 7 4 1 0 1 4 4.3509590783e-08
r11_hist 0 0 24 1 1 0 1 6 2.3282567743e-06
r11_hist 0 0 24 1 1 0 1 4 1.5320604237e-08
r11_hist 0 0 24 1 1 0 1 8 5.6571499732e-06
r11_hist 0 0 24 1 1 0 1 2 1.1168397910e-08
r11_hist 0 0 11 1 0 0 1 8 3.9417181399e-04
r11_hist 0 0 11 1 0 0 1 6 3.5598096666e-04
r11_hist 0 0 11 1 0 0 1 4 2.4457068550e-05
r11_hist 0 0 11 1 0 0 1 2 2.3414453123e-06
r11_hist 0 0 19 3 1 0 1 8 1.3403849637e-04
r11_hist 0 0 19 3 1 0 1 4 2.9549420275e-06
r11_hist 0 0 19 3 1 0 1 6 9.4037621034e-06
r11_hist 0 0 19 3 1 0 1 2 1.5856069814e-08
r11_hist 0 0 6 3 0 0 1 6 2.4452147036e-06
r11_hist 0 0 6 3 0 0 1 8 1.3236647640e-05
r11_hist 0 0 6 3 0 0 1 4 6.4745076441e-08
r11_hist 0 0 10 0 1 1 1 6 1.5013508380e-03
r11_hist 0 0 10 0 1 1 1 8 2.4401823926e-03
r11_hist 0 0 10 0 1 1 1 4 1.8803288669e-04
r11_hist 0 0 10 0 1 1 1 2 8.7061116259e-07
r11_hist 0 0 18 2 0 0 1 4 8.1659604536e-05
r11_hist 0 0 18 2 0 0 1 6 3.5134338986e-05
r11_hist 0 0 18 2 0 0 1 8 2.1012369574e-05
r11_hist 0 0 18 2 0 0 1 2 1.3517863549e-08
r11_hist 0 0 5 2 1 1 1 6 2.5830210285e-03
r11_hist 0 0 5 2 1 1 1 8 2.7675522584e-03
r11_hist 0 0 5 2 1 1 1 2 2.2189329856e-05
r11_hist 0 0 5 2 1 1 1 4 8.1739513411e-04
r11_hist 0 0 13 4 0 0 1 6 3.6550476328e-09
r11_hist 0 0 17 1 1 1 1 8 8.4942271770e-03
r11_hist 0 0 17 1 1 1 1 6 6.6417725660e-03
r11_hist 0 0 17 1 1 1 1 4 1.5346861667e-03
r11_hist 0 0 17 1 1 1 1 2 1.0201339144e-04
r11_hist 0 0 17 1 1 1 1 0 6.5481622314e-09
r11_hist 0 0 4 1 0 1 1 8 1.3484497874e-04
r11_hist 0 0 4 1 0 1 1 6 2.6114428088e-05
r11_hist 0 0 12 3 1 1 1 8 5.0262328018e-04
r11_hist 0 0 12 3 1 1 1 6 4.8473834606e-04
r11_hist 0 0 12 3 1 1 1 4 9.6879613405e-05
r11_hist 0 0 12 3 1 1 1 2 5.2015621554e-06
r11_hist 0 0 12 3 1 1 1 0 3.1290956780e-10
r11_hist 0 0 16 0 0 1 1 6 1.0706603221e-04
r11_hist 0 0 16 0 0 1 1 8 1.4942944265e-04
r11_hist 0 0 16 0 0 1 1 2 1.2717755942e-05
r11_hist 0 0 16 0 0 1 1 4 3.4894079513e-06
r11_hist 0 0 3 0 1 0 1 6 1.4730827769e-04
r11_hist 0 0 3 0 1 0 1 8 1.0445534799e-04
r11_hist 0 0 3 0 1 0 1 4 1.1682367160e-04
r11_hist 0 0 3 0 1 0 1 2 8.5055910804e-07
r11_hist 0 0 24 2 1 1 1 6 1.2181336450e-04
r11_hist 0 0 24 2 1 1 1 4 1.8899491979e-05
r11_hist 0 0 24 2 1 1 1 8 3.0190270834e-04
r11_hist 0 0 24 2 1 1 1 2 2.4617024220e-06
r11_hist 0 0 24 2 1 1 1 0 3.0134070029e-09
r11_hist 0 0 11 2 0 1 1 8 9.9335149615e-04
r11_hist 0 0 11 2 0 1 1 6 2.3496872447e-03
r11_hist 0 0 11 2 0 1 1 2 1.6793962183e-05
r11_hist 0 0 11 2 0 1 1 4 3.1193670903e-05
r11_hist 0 0 19 4 1 1 1 8 2.1978371354e-07
r11_hist 0 0 19 4 1 1 1 6 4.5036355806e-06
r11_hist 0 0 19 4 1 1 1 4 5.8015014186e-08
r11_hist 0 0 19 4 1 1 1 2 5.2612068970e-09
r11_hist 0 0 23 1 0 1 1 6 3.0027764782e-06
r11_hist 0 0 23 1 0 1 1 8 1.2821704018e-05
r11_hist 0 0 23 1 0 1 1 4 3.7202171257e-06
r11_hist 0 0 23 1 0 1 1 0 1.2930585484e-07
r11_hist 0 0 10 1 1 0 1 6 5.4703750173e-03
r11_hist 0 0 10 1 1 0 1 8 5.5849732252e-03
r11_hist 0 0 10 1 1 0 1 4 1.1432883731e-03
r11_hist 0 0 10 1 1 0 1 2 7.9412294055e-05
r11_hist 0 0 10 1 1 0 1 0 7.8415134051e-07
r11_hist 0 0 18 3 0 1 1 6 2.2266718215e-05
r11_hist 0 0 18 3 0 1 1 4 5.8349130089e-08
r11_hist 0 0 18 3 0 1 1 8 2.5900980061e-06
r11_hist 0 0 5 3 1 0 1 8 7.5525573363e-05
r11_hist 0 0 5 3 1 0 1 6 1.5385257675e-04
r11_hist 0 0 5 3 1 0 1 4 8.0681120310e-06
r11_hist 0 0 5 3 1 0 1 2 4.3828393366e-09
r11_hist 0 0 22 0 1 0 1 4 5.1250315005e-06
r11_hist 0 0 22 0 1 0 1 6 1.0250666783e-04
r11_hist 0 0 22 0 1 0 1 8 2.5272466069e-05
r11_hist 0 0 22 0 1 0 1 2 4.1847240175e-10
r11_hist 0 0 9 0 0 0 1 8 2.8057174422e-04
r11_hist 0 0 9 0 0 0 1 6 4.5553150834e-05
r11_hist 0 0 9 0 0 0 1 2 1.9674770095e-06
r11_hist 0 0 9 0 0 0 1 4 2.8678857745e-06
r11_hist 0 0 17 2 1 0 1 4 2.4715278792e-04
r11_hist 0 0 17 2 1 0 1 8 2.1237366973e-03
r11_hist 0 0 17 2 1 0 1 6 1.3126246798e-03
r11_hist 0 0 17 2 1 0 1 2 2.0872220335e-05
r11_hist 0 0 17 2 1 0 1 0 4.7265737948e-07
r11_hist 0 0 4 2 0 0 1 6 2.9835435089e-05
r11_hist 0 0 4 2 0 0 1 8 4.8515061871e-05
r11_hist 0 0 4 2 0 0 1 4 1.6768793335e-05
r11_hist 0 0 4 2 0 0 1 2 2.0036167559e-06
r11_hist 0 0 12 4 1 0 1 8 1.2568220622e-07
r11_hist 0 0 12 4 1 0 1 6 1.3197951531e-07
r11_hist 0 0 12 4 1 0 1 4 3.3748087759e-08
r11_hist 0 0 12 4 1 0 1 2 1.5603098322e-10
r11_hist 0 0 16 1 0 0 1 6 2.8977134049e-04
r11_hist 0 0 16 1 0 0 1 8 1.2725248477e-04
r11_hist 0 0 16 1 0 0 1 4 2.2277557998e-05
r11_hist 0 0 16 1 0 0 1 2 5.9680106982e-06
r11_hist 0 0 3 1 1 1 1 6 9.8982689389e-04
r11_hist 0 0 3 1 1 1 1 8 1.0545395416e-03
r11_hist 0 0 3 1 1 1 1 4 1.3604702907e-03
r11_hist 0 0 3 1 1 1 1 2 3.3841595254e-05
r11_hist 0 0 11 3 0 0 1 6 1.2544197930e-06
r11_hist 0 0 11 3 0 0 1 8 3.7235993641e-05
r11_hist 0 0 11 3 0 0 1 4 1.6916014737e-06
r11_hist 0 0 15 0 1 1 1 8 3.2496896431e-03
r11_hist 0 0 15 0 1 1 1 6 2.6913604076e-03
r11_hist 0 0 15 0 1 1 1 4 7.0403696163e-04
r11_hist 0 0 15 0 1 1 1 2 9.1821779050e-05
r11_hist 0 0 15 0 1 1 1 0 2.2735309581e-07
r11_hist 0 0 23 2 0 0 1 8 1.3462730385e-08
r11_hist 0 0 23 2 0 0 1 6 1.9442755835e-08
r11_hist 0 0 10 2 1 1 1 8 7.4190517635e-03
r11_hist 0 0 10 2 1 1 1 6 4.9563046214e-03
r11_hist 0 0 10 2 1 1 1 4 2.6360867067e-03
r11_hist 0 0 10 2 1 1 1 2 3.3404844019e-04
r11_hist 0 0 10 2 1 1 1 0 4.1161493227e-06
r11_hist 0 0 5 4 1 1 1 6 2.7208130289e-07
r11_hist 0 0 5 4 1 1 1 8 4.5327615494e-07
r11_hist 0 0 22 1 1 1 1 6 1.1083366203e-03
r11_hist 0 0 22 1 1 1 1 8 1.2731129316e-03
r11_hist 0 0 22 1 1 1 1 4 1.0474774500e-04
r11_hist 0 0 22 1 1 1 1 2 5.5655131034e-06
r11_hist 0 0 22 1 1 1 1 0 4.0855364449e-09
r11_hist 0 0 9 1 0 1 1 8 4.3568063497e-04
r11_hist 0 0 9 1 0 1 1 6 3.8095406780e-04
r11_hist 0 0 9 1 0 1 1 4 7.7530897562e-05
r11_hist 0 0 17 3 1 1 1 8 2.5195520452e-04
r11_hist 0 0 17 3 1 1 1 6 5.6222086233e-04
r11_hist 0 0 17 3 1 1 1 4 6.5629321650e-05
r11_hist 0 0 17 3 1 1 1 2 4.9525032657e-06
r11_hist 0 0 17 3 1 1 1 0 4.7014343340e-09
r11_hist 0 0 4 3 0 1 1 6 1.9740234678e-06
r11_hist 0 0 21 0 0 1 1 8 4.7706119369e-05
r11_hist 0 0 21 0 0 1 1 6 5.2370106650e-05
r11_hist 0 0 21 0 0 1 1 2 2.6829517124e-08
r11_hist 0 0 21 0 0 1 1 4 4.7610689128e-07
r11_hist 0 0 8 0 1 0 1 8 1.5477782799e-03
r11_hist 0 0 8 0 1 0 1 6 1.2010296882e-03
r11_hist 0 0 8 0 1 0 1 4 2.7280301427e-04
r11_hist 0 0 8 0 1 0 1 2 4.3348613513e-06
r11_hist 0 0 16 2 0 1 1 8 5.2896899794e-04
r11_hist 0 0 16 2 0 1 1 6 5.1184033932e-04
r11_hist 0 0 16 2 0 1 1 4 4.0215049335e-05
r11_hist 0 0 16 2 0 1 1 2 1.3444161778e-05
r11_hist 0 0 3 2 1 0 1 8 1.2231190148e-03
r11_hist 0 0 3 2 1 0 1 2 2.0327707323e-05
r11_hist 0 0 3 2 1 0 1 4 9.0743480684e-05
r11_hist 0 0 3 2 1 0 1 6 1.1124736159e-03
r11_hist 0 0 3 2 1 0 1 0 1.8988872252e-07
r11_hist 0 0 24 4 1 1 1 6 5.6406189051e-08
r11_hist 0 0 24 4 1 1 1 8 2.7984126986e-09
r11_hist 0 0 24 4 1 1 1 4 2.6908122453e-10
r11_hist 0 0 11 4 0 1 1 8 4.1431215226e-08
r11_hist 0 0 11 4 0 1 1 4 1.4910565241e-07
r11_hist 0 0 15 1 1 0 1 8 4.8407009996e-03
r11_hist 0 0 15 1 1 0 1 6 2.8507307179e-03
r11_hist 0 0 15 1 1 0 1 4 1.0116300654e-03
r11_hist 0 0 15 1 1 0 1 2 4.4422316465e-05
r11_hist 0 0 15 1 1 0 1 0 9.2052514289e-08
r11_hist 0 0 2 1 0 0 1 6 1.1022646298e-05
r11_hist 0 0 2 1 0 0 1 8 1.3863450491e-05
r11_hist 0 0 23 3 0 1 1 6 2.3166334929e-09
r11_hist 0 0 10 3 1 0 1 8 1.1926725586e-04
r11_hist 0 0 10 3 1 0 1 6 1.8219848605e-04
r11_hist 0 0 10 3 1 0 1 4 4.5710431150e-05
r11_hist 0 0 10 3 1 0 1 2 1.5210084684e-04
r11_hist 0 0 14 0 0 0 1 8 4.4969164705e-05
r11_hist 0 0 14 0 0 0 1 4 5.4508629681e-05
r11_hist 0 0 14 0 0 0 1 6 6.7190260399e-05
r11_hist 0 0 14 0 0 0 1 2 1.1612585324e-06
r11_hist 0 0 1 0 1 1 1 8 9.8854321028e-05
r11_hist 0 0 22 2 1 0 1 8 5.2435341244e-05
r11_hist 0 0 22 2 1 0 1 6 5.0250114502e-05
r11_hist 0 0 22 2 1 0 1 4 1.0218051176e-05
r11_hist 0 0 22 2 1 0 1 0 1.0977282911e-09
r11_hist 0 0 22 2 1 0 1 2 9.5276182598e-07
r11_hist 0 0 9 2 0 0 1 8 2.4409116695e-04
r11_hist 0 0 9 2 0 0 1 6 3.4264000789e-04
r11_hist 0 0 9 2 0 0 1 2 1.4176175409e-06
r11_hist 0 0 9 2 0 0 1 4 1.9624267453e-05
r11_hist 0 0 17 4 1 0 1 6 2.5141921628e-07
r11_hist 0 0 17 4 1 0 1 8 2.0084084316e-06
r11_hist 0 0 17 4 1 0 1 4 2.7740006429e-08
r11_hist 0 0 17 4 1 0 1 2 6.9916361286e-10
r11_hist 0 0 21 1 0 0 1 8 3.4896058916e-06
r11_hist 0 0 21 1 0 0 1 6 5.9694258599e-06
r11_hist 0 0 21 1 0 0 1 4 2.0659977824e-08
r11_hist 0 0 8 1 1 1 1 8 7.4185217529e-03
r11_hist 0 0 8 1 1 1 1 6 4.8584213495e-03
r11_hist 0 0 8 1 1 1 1 4 1.9406465025e-03
r11_hist 0 0 8 1 1 1 1 2 2.7318721781e-04
r11_hist 0 0 16 3 0 0 1 8 3.1962640298e-05
r11_hist 0 0 16 3 0 0 1 6 1.7083246776e-06
r11_hist 0 0 3 3 1 1 1 8 1.5649918407e-03
r11_hist 0 0 3 3 1 1 1 6 3.2167661747e-05
r11_hist 0 0 3 3 1 1 1 4 1.1592734667e-06
r11_hist 0 0 20 0 1 1 1 8 1.6044171256e-03
r11_hist 0 0 20 0 1 1 1 6 9.9364313212e-04
r11_hist 0 0 20 0 1 1 1 4 1.5488828131e-04
r11_hist 0 0 20 0 1 1 1 2 2.4298058405e-05
r11_hist 0 0 7 0 0 1 1 8 5.3669361298e-05
r11_hist 0 0 7 0 0 1 1 6 7.6014828087e-06
r11_hist 0 0 7 0 0 1 1 4 2.8714362498e-06
r11_hist 0 0 15 2 1 1 1 8 8.9764550220e-03
r11_hist 0 0 15 2 1 1 1 6 9.1976842004e-03
r11_hist 0 0 15 2 1 1 1 4 2.2458780882e-03
r11_hist 0 0 15 2 1 1 1 2 1.0060055579e-04
r11_hist 0 0 15 2 1 1 1 0 1.4427055139e-06
r11_hist 0 0 2 2 0 1 1 6 1.7518523737e-05
r11_hist 0 0 2 2 0 1 1 8 5.5109587076e-05
r11_hist 0 0 10 4 1 1 1 8 1.4997465183e-06
r11_hist 0 0 10 4 1 1 1 0 1.2124091846e-08
r11_hist 0 0 10 4 1 1 1 4 2.4121098638e-07
r11_hist 0 0 10 4 1 1 1 6 2.7741406578e-06
r11_hist 0 0 14 1 0 1 1 8 5.1056140361e-04
r11_hist 0 0 14 1 0 1 1 4 5.9142069547e-05
r11_hist 0 0 14 1 0 1 1 6 3.5299210620e-04
r11_hist 0 0 14 1 0 1 1 2 9.1990355824e-06
r11_hist 0 0 1 1 1 0 1 8 1.5249081190e-04
r11_hist 0 0 1 1 1 0 1 4 4.5303142713e-06
r11_hist 0 0 1 1 1 0 1 6 3.4264165935e-05
r11_hist 0 0 22 3 1 1 1 6 5.9133811409e-05
r11_hist 0 0 22 3 1 1 1 4 2.8709251106e-06
r11_hist 0 0 22 3 1 1 1 8 4.8635462716e-05
r11_hist 0 0 22 3 1 1 1 2 7.7248833672e-09
r11_hist 0 0 22 3 1 1 1 0 4.1561075655e-10
r11_hist 0 0 9 3 0 1 1 4 8.2774253698e-07
r11_hist 0 0 9 3 0 1 1 6 4.1877924607e-06
r11_hist 0 0 9 3 0 1 1 8 7.7944352710e-06
r11_hist 0 0 13 0 1 0 1 6 1.5283687145e-03
r11_hist 0 0 13 0 1 0 1 8 2.0047692470e-03
r11_hist 0 0 13 0 1 0 1 4 2.1691852669e-04
r11_hist 0 0 13 0 1 0 1 2 1.0606433591e-05
r11_hist 0 0 13 0 1 0 1 0 3.8373609230e-09
  [r11] distinct violation cells = 1615
