[knuth] R11 8-axis joint violation histogram ACTIVE (g1..g6 T1 principled + g7,g8 T2 data-like; sparse-hashed; requires SOLVE_KNUTH_SCORE=1; KW cell 2,2,2,0,0,0,0,0; gate --r11-verify)
[knuth] STRICT-MOORE walk ACTIVE (Moore 2005 parity 18/18 + Moore 1989 rhythm 0-breaks enforced in-walk)
[knuth] attributed-rule scoring ACTIVE (Cook 2006: R-C1/R-C2; classical+Hacker-Moore 2003: R-C5; Moore 2005: R-M1)
[knuth] 20000000000 probes, 64 threads, 0 prefix level(s)
KNUTH-ESTIMATE probes=20000000000 threads=64 start_step=1 prefix_levels=0
  tree_nodes            : est=2.672465e+32  95%CI=[2.6717e+32, 2.6732e+32]  relerr=0.01%  hitrate=1
  leaves_C1C2C4C5       : est=1.887103e+30  95%CI=[1.8716e+30, 1.9026e+30]  relerr=0.42%  hitrate=0.000821
  leaves_canonical_C1C5 : est=1.131036e+29  95%CI=[1.0942e+29, 1.1679e+29]  relerr=1.66%  hitrate=9.26e-05
  [score] R-C1 final-pair-anchor  : 0.056706 of canonical mass
  [score] R-C1c circular anchor-adjacency (R6; A2={21,42} slot2||slot32): adjacent=0.088042 slot2=0.031336 slot32=0.056706 (McKenna 1975 frame; slot32 must reproduce R-C1=0.056706)
  [score] R-C1c A2 pair-slot histogram (report-only; fraction of canonical mass, slots 1-32):
  a2slot 2 3.1335617069e-02
  a2slot 3 3.6746469709e-02
  a2slot 4 3.9349222209e-02
  a2slot 5 3.4960541793e-02
  a2slot 6 3.5333509186e-02
  a2slot 7 3.0979110794e-02
  a2slot 8 3.0908092681e-02
  a2slot 9 3.0539897827e-02
  a2slot 10 3.4182712280e-02
  a2slot 11 2.7238573581e-02
  a2slot 12 3.2101225502e-02
  a2slot 13 2.6778383274e-02
  a2slot 14 2.8246303558e-02
  a2slot 15 2.8847277970e-02
  a2slot 16 3.3753128984e-02
  a2slot 17 2.8423199549e-02
  a2slot 18 3.0321468664e-02
  a2slot 19 3.0032077317e-02
  a2slot 20 3.1761444882e-02
  a2slot 21 3.4923750107e-02
  a2slot 22 2.8475596266e-02
  a2slot 23 2.6165069729e-02
  a2slot 24 3.0195037747e-02
  a2slot 25 2.7390528578e-02
  a2slot 26 3.4218916629e-02
  a2slot 27 2.6663694638e-02
  a2slot 28 3.3388104029e-02
  a2slot 29 2.7523656996e-02
  a2slot 30 3.7528434569e-02
  a2slot 31 3.4982843442e-02
  a2slot 32 5.6706110444e-02
  [score] R-C2 first7-level-cover : 0.137940 of canonical mass
  [score] R-C5 18:18-HEC-split    : 0.378265 of canonical mass
  [score] R-M1 Moore-parity strict : 1.000000 of canonical mass (18/18; KW itself FAILS this)
  [score] R-M1 Moore-parity >=16/18: 1.000000 of canonical mass (KW level)
  [score] R-M1 max compliance seen : 18 of 18 (Moore-2005 precursor existence bound)
  [score] R-M2 Moore-1989 R/F <=2 breaks: 1.000000 of canonical mass (KW level)
  [score] R-M2 strict 0 breaks     : 1.000000 of canonical mass; min breaks seen = 0 (KW = 2)
  [score] Moore joint (M1>=16 & M2<=2): 1.00000000 of canonical mass (independence: 1.00000000)
  [score] R-C3 level-3 positions == KW : 0.00000000 | S-gap pattern anywhere: 0.00014690 (Cook 2006)
  [score] R-C4 gender/valence <=2 viol : 0.008860 | 0 viol: 0.000153 (Cook 2006)
  [score] Davis palindrome windows >=1 : 0.831254 | >=2 (KW level): 0.507052 (Davis 2012)
  [score] Pareto-dominates KW          : 0.00378646 of canonical mass (F4-A)
  [score] wrap-distance mass d(s63,s0)  : d1=0.000000 d3=0.501486 d5=0.498514 (odd-only per theorem; circular-C2 price = d5 mass)
r11_hist 0 0 21 2 0 1 1 4 7.5185898310e-06
r11_hist 0 0 21 2 0 1 1 8 8.2433232427e-05
r11_hist 0 0 21 2 0 1 1 6 9.8865675865e-06
r11_hist 0 0 21 2 0 1 1 2 3.6257731518e-06
r11_hist 0 0 8 2 1 0 1 8 7.3198470368e-03
r11_hist 0 0 8 2 1 0 1 6 4.2377563960e-03
r11_hist 0 0 8 2 1 0 1 4 1.0652794742e-03
r11_hist 0 0 8 2 1 0 1 2 8.7229389902e-05
r11_hist 0 0 8 2 1 0 1 0 1.0087098134e-06
r11_hist 0 0 3 4 1 0 1 8 1.2007260457e-08
r11_hist 0 0 20 1 1 0 1 6 6.7219595958e-04
r11_hist 0 0 20 1 1 0 1 8 3.1873557294e-04
r11_hist 0 0 20 1 1 0 1 4 8.5025602349e-05
r11_hist 0 0 20 1 1 0 1 2 8.7250173013e-06
r11_hist 0 0 7 1 0 0 1 6 2.0192016633e-04
r11_hist 0 0 7 1 0 0 1 8 1.9031672037e-04
r11_hist 0 0 7 1 0 0 1 4 5.7958872809e-06
r11_hist 0 0 15 3 1 0 1 6 1.2275015292e-03
r11_hist 0 0 15 3 1 0 1 8 7.7769738597e-05
r11_hist 0 0 15 3 1 0 1 4 6.1669049126e-06
r11_hist 0 0 15 3 1 0 1 2 5.5830176959e-07
r11_hist 0 0 2 3 0 0 1 4 2.0912263580e-05
r11_hist 0 0 19 0 0 0 1 6 7.9549314830e-06
r11_hist 0 0 19 0 0 0 1 4 1.4175473045e-07
r11_hist 0 0 19 0 0 0 1 8 4.1874150606e-06
r11_hist 0 0 6 0 1 1 1 8 1.0654175800e-03
r11_hist 0 0 6 0 1 1 1 4 2.5159666874e-05
r11_hist 0 0 6 0 1 1 1 6 7.0151045348e-04
r11_hist 0 0 14 2 0 0 1 8 2.2511467238e-04
r11_hist 0 0 14 2 0 0 1 6 1.3280221405e-04
r11_hist 0 0 14 2 0 0 1 4 1.3820442510e-05
r11_hist 0 0 14 2 0 0 1 2 5.0697704101e-06
r11_hist 0 0 1 2 1 1 1 6 2.3977929118e-05
r11_hist 0 0 1 2 1 1 1 8 7.9622753799e-05
r11_hist 0 0 1 2 1 1 1 4 5.0392686348e-07
r11_hist 0 0 22 4 1 0 1 8 1.9360169692e-09
r11_hist 0 0 22 4 1 0 1 6 5.5079298513e-09
r11_hist 0 0 22 4 1 0 1 4 1.6150719439e-09
r11_hist 0 0 13 1 1 1 1 8 9.8804222082e-03
r11_hist 0 0 13 1 1 1 1 6 5.9374264232e-03
r11_hist 0 0 13 1 1 1 1 4 1.5788092339e-03
r11_hist 0 0 13 1 1 1 1 2 1.7948951546e-04
r11_hist 0 0 13 1 1 1 1 0 5.5772888594e-09
r11_hist 0 0 21 3 0 0 1 8 5.8728875517e-07
r11_hist 0 0 8 3 1 1 1 4 3.7985079608e-05
r11_hist 0 0 8 3 1 1 1 6 2.8367679584e-04
r11_hist 0 0 8 3 1 1 1 8 6.6773640424e-04
r11_hist 0 0 8 3 1 1 1 2 6.0268210383e-06
r11_hist 0 0 8 3 1 1 1 0 1.5521458284e-07
r11_hist 0 0 12 0 0 1 1 8 3.9190453191e-05
r11_hist 0 0 12 0 0 1 1 4 1.1795754086e-05
r11_hist 0 0 12 0 0 1 1 6 3.8122256395e-06
r11_hist 0 0 20 2 1 1 1 6 2.9567559570e-03
r11_hist 0 0 20 2 1 1 1 8 4.1612722414e-03
r11_hist 0 0 20 2 1 1 1 4 8.8243587885e-04
r11_hist 0 0 20 2 1 1 1 2 1.7519288774e-05
r11_hist 0 0 20 2 1 1 1 0 2.0279961748e-05
r11_hist 0 0 7 2 0 1 1 8 6.5967937599e-05
r11_hist 0 0 7 2 0 1 1 6 3.6190106017e-04
r11_hist 0 0 7 2 0 1 1 4 4.2115137977e-05
r11_hist 0 0 15 4 1 1 1 6 3.5271727593e-07
r11_hist 0 0 15 4 1 1 1 8 4.0332122769e-07
r11_hist 0 0 15 4 1 1 1 4 3.7856459361e-07
r11_hist 0 0 15 4 1 1 1 2 3.8578554547e-09
r11_hist 0 0 19 1 0 1 1 8 4.2984960027e-04
r11_hist 0 0 19 1 0 1 1 6 2.6393142322e-04
r11_hist 0 0 19 1 0 1 1 4 1.7706446804e-05
r11_hist 0 0 19 1 0 1 1 2 1.7952055531e-07
r11_hist 0 0 6 1 1 0 1 8 3.2117339694e-03
r11_hist 0 0 6 1 1 0 1 6 2.7972293735e-03
r11_hist 0 0 6 1 1 0 1 4 5.7505606911e-04
r11_hist 0 0 6 1 1 0 1 2 9.0244794450e-05
r11_hist 0 0 14 3 0 1 1 4 2.4304857397e-05
r11_hist 0 0 14 3 0 1 1 6 9.3944434015e-06
r11_hist 0 0 14 3 0 1 1 2 1.0479775220e-06
r11_hist 0 0 14 3 0 1 1 8 1.0750255077e-05
r11_hist 0 0 1 3 1 0 1 8 3.3966990154e-07
r11_hist 0 0 1 3 1 0 1 6 4.3258713457e-07
r11_hist 0 0 1 3 1 0 1 4 1.8488677167e-06
r11_hist 0 0 18 0 1 0 1 8 6.3520373759e-04
r11_hist 0 0 18 0 1 0 1 6 2.3010946192e-04
r11_hist 0 0 18 0 1 0 1 4 1.3756972664e-04
r11_hist 0 0 18 0 1 0 1 2 9.9539217599e-06
r11_hist 0 0 5 0 0 0 1 6 4.3723892178e-05
r11_hist 0 0 5 0 0 0 1 8 5.6386391600e-05
r11_hist 0 0 5 0 0 0 1 4 7.5110395722e-07
r11_hist 0 0 13 2 1 0 1 6 3.3312300019e-03
r11_hist 0 0 13 2 1 0 1 8 5.4533551968e-03
r11_hist 0 0 13 2 1 0 1 2 1.0601607851e-04
r11_hist 0 0 13 2 1 0 1 4 9.6296842328e-04
r11_hist 0 0 13 2 1 0 1 0 1.1336084308e-06
r11_hist 0 0 0 2 0 0 1 6 4.1029978372e-07
r11_hist 0 0 21 4 0 1 1 6 3.8651828830e-09
r11_hist 0 0 8 4 1 0 1 8 1.0408833869e-07
r11_hist 0 0 8 4 1 0 1 6 3.8584498781e-07
r11_hist 0 0 8 4 1 0 1 4 1.4089875277e-08
r11_hist 0 0 12 1 0 0 1 6 1.5281855566e-04
r11_hist 0 0 12 1 0 0 1 4 1.7617971232e-05
r11_hist 0 0 12 1 0 0 1 8 6.8413573006e-04
r11_hist 0 0 12 1 0 0 1 2 5.9014645172e-06
r11_hist 0 0 20 3 1 0 1 6 2.3962501122e-06
r11_hist 0 0 20 3 1 0 1 4 4.6666702925e-07
r11_hist 0 0 20 3 1 0 1 8 3.8899248410e-06
r11_hist 0 0 20 3 1 0 1 2 1.3378163137e-08
r11_hist 0 0 7 3 0 0 1 8 4.5136910061e-07
r11_hist 0 0 7 3 0 0 1 6 3.6822743702e-06
r11_hist 0 0 24 0 0 0 1 6 4.2264710411e-07
r11_hist 0 0 11 0 1 1 1 6 1.7599471509e-03
r11_hist 0 0 11 0 1 1 1 8 2.5930715811e-03
r11_hist 0 0 11 0 1 1 1 4 2.9223752006e-04
r11_hist 0 0 11 0 1 1 1 2 6.9873791954e-06
r11_hist 0 0 19 2 0 0 1 8 1.0786031703e-05
r11_hist 0 0 19 2 0 0 1 4 3.1372421552e-06
r11_hist 0 0 19 2 0 0 1 6 6.2190479999e-05
r11_hist 0 0 6 2 1 1 1 6 2.3739337357e-03
r11_hist 0 0 6 2 1 1 1 8 3.5301298255e-03
r11_hist 0 0 6 2 1 1 1 4 7.2856702113e-04
r11_hist 0 0 6 2 1 1 1 2 1.0919064031e-05
r11_hist 0 0 1 4 1 1 1 6 9.6270139925e-09
r11_hist 0 0 18 1 1 1 1 8 8.0641309268e-03
r11_hist 0 0 18 1 1 1 1 6 5.2911509822e-03
r11_hist 0 0 18 1 1 1 1 4 1.8091713853e-03
r11_hist 0 0 18 1 1 1 1 2 5.6064050799e-05
r11_hist 0 0 18 1 1 1 1 0 1.6936255688e-06
r11_hist 0 0 5 1 0 1 1 8 7.3014309708e-05
r11_hist 0 0 5 1 0 1 1 6 3.8784971366e-05
r11_hist 0 0 13 3 1 1 1 8 4.6121925759e-04
r11_hist 0 0 13 3 1 1 1 4 9.2028702380e-05
r11_hist 0 0 13 3 1 1 1 6 3.4067721933e-04
r11_hist 0 0 13 3 1 1 1 2 4.4050960399e-06
r11_hist 0 0 17 0 0 1 1 8 9.9548735145e-05
r11_hist 0 0 17 0 0 1 1 6 1.0477261417e-04
r11_hist 0 0 17 0 0 1 1 4 1.5402364578e-05
r11_hist 0 0 17 0 0 1 1 2 1.3358441931e-07
r11_hist 0 0 4 0 1 0 1 6 2.4778392839e-04
r11_hist 0 0 4 0 1 0 1 4 5.7006489865e-04
r11_hist 0 0 4 0 1 0 1 8 5.6726955014e-04
r11_hist 0 0 4 0 1 0 1 2 9.8296917269e-07
r11_hist 0 0 12 2 0 1 1 6 6.2965749526e-04
r11_hist 0 0 12 2 0 1 1 8 9.8543750488e-04
r11_hist 0 0 12 2 0 1 1 4 1.1675308997e-04
r11_hist 0 0 12 2 0 1 1 2 4.8495969204e-07
r11_hist 0 0 20 4 1 1 1 6 1.4095835539e-07
r11_hist 0 0 20 4 1 1 1 4 9.3195727255e-08
r11_hist 0 0 20 4 1 1 1 8 1.3413189050e-07
r11_hist 0 0 20 4 1 1 1 2 5.3905029389e-09
r11_hist 0 0 24 1 0 1 1 4 6.3288191371e-08
r11_hist 0 0 24 1 0 1 1 6 5.1049446309e-07
r11_hist 0 0 24 1 0 1 1 8 3.3196533232e-08
r11_hist 0 0 11 1 1 0 1 8 6.2655197853e-03
r11_hist 0 0 11 1 1 0 1 6 4.4050476089e-03
r11_hist 0 0 11 1 1 0 1 4 7.0209015010e-04
r11_hist 0 0 11 1 1 0 1 2 4.3209531928e-05
r11_hist 0 0 11 1 1 0 1 0 3.3546422309e-08
r11_hist 0 0 19 3 0 1 1 8 2.4252516629e-06
r11_hist 0 0 19 3 0 1 1 6 1.2674729109e-06
r11_hist 0 0 6 3 1 0 1 4 1.5343256100e-05
r11_hist 0 0 6 3 1 0 1 8 4.9797372549e-05
r11_hist 0 0 6 3 1 0 1 6 1.6137146004e-04
r11_hist 0 0 6 3 1 0 1 2 8.1419807388e-07
r11_hist 0 0 23 0 1 0 1 8 2.3315225567e-06
r11_hist 0 0 23 0 1 0 1 6 1.7658698407e-06
r11_hist 0 0 23 0 1 0 1 4 2.5918768465e-08
r11_hist 0 0 23 0 1 0 1 2 2.1214675985e-09
r11_hist 0 0 10 0 0 0 1 6 7.7214975176e-05
r11_hist 0 0 10 0 0 0 1 8 5.7772531181e-05
r11_hist 0 0 10 0 0 0 1 2 1.0768190635e-06
r11_hist 0 0 10 0 0 0 1 4 4.7138079755e-08
r11_hist 0 0 18 2 1 0 1 8 1.7236632539e-03
r11_hist 0 0 18 2 1 0 1 6 9.4597769634e-04
r11_hist 0 0 18 2 1 0 1 4 2.8940250515e-04
r11_hist 0 0 18 2 1 0 1 2 2.1932538246e-05
r11_hist 0 0 18 2 1 0 1 0 9.5006176209e-07
r11_hist 0 0 5 2 0 0 1 8 9.2348569895e-06
r11_hist 0 0 5 2 0 0 1 6 5.3944939996e-04
r11_hist 0 0 5 2 0 0 1 2 4.6823033136e-07
r11_hist 0 0 5 2 0 0 1 4 2.4620269014e-06
r11_hist 0 0 13 4 1 0 1 8 1.0483500968e-07
r11_hist 0 0 13 4 1 0 1 6 2.3015004134e-07
r11_hist 0 0 13 4 1 0 1 4 1.0789218541e-08
r11_hist 0 0 13 4 1 0 1 2 6.7438838667e-11
r11_hist 0 0 17 1 0 0 1 8 1.1795945513e-04
r11_hist 0 0 17 1 0 0 1 6 4.7182573825e-05
r11_hist 0 0 17 1 0 0 1 4 1.8958107633e-05
r11_hist 0 0 17 1 0 0 1 2 1.8062049161e-07
r11_hist 0 0 4 1 1 1 1 8 1.2262591738e-03
r11_hist 0 0 4 1 1 1 1 4 7.1658988902e-05
r11_hist 0 0 4 1 1 1 1 6 1.5782791090e-03
r11_hist 0 0 4 1 1 1 1 2 2.6823562119e-06
r11_hist 0 0 12 3 0 0 1 8 8.8376722969e-07
r11_hist 0 0 12 3 0 0 1 6 1.7042957154e-07
r11_hist 0 0 12 3 0 0 1 4 6.0166967130e-07
r11_hist 0 0 16 0 1 1 1 8 2.7696489820e-03
r11_hist 0 0 16 0 1 1 1 6 2.6711138496e-03
r11_hist 0 0 16 0 1 1 1 4 5.0371689478e-04
r11_hist 0 0 16 0 1 1 1 2 1.0219515181e-05
r11_hist 0 0 24 2 0 0 1 6 3.9256801837e-08
r11_hist 0 0 11 2 1 1 1 4 9.5493491901e-04
r11_hist 0 0 11 2 1 1 1 2 4.2124358486e-05
r11_hist 0 0 11 2 1 1 1 6 5.5158199974e-03
r11_hist 0 0 11 2 1 1 1 8 8.2202787074e-03
r11_hist 0 0 11 2 1 1 1 0 1.6078965917e-09
r11_hist 0 0 6 4 1 1 1 8 8.7848365368e-07
r11_hist 0 0 6 4 1 1 1 6 2.7249322920e-08
r11_hist 0 0 6 4 1 1 1 4 1.1078471487e-08
r11_hist 0 0 23 1 1 1 1 8 1.8546796948e-04
r11_hist 0 0 23 1 1 1 1 6 8.1095400882e-04
r11_hist 0 0 23 1 1 1 1 4 3.3451142876e-05
r11_hist 0 0 23 1 1 1 1 2 3.5550677662e-06
r11_hist 0 0 23 1 1 1 1 0 1.7516887619e-09
r11_hist 0 0 10 1 0 1 1 8 3.2839459994e-04
r11_hist 0 0 10 1 0 1 1 4 6.8020301625e-05
r11_hist 0 0 10 1 0 1 1 6 3.3242859990e-04
r11_hist 0 0 10 1 0 1 1 2 5.6539672782e-05
r11_hist 0 0 18 3 1 1 1 8 2.6065042636e-04
r11_hist 0 0 18 3 1 1 1 6 4.3930159667e-04
r11_hist 0 0 18 3 1 1 1 4 6.6227402927e-05
r11_hist 0 0 18 3 1 1 1 2 1.7512466823e-06
r11_hist 0 0 18 3 1 1 1 0 3.4529861561e-09
r11_hist 0 0 5 3 0 1 1 8 3.2844487473e-06
r11_hist 0 0 5 3 0 1 1 6 7.3981370374e-05
r11_hist 0 0 5 3 0 1 1 4 4.5476304102e-07
r11_hist 0 0 22 0 0 1 1 8 4.0042459194e-06
r11_hist 0 0 22 0 0 1 1 6 7.0183645423e-05
r11_hist 0 0 9 0 1 0 1 6 1.7517019914e-03
r11_hist 0 0 9 0 1 0 1 4 1.4761314770e-04
r11_hist 0 0 9 0 1 0 1 8 2.1611649308e-03
r11_hist 0 0 9 0 1 0 1 2 2.7417211282e-05
r11_hist 0 0 17 2 0 1 1 8 2.7054398215e-04
r11_hist 0 0 17 2 0 1 1 4 1.7070696961e-05
r11_hist 0 0 17 2 0 1 1 6 3.9516075116e-04
r11_hist 0 0 17 2 0 1 1 2 1.9826569503e-07
r11_hist 0 0 4 2 1 0 1 8 1.8440780514e-03
r11_hist 0 0 4 2 1 0 1 6 1.4217794868e-03
r11_hist 0 0 4 2 1 0 1 4 2.7493168788e-04
r11_hist 0 0 4 2 1 0 1 2 2.3861880761e-05
r11_hist 0 0 16 1 1 0 1 4 6.7899735163e-04
r11_hist 0 0 16 1 1 0 1 8 3.7771130094e-03
r11_hist 0 0 16 1 1 0 1 6 1.9969409634e-03
r11_hist 0 0 16 1 1 0 1 2 5.9040183803e-05
r11_hist 0 0 16 1 1 0 1 0 1.8842385888e-08
r11_hist 0 0 3 1 0 0 1 8 5.1572325954e-05
r11_hist 0 0 3 1 0 0 1 4 1.4564335675e-06
r11_hist 0 0 3 1 0 0 1 6 1.5368327196e-04
r11_hist 0 0 11 3 1 0 1 6 2.2083097902e-04
r11_hist 0 0 11 3 1 0 1 8 2.0192746013e-04
r11_hist 0 0 11 3 1 0 1 4 6.3277063167e-05
r11_hist 0 0 11 3 1 0 1 2 7.5321523895e-07
r11_hist 0 0 15 0 0 0 1 6 5.0396744543e-05
r11_hist 0 0 15 0 0 0 1 4 4.5456746265e-06
r11_hist 0 0 15 0 0 0 1 8 1.9540426644e-05
r11_hist 0 0 2 0 1 1 1 8 4.0993206179e-04
r11_hist 0 0 23 2 1 0 1 6 6.5197025348e-06
r11_hist 0 0 23 2 1 0 1 8 6.2982545388e-06
r11_hist 0 0 23 2 1 0 1 4 1.0453640580e-05
r11_hist 0 0 23 2 1 0 1 2 1.0365994538e-07
r11_hist 0 0 23 2 1 0 1 0 1.5200140084e-10
r11_hist 0 0 10 2 0 0 1 8 1.3666629672e-04
r11_hist 0 0 10 2 0 0 1 6 9.3624055968e-04
r11_hist 0 0 10 2 0 0 1 4 2.7505404837e-05
r11_hist 0 0 10 2 0 0 1 2 6.5719276474e-07
r11_hist 0 0 18 4 1 0 1 6 9.0507322875e-08
r11_hist 0 0 18 4 1 0 1 8 8.4715591720e-08
r11_hist 0 0 18 4 1 0 1 4 1.0479010001e-08
r11_hist 0 0 18 4 1 0 1 2 1.4773499915e-11
r11_hist 0 0 22 1 0 0 1 6 2.0667792583e-06
r11_hist 0 0 22 1 0 0 1 4 1.3309520552e-06
r11_hist 0 0 22 1 0 0 1 8 1.5405742411e-07
r11_hist 0 0 9 1 1 1 1 8 7.7183758076e-03
r11_hist 0 0 9 1 1 1 1 6 6.9456136610e-03
r11_hist 0 0 9 1 1 1 1 4 2.0707859554e-03
r11_hist 0 0 9 1 1 1 1 2 1.8258307434e-04
r11_hist 0 0 17 3 0 0 1 4 2.4679830104e-08
r11_hist 0 0 17 3 0 0 1 8 8.4216003747e-07
r11_hist 0 0 17 3 0 0 1 6 2.8944577010e-07
r11_hist 0 0 17 3 0 0 1 2 9.8832137089e-10
r11_hist 0 0 4 3 1 1 1 8 6.7662464623e-05
r11_hist 0 0 4 3 1 1 1 4 2.3440559669e-05
r11_hist 0 0 4 3 1 1 1 6 1.9510601316e-05
r11_hist 0 0 4 3 1 1 1 2 2.8686073262e-07
r11_hist 0 0 21 0 1 1 1 6 1.4144274516e-03
r11_hist 0 0 21 0 1 1 1 8 1.0035702691e-03
r11_hist 0 0 21 0 1 1 1 4 4.0059670184e-05
r11_hist 0 0 21 0 1 1 1 2 7.1720820196e-06
r11_hist 0 0 8 0 0 1 1 8 4.2014686943e-05
r11_hist 0 0 8 0 0 1 1 6 1.1309381292e-05
r11_hist 0 0 16 2 1 1 1 6 8.4775516681e-03
r11_hist 0 0 16 2 1 1 1 8 1.0782116609e-02
r11_hist 0 0 16 2 1 1 1 4 3.5370493109e-03
r11_hist 0 0 16 2 1 1 1 2 4.7927155458e-04
r11_hist 0 0 16 2 1 1 1 0 6.7221734329e-07
r11_hist 0 0 3 2 0 1 1 8 1.3714601270e-04
r11_hist 0 0 3 2 0 1 1 2 1.6605420496e-06
r11_hist 0 0 11 4 1 1 1 8 6.5682648291e-07
r11_hist 0 0 11 4 1 1 1 6 6.2753727556e-07
r11_hist 0 0 11 4 1 1 1 4 2.0794108155e-07
r11_hist 0 0 11 4 1 1 1 2 2.4815987107e-09
r11_hist 0 0 15 1 0 1 1 8 5.3162153152e-04
r11_hist 0 0 15 1 0 1 1 6 3.4493083600e-04
r11_hist 0 0 15 1 0 1 1 4 1.7940876828e-04
r11_hist 0 0 15 1 0 1 1 2 1.0593534595e-06
r11_hist 0 0 2 1 1 0 1 8 3.7429928999e-04
r11_hist 0 0 2 1 1 0 1 6 3.9711415876e-04
r11_hist 0 0 2 1 1 0 1 4 1.7692755343e-05
r11_hist 0 0 2 1 1 0 1 2 1.5779771758e-06
r11_hist 0 0 23 3 1 1 1 4 2.9288248700e-07
r11_hist 0 0 23 3 1 1 1 6 2.0654132337e-06
r11_hist 0 0 23 3 1 1 1 8 2.8242065267e-06
r11_hist 0 0 23 3 1 1 1 2 3.0112687816e-09
r11_hist 0 0 10 3 0 1 1 8 2.6684577870e-05
r11_hist 0 0 10 3 0 1 1 6 1.8192280002e-06
r11_hist 0 0 10 3 0 1 1 4 1.4001977195e-06
r11_hist 0 0 14 0 1 0 1 6 1.2386337012e-03
r11_hist 0 0 14 0 1 0 1 8 2.0669326693e-03
r11_hist 0 0 14 0 1 0 1 4 4.2519547707e-04
r11_hist 0 0 14 0 1 0 1 2 1.2086881563e-05
r11_hist 0 0 22 2 0 1 1 6 1.1681458642e-04
r11_hist 0 0 22 2 0 1 1 8 5.4944704259e-05
r11_hist 0 0 22 2 0 1 1 4 2.2842060498e-05
r11_hist 0 0 22 2 0 1 1 2 1.6636142784e-07
r11_hist 0 0 22 2 0 1 1 0 6.5271119469e-08
r11_hist 0 0 9 2 1 0 1 8 6.1666350375e-03
r11_hist 0 0 9 2 1 0 1 6 5.3147986492e-03
r11_hist 0 0 9 2 1 0 1 4 8.4824325726e-04
r11_hist 0 0 9 2 1 0 1 2 7.8780050436e-05
r11_hist 0 0 9 2 1 0 1 0 7.8117618689e-07
r11_hist 0 0 4 4 1 0 1 6 1.4636806576e-07
r11_hist 0 0 4 4 1 0 1 8 8.0036758783e-07
r11_hist 0 0 21 1 1 0 1 8 2.0425636121e-04
r11_hist 0 0 21 1 1 0 1 6 3.3832981416e-04
r11_hist 0 0 21 1 1 0 1 4 2.0737067827e-05
r11_hist 0 0 21 1 1 0 1 2 2.9182635538e-05
r11_hist 0 0 8 1 0 0 1 6 2.0984301907e-04
r11_hist 0 0 8 1 0 0 1 4 2.6858361803e-05
r11_hist 0 0 8 1 0 0 1 8 2.9064396343e-04
r11_hist 0 0 8 1 0 0 1 2 1.0985069128e-07
r11_hist 0 0 16 3 1 0 1 8 6.1402334457e-05
r11_hist 0 0 16 3 1 0 1 4 5.8306480315e-05
r11_hist 0 0 16 3 1 0 1 6 5.5103753315e-05
r11_hist 0 0 16 3 1 0 1 2 4.7319674304e-07
r11_hist 0 0 16 3 1 0 1 0 1.4311667412e-08
r11_hist 0 0 20 0 0 0 1 8 6.8814306088e-06
r11_hist 0 0 20 0 0 0 1 6 1.0251551220e-05
r11_hist 0 0 20 0 0 0 1 4 1.9902459003e-08
r11_hist 0 0 7 0 1 1 1 6 8.9284897029e-04
r11_hist 0 0 7 0 1 1 1 8 1.6687295446e-03
r11_hist 0 0 7 0 1 1 1 4 1.6967229519e-04
r11_hist 0 0 7 0 1 1 1 2 6.6299083856e-05
r11_hist 0 0 15 2 0 0 1 8 1.6431783562e-04
r11_hist 0 0 15 2 0 0 1 2 1.6781618194e-07
r11_hist 0 0 15 2 0 0 1 4 6.4695426522e-06
r11_hist 0 0 15 2 0 0 1 6 5.4268487354e-05
r11_hist 0 0 15 2 0 0 1 0 4.6928527730e-10
r11_hist 0 0 2 2 1 1 1 6 3.2445061456e-04
r11_hist 0 0 2 2 1 1 1 8 6.9081886655e-04
r11_hist 0 0 2 2 1 1 1 4 1.9962520347e-04
r11_hist 0 0 23 4 1 0 1 8 7.6904296601e-10
r11_hist 0 0 23 4 1 0 1 6 3.1950267295e-10
r11_hist 0 0 14 1 1 1 1 6 8.8089567919e-03
r11_hist 0 0 14 1 1 1 1 8 1.1121095415e-02
r11_hist 0 0 14 1 1 1 1 4 1.6391784711e-03
r11_hist 0 0 14 1 1 1 1 2 9.5283807000e-05
r11_hist 0 0 14 1 1 1 1 0 1.1897745844e-06
r11_hist 0 0 9 3 1 1 1 4 9.8876525553e-05
r11_hist 0 0 9 3 1 1 1 8 1.9754290005e-04
r11_hist 0 0 9 3 1 1 1 6 1.9845272756e-04
r11_hist 0 0 9 3 1 1 1 2 8.7196970596e-07
r11_hist 0 0 13 0 0 1 1 8 3.2980522551e-05
r11_hist 0 0 13 0 0 1 1 6 5.7705140358e-04
r11_hist 0 0 13 0 0 1 1 4 2.8507789664e-07
r11_hist 0 0 0 0 1 0 1 6 9.0035658794e-06
r11_hist 0 0 0 0 1 0 1 8 3.0879560543e-05
r11_hist 0 0 21 2 1 1 1 8 2.5003474129e-03
r11_hist 0 0 21 2 1 1 1 4 3.2486384572e-04
r11_hist 0 0 21 2 1 1 1 6 1.2886539327e-03
r11_hist 0 0 21 2 1 1 1 2 7.7263493335e-06
r11_hist 0 0 21 2 1 1 1 0 1.0332238317e-08
r11_hist 0 0 8 2 0 1 1 8 5.5572064434e-04
r11_hist 0 0 8 2 0 1 1 4 4.2450655967e-05
r11_hist 0 0 8 2 0 1 1 6 2.4762429356e-04
r11_hist 0 0 16 4 1 1 1 4 1.2320355959e-07
r11_hist 0 0 16 4 1 1 1 8 1.3510068788e-06
r11_hist 0 0 16 4 1 1 1 6 3.6370109746e-07
r11_hist 0 0 16 4 1 1 1 2 4.0272122602e-10
r11_hist 0 0 20 1 0 1 1 8 6.1642208867e-05
r11_hist 0 0 20 1 0 1 1 4 1.9913738681e-05
r11_hist 0 0 20 1 0 1 1 6 1.8724194272e-04
r11_hist 0 0 20 1 0 1 1 2 1.6634324937e-08
r11_hist 0 0 7 1 1 0 1 8 6.0797018101e-03
r11_hist 0 0 7 1 1 0 1 6 4.9687496525e-03
r11_hist 0 0 7 1 1 0 1 4 7.5815100099e-04
r11_hist 0 0 7 1 1 0 1 2 1.6163039964e-04
r11_hist 0 0 7 1 1 0 1 0 1.4515628200e-06
r11_hist 0 0 15 3 0 1 1 8 1.4958149287e-05
r11_hist 0 0 15 3 0 1 1 6 2.6499030466e-06
r11_hist 0 0 15 3 0 1 1 4 9.8888663700e-07
r11_hist 0 0 15 3 0 1 1 2 7.1481162622e-07
r11_hist 0 0 2 3 1 0 1 8 1.2144057635e-05
r11_hist 0 0 2 3 1 0 1 4 5.3854672237e-07
r11_hist 0 0 2 3 1 0 1 6 3.3889586862e-07
r11_hist 0 0 19 0 1 0 1 6 3.4599756855e-04
r11_hist 0 0 19 0 1 0 1 8 6.3747591842e-04
r11_hist 0 0 19 0 1 0 1 4 4.3159218835e-05
r11_hist 0 0 19 0 1 0 1 2 7.8832242000e-07
r11_hist 0 0 19 0 1 0 1 0 3.9713932403e-09
r11_hist 0 0 6 0 0 0 1 8 2.1886457827e-05
r11_hist 0 0 6 0 0 0 1 6 2.8011656616e-06
r11_hist 0 0 14 2 1 0 1 8 5.2690931969e-03
r11_hist 0 0 14 2 1 0 1 6 3.5039186137e-03
r11_hist 0 0 14 2 1 0 1 4 7.0401398377e-04
r11_hist 0 0 14 2 1 0 1 2 6.3153519351e-05
r11_hist 0 0 14 2 1 0 1 0 2.3088283975e-07
r11_hist 0 0 9 4 1 0 1 6 6.7066336674e-08
r11_hist 0 0 9 4 1 0 1 8 1.1442769967e-06
r11_hist 0 0 9 4 1 0 1 4 3.8961145257e-08
r11_hist 0 0 9 4 1 0 1 2 2.2974004669e-10
r11_hist 0 0 13 1 0 0 1 4 5.2292777694e-05
r11_hist 0 0 13 1 0 0 1 8 2.6670481810e-04
r11_hist 0 0 13 1 0 0 1 6 8.2750238880e-05
r11_hist 0 0 13 1 0 0 1 2 5.0826948446e-08
r11_hist 0 0 0 1 1 1 1 6 6.4277939652e-05
r11_hist 0 0 21 3 1 0 1 8 8.2279687348e-07
r11_hist 0 0 21 3 1 0 1 6 2.8810126492e-06
r11_hist 0 0 21 3 1 0 1 4 1.6495294117e-07
r11_hist 0 0 21 3 1 0 1 2 7.8119885708e-09
r11_hist 0 0 8 3 0 0 1 8 1.1489785937e-05
r11_hist 0 0 8 3 0 0 1 6 1.7838417502e-05
r11_hist 0 0 8 3 0 0 1 2 4.3964581047e-04
r11_hist 0 0 12 0 1 1 1 6 1.4514078684e-03
r11_hist 0 0 12 0 1 1 1 8 2.6464727149e-03
r11_hist 0 0 12 0 1 1 1 4 5.9799234618e-04
r11_hist 0 0 12 0 1 1 1 2 1.7970221175e-06
r11_hist 0 0 20 2 0 0 1 6 5.0761412830e-06
r11_hist 0 0 20 2 0 0 1 4 1.6121124585e-05
r11_hist 0 0 20 2 0 0 1 8 2.6503511936e-06
r11_hist 0 0 20 2 0 0 1 2 3.1848567086e-08
r11_hist 0 0 7 2 1 1 1 6 4.6229921968e-03
r11_hist 0 0 7 2 1 1 1 8 5.6365019599e-03
r11_hist 0 0 7 2 1 1 1 4 1.4030674937e-03
r11_hist 0 0 7 2 1 1 1 2 4.7487873583e-05
r11_hist 0 0 15 4 0 0 1 8 3.2072401045e-09
r11_hist 0 0 19 1 1 1 1 4 1.2384927138e-03
r11_hist 0 0 19 1 1 1 1 6 4.4320365430e-03
r11_hist 0 0 19 1 1 1 1 8 5.3847451181e-03
r11_hist 0 0 19 1 1 1 1 2 1.3199673835e-04
r11_hist 0 0 19 1 1 1 1 0 4.0020641998e-08
r11_hist 0 0 6 1 0 1 1 6 1.9552996469e-04
r11_hist 0 0 6 1 0 1 1 4 7.5878342791e-06
r11_hist 0 0 6 1 0 1 1 8 2.1585362073e-04
r11_hist 0 0 14 3 1 1 1 8 4.9927431466e-04
r11_hist 0 0 14 3 1 1 1 6 4.4918449298e-04
r11_hist 0 0 14 3 1 1 1 4 5.8079528541e-05
r11_hist 0 0 14 3 1 1 1 2 4.5965399611e-05
r11_hist 0 0 14 3 1 1 1 0 3.6401683675e-09
r11_hist 0 0 18 0 0 1 1 8 9.5289817603e-05
r11_hist 0 0 18 0 0 1 1 6 1.1907116238e-04
r11_hist 0 0 18 0 0 1 1 4 1.2116682875e-05
r11_hist 0 0 18 0 0 1 1 2 1.2818779886e-06
r11_hist 0 0 5 0 1 0 1 8 1.0575507944e-03
r11_hist 0 0 5 0 1 0 1 6 7.2350953432e-04
r11_hist 0 0 5 0 1 0 1 4 7.4507981393e-05
r11_hist 0 0 5 0 1 0 1 2 3.4259679580e-05
r11_hist 0 0 13 2 0 1 1 8 4.3040228265e-04
r11_hist 0 0 13 2 0 1 1 6 3.1307504855e-04
r11_hist 0 0 13 2 0 1 1 4 2.6392596299e-05
r11_hist 0 0 13 2 0 1 1 2 3.2312881836e-05
r11_hist 0 0 0 2 1 0 1 8 1.4710845161e-05
r11_hist 0 0 0 2 1 0 1 6 7.4380776399e-07
r11_hist 0 0 21 4 1 1 1 6 1.0369209750e-07
r11_hist 0 0 21 4 1 1 1 8 9.9745043016e-08
r11_hist 0 0 21 4 1 1 1 4 4.7705053529e-08
r11_hist 0 0 21 4 1 1 1 2 5.3808708891e-12
r11_hist 0 0 12 1 1 0 1 8 5.3633175028e-03
r11_hist 0 0 12 1 1 0 1 6 3.9679019733e-03
r11_hist 0 0 12 1 1 0 1 4 1.1330491315e-03
r11_hist 0 0 12 1 1 0 1 2 3.4815665094e-05
r11_hist 0 0 12 1 1 0 1 0 5.0781242559e-09
r11_hist 0 0 20 3 0 1 1 6 4.2995421131e-06
r11_hist 0 0 20 3 0 1 1 8 4.4748335335e-07
r11_hist 0 0 7 3 1 0 1 8 1.7801891175e-04
r11_hist 0 0 7 3 1 0 1 4 1.2860153530e-05
r11_hist 0 0 7 3 1 0 1 6 1.5066924348e-04
r11_hist 0 0 7 3 1 0 1 2 1.5826820627e-06
r11_hist 0 0 24 0 1 0 1 8 4.3008562710e-07
r11_hist 0 0 24 0 1 0 1 4 4.5867946238e-08
r11_hist 0 0 24 0 1 0 1 6 2.7228081742e-07
r11_hist 0 0 11 0 0 0 1 8 5.5152000589e-05
r11_hist 0 0 11 0 0 0 1 4 3.9645026617e-06
r11_hist 0 0 11 0 0 0 1 6 1.3494760839e-04
r11_hist 0 0 11 0 0 0 1 2 6.6834104789e-08
r11_hist 0 0 19 2 1 0 1 8 8.0135891019e-04
r11_hist 0 0 19 2 1 0 1 6 5.7625647672e-04
r11_hist 0 0 19 2 1 0 1 4 1.3869278295e-04
r11_hist 0 0 19 2 1 0 1 2 3.8607253270e-05
r11_hist 0 0 19 2 1 0 1 0 1.7717067974e-08
r11_hist 0 0 6 2 0 0 1 8 3.3101728557e-04
r11_hist 0 0 6 2 0 0 1 6 1.7248451562e-04
r11_hist 0 0 6 2 0 0 1 4 1.2582142932e-06
r11_hist 0 0 14 4 1 0 1 8 2.0008248169e-07
r11_hist 0 0 14 4 1 0 1 6 6.5365186208e-08
r11_hist 0 0 14 4 1 0 1 2 7.6973165500e-10
r11_hist 0 0 14 4 1 0 1 4 2.1199405019e-08
r11_hist 0 0 18 1 0 0 1 8 1.4620633727e-04
r11_hist 0 0 18 1 0 0 1 6 1.6639222823e-04
r11_hist 0 0 18 1 0 0 1 4 1.1832867293e-04
r11_hist 0 0 18 1 0 0 1 0 1.0322948812e-07
r11_hist 0 0 5 1 1 1 1 6 2.0452628642e-03
r11_hist 0 0 5 1 1 1 1 8 2.4754420924e-03
r11_hist 0 0 5 1 1 1 1 4 4.3104567055e-04
r11_hist 0 0 5 1 1 1 1 2 5.0276576202e-06
r11_hist 0 0 13 3 0 0 1 8 4.0735959146e-06
r11_hist 0 0 13 3 0 0 1 4 1.0313010381e-06
r11_hist 0 0 13 3 0 0 1 6 2.2550650621e-06
r11_hist 0 0 17 0 1 1 1 8 3.0451237353e-03
r11_hist 0 0 17 0 1 1 1 6 2.0491569828e-03
r11_hist 0 0 17 0 1 1 1 4 1.0356622063e-03
r11_hist 0 0 17 0 1 1 1 2 1.3485656107e-05
r11_hist 0 0 17 0 1 1 1 0 3.3765634478e-09
r11_hist 0 0 4 0 0 1 1 4 1.8729448353e-06
r11_hist 0 0 12 2 1 1 1 6 7.3246272941e-03
r11_hist 0 0 12 2 1 1 1 8 7.9043367600e-03
r11_hist 0 0 12 2 1 1 1 4 2.1218638422e-03
r11_hist 0 0 12 2 1 1 1 2 7.0142339811e-05
r11_hist 0 0 12 2 1 1 1 0 2.8491792269e-08
r11_hist 0 0 7 4 1 1 1 8 7.9665008978e-07
r11_hist 0 0 7 4 1 1 1 6 6.6118215681e-07
r11_hist 0 0 7 4 1 1 1 4 3.7982469453e-08
r11_hist 0 0 24 1 1 1 1 8 9.6752888864e-05
r11_hist 0 0 24 1 1 1 1 6 7.5811841619e-05
r11_hist 0 0 24 1 1 1 1 4 1.2037915834e-05
r11_hist 0 0 24 1 1 1 1 2 5.2743564900e-08
r11_hist 0 0 24 1 1 1 1 0 2.0040024931e-07
r11_hist 0 0 11 1 0 1 1 8 1.4186013602e-03
r11_hist 0 0 11 1 0 1 1 6 2.2260266664e-04
r11_hist 0 0 11 1 0 1 1 4 3.4706228834e-04
r11_hist 0 0 19 3 1 1 1 6 1.1893483929e-04
r11_hist 0 0 19 3 1 1 1 4 1.4474099459e-04
r11_hist 0 0 19 3 1 1 1 8 1.2280935908e-04
r11_hist 0 0 19 3 1 1 1 2 2.9276032146e-06
r11_hist 0 0 6 3 0 1 1 8 2.3408964550e-04
r11_hist 0 0 6 3 0 1 1 6 4.8696572475e-07
r11_hist 0 0 23 0 0 1 1 8 5.3679190895e-07
r11_hist 0 0 23 0 0 1 1 4 4.3478606648e-05
r11_hist 0 0 23 0 0 1 1 6 2.6163505700e-09
r11_hist 0 0 10 0 1 0 1 8 1.6979960896e-03
r11_hist 0 0 10 0 1 0 1 6 1.5481964080e-03
r11_hist 0 0 10 0 1 0 1 4 1.7469522272e-04
r11_hist 0 0 10 0 1 0 1 2 8.2666600772e-06
r11_hist 0 0 18 2 0 1 1 6 7.5128341189e-04
r11_hist 0 0 18 2 0 1 1 8 2.8519313756e-04
r11_hist 0 0 18 2 0 1 1 4 4.3202680219e-05
r11_hist 0 0 18 2 0 1 1 2 7.6676765869e-08
r11_hist 0 0 5 2 1 0 1 4 4.4832923491e-04
r11_hist 0 0 5 2 1 0 1 8 2.8484549915e-03
r11_hist 0 0 5 2 1 0 1 6 2.5616882067e-03
r11_hist 0 0 5 2 1 0 1 2 4.2197114696e-05
r11_hist 0 0 17 1 1 0 1 8 4.2249250066e-03
r11_hist 0 0 17 1 1 0 1 6 3.4908544709e-03
r11_hist 0 0 17 1 1 0 1 4 2.4677009770e-04
r11_hist 0 0 17 1 1 0 1 2 1.7118546848e-05
r11_hist 0 0 17 1 1 0 1 0 6.0696977864e-08
r11_hist 0 0 4 1 0 0 1 6 4.2079601198e-05
r11_hist 0 0 4 1 0 0 1 8 1.7616810887e-04
r11_hist 0 0 4 1 0 0 1 4 7.2651808135e-06
r11_hist 0 0 12 3 1 0 1 8 4.3203635943e-04
r11_hist 0 0 12 3 1 0 1 6 7.2542093079e-05
r11_hist 0 0 12 3 1 0 1 4 4.5693916103e-05
r11_hist 0 0 12 3 1 0 1 2 2.2044478854e-06
r11_hist 0 0 12 3 1 0 1 0 1.7889578686e-08
r11_hist 0 0 16 0 0 0 1 6 3.8878032862e-05
r11_hist 0 0 16 0 0 0 1 4 1.9545654361e-06
r11_hist 0 0 16 0 0 0 1 8 1.0714559331e-04
r11_hist 0 0 3 0 1 1 1 8 4.1648026341e-04
r11_hist 0 0 3 0 1 1 1 6 2.9357699844e-04
r11_hist 0 0 3 0 1 1 1 2 2.6518948972e-05
r11_hist 0 0 24 2 1 0 1 8 4.9752898107e-06
r11_hist 0 0 24 2 1 0 1 6 6.4545286121e-06
r11_hist 0 0 24 2 1 0 1 4 6.1929600962e-08
r11_hist 0 0 11 2 0 0 1 8 2.4739742676e-04
r11_hist 0 0 11 2 0 0 1 6 6.4502412232e-04
r11_hist 0 0 11 2 0 0 1 2 3.0884354086e-07
r11_hist 0 0 11 2 0 0 1 4 6.7866205840e-06
r11_hist 0 0 19 4 1 0 1 8 5.6727849344e-08
r11_hist 0 0 19 4 1 0 1 4 6.9422009897e-09
r11_hist 0 0 19 4 1 0 1 6 3.5867623356e-08
r11_hist 0 0 19 4 1 0 1 2 2.1075085240e-10
r11_hist 0 0 10 1 1 1 1 8 7.3824101079e-03
r11_hist 0 0 10 1 1 1 1 6 8.0459308848e-03
r11_hist 0 0 10 1 1 1 1 4 1.4294716744e-03
r11_hist 0 0 10 1 1 1 1 2 1.8064869136e-04
r11_hist 0 0 18 3 0 0 1 8 8.1347008345e-09
r11_hist 0 0 18 3 0 0 1 6 4.3040070262e-07
r11_hist 0 0 18 3 0 0 1 4 4.2866992469e-08
r11_hist 0 0 5 3 1 1 1 8 1.5278924917e-04
r11_hist 0 0 5 3 1 1 1 6 6.3854766589e-05
r11_hist 0 0 5 3 1 1 1 4 2.3531083005e-05
r11_hist 0 0 5 3 1 1 1 2 3.4896399100e-05
r11_hist 0 0 22 0 1 1 1 8 5.4867167444e-04
r11_hist 0 0 22 0 1 1 1 6 3.0001729503e-04
r11_hist 0 0 22 0 1 1 1 4 8.1203653426e-05
r11_hist 0 0 22 0 1 1 1 2 3.2714591589e-07
r11_hist 0 0 22 0 1 1 1 0 2.5092191920e-09
r11_hist 0 0 9 0 0 1 1 6 1.4104285935e-05
r11_hist 0 0 9 0 0 1 1 8 1.3937358379e-04
r11_hist 0 0 17 2 1 1 1 6 6.1727657216e-03
r11_hist 0 0 17 2 1 1 1 4 1.6449173232e-03
r11_hist 0 0 17 2 1 1 1 2 7.0230516934e-05
r11_hist 0 0 17 2 1 1 1 8 7.4279861764e-03
r11_hist 0 0 17 2 1 1 1 0 1.9413206445e-07
r11_hist 0 0 4 2 0 1 1 8 1.1310505973e-04
r11_hist 0 0 4 2 0 1 1 6 1.1807638695e-05
r11_hist 0 0 12 4 1 1 1 6 2.8535453632e-06
r11_hist 0 0 12 4 1 1 1 8 6.2950749705e-07
r11_hist 0 0 12 4 1 1 1 4 1.3456534365e-07
r11_hist 0 0 12 4 1 1 1 2 7.8039973192e-11
r11_hist 0 0 16 1 0 1 1 4 1.9572424625e-04
r11_hist 0 0 16 1 0 1 1 8 3.4709497357e-04
r11_hist 0 0 16 1 0 1 1 6 3.1044908466e-04
r11_hist 0 0 16 1 0 1 1 2 3.1444700757e-08
r11_hist 0 0 3 1 1 0 1 6 1.5984690132e-03
r11_hist 0 0 3 1 1 0 1 8 9.4638180091e-04
r11_hist 0 0 3 1 1 0 1 4 4.4653641519e-04
r11_hist 0 0 3 1 1 0 1 2 1.9599873307e-05
r11_hist 0 0 24 3 1 1 1 6 1.4157198469e-06
r11_hist 0 0 24 3 1 1 1 4 1.0888212031e-07
r11_hist 0 0 11 3 0 1 1 4 1.5332743063e-06
r11_hist 0 0 11 3 0 1 1 8 3.6702535522e-05
r11_hist 0 0 11 3 0 1 1 6 1.7741271911e-05
r11_hist 0 0 15 0 1 0 1 6 7.4484691946e-04
r11_hist 0 0 15 0 1 0 1 8 1.3426452271e-03
r11_hist 0 0 15 0 1 0 1 4 6.3735059021e-04
r11_hist 0 0 15 0 1 0 1 2 9.7346623457e-06
r11_hist 0 0 2 0 0 0 1 8 1.9477103481e-05
r11_hist 0 0 23 2 0 1 1 6 3.7838441777e-06
r11_hist 0 0 23 2 0 1 1 8 5.8979689698e-06
r11_hist 0 0 23 2 0 1 1 4 8.3183880178e-07
r11_hist 0 0 10 2 1 0 1 6 4.7342367224e-03
r11_hist 0 0 10 2 1 0 1 2 3.8787635691e-05
r11_hist 0 0 10 2 1 0 1 8 7.3505835524e-03
r11_hist 0 0 10 2 1 0 1 4 9.1933889601e-04
r11_hist 0 0 10 2 1 0 1 0 2.5469804751e-05
r11_hist 0 0 5 4 1 0 1 6 8.8866695937e-08
r11_hist 0 0 5 4 1 0 1 4 5.5202486753e-08
r11_hist 0 0 5 4 1 0 1 8 2.5672221951e-07
r11_hist 0 0 22 1 1 0 1 8 5.4512267475e-05
r11_hist 0 0 22 1 1 0 1 6 4.8813888643e-05
r11_hist 0 0 22 1 1 0 1 4 6.5398679841e-06
r11_hist 0 0 22 1 1 0 1 2 1.5794794386e-07
r11_hist 0 0 9 1 0 0 1 6 2.4495822594e-04
r11_hist 0 0 9 1 0 0 1 8 5.3400959576e-04
r11_hist 0 0 9 1 0 0 1 4 2.1737668349e-05
r11_hist 0 0 9 1 0 0 1 2 8.8153566037e-06
r11_hist 0 0 17 3 1 0 1 6 3.3839258524e-05
r11_hist 0 0 17 3 1 0 1 4 1.1238758469e-05
r11_hist 0 0 17 3 1 0 1 8 6.8609184329e-05
r11_hist 0 0 17 3 1 0 1 2 2.9227807913e-07
r11_hist 0 0 17 3 1 0 1 0 3.3376991381e-10
r11_hist 0 0 4 3 0 0 1 4 4.2732690786e-07
r11_hist 0 0 4 3 0 0 1 6 1.1979922055e-04
r11_hist 0 0 21 0 0 0 1 8 3.5766517742e-08
r11_hist 0 0 21 0 0 0 1 4 6.5067490710e-06
r11_hist 0 0 21 0 0 0 1 6 4.4083894997e-05
r11_hist 0 0 8 0 1 1 1 8 2.1876041993e-03
r11_hist 0 0 8 0 1 1 1 6 1.2195298878e-03
r11_hist 0 0 8 0 1 1 1 4 9.5543932660e-05
r11_hist 0 0 8 0 1 1 1 2 3.3640556091e-06
r11_hist 0 0 16 2 0 0 1 6 1.1324557912e-04
r11_hist 0 0 16 2 0 0 1 8 1.2102549002e-04
r11_hist 0 0 16 2 0 0 1 4 6.7201008038e-04
r11_hist 0 0 16 2 0 0 1 2 4.7613845249e-07
r11_hist 0 0 3 2 1 1 1 4 6.7741231063e-05
r11_hist 0 0 3 2 1 1 1 8 7.1658128989e-04
r11_hist 0 0 3 2 1 1 1 6 3.1450391742e-04
r11_hist 0 0 24 4 1 0 1 2 2.5352871444e-11
r11_hist 0 0 24 4 1 0 1 6 2.2333973684e-10
r11_hist 0 0 15 1 1 1 1 8 1.2016824029e-02
r11_hist 0 0 15 1 1 1 1 4 1.3047127395e-03
r11_hist 0 0 15 1 1 1 1 6 9.7164659756e-03
r11_hist 0 0 15 1 1 1 1 2 1.6493609883e-04
r11_hist 0 0 15 1 1 1 1 0 1.9202676092e-08
r11_hist 0 0 2 1 0 1 1 8 1.7878187314e-05
r11_hist 0 0 10 3 1 1 1 6 3.4986263344e-04
r11_hist 0 0 10 3 1 1 1 8 4.8691396980e-04
r11_hist 0 0 10 3 1 1 1 4 7.2185445360e-05
r11_hist 0 0 10 3 1 1 1 2 1.0939763134e-06
r11_hist 0 0 14 0 0 1 1 6 6.6369990252e-05
r11_hist 0 0 14 0 0 1 1 8 9.4137217061e-05
r11_hist 0 0 14 0 0 1 1 4 1.1447979584e-05
r11_hist 0 0 1 0 1 0 1 6 3.8283274163e-05
r11_hist 0 0 1 0 1 0 1 8 1.7335577482e-06
r11_hist 0 0 22 2 1 1 1 4 2.6087751621e-04
r11_hist 0 0 22 2 1 1 1 8 1.1008660332e-03
r11_hist 0 0 22 2 1 1 1 6 1.1362407564e-03
r11_hist 0 0 22 2 1 1 1 2 1.0606136926e-05
r11_hist 0 0 22 2 1 1 1 0 1.3675995135e-06
r11_hist 0 0 9 2 0 1 1 8 1.3129363211e-04
r11_hist 0 0 9 2 0 1 1 6 4.7895187106e-04
r11_hist 0 0 9 2 0 1 1 2 2.0353945556e-05
r11_hist 0 0 9 2 0 1 1 4 8.5670170936e-06
r11_hist 0 0 17 4 1 1 1 6 4.0349385845e-06
r11_hist 0 0 17 4 1 1 1 4 1.7300304129e-07
r11_hist 0 0 17 4 1 1 1 8 3.5004307194e-07
r11_hist 0 0 17 4 1 1 1 2 1.5166521785e-09
r11_hist 0 0 21 1 0 1 1 6 1.3409172363e-04
r11_hist 0 0 21 1 0 1 1 4 7.5713240061e-06
r11_hist 0 0 21 1 0 1 1 8 2.3455956903e-04
r11_hist 0 0 21 1 0 1 1 2 2.8423778699e-07
r11_hist 0 0 8 1 1 0 1 6 5.2471817259e-03
r11_hist 0 0 8 1 1 0 1 8 6.2363861034e-03
r11_hist 0 0 8 1 1 0 1 4 6.6885794261e-04
r11_hist 0 0 8 1 1 0 1 2 2.1022438916e-05
r11_hist 0 0 16 3 0 1 1 8 8.2704085533e-06
r11_hist 0 0 16 3 0 1 1 4 1.4388118455e-06
r11_hist 0 0 16 3 0 1 1 6 1.0718314759e-06
r11_hist 0 0 3 3 1 0 1 6 3.3259840202e-05
r11_hist 0 0 3 3 1 0 1 8 9.8998894179e-06
r11_hist 0 0 3 3 1 0 1 4 1.0887756135e-04
r11_hist 0 0 20 0 1 0 1 6 9.5913180868e-05
r11_hist 0 0 20 0 1 0 1 8 1.9427648875e-04
r11_hist 0 0 20 0 1 0 1 4 7.8996081416e-05
r11_hist 0 0 20 0 1 0 1 2 2.4381807344e-08
r11_hist 0 0 7 0 0 0 1 8 1.9882455938e-05
r11_hist 0 0 7 0 0 0 1 6 3.7022964617e-05
r11_hist 0 0 7 0 0 0 1 4 1.1941947733e-06
r11_hist 0 0 15 2 1 0 1 4 1.0622601698e-03
r11_hist 0 0 15 2 1 0 1 6 2.5014363091e-03
r11_hist 0 0 15 2 1 0 1 8 4.9959243541e-03
r11_hist 0 0 15 2 1 0 1 2 6.5840060138e-05
r11_hist 0 0 15 2 1 0 1 0 2.0103763097e-07
r11_hist 0 0 2 2 0 0 1 6 3.2381019326e-05
r11_hist 0 0 2 2 0 0 1 8 9.4171147045e-05
r11_hist 0 0 10 4 1 0 1 6 1.1733108295e-06
r11_hist 0 0 10 4 1 0 1 8 2.9635141856e-07
r11_hist 0 0 10 4 1 0 1 2 3.3841612700e-09
r11_hist 0 0 10 4 1 0 1 4 2.1393538692e-08
r11_hist 0 0 14 1 0 0 1 8 1.5120837241e-04
r11_hist 0 0 14 1 0 0 1 6 1.8423574803e-04
r11_hist 0 0 14 1 0 0 1 4 9.1702782794e-06
r11_hist 0 0 14 1 0 0 1 2 6.1126556891e-07
r11_hist 0 0 1 1 1 1 1 4 2.7733549944e-05
r11_hist 0 0 1 1 1 1 1 8 7.1265570355e-04
r11_hist 0 0 1 1 1 1 1 6 4.4993034569e-05
r11_hist 0 0 22 3 1 0 1 6 3.1062056940e-07
r11_hist 0 0 22 3 1 0 1 8 1.6929452415e-07
r11_hist 0 0 22 3 1 0 1 2 7.9956679214e-10
r11_hist 0 0 22 3 1 0 1 4 2.8511648401e-08
r11_hist 0 0 9 3 0 0 1 6 3.2913014678e-07
r11_hist 0 0 9 3 0 0 1 8 1.1964197672e-06
r11_hist 0 0 9 3 0 0 1 4 2.8365239016e-06
r11_hist 0 0 13 0 1 1 1 4 7.0006918744e-04
r11_hist 0 0 13 0 1 1 1 6 1.5731501073e-03
r11_hist 0 0 13 0 1 1 1 8 4.2474624109e-03
r11_hist 0 0 13 0 1 1 1 2 6.3345412199e-05
r11_hist 0 0 13 0 1 1 1 0 1.2073024374e-07
r11_hist 0 0 21 2 0 0 1 8 1.5865763374e-05
r11_hist 0 0 21 2 0 0 1 6 2.1414115296e-06
r11_hist 0 0 21 2 0 0 1 4 6.5260734347e-08
r11_hist 0 0 8 2 1 1 1 8 6.0365201735e-03
r11_hist 0 0 8 2 1 1 1 6 4.7465897045e-03
r11_hist 0 0 8 2 1 1 1 2 2.2848635764e-04
r11_hist 0 0 8 2 1 1 1 4 1.8156750634e-03
r11_hist 0 0 8 2 1 1 1 0 6.3878052646e-08
r11_hist 0 0 16 4 0 0 1 8 1.3308688822e-08
r11_hist 0 0 3 4 1 1 1 8 5.2623132573e-07
r11_hist 0 0 20 1 1 1 1 8 3.6328075604e-03
r11_hist 0 0 20 1 1 1 1 4 1.2264394837e-03
r11_hist 0 0 20 1 1 1 1 6 2.9207011676e-03
r11_hist 0 0 20 1 1 1 1 0 2.3843354263e-10
r11_hist 0 0 20 1 1 1 1 2 3.8613632222e-05
r11_hist 0 0 7 1 0 1 1 8 2.4150496145e-04
r11_hist 0 0 7 1 0 1 1 4 1.0018371247e-04
r11_hist 0 0 7 1 0 1 1 6 2.1304996944e-03
r11_hist 0 0 15 3 1 1 1 8 3.8957712303e-04
r11_hist 0 0 15 3 1 1 1 6 1.9177523643e-03
r11_hist 0 0 15 3 1 1 1 4 3.6341658857e-05
r11_hist 0 0 15 3 1 1 1 2 2.3634961633e-06
r11_hist 0 0 15 3 1 1 1 0 3.5606610200e-07
r11_hist 0 0 19 0 0 1 1 6 1.3483797384e-04
r11_hist 0 0 19 0 0 1 1 4 5.0145088027e-07
r11_hist 0 0 19 0 0 1 1 8 1.0313068859e-04
r11_hist 0 0 6 0 1 0 1 6 8.2711225498e-04
r11_hist 0 0 6 0 1 0 1 8 1.4560235686e-03
r11_hist 0 0 6 0 1 0 1 4 2.3835070031e-04
r11_hist 0 0 6 0 1 0 1 2 8.4427753815e-06
r11_hist 0 0 14 2 0 1 1 8 4.9387277165e-04
r11_hist 0 0 14 2 0 1 1 6 4.0693194448e-04
r11_hist 0 0 14 2 0 1 1 4 1.2561723240e-05
r11_hist 0 0 14 2 0 1 1 2 1.0778682185e-07
r11_hist 0 0 1 2 1 0 1 8 1.1570497434e-04
r11_hist 0 0 1 2 1 0 1 4 5.6048557374e-05
r11_hist 0 0 1 2 1 0 1 6 7.3386832671e-05
r11_hist 0 0 22 4 1 1 1 8 1.5147098105e-08
r11_hist 0 0 22 4 1 1 1 4 8.1333255980e-09
r11_hist 0 0 22 4 1 1 1 6 5.0621361708e-08
r11_hist 0 0 22 4 1 1 1 2 1.3981064209e-11
r11_hist 0 0 13 1 1 0 1 8 8.5353370238e-03
r11_hist 0 0 13 1 1 0 1 6 4.5265823545e-03
r11_hist 0 0 13 1 1 0 1 4 7.8707049344e-04
r11_hist 0 0 13 1 1 0 1 2 4.6490371421e-05
r11_hist 0 0 13 1 1 0 1 0 1.0369314280e-05
r11_hist 0 0 21 3 0 1 1 6 5.2195989557e-05
r11_hist 0 0 21 3 0 1 1 4 3.9088882345e-09
r11_hist 0 0 21 3 0 1 1 8 1.6014466658e-09
r11_hist 0 0 8 3 1 0 1 8 1.9516905505e-04
r11_hist 0 0 8 3 1 0 1 6 1.6025434027e-04
r11_hist 0 0 8 3 1 0 1 4 2.4691157601e-05
r11_hist 0 0 8 3 1 0 1 2 4.3233425353e-07
r11_hist 0 0 12 0 0 0 1 6 2.3879810951e-04
r11_hist 0 0 12 0 0 0 1 8 8.8552996440e-05
r11_hist 0 0 12 0 0 0 1 2 4.2683758570e-06
r11_hist 0 0 12 0 0 0 1 4 3.2165786830e-05
r11_hist 0 0 20 2 1 0 1 8 4.0558581137e-04
r11_hist 0 0 20 2 1 0 1 4 1.5733801478e-04
r11_hist 0 0 20 2 1 0 1 6 2.8608621647e-04
r11_hist 0 0 20 2 1 0 1 2 5.4610925640e-06
r11_hist 0 0 20 2 1 0 1 0 1.0797850069e-07
r11_hist 0 0 7 2 0 0 1 8 1.1525734453e-04
r11_hist 0 0 7 2 0 0 1 6 1.4592740033e-05
r11_hist 0 0 7 2 0 0 1 4 3.2032417624e-04
r11_hist 0 0 7 2 0 0 1 2 1.0862423129e-06
r11_hist 0 0 15 4 1 0 1 6 2.1975684357e-07
r11_hist 0 0 15 4 1 0 1 8 1.3262247854e-07
r11_hist 0 0 15 4 1 0 1 2 5.5876325142e-10
r11_hist 0 0 15 4 1 0 1 4 2.2563136407e-08
r11_hist 0 0 19 1 0 0 1 8 3.9128335550e-05
r11_hist 0 0 19 1 0 0 1 4 1.7099977654e-06
r11_hist 0 0 19 1 0 0 1 6 2.1957920582e-05
r11_hist 0 0 19 1 0 0 1 2 7.1898725410e-08
r11_hist 0 0 6 1 1 1 1 6 3.0983612337e-03
r11_hist 0 0 6 1 1 1 1 8 5.6771466729e-03
r11_hist 0 0 6 1 1 1 1 4 1.2370947692e-03
r11_hist 0 0 6 1 1 1 1 2 1.2025372689e-04
r11_hist 0 0 14 3 0 0 1 8 5.6990988558e-07
r11_hist 0 0 14 3 0 0 1 6 3.1335428155e-06
r11_hist 0 0 14 3 0 0 1 4 1.0992628323e-08
r11_hist 0 0 1 3 1 1 1 6 1.1125615918e-05
r11_hist 0 0 1 3 1 1 1 8 3.5300234575e-07
r11_hist 0 0 18 0 1 1 1 8 2.9938917826e-03
r11_hist 0 0 18 0 1 1 1 6 2.3255951903e-03
r11_hist 0 0 18 0 1 1 1 4 1.8973188707e-04
r11_hist 0 0 18 0 1 1 1 2 8.6827493001e-06
r11_hist 0 0 13 2 1 1 1 8 1.0913725284e-02
r11_hist 0 0 13 2 1 1 1 4 1.3927218971e-03
r11_hist 0 0 13 2 1 1 1 6 6.4868659597e-03
r11_hist 0 0 13 2 1 1 1 2 2.8906018041e-04
r11_hist 0 0 13 2 1 1 1 0 9.1301576178e-06
r11_hist 0 0 0 2 0 1 1 8 1.3744586493e-05
r11_hist 0 0 21 4 0 0 1 6 1.5147638800e-08
r11_hist 0 0 8 4 1 1 1 8 6.9817858832e-07
r11_hist 0 0 8 4 1 1 1 6 2.5800719624e-07
r11_hist 0 0 8 4 1 1 1 4 1.9172867777e-09
r11_hist 0 0 12 1 0 1 1 8 2.1312916936e-04
r11_hist 0 0 12 1 0 1 1 6 2.9050677256e-04
r11_hist 0 0 12 1 0 1 1 4 7.4316598696e-05
r11_hist 0 0 20 3 1 1 1 6 5.9778500015e-05
r11_hist 0 0 20 3 1 1 1 8 1.0419632306e-04
r11_hist 0 0 20 3 1 1 1 4 1.5082557641e-05
r11_hist 0 0 20 3 1 1 1 2 8.4864814824e-06
r11_hist 0 0 20 3 1 1 1 0 3.5509959357e-09
r11_hist 0 0 7 3 0 1 1 8 1.3444449335e-05
r11_hist 0 0 7 3 0 1 1 6 5.6211223295e-05
r11_hist 0 0 24 0 0 1 1 6 3.4347373781e-08
r11_hist 0 0 11 0 1 0 1 4 4.2948589823e-04
r11_hist 0 0 11 0 1 0 1 8 2.0972124287e-03
r11_hist 0 0 11 0 1 0 1 6 1.5896961490e-03
r11_hist 0 0 11 0 1 0 1 2 1.2230288908e-05
r11_hist 0 0 11 0 1 0 1 0 2.1648194792e-09
r11_hist 0 0 19 2 0 1 1 8 9.5615708403e-05
r11_hist 0 0 19 2 0 1 1 4 2.6945218261e-05
r11_hist 0 0 19 2 0 1 1 6 3.0236449252e-04
r11_hist 0 0 19 2 0 1 1 2 5.0111741692e-06
r11_hist 0 0 6 2 1 0 1 8 4.1429968288e-03
r11_hist 0 0 6 2 1 0 1 6 3.1744588132e-03
r11_hist 0 0 6 2 1 0 1 4 6.4089566191e-04
r11_hist 0 0 6 2 1 0 1 2 6.1800418768e-05
r11_hist 0 0 18 1 1 0 1 8 1.4725685263e-03
r11_hist 0 0 18 1 1 0 1 6 2.2274162838e-03
r11_hist 0 0 18 1 1 0 1 4 2.2209451453e-04
r11_hist 0 0 18 1 1 0 1 2 1.2003323798e-05
r11_hist 0 0 18 1 1 0 1 0 4.0604256050e-07
r11_hist 0 0 5 1 0 0 1 8 1.5536940994e-04
r11_hist 0 0 5 1 0 0 1 6 4.2131220947e-05
r11_hist 0 0 5 1 0 0 1 4 7.7478843724e-07
r11_hist 0 0 13 3 1 0 1 8 3.7996093930e-04
r11_hist 0 0 13 3 1 0 1 6 1.0555306571e-04
r11_hist 0 0 13 3 1 0 1 2 3.0447296020e-07
r11_hist 0 0 13 3 1 0 1 4 2.9355539355e-05
r11_hist 0 0 13 3 1 0 1 0 1.4613551499e-10
r11_hist 0 0 17 0 0 0 1 8 7.0421244075e-05
r11_hist 0 0 17 0 0 0 1 6 1.1495911421e-05
r11_hist 0 0 17 0 0 0 1 4 1.0308983625e-05
r11_hist 0 0 4 0 1 1 1 8 1.3200422463e-04
r11_hist 0 0 4 0 1 1 1 6 3.4134050153e-05
r11_hist 0 0 4 0 1 1 1 4 4.6458283520e-06
r11_hist 0 0 12 2 0 0 1 8 2.4072424722e-04
r11_hist 0 0 12 2 0 0 1 6 1.0218767655e-04
r11_hist 0 0 12 2 0 0 1 4 7.0411268674e-05
r11_hist 0 0 12 2 0 0 1 2 3.4040776238e-06
r11_hist 0 0 20 4 1 0 1 8 1.2254449247e-08
r11_hist 0 0 20 4 1 0 1 6 1.7329117600e-07
r11_hist 0 0 20 4 1 0 1 4 6.3861339321e-09
r11_hist 0 0 20 4 1 0 1 2 7.5220690242e-11
r11_hist 0 0 24 1 0 0 1 6 2.5547868010e-07
r11_hist 0 0 11 1 1 1 1 6 5.5160398134e-03
r11_hist 0 0 11 1 1 1 1 8 8.6957241754e-03
r11_hist 0 0 11 1 1 1 1 2 6.9848328421e-05
r11_hist 0 0 11 1 1 1 1 4 1.3864351839e-03
r11_hist 0 0 19 3 0 0 1 6 1.0599385469e-07
r11_hist 0 0 19 3 0 0 1 8 7.1123645625e-08
r11_hist 0 0 19 3 0 0 1 4 5.4775001994e-08
r11_hist 0 0 19 3 0 0 1 2 2.2194093464e-08
r11_hist 0 0 6 3 1 1 1 6 2.8951901262e-04
r11_hist 0 0 6 3 1 1 1 8 1.3188831810e-04
r11_hist 0 0 6 3 1 1 1 4 1.5336159926e-05
r11_hist 0 0 6 3 1 1 1 2 9.0176171606e-07
r11_hist 0 0 23 0 1 1 1 6 5.7748080254e-05
r11_hist 0 0 23 0 1 1 1 2 2.1713640538e-05
r11_hist 0 0 23 0 1 1 1 8 1.6756073708e-04
r11_hist 0 0 23 0 1 1 1 4 2.9336312634e-06
r11_hist 0 0 10 0 0 1 1 6 6.2664667929e-05
r11_hist 0 0 10 0 0 1 1 4 5.0535185750e-06
r11_hist 0 0 10 0 0 1 1 8 5.4094317029e-04
r11_hist 0 0 18 2 1 1 1 6 5.5710485345e-03
r11_hist 0 0 18 2 1 1 1 8 7.5370592586e-03
r11_hist 0 0 18 2 1 1 1 4 1.3024941662e-03
r11_hist 0 0 18 2 1 1 1 2 5.6533399808e-05
r11_hist 0 0 18 2 1 1 1 0 2.5102917548e-07
r11_hist 0 0 5 2 0 1 1 8 3.9240025153e-05
r11_hist 0 0 5 2 0 1 1 6 9.8347238490e-05
r11_hist 0 0 13 4 1 1 1 4 9.2859238068e-08
r11_hist 0 0 13 4 1 1 1 2 9.7753417079e-10
r11_hist 0 0 13 4 1 1 1 6 2.7528150449e-06
r11_hist 0 0 13 4 1 1 1 8 8.4626718363e-07
r11_hist 0 0 17 1 0 1 1 4 4.5635350015e-05
r11_hist 0 0 17 1 0 1 1 6 1.0574760814e-03
r11_hist 0 0 17 1 0 1 1 8 9.2940919017e-04
r11_hist 0 0 17 1 0 1 1 2 5.5738186022e-05
r11_hist 0 0 4 1 1 0 1 8 3.9870376650e-03
r11_hist 0 0 4 1 1 0 1 6 1.4518638352e-03
r11_hist 0 0 4 1 1 0 1 4 7.0854590704e-04
r11_hist 0 0 4 1 1 0 1 2 5.9063764626e-05
r11_hist 0 0 12 3 0 1 1 8 9.3998913806e-06
r11_hist 0 0 12 3 0 1 1 6 3.5671405703e-06
r11_hist 0 0 12 3 0 1 1 4 1.7081310777e-06
r11_hist 0 0 16 0 1 0 1 4 2.3133386345e-04
r11_hist 0 0 16 0 1 0 1 6 7.2840604071e-04
r11_hist 0 0 16 0 1 0 1 8 1.4779711987e-03
r11_hist 0 0 16 0 1 0 1 2 8.0390778740e-06
r11_hist 0 0 16 0 1 0 1 0 1.3807023805e-09
r11_hist 0 0 3 0 0 0 1 6 5.0619157558e-07
r11_hist 0 0 24 2 0 1 1 6 2.5644391919e-05
r11_hist 0 0 24 2 0 1 1 8 8.4602899911e-07
r11_hist 0 0 24 2 0 1 1 4 5.0649899056e-08
r11_hist 0 0 11 2 1 0 1 4 1.1565142266e-03
r11_hist 0 0 11 2 1 0 1 6 5.3588977446e-03
r11_hist 0 0 11 2 1 0 1 8 8.3170364816e-03
r11_hist 0 0 11 2 1 0 1 2 5.5552904097e-05
r11_hist 0 0 11 2 1 0 1 0 1.5923413563e-07
r11_hist 0 0 19 4 0 1 1 4 2.1916788483e-08
r11_hist 0 0 6 4 1 0 1 4 2.9191209162e-09
r11_hist 0 0 6 4 1 0 1 8 8.6860175341e-08
r11_hist 0 0 6 4 1 0 1 6 1.4832879817e-07
r11_hist 0 0 23 1 1 0 1 8 5.4140973228e-05
r11_hist 0 0 23 1 1 0 1 6 1.0046528753e-05
r11_hist 0 0 23 1 1 0 1 4 3.1247118312e-06
r11_hist 0 0 23 1 1 0 1 2 3.7242946290e-08
r11_hist 0 0 10 1 0 0 1 8 3.1638720261e-04
r11_hist 0 0 10 1 0 0 1 6 2.0274135495e-04
r11_hist 0 0 10 1 0 0 1 4 3.2219769876e-05
r11_hist 0 0 10 1 0 0 1 2 5.4918457513e-07
r11_hist 0 0 18 3 1 0 1 6 6.5030825335e-05
r11_hist 0 0 18 3 1 0 1 8 3.6025307949e-05
r11_hist 0 0 18 3 1 0 1 4 7.5982715897e-06
r11_hist 0 0 18 3 1 0 1 2 1.2473166203e-07
r11_hist 0 0 18 3 1 0 1 0 6.5995447464e-09
r11_hist 0 0 5 3 0 0 1 6 8.1590646452e-07
r11_hist 0 0 5 3 0 0 1 8 1.6444917288e-07
r11_hist 0 0 22 0 0 0 1 6 3.7604007497e-07
r11_hist 0 0 9 0 1 1 1 8 2.7766723429e-03
r11_hist 0 0 9 0 1 1 1 6 1.5315583884e-03
r11_hist 0 0 9 0 1 1 1 4 1.4422537501e-04
r11_hist 0 0 9 0 1 1 1 2 1.5681712250e-06
r11_hist 0 0 17 2 0 0 1 6 1.5619274394e-04
r11_hist 0 0 17 2 0 0 1 4 3.9940930218e-06
r11_hist 0 0 17 2 0 0 1 8 4.8649688619e-05
r11_hist 0 0 17 2 0 0 1 2 1.8091118650e-07
r11_hist 0 0 4 2 1 1 1 6 5.5065256035e-04
r11_hist 0 0 4 2 1 1 1 8 2.5455840375e-03
r11_hist 0 0 4 2 1 1 1 4 3.2001823309e-04
r11_hist 0 0 4 2 1 1 1 2 9.1889653218e-06
r11_hist 0 0 16 1 1 1 1 6 5.5813466669e-03
r11_hist 0 0 16 1 1 1 1 8 1.0267422511e-02
r11_hist 0 0 16 1 1 1 1 4 1.0159659779e-03
r11_hist 0 0 16 1 1 1 1 2 3.5891819422e-05
r11_hist 0 0 16 1 1 1 1 0 1.4758583811e-06
r11_hist 0 0 3 1 0 1 1 8 1.4658237177e-04
r11_hist 0 0 3 1 0 1 1 6 3.9329371245e-04
r11_hist 0 0 11 3 1 1 1 8 5.3176714702e-04
r11_hist 0 0 11 3 1 1 1 6 3.5829150551e-04
r11_hist 0 0 11 3 1 1 1 4 1.2956730011e-04
r11_hist 0 0 11 3 1 1 1 2 1.7086466465e-05
r11_hist 0 0 11 3 1 1 1 0 3.3314730256e-10
r11_hist 0 0 15 0 0 1 1 8 7.3041516138e-04
r11_hist 0 0 15 0 0 1 1 4 5.8412566076e-06
r11_hist 0 0 15 0 0 1 1 6 8.2211425643e-05
r11_hist 0 0 2 0 1 0 1 6 1.8610276701e-04
r11_hist 0 0 2 0 1 0 1 8 8.4779002357e-05
r11_hist 0 0 2 0 1 0 1 4 9.1865328669e-08
r11_hist 0 0 23 2 1 1 1 6 5.8999110709e-04
r11_hist 0 0 23 2 1 1 1 8 3.4771890890e-04
r11_hist 0 0 23 2 1 1 1 4 5.7146767490e-05
r11_hist 0 0 23 2 1 1 1 2 3.6391007328e-05
r11_hist 0 0 10 2 0 1 1 8 3.9103398061e-04
r11_hist 0 0 10 2 0 1 1 6 3.9278185316e-04
r11_hist 0 0 10 2 0 1 1 4 6.9263414470e-06
r11_hist 0 0 18 4 1 1 1 8 4.9404431124e-07
r11_hist 0 0 18 4 1 1 1 6 3.0541041989e-07
r11_hist 0 0 18 4 1 1 1 4 7.1961418383e-09
r11_hist 0 0 18 4 1 1 1 2 5.8976114982e-10
r11_hist 0 0 22 1 0 1 1 6 3.4389769352e-05
r11_hist 0 0 22 1 0 1 1 8 1.1729822014e-05
r11_hist 0 0 22 1 0 1 1 4 2.5272255559e-05
r11_hist 0 0 22 1 0 1 1 2 5.7656573034e-07
r11_hist 0 0 9 1 1 0 1 6 3.6205610985e-03
r11_hist 0 0 9 1 1 0 1 4 3.0673663260e-03
r11_hist 0 0 9 1 1 0 1 8 5.7764701125e-03
r11_hist 0 0 9 1 1 0 1 2 3.2807069675e-04
r11_hist 0 0 9 1 1 0 1 0 2.0446236811e-06
r11_hist 0 0 17 3 0 1 1 6 2.1842175095e-06
r11_hist 0 0 17 3 0 1 1 8 1.1225508200e-05
r11_hist 0 0 17 3 0 1 1 2 6.5453027376e-08
r11_hist 0 0 4 3 1 0 1 6 1.5184772493e-04
r11_hist 0 0 4 3 1 0 1 8 2.9633956939e-04
r11_hist 0 0 4 3 1 0 1 4 4.8480344492e-06
r11_hist 0 0 4 3 1 0 1 2 3.3135162219e-08
r11_hist 0 0 21 0 1 0 1 8 1.3945258172e-04
r11_hist 0 0 21 0 1 0 1 6 3.7180070843e-05
r11_hist 0 0 21 0 1 0 1 4 3.4891883323e-06
r11_hist 0 0 21 0 1 0 1 2 7.3488898090e-08
r11_hist 0 0 8 0 0 0 1 8 1.9272094044e-04
r11_hist 0 0 8 0 0 0 1 6 1.9886650182e-05
r11_hist 0 0 8 0 0 0 1 4 1.0368663978e-05
r11_hist 0 0 16 2 1 0 1 4 5.4917019365e-04
r11_hist 0 0 16 2 1 0 1 8 2.8068146899e-03
r11_hist 0 0 16 2 1 0 1 6 2.2151420203e-03
r11_hist 0 0 16 2 1 0 1 2 3.2091830831e-05
r11_hist 0 0 16 2 1 0 1 0 3.1471522873e-06
r11_hist 0 0 3 2 0 0 1 8 1.7973284517e-04
r11_hist 0 0 3 2 0 0 1 6 8.9995392186e-05
r11_hist 0 0 11 4 1 0 1 4 7.3328041796e-08
r11_hist 0 0 11 4 1 0 1 6 5.3944454615e-08
r11_hist 0 0 11 4 1 0 1 8 2.5199277862e-07
r11_hist 0 0 11 4 1 0 1 2 2.1353840704e-11
r11_hist 0 0 15 1 0 0 1 6 1.7779425946e-04
r11_hist 0 0 15 1 0 0 1 8 1.5665890319e-04
r11_hist 0 0 15 1 0 0 1 4 7.8018941664e-05
r11_hist 0 0 15 1 0 0 1 2 3.0955204641e-07
r11_hist 0 0 2 1 1 1 1 6 1.9911878818e-04
r11_hist 0 0 2 1 1 1 1 8 9.8754133689e-04
r11_hist 0 0 2 1 1 1 1 4 1.0376366699e-04
r11_hist 0 0 2 1 1 1 1 2 3.7560325670e-06
r11_hist 0 0 23 3 1 0 1 6 8.1372199919e-09
r11_hist 0 0 23 3 1 0 1 8 2.9011185657e-09
r11_hist 0 0 23 3 1 0 1 4 1.7157277853e-09
r11_hist 0 0 10 3 0 0 1 6 1.2579162059e-05
r11_hist 0 0 10 3 0 0 1 8 1.1333983444e-04
r11_hist 0 0 10 3 0 0 1 4 2.1504435712e-07
r11_hist 0 0 10 3 0 0 1 0 5.6878516497e-09
r11_hist 0 0 14 0 1 1 1 4 4.0654538970e-04
r11_hist 0 0 14 0 1 1 1 8 4.5599123954e-03
r11_hist 0 0 14 0 1 1 1 6 3.1812124206e-03
r11_hist 0 0 14 0 1 1 1 2 5.9432682642e-06
r11_hist 0 0 22 2 0 0 1 8 5.5342018000e-08
r11_hist 0 0 22 2 0 0 1 6 1.1301660552e-07
r11_hist 0 0 22 2 0 0 1 4 2.7471797106e-09
r11_hist 0 0 9 2 1 1 1 8 8.0957534194e-03
r11_hist 0 0 9 2 1 1 1 6 6.1917577096e-03
r11_hist 0 0 9 2 1 1 1 2 4.9406835669e-05
r11_hist 0 0 9 2 1 1 1 4 1.6463991728e-03
r11_hist 0 0 9 2 1 1 1 0 1.8809545917e-07
r11_hist 0 0 17 4 0 0 1 8 4.5708561330e-09
r11_hist 0 0 4 4 1 1 1 8 5.2008886956e-08
r11_hist 0 0 4 4 1 1 1 4 8.1362482938e-08
r11_hist 0 0 21 1 1 1 1 8 1.8806239007e-03
r11_hist 0 0 21 1 1 1 1 6 1.2397779282e-03
r11_hist 0 0 21 1 1 1 1 4 2.3137535017e-04
r11_hist 0 0 21 1 1 1 1 2 2.2532927305e-05
r11_hist 0 0 21 1 1 1 1 0 2.8537807126e-09
r11_hist 0 0 8 1 0 1 1 4 3.4259377678e-05
r11_hist 0 0 8 1 0 1 1 6 1.0857635556e-04
r11_hist 0 0 8 1 0 1 1 8 2.2094877363e-04
r11_hist 0 0 16 3 1 1 1 8 4.5748504681e-04
r11_hist 0 0 16 3 1 1 1 6 2.5317448023e-04
r11_hist 0 0 16 3 1 1 1 4 6.5530897631e-05
r11_hist 0 0 16 3 1 1 1 2 1.9112238848e-06
r11_hist 0 0 16 3 1 1 1 0 2.8740573340e-08
r11_hist 0 0 3 3 0 1 1 8 8.4272328375e-07
r11_hist 0 0 20 0 0 1 1 8 1.1228214832e-04
r11_hist 0 0 20 0 0 1 1 6 7.2833891950e-05
r11_hist 0 0 20 0 0 1 1 4 6.2678076325e-07
r11_hist 0 0 7 0 1 0 1 8 2.1727240908e-03
r11_hist 0 0 7 0 1 0 1 6 2.2015546271e-03
r11_hist 0 0 7 0 1 0 1 4 9.9184103813e-05
r11_hist 0 0 7 0 1 0 1 2 2.6599401454e-05
r11_hist 0 0 15 2 0 1 1 4 3.8415823429e-05
r11_hist 0 0 15 2 0 1 1 8 7.2986531843e-04
r11_hist 0 0 15 2 0 1 1 6 3.0979047355e-04
r11_hist 0 0 15 2 0 1 1 2 1.9775758253e-08
r11_hist 0 0 2 2 1 0 1 8 4.2944593102e-04
r11_hist 0 0 2 2 1 0 1 6 5.3917075640e-04
r11_hist 0 0 2 2 1 0 1 4 3.6785624977e-04
r11_hist 0 0 2 2 1 0 1 2 5.7754873408e-06
r11_hist 0 0 23 4 1 1 1 8 8.0362986454e-09
r11_hist 0 0 23 4 1 1 1 6 7.1516791724e-08
r11_hist 0 0 23 4 1 1 1 2 1.1494223070e-08
r11_hist 0 0 23 4 1 1 1 4 8.5663650291e-10
r11_hist 0 0 14 1 1 0 1 4 6.5086282284e-04
r11_hist 0 0 14 1 1 0 1 6 3.3147533718e-03
r11_hist 0 0 14 1 1 0 1 8 4.7441346283e-03
r11_hist 0 0 14 1 1 0 1 2 3.6520901287e-05
r11_hist 0 0 14 1 1 0 1 0 6.2634707258e-09
r11_hist 0 0 1 1 0 0 1 6 4.7128681165e-05
r11_hist 0 0 1 1 0 0 1 8 1.2184157273e-06
r11_hist 0 0 22 3 0 1 1 8 4.0275334356e-07
r11_hist 0 0 9 3 1 0 1 6 3.2125431732e-04
r11_hist 0 0 9 3 1 0 1 8 6.6017932488e-04
r11_hist 0 0 9 3 1 0 1 4 8.8237567944e-06
r11_hist 0 0 9 3 1 0 1 2 3.2361285144e-07
r11_hist 0 0 13 0 0 0 1 8 1.4214138178e-04
r11_hist 0 0 13 0 0 0 1 6 1.0039614257e-04
r11_hist 0 0 13 0 0 0 1 4 2.8615280007e-05
r11_hist 0 0 13 0 0 0 1 2 5.0980444014e-08
r11_hist 0 0 21 2 1 0 1 6 1.0360795981e-04
r11_hist 0 0 21 2 1 0 1 8 1.6401628494e-04
r11_hist 0 0 21 2 1 0 1 4 1.2900181911e-05
r11_hist 0 0 21 2 1 0 1 2 1.0635530163e-06
r11_hist 0 0 21 2 1 0 1 0 2.9948743525e-08
r11_hist 0 0 8 2 0 0 1 4 1.7486783609e-05
r11_hist 0 0 8 2 0 0 1 8 3.1178228178e-04
r11_hist 0 0 8 2 0 0 1 6 4.5486215474e-04
r11_hist 0 0 8 2 0 0 1 2 6.1703136116e-06
r11_hist 0 0 16 4 1 0 1 6 6.3874889035e-08
r11_hist 0 0 16 4 1 0 1 8 1.5791750081e-07
r11_hist 0 0 16 4 1 0 1 4 1.8178856100e-07
r11_hist 0 0 16 4 1 0 1 2 1.3020240252e-08
r11_hist 0 0 20 1 0 0 1 6 7.2772860035e-06
r11_hist 0 0 20 1 0 0 1 8 9.2309100500e-05
r11_hist 0 0 20 1 0 0 1 4 2.8936443174e-07
r11_hist 0 0 20 1 0 0 1 2 3.2031838891e-08
r11_hist 0 0 7 1 1 1 1 8 5.2701696878e-03
r11_hist 0 0 7 1 1 1 1 6 4.0142594231e-03
r11_hist 0 0 7 1 1 1 1 2 1.2601594806e-05
r11_hist 0 0 7 1 1 1 1 4 9.2646473558e-04
r11_hist 0 0 15 3 0 0 1 8 1.0084098008e-06
r11_hist 0 0 15 3 0 0 1 6 6.7236802815e-06
r11_hist 0 0 15 3 0 0 1 4 3.2483937927e-07
r11_hist 0 0 2 3 1 1 1 8 3.8708706212e-05
r11_hist 0 0 2 3 1 1 1 6 9.6380697216e-07
r11_hist 0 0 19 0 1 1 1 8 2.1164359833e-03
r11_hist 0 0 19 0 1 1 1 6 1.5381494723e-03
r11_hist 0 0 19 0 1 1 1 4 1.1916944466e-03
r11_hist 0 0 19 0 1 1 1 2 1.4620382741e-05
r11_hist 0 0 19 0 1 1 1 0 1.6545781661e-08
r11_hist 0 0 6 0 0 1 1 8 3.9263751503e-05
r11_hist 0 0 6 0 0 1 1 6 1.4997032761e-05
r11_hist 0 0 6 0 0 1 1 4 1.4456418571e-06
r11_hist 0 0 14 2 1 1 1 6 7.3025671705e-03
r11_hist 0 0 14 2 1 1 1 8 9.2873505275e-03
r11_hist 0 0 14 2 1 1 1 4 2.6388477908e-03
r11_hist 0 0 14 2 1 1 1 2 9.9298092474e-05
r11_hist 0 0 14 2 1 1 1 0 9.5220207088e-08
r11_hist 0 0 1 2 0 1 1 8 1.0724749635e-04
r11_hist 0 0 9 4 1 1 1 8 5.2623602467e-07
r11_hist 0 0 9 4 1 1 1 6 3.7183960139e-07
r11_hist 0 0 9 4 1 1 1 4 5.1971779079e-07
r11_hist 0 0 13 1 0 1 1 8 4.7212193200e-04
r11_hist 0 0 13 1 0 1 1 6 1.9385986807e-04
r11_hist 0 0 13 1 0 1 1 4 9.4017774483e-05
r11_hist 0 0 13 1 0 1 1 2 3.5760860560e-07
r11_hist 0 0 0 1 1 0 1 6 8.7528284305e-07
r11_hist 0 0 21 3 1 1 1 6 2.7893531905e-05
r11_hist 0 0 21 3 1 1 1 8 1.5244600142e-04
r11_hist 0 0 21 3 1 1 1 4 1.6375102394e-06
r11_hist 0 0 21 3 1 1 1 2 9.0015877863e-08
r11_hist 0 0 21 3 1 1 1 0 1.6801275319e-10
r11_hist 0 0 8 3 0 1 1 8 5.9455048820e-05
r11_hist 0 0 8 3 0 1 1 6 4.3189057146e-06
r11_hist 0 0 8 3 0 1 1 4 3.9843754602e-08
r11_hist 0 0 12 0 1 0 1 6 1.3471788817e-03
r11_hist 0 0 12 0 1 0 1 8 4.4003954181e-03
r11_hist 0 0 12 0 1 0 1 4 2.1556021606e-04
r11_hist 0 0 12 0 1 0 1 2 3.3905496146e-06
r11_hist 0 0 20 2 0 1 1 8 2.8533435411e-04
r11_hist 0 0 20 2 0 1 1 6 3.2570617108e-05
r11_hist 0 0 20 2 0 1 1 4 4.2679625268e-05
r11_hist 0 0 20 2 0 1 1 2 6.7421254661e-08
r11_hist 0 0 7 2 1 0 1 6 5.2610926568e-03
r11_hist 0 0 7 2 1 0 1 8 4.4982894361e-03
r11_hist 0 0 7 2 1 0 1 4 6.4085595231e-04
r11_hist 0 0 7 2 1 0 1 2 5.9877042571e-05
r11_hist 0 0 2 4 1 0 1 8 3.9902469862e-09
r11_hist 0 0 19 1 1 0 1 4 1.1034911741e-04
r11_hist 0 0 19 1 1 0 1 8 1.0506230176e-03
r11_hist 0 0 19 1 1 0 1 6 5.6183991422e-04
r11_hist 0 0 19 1 1 0 1 2 1.6420216913e-05
r11_hist 0 0 6 1 0 0 1 8 1.2070340337e-04
r11_hist 0 0 6 1 0 0 1 6 1.3789026666e-03
r11_hist 0 0 6 1 0 0 1 4 7.3068591183e-07
r11_hist 0 0 6 1 0 0 1 2 2.8844949858e-07
r11_hist 0 0 14 3 1 0 1 6 1.4831646141e-04
r11_hist 0 0 14 3 1 0 1 8 8.9246804026e-05
r11_hist 0 0 14 3 1 0 1 2 2.9218412878e-06
r11_hist 0 0 14 3 1 0 1 4 2.7078398453e-05
r11_hist 0 0 14 3 1 0 1 0 3.9742728389e-08
r11_hist 0 0 1 3 0 0 1 8 6.0619968736e-06
r11_hist 0 0 18 0 0 0 1 4 1.0122850577e-06
r11_hist 0 0 18 0 0 0 1 6 4.3997691812e-06
r11_hist 0 0 18 0 0 0 1 8 5.7067006204e-05
r11_hist 0 0 18 0 0 0 1 2 5.4126342364e-08
r11_hist 0 0 5 0 1 1 1 8 4.9402323553e-04
r11_hist 0 0 5 0 1 1 1 4 8.8843624759e-05
r11_hist 0 0 5 0 1 1 1 6 1.4652283416e-03
r11_hist 0 0 13 2 0 0 1 8 2.1362845487e-04
r11_hist 0 0 13 2 0 0 1 6 4.3169313789e-05
r11_hist 0 0 13 2 0 0 1 4 6.4468278325e-05
r11_hist 0 0 13 2 0 0 1 2 4.1165423621e-05
r11_hist 0 0 0 2 1 1 1 8 1.8711178098e-05
r11_hist 0 0 21 4 1 0 1 8 8.6020621421e-08
r11_hist 0 0 21 4 1 0 1 6 1.0447814595e-08
r11_hist 0 0 21 4 1 0 1 4 3.2955692057e-08
r11_hist 0 0 12 1 1 1 1 8 1.0245725963e-02
r11_hist 0 0 12 1 1 1 1 6 9.3099750928e-03
r11_hist 0 0 12 1 1 1 1 4 1.2371455296e-03
r11_hist 0 0 12 1 1 1 1 2 3.9768786921e-05
r11_hist 0 0 20 3 0 0 1 4 1.2594295395e-08
r11_hist 0 0 20 3 0 0 1 6 1.8785293891e-08
r11_hist 0 0 7 3 1 1 1 8 2.3463061953e-04
r11_hist 0 0 7 3 1 1 1 6 9.3182572451e-05
r11_hist 0 0 7 3 1 1 1 4 1.5442263902e-05
r11_hist 0 0 7 3 1 1 1 2 8.2861787635e-06
r11_hist 0 0 24 0 1 1 1 6 4.0405339151e-05
r11_hist 0 0 24 0 1 1 1 8 1.4981024050e-05
r11_hist 0 0 24 0 1 1 1 4 8.8217047225e-07
r11_hist 0 0 24 0 1 1 1 2 2.3575846001e-09
r11_hist 0 0 11 0 0 1 1 6 6.5216544923e-05
r11_hist 0 0 11 0 0 1 1 4 6.6573207008e-05
r11_hist 0 0 11 0 0 1 1 8 7.1451396759e-06
r11_hist 0 0 19 2 1 1 1 8 6.8157959361e-03
r11_hist 0 0 19 2 1 1 1 4 9.4711800345e-04
r11_hist 0 0 19 2 1 1 1 6 3.7825412075e-03
r11_hist 0 0 19 2 1 1 1 2 8.1995824097e-05
r11_hist 0 0 19 2 1 1 1 0 1.4378420299e-08
r11_hist 0 0 6 2 0 1 1 6 7.2369380388e-05
r11_hist 0 0 6 2 0 1 1 8 2.9328517885e-04
r11_hist 0 0 6 2 0 1 1 4 5.9420610025e-06
r11_hist 0 0 14 4 1 1 1 8 5.0479470187e-07
r11_hist 0 0 14 4 1 1 1 6 2.9732083640e-06
r11_hist 0 0 14 4 1 1 1 4 1.1605656107e-07
r11_hist 0 0 14 4 1 1 1 2 2.5688873500e-09
r11_hist 0 0 18 1 0 1 1 6 2.8253379855e-04
r11_hist 0 0 18 1 0 1 1 4 4.2598537562e-05
r11_hist 0 0 18 1 0 1 1 8 3.7794677708e-04
r11_hist 0 0 18 1 0 1 1 2 1.0065016473e-07
r11_hist 0 0 5 1 1 0 1 6 1.0484445776e-02
r11_hist 0 0 5 1 1 0 1 4 9.4920965239e-04
r11_hist 0 0 5 1 1 0 1 8 4.3551099048e-03
r11_hist 0 0 5 1 1 0 1 0 4.1560610119e-07
r11_hist 0 0 5 1 1 0 1 2 2.3235726796e-06
r11_hist 0 0 13 3 0 1 1 6 1.4072351144e-05
r11_hist 0 0 13 3 0 1 1 2 1.6112078560e-08
r11_hist 0 0 13 3 0 1 1 8 1.6115519107e-05
r11_hist 0 0 13 3 0 1 1 4 2.5409941056e-08
r11_hist 0 0 17 0 1 0 1 6 3.5063402483e-04
r11_hist 0 0 17 0 1 0 1 8 8.4160564887e-04
r11_hist 0 0 17 0 1 0 1 4 1.4027588894e-04
r11_hist 0 0 17 0 1 0 1 2 1.6101494529e-05
r11_hist 0 0 4 0 0 0 1 4 1.3130242797e-03
r11_hist 0 0 4 0 0 0 1 8 5.7320546720e-06
r11_hist 0 0 4 0 0 0 1 6 6.2720689671e-06
r11_hist 0 0 12 2 1 0 1 6 4.2193713237e-03
r11_hist 0 0 12 2 1 0 1 8 5.3217995579e-03
r11_hist 0 0 12 2 1 0 1 4 1.3135986712e-03
r11_hist 0 0 12 2 1 0 1 2 6.2750648151e-05
r11_hist 0 0 12 2 1 0 1 0 1.3980562641e-06
r11_hist 0 0 20 4 0 1 1 6 3.2023299344e-09
r11_hist 0 0 7 4 1 0 1 2 1.0683470873e-09
r11_hist 0 0 7 4 1 0 1 8 4.2750467034e-08
r11_hist 0 0 7 4 1 0 1 4 4.7542986160e-08
r11_hist 0 0 7 4 1 0 1 6 3.0537007470e-07
r11_hist 0 0 24 1 1 0 1 8 1.4341935080e-04
r11_hist 0 0 24 1 1 0 1 6 1.1391730937e-05
r11_hist 0 0 24 1 1 0 1 2 1.8154036634e-07
r11_hist 0 0 24 1 1 0 1 4 3.5122454290e-07
r11_hist 0 0 11 1 0 0 1 8 1.8417604973e-04
r11_hist 0 0 11 1 0 0 1 6 4.4145152036e-04
r11_hist 0 0 11 1 0 0 1 4 2.6372773516e-05
r11_hist 0 0 19 3 1 0 1 8 1.1211638125e-05
r11_hist 0 0 19 3 1 0 1 6 7.4243787561e-06
r11_hist 0 0 19 3 1 0 1 2 2.7116040968e-07
r11_hist 0 0 19 3 1 0 1 4 1.5650681533e-06
r11_hist 0 0 6 3 0 0 1 8 8.2459982599e-05
r11_hist 0 0 6 3 0 0 1 6 1.2761930876e-06
r11_hist 0 0 23 0 0 0 1 4 1.7693331614e-07
r11_hist 0 0 23 0 0 0 1 8 6.3727995615e-07
r11_hist 0 0 10 0 1 1 1 6 1.3702986447e-03
r11_hist 0 0 10 0 1 1 1 8 1.4179745590e-03
r11_hist 0 0 10 0 1 1 1 4 4.5876552249e-04
r11_hist 0 0 10 0 1 1 1 2 2.4381979329e-05
r11_hist 0 0 18 2 0 0 1 8 2.4436333343e-05
r11_hist 0 0 18 2 0 0 1 6 5.2050344617e-05
r11_hist 0 0 18 2 0 0 1 4 1.6045486465e-06
r11_hist 0 0 18 2 0 0 1 2 7.3272981178e-07
r11_hist 0 0 5 2 1 1 1 8 4.0085138788e-03
r11_hist 0 0 5 2 1 1 1 6 1.7641602717e-03
r11_hist 0 0 5 2 1 1 1 4 8.9393786154e-04
r11_hist 0 0 5 2 1 1 1 2 6.6190632988e-05
r11_hist 0 0 5 2 1 1 1 0 3.2289293200e-05
r11_hist 0 0 17 1 1 1 1 8 6.2435073218e-03
r11_hist 0 0 17 1 1 1 1 6 6.9677446634e-03
r11_hist 0 0 17 1 1 1 1 2 2.9014027227e-04
r11_hist 0 0 17 1 1 1 1 4 2.0648731962e-03
r11_hist 0 0 17 1 1 1 1 0 2.9191138862e-09
r11_hist 0 0 4 1 0 1 1 8 4.9942771583e-06
r11_hist 0 0 4 1 0 1 1 4 2.3279896497e-07
r11_hist 0 0 12 3 1 1 1 6 2.1336610689e-04
r11_hist 0 0 12 3 1 1 1 8 1.9346251723e-03
r11_hist 0 0 12 3 1 1 1 4 1.0003917833e-04
r11_hist 0 0 12 3 1 1 1 2 1.0017479787e-05
r11_hist 0 0 16 0 0 1 1 8 2.2008220734e-04
r11_hist 0 0 16 0 0 1 1 6 4.7498192027e-04
r11_hist 0 0 16 0 0 1 1 4 1.2860527970e-05
r11_hist 0 0 3 0 1 0 1 6 1.0477300373e-04
r11_hist 0 0 3 0 1 0 1 8 2.0459398586e-04
r11_hist 0 0 3 0 1 0 1 4 8.6804733851e-05
r11_hist 0 0 3 0 1 0 1 2 2.8586522111e-05
r11_hist 0 0 24 2 1 1 1 8 1.0130728805e-04
r11_hist 0 0 24 2 1 1 1 6 1.1064892170e-04
r11_hist 0 0 24 2 1 1 1 4 2.6136696228e-05
r11_hist 0 0 24 2 1 1 1 2 2.1143810423e-05
r11_hist 0 0 11 2 0 1 1 8 1.7830773767e-04
r11_hist 0 0 11 2 0 1 1 6 2.4690391942e-04
r11_hist 0 0 11 2 0 1 1 4 7.5746049845e-05
r11_hist 0 0 11 2 0 1 1 2 5.0539653989e-08
r11_hist 0 0 19 4 1 1 1 8 4.9048101428e-07
r11_hist 0 0 19 4 1 1 1 4 2.5057004199e-08
r11_hist 0 0 19 4 1 1 1 6 1.4268116656e-07
r11_hist 0 0 19 4 1 1 1 2 6.4491637522e-08
r11_hist 0 0 23 1 0 1 1 6 2.4097560588e-06
r11_hist 0 0 23 1 0 1 1 8 1.8818050978e-05
r11_hist 0 0 23 1 0 1 1 4 7.8318749229e-08
r11_hist 0 0 10 1 1 0 1 4 1.3412687509e-03
r11_hist 0 0 10 1 1 0 1 8 6.6150913864e-03
r11_hist 0 0 10 1 1 0 1 6 4.8132236260e-03
r11_hist 0 0 10 1 1 0 1 2 1.8897610563e-04
r11_hist 0 0 18 3 0 1 1 6 3.5752792216e-06
r11_hist 0 0 18 3 0 1 1 4 8.0060540726e-06
r11_hist 0 0 18 3 0 1 1 8 2.8471694571e-06
r11_hist 0 0 5 3 1 0 1 6 6.1238546599e-05
r11_hist 0 0 5 3 1 0 1 4 8.9194501836e-06
r11_hist 0 0 5 3 1 0 1 8 9.6951825709e-04
r11_hist 0 0 5 3 1 0 1 2 2.0771415279e-07
r11_hist 0 0 22 0 1 0 1 6 9.5767038450e-06
r11_hist 0 0 22 0 1 0 1 8 3.8825032061e-05
r11_hist 0 0 22 0 1 0 1 2 5.7922871696e-09
r11_hist 0 0 22 0 1 0 1 4 6.4029914925e-07
r11_hist 0 0 9 0 0 0 1 6 1.6777515658e-04
r11_hist 0 0 9 0 0 0 1 8 1.7031864829e-04
r11_hist 0 0 9 0 0 0 1 4 1.1283944383e-06
r11_hist 0 0 17 2 1 0 1 6 1.2514659162e-03
r11_hist 0 0 17 2 1 0 1 4 3.6008439668e-04
r11_hist 0 0 17 2 1 0 1 8 2.2101478867e-03
r11_hist 0 0 17 2 1 0 1 2 3.8660181778e-05
r11_hist 0 0 17 2 1 0 1 0 2.7820087831e-08
r11_hist 0 0 4 2 0 0 1 6 6.1565976116e-05
r11_hist 0 0 4 2 0 0 1 8 8.9811623174e-05
r11_hist 0 0 4 2 0 0 1 4 3.4422024629e-06
r11_hist 0 0 12 4 1 0 1 6 2.2787095840e-07
r11_hist 0 0 12 4 1 0 1 8 2.0495855219e-07
r11_hist 0 0 12 4 1 0 1 4 8.3577144106e-09
r11_hist 0 0 12 4 1 0 1 2 3.2051888187e-09
r11_hist 0 0 16 1 0 0 1 6 1.4996988633e-04
r11_hist 0 0 16 1 0 0 1 8 6.4080058118e-04
r11_hist 0 0 16 1 0 0 1 4 6.6874172718e-05
r11_hist 0 0 16 1 0 0 1 2 2.0771357304e-07
r11_hist 0 0 3 1 1 1 1 8 7.1939897160e-04
r11_hist 0 0 3 1 1 1 1 6 1.5439588067e-03
r11_hist 0 0 3 1 1 1 1 4 1.3721096150e-04
r11_hist 0 0 3 1 1 1 1 2 6.8498458890e-06
r11_hist 0 0 11 3 0 0 1 6 1.0625087162e-05
r11_hist 0 0 11 3 0 0 1 8 9.7315441266e-07
r11_hist 0 0 15 0 1 1 1 8 2.6985574669e-03
r11_hist 0 0 15 0 1 1 1 4 3.2542124111e-04
r11_hist 0 0 15 0 1 1 1 6 2.3606298960e-03
r11_hist 0 0 15 0 1 1 1 2 7.5385129167e-07
r11_hist 0 0 15 0 1 1 1 0 2.1646889433e-07
r11_hist 0 0 23 2 0 0 1 6 7.6086315900e-06
r11_hist 0 0 23 2 0 0 1 8 1.4227368786e-07
r11_hist 0 0 10 2 1 1 1 8 7.3069259067e-03
r11_hist 0 0 10 2 1 1 1 6 4.4960853130e-03
r11_hist 0 0 10 2 1 1 1 4 1.1085815730e-03
r11_hist 0 0 10 2 1 1 1 2 3.9350878793e-05
r11_hist 0 0 18 4 0 0 1 6 3.0342776347e-08
r11_hist 0 0 5 4 1 1 1 4 1.1385271290e-07
r11_hist 0 0 5 4 1 1 1 8 2.0702696098e-08
r11_hist 0 0 22 1 1 1 1 6 8.6267644027e-04
r11_hist 0 0 22 1 1 1 1 8 1.1193108298e-03
r11_hist 0 0 22 1 1 1 1 4 1.8462090106e-04
r11_hist 0 0 22 1 1 1 1 2 5.8617769434e-06
r11_hist 0 0 22 1 1 1 1 0 2.4465326670e-09
r11_hist 0 0 9 1 0 1 1 6 2.8568271638e-04
r11_hist 0 0 9 1 0 1 1 8 1.9136120734e-04
r11_hist 0 0 9 1 0 1 1 4 4.5224138631e-05
r11_hist 0 0 17 3 1 1 1 4 1.2358315305e-03
r11_hist 0 0 17 3 1 1 1 6 1.9768580050e-04
r11_hist 0 0 17 3 1 1 1 8 3.6621240912e-04
r11_hist 0 0 17 3 1 1 1 2 3.3151828318e-06
r11_hist 0 0 4 3 0 1 1 2 9.6557162051e-06
r11_hist 0 0 4 3 0 1 1 8 2.3362453070e-07
r11_hist 0 0 21 0 0 1 1 8 5.1782691189e-05
r11_hist 0 0 21 0 0 1 1 6 4.8719311920e-06
r11_hist 0 0 21 0 0 1 1 4 1.7903849166e-06
r11_hist 0 0 8 0 1 0 1 6 1.1117520178e-03
r11_hist 0 0 8 0 1 0 1 8 2.1520757848e-03
r11_hist 0 0 8 0 1 0 1 2 1.6092475220e-05
r11_hist 0 0 8 0 1 0 1 4 2.6114399805e-04
r11_hist 0 0 16 2 0 1 1 4 1.0260631766e-04
r11_hist 0 0 16 2 0 1 1 6 2.9803624007e-04
r11_hist 0 0 16 2 0 1 1 8 1.2240013808e-03
r11_hist 0 0 16 2 0 1 1 2 7.7965395434e-06
r11_hist 0 0 3 2 1 0 1 8 9.4951986700e-04
r11_hist 0 0 3 2 1 0 1 6 1.0060507562e-03
r11_hist 0 0 3 2 1 0 1 4 1.6977029695e-04
r11_hist 0 0 3 2 1 0 1 2 1.1539168547e-06
r11_hist 0 0 24 4 1 1 1 8 4.5769307390e-08
r11_hist 0 0 24 4 1 1 1 6 1.7376114836e-09
r11_hist 0 0 24 4 1 1 1 4 5.0669520276e-10
r11_hist 0 0 15 1 1 0 1 6 2.9127274989e-03
r11_hist 0 0 15 1 1 0 1 8 4.5935746478e-03
r11_hist 0 0 15 1 1 0 1 4 6.1156220329e-04
r11_hist 0 0 15 1 1 0 1 2 1.5224883585e-05
r11_hist 0 0 15 1 1 0 1 0 3.9306358947e-09
r11_hist 0 0 2 1 0 0 1 6 6.2612878897e-06
r11_hist 0 0 2 1 0 0 1 8 2.3802111441e-06
r11_hist 0 0 23 3 0 1 1 6 4.7411596421e-10
r11_hist 0 0 10 3 1 0 1 8 3.3699589197e-04
r11_hist 0 0 10 3 1 0 1 6 1.7657589619e-04
r11_hist 0 0 10 3 1 0 1 4 1.0735784776e-05
r11_hist 0 0 10 3 1 0 1 2 4.6710065601e-07
r11_hist 0 0 10 3 1 0 1 0 8.6649353068e-09
r11_hist 0 0 14 0 0 0 1 6 9.0954399630e-05
r11_hist 0 0 14 0 0 0 1 8 1.6613008600e-04
r11_hist 0 0 14 0 0 0 1 4 1.4385846303e-05
r11_hist 0 0 1 0 1 1 1 8 7.4761222725e-04
r11_hist 0 0 22 2 1 0 1 8 5.0330604294e-05
r11_hist 0 0 22 2 1 0 1 6 2.1061250356e-04
r11_hist 0 0 22 2 1 0 1 4 1.5403335405e-05
r11_hist 0 0 22 2 1 0 1 2 2.0109442526e-06
r11_hist 0 0 22 2 1 0 1 0 4.9064570702e-12
r11_hist 0 0 9 2 0 0 1 6 1.4726042997e-04
r11_hist 0 0 9 2 0 0 1 8 1.6943888012e-04
r11_hist 0 0 9 2 0 0 1 4 1.2338984926e-04
r11_hist 0 0 17 4 1 0 1 8 2.3969180436e-07
r11_hist 0 0 17 4 1 0 1 6 2.4409073607e-07
r11_hist 0 0 17 4 1 0 1 4 1.1858305268e-08
r11_hist 0 0 17 4 1 0 1 2 3.9512778766e-09
r11_hist 0 0 21 1 0 0 1 6 1.0117436898e-03
r11_hist 0 0 21 1 0 0 1 8 2.0111656242e-05
r11_hist 0 0 8 1 1 1 1 8 6.4758296261e-03
r11_hist 0 0 8 1 1 1 1 6 3.9816484004e-03
r11_hist 0 0 8 1 1 1 1 4 1.5213037645e-03
r11_hist 0 0 8 1 1 1 1 2 3.6968261790e-05
r11_hist 0 0 16 3 0 0 1 6 3.5171349398e-07
r11_hist 0 0 16 3 0 0 1 8 6.3944918391e-07
r11_hist 0 0 16 3 0 0 1 4 1.5570852738e-08
r11_hist 0 0 3 3 1 1 1 4 5.1077119457e-06
r11_hist 0 0 3 3 1 1 1 8 9.1761326582e-05
r11_hist 0 0 3 3 1 1 1 6 1.5809694642e-05
r11_hist 0 0 3 3 1 1 1 2 4.7481632155e-07
r11_hist 0 0 3 3 1 1 1 0 1.2081567529e-06
r11_hist 0 0 20 0 1 1 1 4 1.9113494048e-04
r11_hist 0 0 20 0 1 1 1 8 1.8372379775e-03
r11_hist 0 0 20 0 1 1 1 6 1.2114283903e-03
r11_hist 0 0 20 0 1 1 1 2 6.1363507223e-06
r11_hist 0 0 20 0 1 1 1 0 1.2354029289e-07
r11_hist 0 0 7 0 0 1 1 8 5.8323265220e-05
r11_hist 0 0 7 0 0 1 1 6 3.7490195689e-05
r11_hist 0 0 15 2 1 1 1 8 1.0464743681e-02
r11_hist 0 0 15 2 1 1 1 6 6.0250515097e-03
r11_hist 0 0 15 2 1 1 1 2 2.0061488509e-04
r11_hist 0 0 15 2 1 1 1 4 1.3376458612e-03
r11_hist 0 0 15 2 1 1 1 0 8.8027006949e-06
r11_hist 0 0 2 2 0 1 1 6 1.3546951916e-04
r11_hist 0 0 10 4 1 1 1 4 7.0787204376e-08
r11_hist 0 0 10 4 1 1 1 6 1.0951777917e-06
r11_hist 0 0 10 4 1 1 1 8 1.2983114440e-06
r11_hist 0 0 10 4 1 1 1 2 3.6964105867e-09
r11_hist 0 0 14 1 0 1 1 8 5.3992104649e-04
r11_hist 0 0 14 1 0 1 1 6 2.8345350252e-04
r11_hist 0 0 14 1 0 1 1 4 8.0772760932e-05
r11_hist 0 0 1 1 1 0 1 6 9.9577468974e-05
r11_hist 0 0 1 1 1 0 1 8 7.9395198147e-04
r11_hist 0 0 1 1 1 0 1 4 8.8833677436e-06
r11_hist 0 0 1 1 1 0 1 2 1.4372174400e-06
r11_hist 0 0 22 3 1 1 1 6 2.5881320337e-06
r11_hist 0 0 22 3 1 1 1 8 2.9544836682e-05
r11_hist 0 0 22 3 1 1 1 4 3.1600169089e-05
r11_hist 0 0 22 3 1 1 1 2 2.2605673490e-09
r11_hist 0 0 9 3 0 1 1 6 1.8292243380e-05
r11_hist 0 0 9 3 0 1 1 4 9.0741720312e-07
r11_hist 0 0 9 3 0 1 1 8 2.5130007470e-06
r11_hist 0 0 13 0 1 0 1 8 3.9400078879e-03
r11_hist 0 0 13 0 1 0 1 4 1.5472692293e-04
r11_hist 0 0 13 0 1 0 1 2 4.9381739674e-06
r11_hist 0 0 13 0 1 0 1 6 1.5515401876e-03
  [r11] distinct violation cells = 1514
