### branch 1 0 probes=357142857
  leaves_canonical_C1C5 : est=3.393422e+24  95%CI=[-6.3785e+23, 7.4247e+24]  relerr=60.61%  hitrate=4.76e-08
  [score] R-C4 0-viol DERIVED-N_gs abs : est=3.393422e+24  95%CI=[-6.3785e+23, 7.4247e+24]  relerr=60.61%  hits=17
### branch 1 1 probes=357142857
  leaves_canonical_C1C5 : est=1.497515e+24  95%CI=[8.1935e+22, 2.9131e+24]  relerr=48.23%  hitrate=4.2e-08
  [score] R-C4 0-viol DERIVED-N_gs abs : est=1.497515e+24  95%CI=[8.1935e+22, 2.9131e+24]  relerr=48.23%  hits=15
### branch 2 0 probes=357142857
  leaves_canonical_C1C5 : est=2.428762e+24  95%CI=[-4.0147e+23, 5.2590e+24]  relerr=59.45%  hitrate=6.44e-08
  [score] R-C4 0-viol DERIVED-N_gs abs : est=0.000000e+00  95%CI=[0.0000e+00, 0.0000e+00]  relerr=0.00%  hits=0
### branch 2 1 probes=357142857
  leaves_canonical_C1C5 : est=4.630875e+23  95%CI=[4.5319e+22, 8.8086e+23]  relerr=46.03%  hitrate=5.6e-08
  [score] R-C4 0-viol DERIVED-N_gs abs : est=0.000000e+00  95%CI=[0.0000e+00, 0.0000e+00]  relerr=0.00%  hits=0
### branch 3 0 probes=357142857
  leaves_canonical_C1C5 : est=1.831354e+24  95%CI=[7.1667e+23, 2.9460e+24]  relerr=31.05%  hitrate=1.23e-07
  [score] R-C4 0-viol DERIVED-N_gs abs : est=1.831354e+24  95%CI=[7.1667e+23, 2.9460e+24]  relerr=31.05%  hits=44
### branch 3 1 probes=357142857
  leaves_canonical_C1C5 : est=1.478778e+24  95%CI=[1.9735e+23, 2.7602e+24]  relerr=44.21%  hitrate=6.72e-08
  [score] R-C4 0-viol DERIVED-N_gs abs : est=1.478778e+24  95%CI=[1.9735e+23, 2.7602e+24]  relerr=44.21%  hits=24
### branch 5 0 probes=357142857
  leaves_canonical_C1C5 : est=2.843127e+24  95%CI=[-1.4948e+24, 7.1810e+24]  relerr=77.84%  hitrate=5.6e-08
  [score] R-C4 0-viol DERIVED-N_gs abs : est=2.843127e+24  95%CI=[-1.4948e+24, 7.1810e+24]  relerr=77.84%  hits=20
### branch 5 1 probes=357142857
  leaves_canonical_C1C5 : est=2.056763e+23  95%CI=[-3.1579e+22, 4.4293e+23]  relerr=58.85%  hitrate=5.04e-08
  [score] R-C4 0-viol DERIVED-N_gs abs : est=2.056763e+23  95%CI=[-3.1579e+22, 4.4293e+23]  relerr=58.85%  hits=18
### branch 7 0 probes=357142857
  leaves_canonical_C1C5 : est=1.807435e+24  95%CI=[-1.3291e+23, 3.7478e+24]  relerr=54.77%  hitrate=6.72e-08
  [score] R-C4 0-viol DERIVED-N_gs abs : est=1.807435e+24  95%CI=[-1.3291e+23, 3.7478e+24]  relerr=54.77%  hits=24
### branch 7 1 probes=357142857
  leaves_canonical_C1C5 : est=7.489225e+23  95%CI=[1.6847e+23, 1.3294e+24]  relerr=39.54%  hitrate=6.44e-08
  [score] R-C4 0-viol DERIVED-N_gs abs : est=7.489225e+23  95%CI=[1.6847e+23, 1.3294e+24]  relerr=39.54%  hits=23
### branch 8 0 probes=357142857
  leaves_canonical_C1C5 : est=9.451665e+23  95%CI=[-8.3060e+23, 2.7209e+24]  relerr=95.86%  hitrate=3.92e-08
  [score] R-C4 0-viol DERIVED-N_gs abs : est=9.451665e+23  95%CI=[-8.3060e+23, 2.7209e+24]  relerr=95.86%  hits=14
### branch 8 1 probes=357142857
  leaves_canonical_C1C5 : est=3.551896e+24  95%CI=[-3.0552e+24, 1.0159e+25]  relerr=94.91%  hitrate=7.56e-08
  [score] R-C4 0-viol DERIVED-N_gs abs : est=3.551896e+24  95%CI=[-3.0552e+24, 1.0159e+25]  relerr=94.91%  hits=27
### branch 9 0 probes=357142857
  leaves_canonical_C1C5 : est=7.754148e+24  95%CI=[-4.1312e+24, 1.9640e+25]  relerr=78.20%  hitrate=1.04e-07
  [score] R-C4 0-viol DERIVED-N_gs abs : est=7.754148e+24  95%CI=[-4.1312e+24, 1.9640e+25]  relerr=78.20%  hits=37
### branch 9 1 probes=357142857
  leaves_canonical_C1C5 : est=7.928290e+24  95%CI=[-3.4905e+24, 1.9347e+25]  relerr=73.48%  hitrate=1.2e-07
  [score] R-C4 0-viol DERIVED-N_gs abs : est=7.928290e+24  95%CI=[-3.4905e+24, 1.9347e+25]  relerr=73.48%  hits=43
### branch 10 0 probes=357142857
  leaves_canonical_C1C5 : est=2.185837e+23  95%CI=[-2.6192e+22, 4.6336e+23]  relerr=57.13%  hitrate=3.64e-08
  [score] R-C4 0-viol DERIVED-N_gs abs : est=2.185837e+23  95%CI=[-2.6192e+22, 4.6336e+23]  relerr=57.13%  hits=13
### branch 10 1 probes=357142857
  leaves_canonical_C1C5 : est=7.454873e+23  95%CI=[-2.3816e+23, 1.7291e+24]  relerr=67.32%  hitrate=3.92e-08
  [score] R-C4 0-viol DERIVED-N_gs abs : est=7.454873e+23  95%CI=[-2.3816e+23, 1.7291e+24]  relerr=67.32%  hits=14
### branch 11 0 probes=357142857
  leaves_canonical_C1C5 : est=8.229770e+23  95%CI=[2.4480e+23, 1.4012e+24]  relerr=35.84%  hitrate=9.8e-08
  [score] R-C4 0-viol DERIVED-N_gs abs : est=8.229770e+23  95%CI=[2.4480e+23, 1.4012e+24]  relerr=35.84%  hits=35
### branch 11 1 probes=357142857
  leaves_canonical_C1C5 : est=2.928772e+24  95%CI=[1.5720e+23, 5.7003e+24]  relerr=48.28%  hitrate=1.04e-07
  [score] R-C4 0-viol DERIVED-N_gs abs : est=2.928772e+24  95%CI=[1.5720e+23, 5.7003e+24]  relerr=48.28%  hits=37
### branch 12 0 probes=357142857
  leaves_canonical_C1C5 : est=4.072741e+24  95%CI=[1.1598e+23, 8.0295e+24]  relerr=49.57%  hitrate=4.48e-08
  [score] R-C4 0-viol DERIVED-N_gs abs : est=0.000000e+00  95%CI=[0.0000e+00, 0.0000e+00]  relerr=0.00%  hits=0
### branch 12 1 probes=357142857
  leaves_canonical_C1C5 : est=5.793427e+24  95%CI=[-2.0642e+24, 1.3651e+25]  relerr=69.20%  hitrate=3.92e-08
  [score] R-C4 0-viol DERIVED-N_gs abs : est=0.000000e+00  95%CI=[0.0000e+00, 0.0000e+00]  relerr=0.00%  hits=0
### branch 13 0 probes=357142857
  leaves_canonical_C1C5 : est=5.393854e+22  95%CI=[-1.1036e+22, 1.1891e+23]  relerr=61.46%  hitrate=4.2e-08
  [score] R-C4 0-viol DERIVED-N_gs abs : est=5.393854e+22  95%CI=[-1.1036e+22, 1.1891e+23]  relerr=61.46%  hits=15
### branch 13 1 probes=357142857
  leaves_canonical_C1C5 : est=2.107700e+23  95%CI=[-9.2029e+22, 5.1357e+23]  relerr=73.30%  hitrate=2.24e-08
  [score] R-C4 0-viol DERIVED-N_gs abs : est=0.000000e+00  95%CI=[0.0000e+00, 0.0000e+00]  relerr=0.00%  hits=0
### branch 14 0 probes=357142857
  leaves_canonical_C1C5 : est=6.871365e+23  95%CI=[-2.7624e+23, 1.6505e+24]  relerr=71.53%  hitrate=5.04e-08
  [score] R-C4 0-viol DERIVED-N_gs abs : est=6.871365e+23  95%CI=[-2.7624e+23, 1.6505e+24]  relerr=71.53%  hits=18
### branch 14 1 probes=357142857
  leaves_canonical_C1C5 : est=4.834508e+22  95%CI=[-1.5391e+22, 1.1208e+23]  relerr=67.26%  hitrate=1.96e-08
  [score] R-C4 0-viol DERIVED-N_gs abs : est=0.000000e+00  95%CI=[0.0000e+00, 0.0000e+00]  relerr=0.00%  hits=0
### branch 15 0 probes=357142857
  leaves_canonical_C1C5 : est=1.472673e+23  95%CI=[-1.3254e+22, 3.0779e+23]  relerr=55.61%  hitrate=5.6e-08
  [score] R-C4 0-viol DERIVED-N_gs abs : est=1.472673e+23  95%CI=[-1.3254e+22, 3.0779e+23]  relerr=55.61%  hits=20
### branch 15 1 probes=357142857
  leaves_canonical_C1C5 : est=2.197985e+23  95%CI=[-8.2767e+22, 5.2236e+23]  relerr=70.23%  hitrate=4.76e-08
  [score] R-C4 0-viol DERIVED-N_gs abs : est=2.197985e+23  95%CI=[-8.2767e+22, 5.2236e+23]  relerr=70.23%  hits=17
### branch 16 0 probes=357142857
  leaves_canonical_C1C5 : est=4.096926e+24  95%CI=[-1.8131e+23, 8.3752e+24]  relerr=53.28%  hitrate=7.28e-08
  [score] R-C4 0-viol DERIVED-N_gs abs : est=0.000000e+00  95%CI=[0.0000e+00, 0.0000e+00]  relerr=0.00%  hits=0
### branch 16 1 probes=357142857
  leaves_canonical_C1C5 : est=7.008817e+23  95%CI=[-1.0826e+23, 1.5100e+24]  relerr=58.90%  hitrate=3.36e-08
  [score] R-C4 0-viol DERIVED-N_gs abs : est=0.000000e+00  95%CI=[0.0000e+00, 0.0000e+00]  relerr=0.00%  hits=0
### branch 17 0 probes=357142857
  leaves_canonical_C1C5 : est=3.866239e+24  95%CI=[9.0423e+23, 6.8283e+24]  relerr=39.09%  hitrate=9.8e-08
  [score] R-C4 0-viol DERIVED-N_gs abs : est=3.866239e+24  95%CI=[9.0423e+23, 6.8283e+24]  relerr=39.09%  hits=35
### branch 17 1 probes=357142857
  leaves_canonical_C1C5 : est=1.510580e+24  95%CI=[-3.1804e+23, 3.3392e+24]  relerr=61.76%  hitrate=6.44e-08
  [score] R-C4 0-viol DERIVED-N_gs abs : est=1.510580e+24  95%CI=[-3.1804e+23, 3.3392e+24]  relerr=61.76%  hits=23
### branch 18 0 probes=357142857
  leaves_canonical_C1C5 : est=1.331662e+25  95%CI=[-6.3755e+24, 3.3009e+25]  relerr=75.45%  hitrate=4.76e-08
  [score] R-C4 0-viol DERIVED-N_gs abs : est=0.000000e+00  95%CI=[0.0000e+00, 0.0000e+00]  relerr=0.00%  hits=0
### branch 18 1 probes=357142857
  leaves_canonical_C1C5 : est=7.752852e+22  95%CI=[-6.3207e+21, 1.6138e+23]  relerr=55.18%  hitrate=1.96e-08
  [score] R-C4 0-viol DERIVED-N_gs abs : est=0.000000e+00  95%CI=[0.0000e+00, 0.0000e+00]  relerr=0.00%  hits=0
### branch 19 0 probes=357142857
  leaves_canonical_C1C5 : est=3.033213e+24  95%CI=[6.8706e+23, 5.3794e+24]  relerr=39.46%  hitrate=9.52e-08
  [score] R-C4 0-viol DERIVED-N_gs abs : est=3.033213e+24  95%CI=[6.8706e+23, 5.3794e+24]  relerr=39.46%  hits=34
### branch 19 1 probes=357142857
  leaves_canonical_C1C5 : est=2.528606e+24  95%CI=[5.8795e+23, 4.4693e+24]  relerr=39.16%  hitrate=6.16e-08
  [score] R-C4 0-viol DERIVED-N_gs abs : est=2.528606e+24  95%CI=[5.8795e+23, 4.4693e+24]  relerr=39.16%  hits=22
### branch 20 0 probes=357142857
  leaves_canonical_C1C5 : est=2.987096e+23  95%CI=[-1.6191e+22, 6.1361e+23]  relerr=53.79%  hitrate=5.6e-08
  [score] R-C4 0-viol DERIVED-N_gs abs : est=2.987096e+23  95%CI=[-1.6191e+22, 6.1361e+23]  relerr=53.79%  hits=20
### branch 20 1 probes=357142857
  leaves_canonical_C1C5 : est=1.017820e+23  95%CI=[-1.9010e+22, 2.2257e+23]  relerr=60.55%  hitrate=4.76e-08
  [score] R-C4 0-viol DERIVED-N_gs abs : est=1.017820e+23  95%CI=[-1.9010e+22, 2.2257e+23]  relerr=60.55%  hits=17
### branch 22 0 probes=357142857
  leaves_canonical_C1C5 : est=1.338010e+24  95%CI=[1.9608e+23, 2.4799e+24]  relerr=43.54%  hitrate=6.72e-08
  [score] R-C4 0-viol DERIVED-N_gs abs : est=1.338010e+24  95%CI=[1.9608e+23, 2.4799e+24]  relerr=43.54%  hits=24
### branch 22 1 probes=357142857
  leaves_canonical_C1C5 : est=7.719684e+23  95%CI=[1.2413e+23, 1.4198e+24]  relerr=42.82%  hitrate=7.56e-08
  [score] R-C4 0-viol DERIVED-N_gs abs : est=7.719684e+23  95%CI=[1.2413e+23, 1.4198e+24]  relerr=42.82%  hits=27
### branch 23 0 probes=357142857
  leaves_canonical_C1C5 : est=2.588046e+22  95%CI=[-5.1430e+21, 5.6904e+22]  relerr=61.16%  hitrate=2.52e-08
  [score] R-C4 0-viol DERIVED-N_gs abs : est=2.588046e+22  95%CI=[-5.1430e+21, 5.6904e+22]  relerr=61.16%  hits=9
### branch 23 1 probes=357142857
  leaves_canonical_C1C5 : est=9.985349e+22  95%CI=[-6.0278e+21, 2.0573e+23]  relerr=54.10%  hitrate=3.08e-08
  [score] R-C4 0-viol DERIVED-N_gs abs : est=9.985349e+22  95%CI=[-6.0278e+21, 2.0573e+23]  relerr=54.10%  hits=11
### branch 24 0 probes=357142857
  leaves_canonical_C1C5 : est=1.867573e+23  95%CI=[2.5690e+22, 3.4782e+23]  relerr=44.00%  hitrate=4.2e-08
  [score] R-C4 0-viol DERIVED-N_gs abs : est=0.000000e+00  95%CI=[0.0000e+00, 0.0000e+00]  relerr=0.00%  hits=0
### branch 24 1 probes=357142857
  leaves_canonical_C1C5 : est=6.744243e+23  95%CI=[-1.4402e+23, 1.4929e+24]  relerr=61.92%  hitrate=2.8e-08
  [score] R-C4 0-viol DERIVED-N_gs abs : est=0.000000e+00  95%CI=[0.0000e+00, 0.0000e+00]  relerr=0.00%  hits=0
### branch 25 0 probes=357142857
  leaves_canonical_C1C5 : est=2.787611e+24  95%CI=[-1.0456e+24, 6.6208e+24]  relerr=70.16%  hitrate=4.76e-08
  [score] R-C4 0-viol DERIVED-N_gs abs : est=2.787611e+24  95%CI=[-1.0456e+24, 6.6208e+24]  relerr=70.16%  hits=17
### branch 25 1 probes=357142857
  leaves_canonical_C1C5 : est=1.793554e+24  95%CI=[5.1396e+23, 3.0732e+24]  relerr=36.40%  hitrate=7.84e-08
  [score] R-C4 0-viol DERIVED-N_gs abs : est=1.793554e+24  95%CI=[5.1396e+23, 3.0732e+24]  relerr=36.40%  hits=28
### branch 26 0 probes=357142857
  leaves_canonical_C1C5 : est=1.600373e+23  95%CI=[3.5028e+22, 2.8505e+23]  relerr=39.85%  hitrate=4.2e-08
  [score] R-C4 0-viol DERIVED-N_gs abs : est=1.600373e+23  95%CI=[3.5028e+22, 2.8505e+23]  relerr=39.85%  hits=15
### branch 26 1 probes=357142857
  leaves_canonical_C1C5 : est=7.983726e+23  95%CI=[-5.4748e+23, 2.1442e+24]  relerr=86.01%  hitrate=3.36e-08
  [score] R-C4 0-viol DERIVED-N_gs abs : est=7.983726e+23  95%CI=[-5.4748e+23, 2.1442e+24]  relerr=86.01%  hits=12
### branch 27 0 probes=357142857
  leaves_canonical_C1C5 : est=2.373270e+22  95%CI=[-7.3565e+20, 4.8201e+22]  relerr=52.60%  hitrate=3.36e-08
  [score] R-C4 0-viol DERIVED-N_gs abs : est=2.373270e+22  95%CI=[-7.3565e+20, 4.8201e+22]  relerr=52.60%  hits=12
### branch 27 1 probes=357142857
  leaves_canonical_C1C5 : est=7.700405e+22  95%CI=[1.8240e+22, 1.3577e+23]  relerr=38.94%  hitrate=5.32e-08
  [score] R-C4 0-viol DERIVED-N_gs abs : est=7.700405e+22  95%CI=[1.8240e+22, 1.3577e+23]  relerr=38.94%  hits=19
### branch 28 0 probes=357142857
  leaves_canonical_C1C5 : est=1.615798e+25  95%CI=[-5.4944e+24, 3.7810e+25]  relerr=68.37%  hitrate=5.04e-08
  [score] R-C4 0-viol DERIVED-N_gs abs : est=0.000000e+00  95%CI=[0.0000e+00, 0.0000e+00]  relerr=0.00%  hits=0
### branch 28 1 probes=357142857
  leaves_canonical_C1C5 : est=1.905059e+23  95%CI=[-8.1202e+21, 3.8913e+23]  relerr=53.20%  hitrate=2.52e-08
  [score] R-C4 0-viol DERIVED-N_gs abs : est=0.000000e+00  95%CI=[0.0000e+00, 0.0000e+00]  relerr=0.00%  hits=0
### branch 29 0 probes=357142857
  leaves_canonical_C1C5 : est=4.114718e+22  95%CI=[-7.3181e+21, 8.9612e+22]  relerr=60.09%  hitrate=2.8e-08
  [score] R-C4 0-viol DERIVED-N_gs abs : est=4.114718e+22  95%CI=[-7.3181e+21, 8.9612e+22]  relerr=60.09%  hits=10
### branch 29 1 probes=357142857
  leaves_canonical_C1C5 : est=3.094916e+23  95%CI=[-8.8163e+22, 7.0715e+23]  relerr=65.55%  hitrate=3.64e-08
  [score] R-C4 0-viol DERIVED-N_gs abs : est=3.094916e+23  95%CI=[-8.8163e+22, 7.0715e+23]  relerr=65.55%  hits=13
### branch 30 0 probes=357142857
  leaves_canonical_C1C5 : est=3.648687e+22  95%CI=[-3.5543e+20, 7.3329e+22]  relerr=51.52%  hitrate=1.68e-08
  [score] R-C4 0-viol DERIVED-N_gs abs : est=0.000000e+00  95%CI=[0.0000e+00, 0.0000e+00]  relerr=0.00%  hits=0
### branch 30 1 probes=357142857
  leaves_canonical_C1C5 : est=1.473724e+23  95%CI=[-6.4042e+22, 3.5879e+23]  relerr=73.19%  hitrate=3.36e-08
  [score] R-C4 0-viol DERIVED-N_gs abs : est=1.473724e+23  95%CI=[-6.4042e+22, 3.5879e+23]  relerr=73.19%  hits=12
### branch 31 0 probes=357142857
  leaves_canonical_C1C5 : est=7.873149e+23  95%CI=[-9.2798e+22, 1.6674e+24]  relerr=57.03%  hitrate=4.48e-08
  [score] R-C4 0-viol DERIVED-N_gs abs : est=7.873149e+23  95%CI=[-9.2798e+22, 1.6674e+24]  relerr=57.03%  hits=16
### branch 31 1 probes=357142857
  leaves_canonical_C1C5 : est=5.005837e+22  95%CI=[-7.1146e+21, 1.0723e+23]  relerr=58.27%  hitrate=3.64e-08
  [score] R-C4 0-viol DERIVED-N_gs abs : est=5.005837e+22  95%CI=[-7.1146e+21, 1.0723e+23]  relerr=58.27%  hits=13
