=== R11 stratified-repair start 2026-07-13T05:45:09Z host=r11-strat threads=32 ===
--- gate: --selftest ---
selftest sha=403f7202a33a9337b781f4ee17e497d5c0773c2656e16fa0db87eeccd6f3332e
--- gate: --r11-verify ---
branches=56
per-branch probes=357142857
--- branch 1 0 probes=357142857 2026-07-13T05:45:49Z ---
--- branch 1 1 probes=357142857 2026-07-13T05:47:44Z ---
--- branch 2 0 probes=357142857 2026-07-13T05:49:38Z ---
--- branch 2 1 probes=357142857 2026-07-13T05:49:38Z ---
--- branch 3 0 probes=357142857 2026-07-13T05:49:39Z ---
--- branch 3 1 probes=357142857 2026-07-13T05:51:33Z ---
--- branch 5 0 probes=357142857 2026-07-13T05:53:28Z ---
--- branch 5 1 probes=357142857 2026-07-13T05:55:22Z ---
--- branch 7 0 probes=357142857 2026-07-13T05:57:14Z ---
--- branch 7 1 probes=357142857 2026-07-13T05:59:09Z ---
--- branch 8 0 probes=357142857 2026-07-13T06:01:04Z ---
--- branch 8 1 probes=357142857 2026-07-13T06:02:57Z ---
--- branch 9 0 probes=357142857 2026-07-13T06:04:50Z ---
--- branch 9 1 probes=357142857 2026-07-13T06:06:44Z ---
--- branch 10 0 probes=357142857 2026-07-13T06:08:39Z ---
--- branch 10 1 probes=357142857 2026-07-13T06:10:32Z ---
--- branch 11 0 probes=357142857 2026-07-13T06:12:25Z ---
--- branch 11 1 probes=357142857 2026-07-13T06:14:20Z ---
--- branch 12 0 probes=357142857 2026-07-13T06:16:17Z ---
--- branch 12 1 probes=357142857 2026-07-13T06:16:17Z ---
--- branch 13 0 probes=357142857 2026-07-13T06:16:17Z ---
--- branch 13 1 probes=357142857 2026-07-13T06:17:57Z ---
--- branch 14 0 probes=357142857 2026-07-13T06:17:57Z ---
--- branch 14 1 probes=357142857 2026-07-13T06:19:36Z ---
--- branch 15 0 probes=357142857 2026-07-13T06:19:36Z ---
--- branch 15 1 probes=357142857 2026-07-13T06:21:29Z ---
--- branch 16 0 probes=357142857 2026-07-13T06:23:22Z ---
--- branch 16 1 probes=357142857 2026-07-13T06:23:22Z ---
--- branch 17 0 probes=357142857 2026-07-13T06:23:22Z ---
--- branch 17 1 probes=357142857 2026-07-13T06:25:17Z ---
--- branch 18 0 probes=357142857 2026-07-13T06:27:12Z ---
--- branch 18 1 probes=357142857 2026-07-13T06:27:12Z ---
--- branch 19 0 probes=357142857 2026-07-13T06:27:12Z ---
--- branch 19 1 probes=357142857 2026-07-13T06:29:06Z ---
--- branch 20 0 probes=357142857 2026-07-13T06:31:01Z ---
--- branch 20 1 probes=357142857 2026-07-13T06:32:54Z ---
--- branch 22 0 probes=357142857 2026-07-13T06:34:48Z ---
--- branch 22 1 probes=357142857 2026-07-13T06:36:50Z ---
--- branch 23 0 probes=357142857 2026-07-13T06:38:44Z ---
--- branch 23 1 probes=357142857 2026-07-13T06:40:37Z ---
--- branch 24 0 probes=357142857 2026-07-13T06:42:30Z ---
--- branch 24 1 probes=357142857 2026-07-13T06:42:30Z ---
--- branch 25 0 probes=357142857 2026-07-13T06:42:30Z ---
--- branch 25 1 probes=357142857 2026-07-13T06:44:24Z ---
--- branch 26 0 probes=357142857 2026-07-13T06:46:18Z ---
--- branch 26 1 probes=357142857 2026-07-13T06:48:12Z ---
--- branch 27 0 probes=357142857 2026-07-13T06:50:05Z ---
--- branch 27 1 probes=357142857 2026-07-13T06:51:58Z ---
--- branch 28 0 probes=357142857 2026-07-13T06:53:52Z ---
--- branch 28 1 probes=357142857 2026-07-13T06:53:52Z ---
--- branch 29 0 probes=357142857 2026-07-13T06:53:52Z ---
--- branch 29 1 probes=357142857 2026-07-13T06:55:45Z ---
--- branch 30 0 probes=357142857 2026-07-13T06:57:38Z ---
--- branch 30 1 probes=357142857 2026-07-13T06:57:38Z ---
--- branch 31 0 probes=357142857 2026-07-13T06:59:17Z ---
--- branch 31 1 probes=357142857 2026-07-13T07:01:10Z ---
stratified done 2026-07-13T07:03:03Z wall=4634s
awk: cmd. line:5:      END{printf "ONBOX-POOL sum=%.6e se=%.4e relerr=%.2f%%\n", s, sqrt(v), s>0?100*sqrt(v)/s:0}
awk: cmd. line:5:                                                                               ^ syntax error
=== STRATIFIED-REPAIR COMPLETE 2026-07-13T07:03:03Z ===
=== stratified-repair finish rc=0 2026-07-13T07:03:03Z ===
guest self-halt in +3 min (orchestrator monitor is primary teardown)
Shutdown scheduled for Mon 2026-07-13 07:06:03 UTC, use 'shutdown -c' to cancel.
