KNUTH-ESTIMATE probes=2000000000 threads=32 start_step=1 prefix_levels=0
  tree_nodes            : est=2.087365e+40  95%CI=[2.0871e+40, 2.0876e+40]  relerr=0.01%  hitrate=1
  leaves_C1C2C4C5       : est=1.096517e+39  95%CI=[1.0959e+39, 1.0972e+39]  relerr=0.03%  hitrate=0.0144
  leaves_canonical_C1C5 : est=1.327511e+38  95%CI=[1.3252e+38, 1.3298e+38]  relerr=0.09%  hitrate=0.0018
  [f4p 01 housedisp    ] mean=413.115397 min=220 max=448 kw=385 below=0.06701977 at=0.00504981 above=0.92793042
  [f4p 02 trigram_runs ] mean=2.217033 min=1 max=7 kw=2 below=0.03198799 at=0.73850838 above=0.22950363
  [f4p 03 nuclear_adj  ] mean=5.203944 min=4 max=11 kw=5 below=0.25562292 at=0.40009250 above=0.34428458
  [f4p 04 yang_drift   ] mean=6050.482814 min=5446 max=6650 kw=6154 below=0.73263323 at=0.00407914 above=0.26328763
  [f4p 05 dist_runs    ] mean=4.049261 min=1 max=16 kw=3 below=0.00983003 at=0.42620840 above=0.56396157
  [f4p 06 palspan      ] mean=23.478969 min=3 max=30 kw=30 below=0.87871040 at=0.12128960 above=0.00000000
  [f4p 07 comp_adj     ] mean=1.740771 min=1 max=7 kw=1 below=0.00000000 at=0.45079446 above=0.54920554
  [f4p 08 house_balance] mean=11.355048 min=0 max=30 kw=16 below=0.86330757 at=0.08690997 above=0.04978246
  [f4p 09 par_switch   ] mean=30.000000 min=30 max=30 kw=30 below=0.00000000 at=1.00000000 above=0.00000000
  [f4p 10 dist_autocorr] mean=671.223822 min=614 max=728 kw=648 below=0.03442738 at=0.01346626 above=0.95210636
  [f4p 11 front_load   ] mean=105.790767 min=79 max=130 kw=103 below=0.26885183 at=0.06643780 above=0.66471037
  [f4p 12 value_trend  ] mean=1009.330951 min=783 max=1228 kw=1003 below=0.45418899 at=0.00657699 above=0.53923402
  [f4p 13 wrap_class   ] mean=2.997988 min=1 max=5 kw=3 below=0.17466158 at=0.65168300 above=0.17365542
f4p_hist housedisp 220 5.2781157749e-08
f4p_hist housedisp 230 4.4000392617e-08
f4p_hist housedisp 243 5.9708062705e-08
f4p_hist housedisp 247 2.6542086441e-08
f4p_hist housedisp 249 1.1985782873e-08
f4p_hist housedisp 251 6.6265777493e-08
f4p_hist housedisp 257 1.7854096707e-07
f4p_hist housedisp 258 1.8811870574e-08
f4p_hist housedisp 259 2.6220950671e-08
f4p_hist housedisp 260 2.4979710833e-06
f4p_hist housedisp 261 9.5058024880e-08
f4p_hist housedisp 262 1.0208509498e-07
f4p_hist housedisp 264 1.3010879181e-07
f4p_hist housedisp 265 2.3809272584e-08
f4p_hist housedisp 266 7.3630543406e-07
f4p_hist housedisp 267 3.9772842313e-07
f4p_hist housedisp 268 2.7483048289e-07
f4p_hist housedisp 269 1.6812141379e-08
f4p_hist housedisp 270 1.9050126747e-07
f4p_hist housedisp 271 1.5054392137e-07
f4p_hist housedisp 272 4.9604759067e-07
f4p_hist housedisp 273 1.3361130852e-06
f4p_hist housedisp 274 6.3546682077e-08
f4p_hist housedisp 276 7.0652249188e-07
f4p_hist housedisp 277 2.4463920206e-07
f4p_hist housedisp 278 4.8703443052e-07
f4p_hist housedisp 279 1.9316912195e-06
f4p_hist housedisp 280 2.5623224427e-07
f4p_hist housedisp 281 1.8997597877e-07
f4p_hist housedisp 282 4.4812366987e-07
f4p_hist housedisp 283 5.5508763571e-07
f4p_hist housedisp 284 1.2845870812e-06
f4p_hist housedisp 285 4.1427861454e-07
f4p_hist housedisp 286 2.3876255743e-06
f4p_hist housedisp 287 1.9748603375e-06
f4p_hist housedisp 288 1.0573302699e-06
f4p_hist housedisp 289 1.8108454035e-06
f4p_hist housedisp 290 9.0655062036e-07
f4p_hist housedisp 291 3.5232675062e-06
f4p_hist housedisp 292 1.3488773947e-06
f4p_hist housedisp 293 1.5737643332e-06
f4p_hist housedisp 294 3.2094944678e-06
f4p_hist housedisp 295 4.2977009055e-06
f4p_hist housedisp 296 9.0004003095e-07
f4p_hist housedisp 297 6.8968700474e-06
f4p_hist housedisp 298 5.1102801575e-06
f4p_hist housedisp 299 5.6788235099e-06
f4p_hist housedisp 300 7.4965848021e-06
f4p_hist housedisp 301 7.0738606162e-06
f4p_hist housedisp 302 4.3666366731e-06
f4p_hist housedisp 303 6.9665516795e-06
f4p_hist housedisp 304 6.5785343014e-06
f4p_hist housedisp 305 5.8081674609e-06
f4p_hist housedisp 306 6.9014383995e-06
f4p_hist housedisp 307 1.1581470041e-05
f4p_hist housedisp 308 8.4838384615e-06
f4p_hist housedisp 309 1.1451437977e-05
f4p_hist housedisp 310 1.3372394957e-05
f4p_hist housedisp 311 1.5426801715e-05
f4p_hist housedisp 312 1.2081931500e-05
f4p_hist housedisp 313 1.3140617837e-05
f4p_hist housedisp 314 1.2122181754e-05
f4p_hist housedisp 315 1.8044160088e-05
f4p_hist housedisp 316 2.0732258194e-05
f4p_hist housedisp 317 2.8368213063e-05
f4p_hist housedisp 318 2.3833765977e-05
f4p_hist housedisp 319 2.4067772865e-05
f4p_hist housedisp 320 3.4757763144e-05
f4p_hist housedisp 321 2.6451425448e-05
f4p_hist housedisp 322 3.3491787376e-05
f4p_hist housedisp 323 3.1652738046e-05
f4p_hist housedisp 324 4.5704977853e-05
f4p_hist housedisp 325 4.1825108421e-05
f4p_hist housedisp 326 5.1295610631e-05
f4p_hist housedisp 327 5.4722069482e-05
f4p_hist housedisp 328 6.0183198848e-05
f4p_hist housedisp 329 6.5984017943e-05
f4p_hist housedisp 330 7.7303285095e-05
f4p_hist housedisp 331 7.1181879973e-05
f4p_hist housedisp 332 7.3207086380e-05
f4p_hist housedisp 333 7.9548227033e-05
f4p_hist housedisp 334 9.5221219844e-05
f4p_hist housedisp 335 8.9599738773e-05
f4p_hist housedisp 336 1.0898087847e-04
f4p_hist housedisp 337 1.1834506423e-04
f4p_hist housedisp 338 1.2785445358e-04
f4p_hist housedisp 339 1.3537420940e-04
f4p_hist housedisp 340 1.6777679599e-04
f4p_hist housedisp 341 1.7246733379e-04
f4p_hist housedisp 342 1.9036327685e-04
f4p_hist housedisp 343 2.0756218985e-04
f4p_hist housedisp 344 2.3271877033e-04
f4p_hist housedisp 345 2.2634820932e-04
f4p_hist housedisp 346 2.4009316757e-04
f4p_hist housedisp 347 2.7410534648e-04
f4p_hist housedisp 348 3.2739895614e-04
f4p_hist housedisp 349 3.5056008154e-04
f4p_hist housedisp 350 3.6289062129e-04
f4p_hist housedisp 351 3.5422213889e-04
f4p_hist housedisp 352 4.0104176236e-04
f4p_hist housedisp 353 4.2071960799e-04
f4p_hist housedisp 354 4.7428223993e-04
f4p_hist housedisp 355 5.3645885338e-04
f4p_hist housedisp 356 5.9976396173e-04
f4p_hist housedisp 357 6.6052899867e-04
f4p_hist housedisp 358 6.6795352837e-04
f4p_hist housedisp 359 7.2820298224e-04
f4p_hist housedisp 360 8.0547674040e-04
f4p_hist housedisp 361 8.4495109531e-04
f4p_hist housedisp 362 9.4449866405e-04
f4p_hist housedisp 363 9.9168414009e-04
f4p_hist housedisp 364 1.0751491266e-03
f4p_hist housedisp 365 1.1470657112e-03
f4p_hist housedisp 366 1.3028913722e-03
f4p_hist housedisp 367 1.2721448151e-03
f4p_hist housedisp 368 1.5832165786e-03
f4p_hist housedisp 369 1.5727586914e-03
f4p_hist housedisp 370 1.7555797756e-03
f4p_hist housedisp 371 1.7723515783e-03
f4p_hist housedisp 372 2.1034566482e-03
f4p_hist housedisp 373 2.1464988021e-03
f4p_hist housedisp 374 2.4086489364e-03
f4p_hist housedisp 375 2.4942325372e-03
f4p_hist housedisp 376 2.7857862654e-03
f4p_hist housedisp 377 2.9195009722e-03
f4p_hist housedisp 378 3.2203360855e-03
f4p_hist housedisp 379 3.3417959691e-03
f4p_hist housedisp 380 3.6793120840e-03
f4p_hist housedisp 381 3.8829211988e-03
f4p_hist housedisp 382 4.2315498861e-03
f4p_hist housedisp 383 4.4031078953e-03
f4p_hist housedisp 384 5.0046195013e-03
f4p_hist housedisp 385 5.0498134036e-03
f4p_hist housedisp 386 5.5793207362e-03
f4p_hist housedisp 387 6.0436255730e-03
f4p_hist housedisp 388 6.6554906397e-03
f4p_hist housedisp 389 6.7957157615e-03
f4p_hist housedisp 390 7.3020582093e-03
f4p_hist housedisp 391 7.6777829318e-03
f4p_hist housedisp 392 8.6679903314e-03
f4p_hist housedisp 393 8.7243495972e-03
f4p_hist housedisp 394 9.5856832804e-03
f4p_hist housedisp 395 9.9142643148e-03
f4p_hist housedisp 396 1.0934864160e-02
f4p_hist housedisp 397 1.1204617426e-02
f4p_hist housedisp 398 1.2013331657e-02
f4p_hist housedisp 399 1.2344237736e-02
f4p_hist housedisp 400 1.4095654486e-02
f4p_hist housedisp 401 1.3756072210e-02
f4p_hist housedisp 402 1.5125880672e-02
f4p_hist housedisp 403 1.5237727608e-02
f4p_hist housedisp 404 1.7274735410e-02
f4p_hist housedisp 405 1.6866066404e-02
f4p_hist housedisp 406 1.8006998439e-02
f4p_hist housedisp 407 1.8316744502e-02
f4p_hist housedisp 408 2.0399182017e-02
f4p_hist housedisp 409 1.9766798052e-02
f4p_hist housedisp 410 2.0834525163e-02
f4p_hist housedisp 411 2.0987184172e-02
f4p_hist housedisp 412 2.3656659484e-02
f4p_hist housedisp 413 2.2420225660e-02
f4p_hist housedisp 414 2.3305585748e-02
f4p_hist housedisp 415 2.3240088983e-02
f4p_hist housedisp 416 2.5809426628e-02
f4p_hist housedisp 417 2.3673046690e-02
f4p_hist housedisp 418 2.4563183641e-02
f4p_hist housedisp 419 2.3952575609e-02
f4p_hist housedisp 420 2.6997084364e-02
f4p_hist housedisp 421 2.4027453352e-02
f4p_hist housedisp 422 2.4667049352e-02
f4p_hist housedisp 423 2.3294590549e-02
f4p_hist housedisp 424 2.6152243264e-02
f4p_hist housedisp 425 2.2442969713e-02
f4p_hist housedisp 426 2.2814034274e-02
f4p_hist housedisp 427 2.0851600454e-02
f4p_hist housedisp 428 2.4108486586e-02
f4p_hist housedisp 429 1.9377237605e-02
f4p_hist housedisp 430 1.9171733882e-02
f4p_hist housedisp 431 1.6597023993e-02
f4p_hist housedisp 432 2.0066528927e-02
f4p_hist housedisp 433 1.4417102903e-02
f4p_hist housedisp 434 1.4045400299e-02
f4p_hist housedisp 435 1.1957243757e-02
f4p_hist housedisp 436 1.4917563771e-02
f4p_hist housedisp 437 9.3825990259e-03
f4p_hist housedisp 438 8.9725953265e-03
f4p_hist housedisp 439 6.8890134859e-03
f4p_hist housedisp 440 9.4785165303e-03
f4p_hist housedisp 441 4.5728077002e-03
f4p_hist housedisp 442 4.3117404064e-03
f4p_hist housedisp 443 3.0199475837e-03
f4p_hist housedisp 444 4.9467349056e-03
f4p_hist housedisp 445 1.5030232829e-03
f4p_hist housedisp 446 1.2352105427e-03
f4p_hist housedisp 447 5.7455245989e-04
f4p_hist housedisp 448 2.4066362963e-03
f4p_hist trigram_runs 1 3.1987988890e-02
f4p_hist trigram_runs 2 7.3850838045e-01
f4p_hist trigram_runs 3 2.1103080536e-01
f4p_hist trigram_runs 4 1.7468458530e-02
f4p_hist trigram_runs 5 9.6514347720e-04
f4p_hist trigram_runs 6 3.8423682879e-05
f4p_hist trigram_runs 7 7.9960976714e-07
f4p_hist nuclear_adj 4 2.5562292438e-01
f4p_hist nuclear_adj 5 4.0009249744e-01
f4p_hist nuclear_adj 6 2.4816683382e-01
f4p_hist nuclear_adj 7 7.9068032844e-02
f4p_hist nuclear_adj 8 1.5094234404e-02
f4p_hist nuclear_adj 9 1.8025760845e-03
f4p_hist nuclear_adj 10 1.4670299247e-04
f4p_hist nuclear_adj 11 6.1980369661e-06
f4p_hist yang_drift 5434 1.2535859292e-07
f4p_hist yang_drift 5457 8.2038101156e-07
f4p_hist yang_drift 5481 2.6053281138e-06
f4p_hist yang_drift 5505 2.1337693021e-05
f4p_hist yang_drift 5528 6.2274961079e-05
f4p_hist yang_drift 5552 1.6063629017e-04
f4p_hist yang_drift 5575 3.5438461116e-04
f4p_hist yang_drift 5599 7.6487418684e-04
f4p_hist yang_drift 5623 1.4525983572e-03
f4p_hist yang_drift 5646 2.4441251089e-03
f4p_hist yang_drift 5670 4.0322201080e-03
f4p_hist yang_drift 5694 5.3940851047e-03
f4p_hist yang_drift 5717 8.3451813232e-03
f4p_hist yang_drift 5741 1.1401266181e-02
f4p_hist yang_drift 5764 1.5040966784e-02
f4p_hist yang_drift 5788 1.9255515626e-02
f4p_hist yang_drift 5812 2.1597649959e-02
f4p_hist yang_drift 5835 2.8322435397e-02
f4p_hist yang_drift 5859 3.3132832166e-02
f4p_hist yang_drift 5883 3.8634774726e-02
f4p_hist yang_drift 5906 4.3138096284e-02
f4p_hist yang_drift 5930 4.3299537721e-02
f4p_hist yang_drift 5953 5.1055535921e-02
f4p_hist yang_drift 5977 5.4269905558e-02
f4p_hist yang_drift 6001 5.6003045804e-02
f4p_hist yang_drift 6024 5.7471327879e-02
f4p_hist yang_drift 6048 5.7413775421e-02
f4p_hist yang_drift 6072 5.1838922867e-02
f4p_hist yang_drift 6095 5.5103179353e-02
f4p_hist yang_drift 6119 5.2144761257e-02
f4p_hist yang_drift 6143 4.8302483123e-02
f4p_hist yang_drift 6166 4.4071307567e-02
f4p_hist yang_drift 6190 3.6146635244e-02
f4p_hist yang_drift 6213 3.4498564004e-02
f4p_hist yang_drift 6237 2.9584137149e-02
f4p_hist yang_drift 6261 2.4704598286e-02
f4p_hist yang_drift 6284 1.9761811095e-02
f4p_hist yang_drift 6308 1.5472591581e-02
f4p_hist yang_drift 6332 1.0830082387e-02
f4p_hist yang_drift 6355 8.8326047781e-03
f4p_hist yang_drift 6379 6.1669974466e-03
f4p_hist yang_drift 6402 4.1292912228e-03
f4p_hist yang_drift 6426 2.5591090990e-03
f4p_hist yang_drift 6450 1.3678913231e-03
f4p_hist yang_drift 6473 8.2086310165e-04
f4p_hist yang_drift 6497 3.6643420694e-04
f4p_hist yang_drift 6521 1.5754550491e-04
f4p_hist yang_drift 6544 5.0411802830e-05
f4p_hist yang_drift 6568 1.3273786528e-05
f4p_hist yang_drift 6591 3.1187965264e-06
f4p_hist yang_drift 6615 1.3426214687e-06
f4p_hist yang_drift 6639 1.0815788006e-07
f4p_hist dist_runs 1 2.4787521019e-04
f4p_hist dist_runs 2 9.5821524810e-03
f4p_hist dist_runs 3 4.2620840089e-01
f4p_hist dist_runs 4 2.0542803998e-01
f4p_hist dist_runs 5 2.7819751164e-01
f4p_hist dist_runs 6 3.6280874521e-02
f4p_hist dist_runs 7 3.6527083255e-02
f4p_hist dist_runs 8 3.4975854210e-03
f4p_hist dist_runs 9 3.4814283236e-03
f4p_hist dist_runs 10 2.5188109319e-04
f4p_hist dist_runs 11 2.6857993398e-04
f4p_hist dist_runs 12 1.2858686159e-05
f4p_hist dist_runs 13 1.3518983238e-05
f4p_hist dist_runs 14 9.1623940816e-07
f4p_hist dist_runs 15 1.2853622879e-06
f4p_hist dist_runs 16 7.9783713053e-09
f4p_hist palspan 3 4.9483602942e-04
f4p_hist palspan 4 1.3967170789e-03
f4p_hist palspan 5 2.5225368677e-03
f4p_hist palspan 6 3.6873881594e-03
f4p_hist palspan 7 5.0692360129e-03
f4p_hist palspan 8 6.5754424138e-03
f4p_hist palspan 9 8.3436803828e-03
f4p_hist palspan 10 1.0127962919e-02
f4p_hist palspan 11 1.1772078587e-02
f4p_hist palspan 12 1.3981784676e-02
f4p_hist palspan 13 1.5978399222e-02
f4p_hist palspan 14 1.8528370979e-02
f4p_hist palspan 15 2.0902003940e-02
f4p_hist palspan 16 2.3377560133e-02
f4p_hist palspan 17 2.6396716112e-02
f4p_hist palspan 18 2.9430329270e-02
f4p_hist palspan 19 3.2902073144e-02
f4p_hist palspan 20 3.6904856941e-02
f4p_hist palspan 21 4.0815115316e-02
f4p_hist palspan 22 4.5743088990e-02
f4p_hist palspan 23 5.0794323493e-02
f4p_hist palspan 24 5.6937109546e-02
f4p_hist palspan 25 6.3696489190e-02
f4p_hist palspan 26 7.1479038473e-02
f4p_hist palspan 27 8.0755096622e-02
f4p_hist palspan 28 9.2003867368e-02
f4p_hist palspan 29 1.0809429815e-01
f4p_hist palspan 30 1.2128959999e-01
f4p_hist comp_adj 1 4.5079445515e-01
f4p_hist comp_adj 2 3.8791362947e-01
f4p_hist comp_adj 3 1.3404367156e-01
f4p_hist comp_adj 4 2.4428268798e-02
f4p_hist comp_adj 5 2.6225343957e-03
f4p_hist comp_adj 6 1.9001951282e-04
f4p_hist comp_adj 7 7.4211069315e-06
f4p_hist house_balance 0 2.9809017858e-05
f4p_hist house_balance 2 1.5929300974e-03
f4p_hist house_balance 4 1.6200367645e-02
f4p_hist house_balance 6 6.8654693080e-02
f4p_hist house_balance 8 1.5872171274e-01
f4p_hist house_balance 10 2.2992977771e-01
f4p_hist house_balance 12 2.2614918194e-01
f4p_hist house_balance 14 1.6202909989e-01
f4p_hist house_balance 16 8.6909971313e-02
f4p_hist house_balance 18 3.5219128306e-02
f4p_hist house_balance 20 1.1223211840e-02
f4p_hist house_balance 22 2.7176452134e-03
f4p_hist house_balance 24 5.4491577109e-04
f4p_hist house_balance 26 7.1460666505e-05
f4p_hist house_balance 28 5.6888133294e-06
f4p_hist house_balance 30 4.0594455455e-07
f4p_hist par_switch 30 1.0000000000e+00
f4p_hist dist_autocorr 611 8.2862224703e-07
f4p_hist dist_autocorr 615 2.2625541417e-05
f4p_hist dist_autocorr 620 1.1039166916e-04
f4p_hist dist_autocorr 624 3.6230559992e-04
f4p_hist dist_autocorr 629 1.0882602224e-03
f4p_hist dist_autocorr 633 5.5664024888e-03
f4p_hist dist_autocorr 638 9.3947975800e-03
f4p_hist dist_autocorr 642 1.7881769939e-02
f4p_hist dist_autocorr 647 3.0736327088e-02
f4p_hist dist_autocorr 651 4.7485932446e-02
f4p_hist dist_autocorr 655 1.0931456300e-01
f4p_hist dist_autocorr 660 9.7336068560e-02
f4p_hist dist_autocorr 664 1.1181180119e-01
f4p_hist dist_autocorr 669 1.1748025264e-01
f4p_hist dist_autocorr 673 1.6756545422e-01
f4p_hist dist_autocorr 678 9.3604805844e-02
f4p_hist dist_autocorr 682 7.2561837897e-02
f4p_hist dist_autocorr 686 5.1660019363e-02
f4p_hist dist_autocorr 691 3.2579674943e-02
f4p_hist dist_autocorr 695 2.3818730668e-02
f4p_hist dist_autocorr 700 6.1049772336e-03
f4p_hist dist_autocorr 704 2.4774435261e-03
f4p_hist dist_autocorr 709 7.6831919648e-04
f4p_hist dist_autocorr 713 2.1867282485e-04
f4p_hist dist_autocorr 717 4.4560253951e-05
f4p_hist dist_autocorr 722 2.3503074146e-06
f4p_hist dist_autocorr 726 8.2714476195e-07
f4p_hist front_load 78 7.6880309048e-09
f4p_hist front_load 79 3.6558849572e-08
f4p_hist front_load 80 1.8246551014e-07
f4p_hist front_load 81 2.9807160343e-07
f4p_hist front_load 82 2.6918514392e-06
f4p_hist front_load 83 3.9877752607e-06
f4p_hist front_load 84 3.1805408865e-05
f4p_hist front_load 85 4.1202684743e-05
f4p_hist front_load 86 1.5022172379e-04
f4p_hist front_load 87 1.9228185729e-04
f4p_hist front_load 88 5.6533273676e-04
f4p_hist front_load 89 6.7772897991e-04
f4p_hist front_load 90 1.8369696109e-03
f4p_hist front_load 91 2.0730414616e-03
f4p_hist front_load 92 4.9181375866e-03
f4p_hist front_load 93 5.6042560650e-03
f4p_hist front_load 94 1.1448903789e-02
f4p_hist front_load 95 1.2499717058e-02
f4p_hist front_load 96 2.1906209156e-02
f4p_hist front_load 97 2.3606402524e-02
f4p_hist front_load 98 3.6340849183e-02
f4p_hist front_load 99 3.8570864931e-02
f4p_hist front_load 100 5.2777935923e-02
f4p_hist front_load 101 5.5602765643e-02
f4p_hist front_load 102 6.6437803033e-02
f4p_hist front_load 103 6.9240535867e-02
f4p_hist front_load 104 7.3349972784e-02
f4p_hist front_load 105 7.5078893799e-02
f4p_hist front_load 106 7.0108790516e-02
f4p_hist front_load 107 7.0934089958e-02
f4p_hist front_load 108 5.8753731236e-02
f4p_hist front_load 109 5.8449552373e-02
f4p_hist front_load 110 4.2874734933e-02
f4p_hist front_load 111 4.2540687393e-02
f4p_hist front_load 112 2.7308506533e-02
f4p_hist front_load 113 2.6251192463e-02
f4p_hist front_load 114 1.5000814498e-02
f4p_hist front_load 115 1.4133255187e-02
f4p_hist front_load 116 6.9829754026e-03
f4p_hist front_load 117 6.3902534553e-03
f4p_hist front_load 118 2.6163185852e-03
f4p_hist front_load 119 2.4796570967e-03
f4p_hist front_load 120 8.4249600307e-04
f4p_hist front_load 121 7.7094688760e-04
f4p_hist front_load 122 2.6550904939e-04
f4p_hist front_load 123 2.1360533332e-04
f4p_hist front_load 124 6.3101485676e-05
f4p_hist front_load 125 4.4325054038e-05
f4p_hist front_load 126 1.1843076560e-05
f4p_hist front_load 127 3.6247806935e-06
f4p_hist front_load 128 9.3181589550e-07
f4p_hist front_load 129 2.0667167952e-08
f4p_hist value_trend 780 1.5668824166e-06
f4p_hist value_trend 787 9.6234753166e-07
f4p_hist value_trend 791 3.8177892495e-06
f4p_hist value_trend 795 1.1327098306e-06
f4p_hist value_trend 799 2.7363508107e-06
f4p_hist value_trend 803 4.8577147781e-06
f4p_hist value_trend 807 4.4537575092e-06
f4p_hist value_trend 811 1.1147859725e-05
f4p_hist value_trend 815 2.8199720593e-05
f4p_hist value_trend 819 3.3057112068e-05
f4p_hist value_trend 823 4.8740485785e-05
f4p_hist value_trend 827 6.4588909057e-05
f4p_hist value_trend 831 1.1813644292e-04
f4p_hist value_trend 835 1.6870537094e-04
f4p_hist value_trend 839 2.1768373403e-04
f4p_hist value_trend 843 2.2299223638e-04
f4p_hist value_trend 846 3.9087925498e-04
f4p_hist value_trend 850 5.0302390013e-04
f4p_hist value_trend 854 6.5060046111e-04
f4p_hist value_trend 858 8.5427452791e-04
f4p_hist value_trend 862 1.0087297813e-03
f4p_hist value_trend 866 1.3145166769e-03
f4p_hist value_trend 870 1.6195467011e-03
f4p_hist value_trend 874 2.0008581287e-03
f4p_hist value_trend 878 2.4257304513e-03
f4p_hist value_trend 882 2.7979881972e-03
f4p_hist value_trend 886 3.3470952842e-03
f4p_hist value_trend 890 3.9217591605e-03
f4p_hist value_trend 894 4.5889711477e-03
f4p_hist value_trend 898 5.2779701080e-03
f4p_hist value_trend 902 5.7535367766e-03
f4p_hist value_trend 906 6.6510675193e-03
f4p_hist value_trend 910 5.6280512209e-03
f4p_hist value_trend 913 8.2347809935e-03
f4p_hist value_trend 917 9.0947415620e-03
f4p_hist value_trend 921 9.9679298138e-03
f4p_hist value_trend 925 1.0788608517e-02
f4p_hist value_trend 929 1.1988246672e-02
f4p_hist value_trend 933 1.3222058095e-02
f4p_hist value_trend 937 1.4185052256e-02
f4p_hist value_trend 941 1.5187523814e-02
f4p_hist value_trend 945 1.6161011151e-02
f4p_hist value_trend 949 1.7143688482e-02
f4p_hist value_trend 953 1.8181296582e-02
f4p_hist value_trend 957 1.9199206756e-02
f4p_hist value_trend 961 2.0292015877e-02
f4p_hist value_trend 965 2.1184876756e-02
f4p_hist value_trend 969 2.1647943991e-02
f4p_hist value_trend 973 1.7045339880e-02
f4p_hist value_trend 976 2.3166001217e-02
f4p_hist value_trend 980 2.3731059061e-02
f4p_hist value_trend 984 2.4799134298e-02
f4p_hist value_trend 988 2.5062787289e-02
f4p_hist value_trend 992 2.5446734299e-02
f4p_hist value_trend 996 2.5832246967e-02
f4p_hist value_trend 1000 2.6059790468e-02
f4p_hist value_trend 1004 2.6224423370e-02
f4p_hist value_trend 1008 2.6238457126e-02
f4p_hist value_trend 1012 2.6408684953e-02
f4p_hist value_trend 1016 2.6279911296e-02
f4p_hist value_trend 1020 2.5781629524e-02
f4p_hist value_trend 1024 2.5472297079e-02
f4p_hist value_trend 1028 2.4818957030e-02
f4p_hist value_trend 1032 2.4485615831e-02
f4p_hist value_trend 1036 2.3669516853e-02
f4p_hist value_trend 1040 1.7390103734e-02
f4p_hist value_trend 1043 2.2446188128e-02
f4p_hist value_trend 1047 2.1459948045e-02
f4p_hist value_trend 1051 2.0574496190e-02
f4p_hist value_trend 1055 1.9808589822e-02
f4p_hist value_trend 1059 1.8570857150e-02
f4p_hist value_trend 1063 1.7627617399e-02
f4p_hist value_trend 1067 1.6811852941e-02
f4p_hist value_trend 1071 1.5664301900e-02
f4p_hist value_trend 1075 1.4652803455e-02
f4p_hist value_trend 1079 1.3439901455e-02
f4p_hist value_trend 1083 1.2593188329e-02
f4p_hist value_trend 1087 1.1712389229e-02
f4p_hist value_trend 1091 1.0451314843e-02
f4p_hist value_trend 1095 9.4379714571e-03
f4p_hist value_trend 1099 8.5717094960e-03
f4p_hist value_trend 1103 5.7889815912e-03
f4p_hist value_trend 1106 6.8418386406e-03
f4p_hist value_trend 1110 6.1317322046e-03
f4p_hist value_trend 1114 5.4526860107e-03
f4p_hist value_trend 1118 4.7674294215e-03
f4p_hist value_trend 1122 4.1426752826e-03
f4p_hist value_trend 1126 3.5203715344e-03
f4p_hist value_trend 1130 2.9516915649e-03
f4p_hist value_trend 1134 2.5902817946e-03
f4p_hist value_trend 1138 2.1658825572e-03
f4p_hist value_trend 1142 1.7867033728e-03
f4p_hist value_trend 1146 1.4086643867e-03
f4p_hist value_trend 1150 1.0953521547e-03
f4p_hist value_trend 1154 8.7585728473e-04
f4p_hist value_trend 1158 6.7304918558e-04
f4p_hist value_trend 1162 5.5218681809e-04
f4p_hist value_trend 1166 4.0123903501e-04
f4p_hist value_trend 1170 2.3312879513e-04
f4p_hist value_trend 1173 2.4463761295e-04
f4p_hist value_trend 1177 1.5702517119e-04
f4p_hist value_trend 1181 1.1530757633e-04
f4p_hist value_trend 1185 9.3516388463e-05
f4p_hist value_trend 1189 5.4337574585e-05
f4p_hist value_trend 1193 2.4385087025e-05
f4p_hist value_trend 1197 1.7372004565e-05
f4p_hist value_trend 1201 1.5868356075e-05
f4p_hist value_trend 1205 9.8346835379e-06
f4p_hist value_trend 1209 2.7862973001e-06
f4p_hist value_trend 1213 1.3680484454e-06
f4p_hist value_trend 1217 4.3807849494e-07
f4p_hist value_trend 1221 9.6263051032e-07
f4p_hist value_trend 1225 2.2870331920e-07
f4p_hist wrap_class 1 1.7466158312e-01
f4p_hist wrap_class 3 6.5168299695e-01
f4p_hist wrap_class 5 1.7365541993e-01
