[knuth] R3 permutation-cycle scoring ACTIVE (13 frozen functionals, R3_PERMUTATION_OBSERVABLE_PREREG_2026_07_09; orientation-bearing leaves; cycle observables per Ge 2026; REPORT-ONLY; KW gate solve.py --perm-verify)
[knuth] 2000000000 probes, 32 threads, 0 prefix level(s)
KNUTH-ESTIMATE probes=2000000000 threads=32 start_step=1 prefix_levels=0
  tree_nodes            : est=2.087365e+40  95%CI=[2.0871e+40, 2.0876e+40]  relerr=0.01%  hitrate=1
  leaves_C1C2C4C5       : est=1.096517e+39  95%CI=[1.0959e+39, 1.0972e+39]  relerr=0.03%  hitrate=0.0144
  leaves_canonical_C1C5 : est=1.327511e+38  95%CI=[1.3252e+38, 1.3298e+38]  relerr=0.09%  hitrate=0.0018
  [perm 01 perm_ncyc_bot] mean=4.712376 min=1 max=16 kw=7 below=0.84806881 at=0.08840103 above=0.06353016
  [perm 02 perm_lcyc_bot] mean=40.295878 min=9 max=64 kw=33 below=0.31321960 at=0.03026864 above=0.65651176
  [perm 03 perm_fix_bot ] mean=0.984543 min=0 max=9 kw=1 below=0.36922461 at=0.37212618 above=0.25864922
  [perm 04 perm_c2_bot  ] mean=0.472003 min=0 max=7 kw=1 below=0.62385648 at=0.29413907 above=0.08200446
  [perm 05 perm_ord_bot ] mean=3090.892125 min=14 max=2042040 kw=1320 below=0.64487162 at=0.00382633 above=0.35130205
  [perm 06 perm_desc_bot] mean=31.479494 min=22 max=42 kw=31 below=0.32752327 at=0.17624951 above=0.49622722
  [perm 07 perm_sign    ] mean=0.500252 min=0 max=1 kw=1 below=0.49974764 at=0.50025236 above=0.00000000
  [perm 08 perm_ncyc_top] mean=4.712996 min=1 max=16 kw=3 below=0.09052150 at=0.16484190 above=0.74463660
  [perm 09 perm_lcyc_top] mean=40.294896 min=9 max=64 kw=52 below=0.77433767 at=0.01917323 above=0.20648909
  [perm 10 perm_fix_top ] mean=0.984412 min=0 max=10 kw=0 below=0.00000000 at=0.36897522 above=0.63102478
  [perm 11 perm_c2_top  ] mean=0.471652 min=0 max=7 kw=1 below=0.62400455 at=0.29422568 above=0.08176977
  [perm 12 perm_ord_top ] mean=3091.551161 min=12 max=1141140 kw=260 below=0.26651474 at=0.00326860 above=0.73021666
  [perm 13 perm_desc_top] mean=31.477201 min=21 max=43 kw=30 below=0.18293363 at=0.14517547 above=0.67189089
  [perm type-match] bot=5.2145492818e-06 top=9.1002797957e-04 (report-only, data-like; no p-value, no verdict)
perm_hist perm_ncyc_bot 1 1.5779380186e-02
perm_hist perm_ncyc_bot 2 7.5402343578e-02
perm_hist perm_ncyc_bot 3 1.6456641656e-01
perm_hist perm_ncyc_bot 4 2.2340884869e-01
perm_hist perm_ncyc_bot 5 2.1427850962e-01
perm_hist perm_ncyc_bot 6 1.5463331451e-01
perm_hist perm_ncyc_bot 7 8.8401031471e-02
perm_hist perm_ncyc_bot 8 4.0758936018e-02
perm_hist perm_ncyc_bot 9 1.5733879980e-02
perm_hist perm_ncyc_bot 10 5.1782849582e-03
perm_hist perm_ncyc_bot 11 1.4211103224e-03
perm_hist perm_ncyc_bot 12 3.4848648252e-04
perm_hist perm_ncyc_bot 13 7.0013836744e-05
perm_hist perm_ncyc_bot 14 1.7318213753e-05
perm_hist perm_ncyc_bot 15 2.0181339329e-06
perm_hist perm_ncyc_bot 16 1.0744492867e-07
perm_hist perm_lcyc_bot 9 2.0881023226e-06
perm_hist perm_lcyc_bot 10 7.4270301004e-06
perm_hist perm_lcyc_bot 11 4.7767974403e-05
perm_hist perm_lcyc_bot 12 1.6480890796e-04
perm_hist perm_lcyc_bot 13 4.1552200025e-04
perm_hist perm_lcyc_bot 14 8.8736359494e-04
perm_hist perm_lcyc_bot 15 1.7430110379e-03
perm_hist perm_lcyc_bot 16 2.8124196054e-03
perm_hist perm_lcyc_bot 17 4.4052149362e-03
perm_hist perm_lcyc_bot 18 6.2420535401e-03
perm_hist perm_lcyc_bot 19 8.2707655242e-03
perm_hist perm_lcyc_bot 20 1.0454553351e-02
perm_hist perm_lcyc_bot 21 1.3061347536e-02
perm_hist perm_lcyc_bot 22 1.5482499512e-02
perm_hist perm_lcyc_bot 23 1.7818959889e-02
perm_hist perm_lcyc_bot 24 1.9882427294e-02
perm_hist perm_lcyc_bot 25 2.1624641216e-02
perm_hist perm_lcyc_bot 26 2.3231801969e-02
perm_hist perm_lcyc_bot 27 2.4900944874e-02
perm_hist perm_lcyc_bot 28 2.6199197691e-02
perm_hist perm_lcyc_bot 29 2.7069362082e-02
perm_hist perm_lcyc_bot 30 2.8659754296e-02
perm_hist perm_lcyc_bot 31 2.9457146219e-02
perm_hist perm_lcyc_bot 32 3.0378523663e-02
perm_hist perm_lcyc_bot 33 3.0268639929e-02
perm_hist perm_lcyc_bot 34 2.9570426004e-02
perm_hist perm_lcyc_bot 35 2.8682753709e-02
perm_hist perm_lcyc_bot 36 2.7976520025e-02
perm_hist perm_lcyc_bot 37 2.7207485359e-02
perm_hist perm_lcyc_bot 38 2.6506671119e-02
perm_hist perm_lcyc_bot 39 2.5746058076e-02
perm_hist perm_lcyc_bot 40 2.4891009542e-02
perm_hist perm_lcyc_bot 41 2.4341127739e-02
perm_hist perm_lcyc_bot 42 2.3634808099e-02
perm_hist perm_lcyc_bot 43 2.3117566890e-02
perm_hist perm_lcyc_bot 44 2.2920790902e-02
perm_hist perm_lcyc_bot 45 2.2418234490e-02
perm_hist perm_lcyc_bot 46 2.1818691193e-02
perm_hist perm_lcyc_bot 47 2.1267313443e-02
perm_hist perm_lcyc_bot 48 2.0778974531e-02
perm_hist perm_lcyc_bot 49 2.0339918682e-02
perm_hist perm_lcyc_bot 50 1.9782406296e-02
perm_hist perm_lcyc_bot 51 1.9703103773e-02
perm_hist perm_lcyc_bot 52 1.9179284084e-02
perm_hist perm_lcyc_bot 53 1.8832729025e-02
perm_hist perm_lcyc_bot 54 1.8514381517e-02
perm_hist perm_lcyc_bot 55 1.8253934849e-02
perm_hist perm_lcyc_bot 56 1.7864442917e-02
perm_hist perm_lcyc_bot 57 1.7682309435e-02
perm_hist perm_lcyc_bot 58 1.7113782535e-02
perm_hist perm_lcyc_bot 59 1.6979453640e-02
perm_hist perm_lcyc_bot 60 1.6711643911e-02
perm_hist perm_lcyc_bot 61 1.6500517560e-02
perm_hist perm_lcyc_bot 62 1.5935292590e-02
perm_hist perm_lcyc_bot 63 1.6460746102e-02
perm_hist perm_lcyc_bot 64 1.5779380186e-02
perm_hist perm_fix_bot 0 3.6922460716e-01
perm_hist perm_fix_bot 1 3.7212617587e-01
perm_hist perm_fix_bot 2 1.8343221556e-01
perm_hist perm_fix_bot 3 5.8708809263e-02
perm_hist perm_fix_bot 4 1.3575771984e-02
perm_hist perm_fix_bot 5 2.5270238256e-03
perm_hist perm_fix_bot 6 3.5637793118e-04
perm_hist perm_fix_bot 7 4.2744799815e-05
perm_hist perm_fix_bot 8 6.0093060603e-06
perm_hist perm_fix_bot 9 2.6429760349e-07
perm_hist perm_c2_bot 0 6.2385647518e-01
perm_hist perm_c2_bot 1 2.9413906572e-01
perm_hist perm_c2_bot 2 6.9712240033e-02
perm_hist perm_c2_bot 3 1.0856917904e-02
perm_hist perm_c2_bot 4 1.3195653466e-03
perm_hist perm_c2_bot 5 1.0386980135e-04
perm_hist perm_c2_bot 6 1.1754047122e-05
perm_hist perm_c2_bot 7 1.1196514327e-07
perm_hist perm_ord_bot 1 8.3771328644e-01
perm_hist perm_ord_bot 3989 8.3126367333e-02
perm_hist perm_ord_bot 7977 2.7960714448e-02
perm_hist perm_ord_bot 11966 1.5292712760e-02
perm_hist perm_ord_bot 15954 9.2470278479e-03
perm_hist perm_ord_bot 19942 5.7649162014e-03
perm_hist perm_ord_bot 23931 4.4113120531e-03
perm_hist perm_ord_bot 27919 3.1292788925e-03
perm_hist perm_ord_bot 31907 2.1905251433e-03
perm_hist perm_ord_bot 35896 1.8976169760e-03
perm_hist perm_ord_bot 39884 1.2279095422e-03
perm_hist perm_ord_bot 43872 1.0680714226e-03
perm_hist perm_ord_bot 47861 8.7161107011e-04
perm_hist perm_ord_bot 51849 8.0962625059e-04
perm_hist perm_ord_bot 55838 4.5979657805e-04
perm_hist perm_ord_bot 59826 5.8298026595e-04
perm_hist perm_ord_bot 63814 3.0940419305e-04
perm_hist perm_ord_bot 67803 3.0713654513e-04
perm_hist perm_ord_bot 71791 2.9214797419e-04
perm_hist perm_ord_bot 75779 3.2963673283e-04
perm_hist perm_ord_bot 79768 2.2647869467e-04
perm_hist perm_ord_bot 83756 1.8403240809e-04
perm_hist perm_ord_bot 87744 2.4033045671e-04
perm_hist perm_ord_bot 91733 1.8556547011e-04
perm_hist perm_ord_bot 95721 1.1715914599e-04
perm_hist perm_ord_bot 99709 1.7111375890e-04
perm_hist perm_ord_bot 103698 2.2123399446e-04
perm_hist perm_ord_bot 107686 8.3915294814e-05
perm_hist perm_ord_bot 111675 6.5116272346e-05
perm_hist perm_ord_bot 115663 9.8347769342e-05
perm_hist perm_ord_bot 119651 9.8076858930e-05
perm_hist perm_ord_bot 123640 8.4683607446e-05
perm_hist perm_ord_bot 127628 7.1159239329e-05
perm_hist perm_ord_bot 131616 7.0477943768e-05
perm_hist perm_ord_bot 135605 1.1701711231e-04
perm_hist perm_ord_bot 139593 4.0711845524e-05
perm_hist perm_ord_bot 143581 5.4371051879e-05
perm_hist perm_ord_bot 147570 5.3522468423e-05
perm_hist perm_ord_bot 151558 2.9661319034e-05
perm_hist perm_ord_bot 155547 9.1989910822e-05
perm_hist perm_ord_bot 159535 2.9917835376e-05
perm_hist perm_ord_bot 163523 3.6757271548e-05
perm_hist perm_ord_bot 167512 2.1898452807e-05
perm_hist perm_ord_bot 171500 1.2881464616e-05
perm_hist perm_ord_bot 175488 4.4083127358e-05
perm_hist perm_ord_bot 179477 4.2208670574e-05
perm_hist perm_ord_bot 183465 2.8748373420e-05
perm_hist perm_ord_bot 187453 3.3388568855e-05
perm_hist perm_ord_bot 191442 3.3791795041e-06
perm_hist perm_ord_bot 195430 3.3098765674e-05
perm_hist perm_ord_bot 199418 9.1075453713e-06
perm_hist perm_ord_bot 203407 2.0891827968e-05
perm_hist perm_ord_bot 207395 2.0352332515e-05
perm_hist perm_ord_bot 211384 2.1549323805e-05
perm_hist perm_ord_bot 215372 1.4418522204e-05
perm_hist perm_ord_bot 219360 3.0880498875e-06
perm_hist perm_ord_bot 223349 5.1640130473e-06
perm_hist perm_ord_bot 227337 1.7780536902e-05
perm_hist perm_ord_bot 231325 3.7926646254e-06
perm_hist perm_ord_bot 235314 2.5163459324e-05
perm_hist perm_ord_bot 239302 1.3054717569e-05
perm_hist perm_ord_bot 243290 1.1147264952e-05
perm_hist perm_ord_bot 247279 1.7630600740e-05
perm_hist perm_ord_bot 251267 9.6442257067e-06
perm_hist perm_ord_bot 255256 6.1112357155e-06
perm_hist perm_ord_bot 263232 9.8653009840e-06
perm_hist perm_ord_bot 267221 1.2429897406e-06
perm_hist perm_ord_bot 271209 8.0120727847e-06
perm_hist perm_ord_bot 275197 1.2405370318e-05
perm_hist perm_ord_bot 283174 8.7580277902e-07
perm_hist perm_ord_bot 291151 1.3917303304e-05
perm_hist perm_ord_bot 295139 8.3563044352e-06
perm_hist perm_ord_bot 299127 4.6249090473e-06
perm_hist perm_ord_bot 303116 6.3935378965e-06
perm_hist perm_ord_bot 311093 1.5583466274e-05
perm_hist perm_ord_bot 315081 6.5156728013e-06
perm_hist perm_ord_bot 319069 2.5069293225e-06
perm_hist perm_ord_bot 323058 8.9652863486e-06
perm_hist perm_ord_bot 327046 1.4269310658e-06
perm_hist perm_ord_bot 339011 7.5163480515e-06
perm_hist perm_ord_bot 342999 3.9633440910e-06
perm_hist perm_ord_bot 350976 6.5685402170e-06
perm_hist perm_ord_bot 358953 8.8277651863e-06
perm_hist perm_ord_bot 370918 4.5239791703e-06
perm_hist perm_ord_bot 374906 5.7144453462e-06
perm_hist perm_ord_bot 378895 2.5043918653e-07
perm_hist perm_ord_bot 390860 5.6662082203e-06
perm_hist perm_ord_bot 406813 1.0186625482e-05
perm_hist perm_ord_bot 414790 1.6748246833e-06
perm_hist perm_ord_bot 422767 1.6986957489e-06
perm_hist perm_ord_bot 434732 3.3669790206e-06
perm_hist perm_ord_bot 438720 5.6880382027e-07
perm_hist perm_ord_bot 454673 3.2677192426e-06
perm_hist perm_ord_bot 458662 3.3210515516e-06
perm_hist perm_ord_bot 470627 3.9475450115e-06
perm_hist perm_ord_bot 486580 3.4683171381e-06
perm_hist perm_ord_bot 494557 1.3405608403e-06
perm_hist perm_ord_bot 506522 4.0096237203e-06
perm_hist perm_ord_bot 526464 1.4767483150e-06
perm_hist perm_ord_bot 554382 1.5469477850e-06
perm_hist perm_ord_bot 570336 6.2811506773e-06
perm_hist perm_ord_bot 610219 2.0794609610e-06
perm_hist perm_ord_bot 622185 7.3018240919e-07
perm_hist perm_ord_bot 634150 6.3461915765e-07
perm_hist perm_ord_bot 678022 6.9521937786e-07
perm_hist perm_ord_bot 682010 8.5220801800e-07
perm_hist perm_ord_bot 689987 5.1715919423e-07
perm_hist perm_ord_bot 717905 2.6305466174e-06
perm_hist perm_ord_bot 745824 2.3314915039e-06
perm_hist perm_ord_bot 757789 4.2127230128e-07
perm_hist perm_ord_bot 761777 2.8079103762e-06
perm_hist perm_ord_bot 853509 2.9606518741e-06
perm_hist perm_ord_bot 873451 5.2027126760e-06
perm_hist perm_ord_bot 1017032 3.6353463159e-06
perm_hist perm_ord_bot 1140671 9.6827795544e-07
perm_hist perm_ord_bot 1527542 3.1889738103e-07
perm_hist perm_ord_bot 2038052 1.0341790564e-06
perm_hist perm_desc_bot 22 7.8845577133e-06
perm_hist perm_desc_bot 23 7.2518251292e-05
perm_hist perm_desc_bot 24 4.9435796798e-04
perm_hist perm_desc_bot 25 2.2035292866e-03
perm_hist perm_desc_bot 26 7.9849799694e-03
perm_hist perm_desc_bot 27 2.2965838875e-02
perm_hist perm_desc_bot 28 5.2476588300e-02
perm_hist perm_desc_bot 29 9.6865603192e-02
perm_hist perm_desc_bot 30 1.4445196763e-01
perm_hist perm_desc_bot 31 1.7624950804e-01
perm_hist perm_desc_bot 32 1.7591591374e-01
perm_hist perm_desc_bot 33 1.4217424488e-01
perm_hist perm_desc_bot 34 9.4775112047e-02
perm_hist perm_desc_bot 35 5.0738503211e-02
perm_hist perm_desc_bot 36 2.2287237077e-02
perm_hist perm_desc_bot 37 7.7116930877e-03
perm_hist perm_desc_bot 38 2.1048301737e-03
perm_hist perm_desc_bot 39 4.4507954710e-04
perm_hist perm_desc_bot 40 6.3632069091e-05
perm_hist perm_desc_bot 41 9.6415424053e-06
perm_hist perm_desc_bot 42 1.3365592118e-06
perm_hist perm_sign 0 4.9974763989e-01
perm_hist perm_sign 1 5.0025236011e-01
perm_hist perm_ncyc_top 1 1.6023859787e-02
perm_hist perm_ncyc_top 2 7.4497641058e-02
perm_hist perm_ncyc_top 3 1.6484190165e-01
perm_hist perm_ncyc_top 4 2.2346419320e-01
perm_hist perm_ncyc_top 5 2.1422917888e-01
perm_hist perm_ncyc_top 6 1.5535924701e-01
perm_hist perm_ncyc_top 7 8.8186636587e-02
perm_hist perm_ncyc_top 8 4.1012838540e-02
perm_hist perm_ncyc_top 9 1.5442333467e-02
perm_hist perm_ncyc_top 10 5.0313751424e-03
perm_hist perm_ncyc_top 11 1.4517213943e-03
perm_hist perm_ncyc_top 12 3.6621875227e-04
perm_hist perm_ncyc_top 13 7.5731353025e-05
perm_hist perm_ncyc_top 14 1.6024967317e-05
perm_hist perm_ncyc_top 15 9.9698901665e-07
perm_hist perm_ncyc_top 16 1.0121737003e-07
perm_hist perm_lcyc_top 9 1.5817144840e-06
perm_hist perm_lcyc_top 10 1.0859604884e-05
perm_hist perm_lcyc_top 11 4.9298291718e-05
perm_hist perm_lcyc_top 12 1.6519326593e-04
perm_hist perm_lcyc_top 13 4.4106294717e-04
perm_hist perm_lcyc_top 14 9.0366799405e-04
perm_hist perm_lcyc_top 15 1.6882047425e-03
perm_hist perm_lcyc_top 16 2.9060176277e-03
perm_hist perm_lcyc_top 17 4.4417856376e-03
perm_hist perm_lcyc_top 18 6.1645877176e-03
perm_hist perm_lcyc_top 19 8.2125509593e-03
perm_hist perm_lcyc_top 20 1.0653720189e-02
perm_hist perm_lcyc_top 21 1.2903751353e-02
perm_hist perm_lcyc_top 22 1.5370239346e-02
perm_hist perm_lcyc_top 23 1.8051323443e-02
perm_hist perm_lcyc_top 24 1.9772458905e-02
perm_hist perm_lcyc_top 25 2.1716672886e-02
perm_hist perm_lcyc_top 26 2.3328177281e-02
perm_hist perm_lcyc_top 27 2.4744033301e-02
perm_hist perm_lcyc_top 28 2.6145851796e-02
perm_hist perm_lcyc_top 29 2.7538645505e-02
perm_hist perm_lcyc_top 30 2.8545463594e-02
perm_hist perm_lcyc_top 31 2.9696425618e-02
perm_hist perm_lcyc_top 32 3.0800884413e-02
perm_hist perm_lcyc_top 33 3.0198463021e-02
perm_hist perm_lcyc_top 34 2.9305977443e-02
perm_hist perm_lcyc_top 35 2.8323498588e-02
perm_hist perm_lcyc_top 36 2.7711091362e-02
perm_hist perm_lcyc_top 37 2.6955219743e-02
perm_hist perm_lcyc_top 38 2.6255313056e-02
perm_hist perm_lcyc_top 39 2.5468107381e-02
perm_hist perm_lcyc_top 40 2.4892474906e-02
perm_hist perm_lcyc_top 41 2.4577640653e-02
perm_hist perm_lcyc_top 42 2.3794017528e-02
perm_hist perm_lcyc_top 43 2.3437172006e-02
perm_hist perm_lcyc_top 44 2.2799624039e-02
perm_hist perm_lcyc_top 45 2.2021835640e-02
perm_hist perm_lcyc_top 46 2.1711306387e-02
perm_hist perm_lcyc_top 47 2.1544381813e-02
perm_hist perm_lcyc_top 48 2.0871841828e-02
perm_hist perm_lcyc_top 49 2.0412117282e-02
perm_hist perm_lcyc_top 50 2.0051025724e-02
perm_hist perm_lcyc_top 51 1.9754107179e-02
perm_hist perm_lcyc_top 52 1.9173233655e-02
perm_hist perm_lcyc_top 53 1.8810139212e-02
perm_hist perm_lcyc_top 54 1.8543454698e-02
perm_hist perm_lcyc_top 55 1.8135741539e-02
perm_hist perm_lcyc_top 56 1.7775980353e-02
perm_hist perm_lcyc_top 57 1.7532659609e-02
perm_hist perm_lcyc_top 58 1.7286800441e-02
perm_hist perm_lcyc_top 59 1.7048190972e-02
perm_hist perm_lcyc_top 60 1.6761371209e-02
perm_hist perm_lcyc_top 61 1.6318623932e-02
perm_hist perm_lcyc_top 62 1.6029426330e-02
perm_hist perm_lcyc_top 63 1.6222844551e-02
perm_hist perm_lcyc_top 64 1.6023859787e-02
perm_hist perm_fix_top 0 3.6897522190e-01
perm_hist perm_fix_top 1 3.7224578070e-01
perm_hist perm_fix_top 2 1.8378312651e-01
perm_hist perm_fix_top 3 5.8719944270e-02
perm_hist perm_fix_top 4 1.3419490103e-02
perm_hist perm_fix_top 5 2.4303354411e-03
perm_hist perm_fix_top 6 3.7987266493e-04
perm_hist perm_fix_top 7 3.9224161739e-05
perm_hist perm_fix_top 8 6.4334982463e-06
perm_hist perm_fix_top 9 5.1737692741e-07
perm_hist perm_fix_top 10 5.3364903624e-08
perm_hist perm_c2_top 0 6.2400454645e-01
perm_hist perm_c2_top 1 2.9422568272e-01
perm_hist perm_c2_top 2 6.9479772834e-02
perm_hist perm_c2_top 3 1.0850391494e-02
perm_hist perm_c2_top 4 1.2984106452e-03
perm_hist perm_c2_top 5 1.2659306824e-04
perm_hist perm_c2_top 6 1.3045934061e-05
perm_hist perm_c2_top 7 1.5568496877e-06
perm_hist perm_ord_top 1 8.3707365792e-01
perm_hist perm_ord_top 3989 8.3226393794e-02
perm_hist perm_ord_top 7977 2.8122275280e-02
perm_hist perm_ord_top 11966 1.5457614372e-02
perm_hist perm_ord_top 15954 9.1764028150e-03
perm_hist perm_ord_top 19942 5.8223149972e-03
perm_hist perm_ord_top 23931 4.4454253709e-03
perm_hist perm_ord_top 27919 3.2567349308e-03
perm_hist perm_ord_top 31907 2.2389514706e-03
perm_hist perm_ord_top 35896 1.8323594650e-03
perm_hist perm_ord_top 39884 1.2863487900e-03
perm_hist perm_ord_top 43872 1.1028665944e-03
perm_hist perm_ord_top 47861 8.7516910389e-04
perm_hist perm_ord_top 51849 7.8076004491e-04
perm_hist perm_ord_top 55838 4.5896970611e-04
perm_hist perm_ord_top 59826 6.0803358367e-04
perm_hist perm_ord_top 63814 3.1588917932e-04
perm_hist perm_ord_top 67803 3.4872479142e-04
perm_hist perm_ord_top 71791 2.9033936866e-04
perm_hist perm_ord_top 75779 3.3333081648e-04
perm_hist perm_ord_top 79768 2.1178093745e-04
perm_hist perm_ord_top 83756 1.9406871468e-04
perm_hist perm_ord_top 87744 2.2425431162e-04
perm_hist perm_ord_top 91733 1.7005318805e-04
perm_hist perm_ord_top 95721 1.0086698148e-04
perm_hist perm_ord_top 99709 1.6021109895e-04
perm_hist perm_ord_top 103698 2.2567961141e-04
perm_hist perm_ord_top 107686 7.5616585228e-05
perm_hist perm_ord_top 111675 6.4781069524e-05
perm_hist perm_ord_top 115663 1.0502117281e-04
perm_hist perm_ord_top 119651 1.0570346908e-04
perm_hist perm_ord_top 123640 6.9472545451e-05
perm_hist perm_ord_top 127628 7.0626798334e-05
perm_hist perm_ord_top 131616 7.8908644355e-05
perm_hist perm_ord_top 135605 1.1602373505e-04
perm_hist perm_ord_top 139593 2.6630798314e-05
perm_hist perm_ord_top 143581 7.4005165949e-05
perm_hist perm_ord_top 147570 4.5216312442e-05
perm_hist perm_ord_top 151558 3.2710581052e-05
perm_hist perm_ord_top 155547 9.7907392300e-05
perm_hist perm_ord_top 159535 3.2858495422e-05
perm_hist perm_ord_top 163523 2.5736140282e-05
perm_hist perm_ord_top 167512 1.6726920546e-05
perm_hist perm_ord_top 171500 1.1628073364e-05
perm_hist perm_ord_top 175488 4.3000119270e-05
perm_hist perm_ord_top 179477 5.1999320311e-05
perm_hist perm_ord_top 183465 4.4525397135e-05
perm_hist perm_ord_top 187453 4.0899436205e-05
perm_hist perm_ord_top 191442 2.6429018495e-06
perm_hist perm_ord_top 195430 2.4066051195e-05
perm_hist perm_ord_top 199418 1.0424541268e-05
perm_hist perm_ord_top 203407 3.0394709563e-05
perm_hist perm_ord_top 207395 1.7810927228e-05
perm_hist perm_ord_top 211384 2.1343046406e-05
perm_hist perm_ord_top 215372 8.0856630046e-06
perm_hist perm_ord_top 219360 4.9836512683e-06
perm_hist perm_ord_top 223349 6.3714829521e-06
perm_hist perm_ord_top 227337 1.8892327483e-05
perm_hist perm_ord_top 231325 4.7734542974e-06
perm_hist perm_ord_top 235314 1.5946175434e-05
perm_hist perm_ord_top 239302 1.4348230908e-05
perm_hist perm_ord_top 243290 1.1650272999e-05
perm_hist perm_ord_top 247279 1.5462893118e-05
perm_hist perm_ord_top 251267 1.1434243184e-05
perm_hist perm_ord_top 255256 6.6584967374e-06
perm_hist perm_ord_top 263232 1.1259763641e-05
perm_hist perm_ord_top 267221 4.9577175027e-06
perm_hist perm_ord_top 271209 1.1203489668e-05
perm_hist perm_ord_top 275197 1.0731641153e-05
perm_hist perm_ord_top 283174 4.6124653034e-07
perm_hist perm_ord_top 291151 1.3004291216e-05
perm_hist perm_ord_top 295139 1.1462679116e-05
perm_hist perm_ord_top 299127 2.4873002486e-06
perm_hist perm_ord_top 303116 4.1581336790e-06
perm_hist perm_ord_top 311093 6.4552379613e-06
perm_hist perm_ord_top 315081 2.8834726360e-06
perm_hist perm_ord_top 319069 2.6066144095e-06
perm_hist perm_ord_top 323058 7.5628578334e-06
perm_hist perm_ord_top 327046 5.7344140283e-06
perm_hist perm_ord_top 339011 4.5402128708e-06
perm_hist perm_ord_top 342999 8.4969256772e-07
perm_hist perm_ord_top 350976 5.9911853614e-06
perm_hist perm_ord_top 358953 6.6841894411e-06
perm_hist perm_ord_top 370918 5.6568254915e-06
perm_hist perm_ord_top 374906 5.2990452015e-06
perm_hist perm_ord_top 378895 6.9183440959e-06
perm_hist perm_ord_top 390860 6.4648260099e-06
perm_hist perm_ord_top 406813 2.6612708281e-06
perm_hist perm_ord_top 414790 3.4509674887e-06
perm_hist perm_ord_top 422767 3.6587691472e-06
perm_hist perm_ord_top 434732 4.0302734122e-06
perm_hist perm_ord_top 438720 2.3516921006e-06
perm_hist perm_ord_top 454673 3.3372765178e-06
perm_hist perm_ord_top 458662 1.6614308351e-06
perm_hist perm_ord_top 470627 7.4163342273e-06
perm_hist perm_ord_top 486580 3.0615311926e-06
perm_hist perm_ord_top 494557 1.7136984678e-06
perm_hist perm_ord_top 506522 4.0264938000e-06
perm_hist perm_ord_top 526464 2.3123140110e-06
perm_hist perm_ord_top 554382 6.4607048597e-06
perm_hist perm_ord_top 570336 6.3169610236e-06
perm_hist perm_ord_top 610219 2.7744877819e-06
perm_hist perm_ord_top 622185 2.8813527569e-06
perm_hist perm_ord_top 634150 1.9407773273e-06
perm_hist perm_ord_top 678022 8.7095991847e-07
perm_hist perm_ord_top 689987 1.5661363170e-06
perm_hist perm_ord_top 717905 1.1880013139e-06
perm_hist perm_ord_top 745824 2.1382497591e-06
perm_hist perm_ord_top 757789 4.4440672705e-07
perm_hist perm_ord_top 761777 5.2642876228e-07
perm_hist perm_ord_top 853509 5.8586485524e-08
perm_hist perm_ord_top 873451 4.2094442230e-07
perm_hist perm_ord_top 1017032 3.2715778589e-07
perm_hist perm_ord_top 1140671 2.6513758901e-07
perm_hist perm_desc_top 21 8.4581949270e-08
perm_hist perm_desc_top 22 1.0336014491e-05
perm_hist perm_desc_top 23 7.8944711780e-05
perm_hist perm_desc_top 24 4.9224745970e-04
perm_hist perm_desc_top 25 2.2416288223e-03
perm_hist perm_desc_top 26 7.8960779118e-03
perm_hist perm_desc_top 27 2.2937538581e-02
perm_hist perm_desc_top 28 5.2699931739e-02
perm_hist perm_desc_top 29 9.6576841513e-02
perm_hist perm_desc_top 30 1.4517547489e-01
perm_hist perm_desc_top 31 1.7616645202e-01
perm_hist perm_desc_top 32 1.7568642479e-01
perm_hist perm_desc_top 33 1.4243720351e-01
perm_hist perm_desc_top 34 9.4591984584e-02
perm_hist perm_desc_top 35 5.0578950282e-02
perm_hist perm_desc_top 36 2.2070483746e-02
perm_hist perm_desc_top 37 7.6527348506e-03
perm_hist perm_desc_top 38 2.1856448640e-03
perm_hist perm_desc_top 39 4.4402472462e-04
perm_hist perm_desc_top 40 6.5474344730e-05
perm_hist perm_desc_top 41 8.8930929173e-06
perm_hist perm_desc_top 42 1.8032361102e-06
perm_hist perm_desc_top 43 8.1972452124e-07
