[knuth] RNG SEED OVERRIDE ACTIVE: base=0x0000000078c3d520 (R11 Phase-2 independent-seed replicate; estimator-only, sha-neutral)
[knuth] attributed-rule scoring ACTIVE (Cook 2006: R-C1/R-C2; classical+Hacker-Moore 2003: R-C5; Moore 2005: R-M1)
[knuth] 1000000000 probes, 64 threads, 0 prefix level(s)
[knuth] C5 BUDGET OVERRIDE ACTIVE (R6): d0=0 d1=2 d2=19 d3=14 d4=19 d6=8 (post pure-pair decrement; estimator-only, sha-neutral)
KNUTH-PROBES planned=1000000000 executed=1000000000
KNUTH_PROBES=EXECUTED-EQ-PLANNED
KNUTH-ESTIMATE probes=1000000000 threads=64 start_step=1 prefix_levels=0
KNUTH-PROVENANCE seed_base=0x0000000078c3d520 moore_strict=0 gender_strict=0 score=1 r11_hist=0 wall_s=201
  tree_nodes            : est=1.724447e+40  95%CI=[1.7241e+40, 1.7248e+40]  relerr=0.01%  hitrate=1
  leaves_C1C2C4C5       : est=8.028281e+38  95%CI=[8.0205e+38, 8.0361e+38]  relerr=0.05%  hitrate=0.0104
  leaves_canonical_C1C5 : est=9.502206e+37  95%CI=[9.4750e+37, 9.5294e+37]  relerr=0.15%  hitrate=0.00125
  [diag] canonical top single-probe share : max_w=1.364062e+42 = 0.0014% of estimate mass (skew/ESS audit; lower=better)
  [score] R-C1 final-pair-anchor  : 0.000000 of canonical mass se=0.000e+00
  [score] R-C1c circular anchor-adjacency (R6; A2={21,42} slot2||slot32): adjacent=0.059894 slot2=0.059894 slot32=0.000000 (McKenna 1975 frame; slot32 must reproduce R-C1=0.000000)
  [score] R-C1c A2 pair-slot histogram (report-only; fraction of canonical mass, slots 1-32):
  a2slot 2 5.9893712288e-02
  a2slot 3 4.1035449139e-02
  a2slot 4 3.7553693703e-02
  a2slot 5 3.6178088387e-02
  a2slot 6 3.4789424142e-02
  a2slot 7 3.3481915018e-02
  a2slot 8 3.2331476043e-02
  a2slot 9 3.1612305729e-02
  a2slot 10 3.1206677585e-02
  a2slot 11 3.0286924113e-02
  a2slot 12 2.9799630227e-02
  a2slot 13 2.9440631574e-02
  a2slot 14 2.9757237024e-02
  a2slot 15 2.9425914130e-02
  a2slot 16 2.9432188375e-02
  a2slot 17 2.9062368993e-02
  a2slot 18 2.9034012693e-02
  a2slot 19 2.8994454527e-02
  a2slot 20 2.9260529401e-02
  a2slot 21 2.9370682875e-02
  a2slot 22 2.9846845305e-02
  a2slot 23 3.0297497938e-02
  a2slot 24 3.0833122831e-02
  a2slot 25 3.1552916750e-02
  a2slot 26 3.2357173164e-02
  a2slot 27 3.3091802257e-02
  a2slot 28 3.4348155882e-02
  a2slot 29 3.5416233798e-02
  a2slot 30 3.8876179000e-02
  a2slot 31 4.1432757108e-02
  [score] R-C2 first7-level-cover : 0.139977 of canonical mass se=4.938e-04
  [score] R-C5 18:18-HEC-split    : 0.329088 of canonical mass se=6.840e-04
  [score] R-M1 Moore-parity strict : 0.000006 of canonical mass (18/18; KW itself FAILS this) se=3.313e-06
  [score] R-M1 Moore-parity >=16/18: 0.000839 of canonical mass (KW level) se=4.391e-05
  [score] R-M1 max compliance seen : 18 of 18 (Moore-2005 precursor existence bound)
  [score] R-M2 Moore-1989 R/F <=2 breaks: 0.043682 of canonical mass (KW level) se=3.045e-04
  [score] R-M2 strict 0 breaks     : 0.000754 of canonical mass se=4.308e-05; min breaks seen = 0 (KW = 2)
  [score] Moore joint (M1>=16 & M2<=2): 0.00002239 of canonical mass se=6.170e-06 (independence: 0.00003664)
  [score] R-C3 level-3 positions == KW : 0.00000000 se=0.000e+00 | S-gap pattern anywhere: 0.00011114 se=1.497e-05 (Cook 2006)
  [score] R-C4 gender/valence <=2 viol : 0.000073 se=1.079e-05 | 0 viol: 0.000000 se=0.000e+00 (Cook 2006)
  [score] R-C4-B exception-form (0 viol OR 2 adjacent) : 5.8878600221e-06 se=2.629e-06 | R-C4-C KW locus [25,26]: 0.0000000000e+00 se=0.000e+00 (R13 two-convention; Schulz 1990/Cook 2006)
  [score] R-C4 0-viol DERIVED-N_gs abs : est=0.000000e+00  95%CI=[0.0000e+00, 0.0000e+00]  relerr=0.00%  hits=0
  [score] Davis palindrome windows >=1 : 0.520255 se=7.302e-04 | >=2 (KW level): 0.151622 se=5.254e-04 (Davis 2012)
  [score] Pareto-dominates KW          : 0.00000000 of canonical mass se=0.000e+00 (F4-A)
  [score] wrap-distance mass d(s63,s0)  : d1=0.000000 d3=0.000000 d5=0.000000 se=0.000e+00/0.000e+00/0.000e+00 (odd-only per theorem; circular-C2 price = d5 mass)
  [score] WRAPBIN-SCRATCH d0 : frac=0.000000 se=0.000e+00 | abs est=0.000000e+00 se=0.000e+00 relerr=0.000%
  [score] WRAPBIN-SCRATCH d1 : frac=0.000000 se=0.000e+00 | abs est=0.000000e+00 se=0.000e+00 relerr=0.000%
  [score] WRAPBIN-SCRATCH d2 : frac=0.500585 se=7.309e-04 | abs est=4.756664e+37 se=9.829e+34 relerr=0.207%
  [score] WRAPBIN-SCRATCH d3 : frac=0.000000 se=0.000e+00 | abs est=0.000000e+00 se=0.000e+00 relerr=0.000%
  [score] WRAPBIN-SCRATCH d4 : frac=0.499415 se=7.309e-04 | abs est=4.745543e+37 se=9.813e+34 relerr=0.207%
  [score] WRAPBIN-SCRATCH d5 : frac=0.000000 se=0.000e+00 | abs est=0.000000e+00 se=0.000e+00 relerr=0.000%
  [score] WRAPBIN-SCRATCH d6 : frac=0.000000 se=0.000e+00 | abs est=0.000000e+00 se=0.000e+00 relerr=0.000%
RC=0
SEED=2026100000
