[knuth] RNG SEED OVERRIDE ACTIVE: base=0x0000000078c3d526 (R11 Phase-2 independent-seed replicate; estimator-only, sha-neutral)
[knuth] attributed-rule scoring ACTIVE (Cook 2006: R-C1/R-C2; classical+Hacker-Moore 2003: R-C5; Moore 2005: R-M1)
[knuth] 1000000000 probes, 64 threads, 0 prefix level(s)
[knuth] C5 BUDGET OVERRIDE ACTIVE (R6): d0=0 d1=2 d2=19 d3=14 d4=19 d6=8 (post pure-pair decrement; estimator-only, sha-neutral)
KNUTH-PROBES planned=1000000000 executed=1000000000
KNUTH_PROBES=EXECUTED-EQ-PLANNED
KNUTH-ESTIMATE probes=1000000000 threads=64 start_step=1 prefix_levels=0
KNUTH-PROVENANCE seed_base=0x0000000078c3d526 moore_strict=0 gender_strict=0 score=1 r11_hist=0 wall_s=207
  tree_nodes            : est=1.724440e+40  95%CI=[1.7241e+40, 1.7247e+40]  relerr=0.01%  hitrate=1
  leaves_C1C2C4C5       : est=8.024581e+38  95%CI=[8.0168e+38, 8.0324e+38]  relerr=0.05%  hitrate=0.0104
  leaves_canonical_C1C5 : est=9.486837e+37  95%CI=[9.4596e+37, 9.5141e+37]  relerr=0.15%  hitrate=0.00125
  [diag] canonical top single-probe share : max_w=1.432007e+42 = 0.0015% of estimate mass (skew/ESS audit; lower=better)
  [score] R-C1 final-pair-anchor  : 0.000000 of canonical mass se=0.000e+00
  [score] R-C1c circular anchor-adjacency (R6; A2={21,42} slot2||slot32): adjacent=0.061047 slot2=0.061047 slot32=0.000000 (McKenna 1975 frame; slot32 must reproduce R-C1=0.000000)
  [score] R-C1c A2 pair-slot histogram (report-only; fraction of canonical mass, slots 1-32):
  a2slot 2 6.1047289407e-02
  a2slot 3 4.1429734162e-02
  a2slot 4 3.7341191231e-02
  a2slot 5 3.5443790562e-02
  a2slot 6 3.4530480820e-02
  a2slot 7 3.3075363658e-02
  a2slot 8 3.2201021432e-02
  a2slot 9 3.1595011967e-02
  a2slot 10 3.0731410517e-02
  a2slot 11 3.0226407457e-02
  a2slot 12 3.0035894725e-02
  a2slot 13 2.9491813124e-02
  a2slot 14 2.9286373550e-02
  a2slot 15 2.9078156812e-02
  a2slot 16 2.9096642839e-02
  a2slot 17 2.8900317227e-02
  a2slot 18 2.9207388898e-02
  a2slot 19 2.8662381204e-02
  a2slot 20 2.9732133736e-02
  a2slot 21 2.9410704469e-02
  a2slot 22 2.9598457849e-02
  a2slot 23 3.0730555131e-02
  a2slot 24 3.1311317745e-02
  a2slot 25 3.1529492311e-02
  a2slot 26 3.2146762123e-02
  a2slot 27 3.3811462866e-02
  a2slot 28 3.4164665204e-02
  a2slot 29 3.5844129303e-02
  a2slot 30 3.8662231699e-02
  a2slot 31 4.1677417973e-02
  [score] R-C2 first7-level-cover : 0.140469 of canonical mass se=4.983e-04
  [score] R-C5 18:18-HEC-split    : 0.329896 of canonical mass se=6.855e-04
  [score] R-M1 Moore-parity strict : 0.000002 of canonical mass (18/18; KW itself FAILS this) se=1.085e-06
  [score] R-M1 Moore-parity >=16/18: 0.000824 of canonical mass (KW level) se=4.519e-05
  [score] R-M1 max compliance seen : 18 of 18 (Moore-2005 precursor existence bound)
  [score] R-M2 Moore-1989 R/F <=2 breaks: 0.043996 of canonical mass (KW level) se=3.084e-04
  [score] R-M2 strict 0 breaks     : 0.000834 of canonical mass se=4.644e-05; min breaks seen = 0 (KW = 2)
  [score] Moore joint (M1>=16 & M2<=2): 0.00001073 of canonical mass se=3.118e-06 (independence: 0.00003623)
  [score] R-C3 level-3 positions == KW : 0.00000000 se=0.000e+00 | S-gap pattern anywhere: 0.00009693 se=1.307e-05 (Cook 2006)
  [score] R-C4 gender/valence <=2 viol : 0.000062 se=9.522e-06 | 0 viol: 0.000000 se=4.446e-07 (Cook 2006)
  [score] R-C4-B exception-form (0 viol OR 2 adjacent) : 1.7717758143e-06 se=7.810e-07 | R-C4-C KW locus [25,26]: 0.0000000000e+00 se=0.000e+00 (R13 two-convention; Schulz 1990/Cook 2006)
  [score] R-C4 0-viol DERIVED-N_gs abs : est=4.218081e+31  95%CI=[-4.0494e+31, 1.2486e+32]  relerr=100.00%  hits=1
  [score] Davis palindrome windows >=1 : 0.520579 se=7.319e-04 | >=2 (KW level): 0.152684 se=5.305e-04 (Davis 2012)
  [score] Pareto-dominates KW          : 0.00000000 of canonical mass se=0.000e+00 (F4-A)
  [score] wrap-distance mass d(s63,s0)  : d1=0.000000 d3=0.000000 d5=0.000000 se=0.000e+00/0.000e+00/0.000e+00 (odd-only per theorem; circular-C2 price = d5 mass)
  [score] WRAPBIN-SCRATCH d0 : frac=0.000000 se=0.000e+00 | abs est=0.000000e+00 se=0.000e+00 relerr=0.000%
  [score] WRAPBIN-SCRATCH d1 : frac=0.000000 se=0.000e+00 | abs est=0.000000e+00 se=0.000e+00 relerr=0.000%
  [score] WRAPBIN-SCRATCH d2 : frac=0.500539 se=7.327e-04 | abs est=4.748535e+37 se=9.838e+34 relerr=0.207%
  [score] WRAPBIN-SCRATCH d3 : frac=0.000000 se=0.000e+00 | abs est=0.000000e+00 se=0.000e+00 relerr=0.000%
  [score] WRAPBIN-SCRATCH d4 : frac=0.499461 se=7.327e-04 | abs est=4.738302e+37 se=9.820e+34 relerr=0.207%
  [score] WRAPBIN-SCRATCH d5 : frac=0.000000 se=0.000e+00 | abs est=0.000000e+00 se=0.000e+00 relerr=0.000%
  [score] WRAPBIN-SCRATCH d6 : frac=0.000000 se=0.000e+00 | abs est=0.000000e+00 se=0.000e+00 relerr=0.000%
RC=0
SEED=2026100006
