[knuth] RNG SEED OVERRIDE ACTIVE: base=0x0000000078c3d530 (R11 Phase-2 independent-seed replicate; estimator-only, sha-neutral)
[knuth] attributed-rule scoring ACTIVE (Cook 2006: R-C1/R-C2; classical+Hacker-Moore 2003: R-C5; Moore 2005: R-M1)
[knuth] 1000000000 probes, 64 threads, 0 prefix level(s)
[knuth] C5 BUDGET OVERRIDE ACTIVE (R6): d0=0 d1=2 d2=19 d3=14 d4=19 d6=8 (post pure-pair decrement; estimator-only, sha-neutral)
KNUTH-PROBES planned=1000000000 executed=1000000000
KNUTH_PROBES=EXECUTED-EQ-PLANNED
KNUTH-ESTIMATE probes=1000000000 threads=64 start_step=1 prefix_levels=0
KNUTH-PROVENANCE seed_base=0x0000000078c3d530 moore_strict=0 gender_strict=0 score=1 r11_hist=0 wall_s=205
  tree_nodes            : est=1.724287e+40  95%CI=[1.7240e+40, 1.7246e+40]  relerr=0.01%  hitrate=1
  leaves_C1C2C4C5       : est=8.025037e+38  95%CI=[8.0172e+38, 8.0328e+38]  relerr=0.05%  hitrate=0.0104
  leaves_canonical_C1C5 : est=9.505102e+37  95%CI=[9.4778e+37, 9.5324e+37]  relerr=0.15%  hitrate=0.00125
  [diag] canonical top single-probe share : max_w=1.328824e+42 = 0.0014% of estimate mass (skew/ESS audit; lower=better)
  [score] R-C1 final-pair-anchor  : 0.000000 of canonical mass se=0.000e+00
  [score] R-C1c circular anchor-adjacency (R6; A2={21,42} slot2||slot32): adjacent=0.059997 slot2=0.059997 slot32=0.000000 (McKenna 1975 frame; slot32 must reproduce R-C1=0.000000)
  [score] R-C1c A2 pair-slot histogram (report-only; fraction of canonical mass, slots 1-32):
  a2slot 2 5.9997048187e-02
  a2slot 3 4.1152719254e-02
  a2slot 4 3.7276350455e-02
  a2slot 5 3.5963167434e-02
  a2slot 6 3.4779919649e-02
  a2slot 7 3.3987990945e-02
  a2slot 8 3.2449550729e-02
  a2slot 9 3.1348220291e-02
  a2slot 10 3.0804472609e-02
  a2slot 11 3.0268927013e-02
  a2slot 12 2.9879024488e-02
  a2slot 13 3.0155017022e-02
  a2slot 14 2.9061075090e-02
  a2slot 15 2.9340925670e-02
  a2slot 16 2.9098247930e-02
  a2slot 17 2.8961173676e-02
  a2slot 18 2.8859641403e-02
  a2slot 19 2.9225519627e-02
  a2slot 20 2.9595636493e-02
  a2slot 21 2.9965038440e-02
  a2slot 22 2.9697013118e-02
  a2slot 23 3.0161932797e-02
  a2slot 24 3.1210109820e-02
  a2slot 25 3.1452935894e-02
  a2slot 26 3.2266010104e-02
  a2slot 27 3.3402395968e-02
  a2slot 28 3.4267088989e-02
  a2slot 29 3.5468474318e-02
  a2slot 30 3.8467295036e-02
  a2slot 31 4.1437077552e-02
  [score] R-C2 first7-level-cover : 0.140025 of canonical mass se=4.965e-04
  [score] R-C5 18:18-HEC-split    : 0.329133 of canonical mass se=6.858e-04
  [score] R-M1 Moore-parity strict : 0.000007 of canonical mass (18/18; KW itself FAILS this) se=3.686e-06
  [score] R-M1 Moore-parity >=16/18: 0.000746 of canonical mass (KW level) se=3.857e-05
  [score] R-M1 max compliance seen : 18 of 18 (Moore-2005 precursor existence bound)
  [score] R-M2 Moore-1989 R/F <=2 breaks: 0.043742 of canonical mass (KW level) se=3.053e-04
  [score] R-M2 strict 0 breaks     : 0.000781 of canonical mass se=4.131e-05; min breaks seen = 0 (KW = 2)
  [score] Moore joint (M1>=16 & M2<=2): 0.00002749 of canonical mass se=7.638e-06 (independence: 0.00003262)
  [score] R-C3 level-3 positions == KW : 0.00000000 se=0.000e+00 | S-gap pattern anywhere: 0.00009349 se=1.399e-05 (Cook 2006)
  [score] R-C4 gender/valence <=2 viol : 0.000088 se=1.287e-05 | 0 viol: 0.000001 se=3.781e-07 (Cook 2006)
  [score] R-C4-B exception-form (0 viol OR 2 adjacent) : 4.1382818739e-06 se=1.772e-06 | R-C4-C KW locus [25,26]: 0.0000000000e+00 se=0.000e+00 (R13 two-convention; Schulz 1990/Cook 2006)
  [score] R-C4 0-viol DERIVED-N_gs abs : est=5.067983e+31  95%CI=[-1.9764e+31, 1.2112e+32]  relerr=70.92%  hits=2
  [score] Davis palindrome windows >=1 : 0.521786 se=7.317e-04 | >=2 (KW level): 0.152478 se=5.294e-04 (Davis 2012)
  [score] Pareto-dominates KW          : 0.00000000 of canonical mass se=0.000e+00 (F4-A)
  [score] wrap-distance mass d(s63,s0)  : d1=0.000000 d3=0.000000 d5=0.000000 se=0.000e+00/0.000e+00/0.000e+00 (odd-only per theorem; circular-C2 price = d5 mass)
  [score] WRAPBIN-SCRATCH d0 : frac=0.000000 se=0.000e+00 | abs est=0.000000e+00 se=0.000e+00 relerr=0.000%
  [score] WRAPBIN-SCRATCH d1 : frac=0.000000 se=0.000e+00 | abs est=0.000000e+00 se=0.000e+00 relerr=0.000%
  [score] WRAPBIN-SCRATCH d2 : frac=0.499525 se=7.326e-04 | abs est=4.748038e+37 se=9.830e+34 relerr=0.207%
  [score] WRAPBIN-SCRATCH d3 : frac=0.000000 se=0.000e+00 | abs est=0.000000e+00 se=0.000e+00 relerr=0.000%
  [score] WRAPBIN-SCRATCH d4 : frac=0.500475 se=7.326e-04 | abs est=4.757063e+37 se=9.863e+34 relerr=0.207%
  [score] WRAPBIN-SCRATCH d5 : frac=0.000000 se=0.000e+00 | abs est=0.000000e+00 se=0.000e+00 relerr=0.000%
  [score] WRAPBIN-SCRATCH d6 : frac=0.000000 se=0.000e+00 | abs est=0.000000e+00 se=0.000e+00 relerr=0.000%
RC=0
SEED=2026100016
