[knuth] RNG SEED OVERRIDE ACTIVE: base=0x0000000078c3d52f (R11 Phase-2 independent-seed replicate; estimator-only, sha-neutral)
[knuth] attributed-rule scoring ACTIVE (Cook 2006: R-C1/R-C2; classical+Hacker-Moore 2003: R-C5; Moore 2005: R-M1)
[knuth] 1000000000 probes, 64 threads, 0 prefix level(s)
[knuth] C5 BUDGET OVERRIDE ACTIVE (R6): d0=0 d1=2 d2=19 d3=14 d4=19 d6=8 (post pure-pair decrement; estimator-only, sha-neutral)
KNUTH-PROBES planned=1000000000 executed=1000000000
KNUTH_PROBES=EXECUTED-EQ-PLANNED
KNUTH-ESTIMATE probes=1000000000 threads=64 start_step=1 prefix_levels=0
KNUTH-PROVENANCE seed_base=0x0000000078c3d52f moore_strict=0 gender_strict=0 score=1 r11_hist=0 wall_s=198
  tree_nodes            : est=1.724258e+40  95%CI=[1.7240e+40, 1.7246e+40]  relerr=0.01%  hitrate=1
  leaves_C1C2C4C5       : est=8.025127e+38  95%CI=[8.0173e+38, 8.0329e+38]  relerr=0.05%  hitrate=0.0104
  leaves_canonical_C1C5 : est=9.498247e+37  95%CI=[9.4710e+37, 9.5255e+37]  relerr=0.15%  hitrate=0.00125
  [diag] canonical top single-probe share : max_w=1.353438e+42 = 0.0014% of estimate mass (skew/ESS audit; lower=better)
  [score] R-C1 final-pair-anchor  : 0.000000 of canonical mass se=0.000e+00
  [score] R-C1c circular anchor-adjacency (R6; A2={21,42} slot2||slot32): adjacent=0.060212 slot2=0.060212 slot32=0.000000 (McKenna 1975 frame; slot32 must reproduce R-C1=0.000000)
  [score] R-C1c A2 pair-slot histogram (report-only; fraction of canonical mass, slots 1-32):
  a2slot 2 6.0212065647e-02
  a2slot 3 4.1326036064e-02
  a2slot 4 3.7731679027e-02
  a2slot 5 3.6046826283e-02
  a2slot 6 3.4934360035e-02
  a2slot 7 3.3232562021e-02
  a2slot 8 3.2362438424e-02
  a2slot 9 3.1610085096e-02
  a2slot 10 3.0741230197e-02
  a2slot 11 3.0683409941e-02
  a2slot 12 2.9739140936e-02
  a2slot 13 2.9768804918e-02
  a2slot 14 2.9216344801e-02
  a2slot 15 2.9180752769e-02
  a2slot 16 2.9095021498e-02
  a2slot 17 2.8896461659e-02
  a2slot 18 2.9274620295e-02
  a2slot 19 2.9260542131e-02
  a2slot 20 2.8770213512e-02
  a2slot 21 2.9485444868e-02
  a2slot 22 3.0121843217e-02
  a2slot 23 3.0358192565e-02
  a2slot 24 3.0945481229e-02
  a2slot 25 3.1519050362e-02
  a2slot 26 3.2134681521e-02
  a2slot 27 3.3264050368e-02
  a2slot 28 3.4160850682e-02
  a2slot 29 3.5924656318e-02
  a2slot 30 3.8437193697e-02
  a2slot 31 4.1565959920e-02
  [score] R-C2 first7-level-cover : 0.139522 of canonical mass se=4.948e-04
  [score] R-C5 18:18-HEC-split    : 0.328849 of canonical mass se=6.844e-04
  [score] R-M1 Moore-parity strict : 0.000002 of canonical mass (18/18; KW itself FAILS this) se=1.162e-06
  [score] R-M1 Moore-parity >=16/18: 0.000702 of canonical mass (KW level) se=3.695e-05
  [score] R-M1 max compliance seen : 18 of 18 (Moore-2005 precursor existence bound)
  [score] R-M2 Moore-1989 R/F <=2 breaks: 0.044203 of canonical mass (KW level) se=3.115e-04
  [score] R-M2 strict 0 breaks     : 0.000686 of canonical mass se=3.802e-05; min breaks seen = 0 (KW = 2)
  [score] Moore joint (M1>=16 & M2<=2): 0.00002582 of canonical mass se=6.256e-06 (independence: 0.00003102)
  [score] R-C3 level-3 positions == KW : 0.00000000 se=0.000e+00 | S-gap pattern anywhere: 0.00014793 se=1.957e-05 (Cook 2006)
  [score] R-C4 gender/valence <=2 viol : 0.000092 se=1.300e-05 | 0 viol: 0.000001 se=9.807e-07 (Cook 2006)
  [score] R-C4-B exception-form (0 viol OR 2 adjacent) : 1.2427918112e-05 se=4.574e-06 | R-C4-C KW locus [25,26]: 1.4382630269e-06 se=1.438e-06 (R13 two-convention; Schulz 1990/Cook 2006)
  [score] R-C4 0-viol DERIVED-N_gs abs : est=9.314937e+31  95%CI=[-8.9423e+31, 2.7572e+32]  relerr=100.00%  hits=1
  [score] Davis palindrome windows >=1 : 0.520527 se=7.309e-04 | >=2 (KW level): 0.152180 se=5.290e-04 (Davis 2012)
  [score] Pareto-dominates KW          : 0.00000000 of canonical mass se=0.000e+00 (F4-A)
  [score] wrap-distance mass d(s63,s0)  : d1=0.000000 d3=0.000000 d5=0.000000 se=0.000e+00/0.000e+00/0.000e+00 (odd-only per theorem; circular-C2 price = d5 mass)
  [score] WRAPBIN-SCRATCH d0 : frac=0.000000 se=0.000e+00 | abs est=0.000000e+00 se=0.000e+00 relerr=0.000%
  [score] WRAPBIN-SCRATCH d1 : frac=0.000000 se=0.000e+00 | abs est=0.000000e+00 se=0.000e+00 relerr=0.000%
  [score] WRAPBIN-SCRATCH d2 : frac=0.499411 se=7.317e-04 | abs est=4.743529e+37 se=9.821e+34 relerr=0.207%
  [score] WRAPBIN-SCRATCH d3 : frac=0.000000 se=0.000e+00 | abs est=0.000000e+00 se=0.000e+00 relerr=0.000%
  [score] WRAPBIN-SCRATCH d4 : frac=0.500589 se=7.317e-04 | abs est=4.754718e+37 se=9.833e+34 relerr=0.207%
  [score] WRAPBIN-SCRATCH d5 : frac=0.000000 se=0.000e+00 | abs est=0.000000e+00 se=0.000e+00 relerr=0.000%
  [score] WRAPBIN-SCRATCH d6 : frac=0.000000 se=0.000e+00 | abs est=0.000000e+00 se=0.000e+00 relerr=0.000%
RC=0
SEED=2026100015
