[knuth] RNG SEED OVERRIDE ACTIVE: base=0x0000000078c3d524 (R11 Phase-2 independent-seed replicate; estimator-only, sha-neutral)
[knuth] attributed-rule scoring ACTIVE (Cook 2006: R-C1/R-C2; classical+Hacker-Moore 2003: R-C5; Moore 2005: R-M1)
[knuth] 1000000000 probes, 64 threads, 0 prefix level(s)
[knuth] C5 BUDGET OVERRIDE ACTIVE (R6): d0=0 d1=2 d2=19 d3=14 d4=19 d6=8 (post pure-pair decrement; estimator-only, sha-neutral)
KNUTH-PROBES planned=1000000000 executed=1000000000
KNUTH_PROBES=EXECUTED-EQ-PLANNED
KNUTH-ESTIMATE probes=1000000000 threads=64 start_step=1 prefix_levels=0
KNUTH-PROVENANCE seed_base=0x0000000078c3d524 moore_strict=0 gender_strict=0 score=1 r11_hist=0 wall_s=253
  tree_nodes            : est=1.724346e+40  95%CI=[1.7240e+40, 1.7247e+40]  relerr=0.01%  hitrate=1
  leaves_C1C2C4C5       : est=8.027066e+38  95%CI=[8.0193e+38, 8.0349e+38]  relerr=0.05%  hitrate=0.0104
  leaves_canonical_C1C5 : est=9.488564e+37  95%CI=[9.4613e+37, 9.5158e+37]  relerr=0.15%  hitrate=0.00125
  [diag] canonical top single-probe share : max_w=1.298557e+42 = 0.0014% of estimate mass (skew/ESS audit; lower=better)
  [score] R-C1 final-pair-anchor  : 0.000000 of canonical mass se=0.000e+00
  [score] R-C1c circular anchor-adjacency (R6; A2={21,42} slot2||slot32): adjacent=0.060539 slot2=0.060539 slot32=0.000000 (McKenna 1975 frame; slot32 must reproduce R-C1=0.000000)
  [score] R-C1c A2 pair-slot histogram (report-only; fraction of canonical mass, slots 1-32):
  a2slot 2 6.0539344172e-02
  a2slot 3 4.1682363669e-02
  a2slot 4 3.7406779369e-02
  a2slot 5 3.5935273822e-02
  a2slot 6 3.4371704210e-02
  a2slot 7 3.3374630783e-02
  a2slot 8 3.2300800035e-02
  a2slot 9 3.1585165193e-02
  a2slot 10 3.0984126743e-02
  a2slot 11 3.0353570193e-02
  a2slot 12 3.0033289103e-02
  a2slot 13 2.9316628161e-02
  a2slot 14 2.9377524794e-02
  a2slot 15 2.9000888826e-02
  a2slot 16 2.8839963209e-02
  a2slot 17 2.9006573614e-02
  a2slot 18 2.9371621725e-02
  a2slot 19 2.8925883141e-02
  a2slot 20 2.9520054781e-02
  a2slot 21 2.9719497378e-02
  a2slot 22 2.9942742820e-02
  a2slot 23 3.0321819118e-02
  a2slot 24 3.0983696410e-02
  a2slot 25 3.1281005465e-02
  a2slot 26 3.2357847969e-02
  a2slot 27 3.3209104313e-02
  a2slot 28 3.4359879492e-02
  a2slot 29 3.5617740470e-02
  a2slot 30 3.8359799305e-02
  a2slot 31 4.1920681716e-02
  [score] R-C2 first7-level-cover : 0.139887 of canonical mass se=4.957e-04
  [score] R-C5 18:18-HEC-split    : 0.330244 of canonical mass se=6.872e-04
  [score] R-M1 Moore-parity strict : 0.000007 of canonical mass (18/18; KW itself FAILS this) se=3.551e-06
  [score] R-M1 Moore-parity >=16/18: 0.000794 of canonical mass (KW level) se=4.363e-05
  [score] R-M1 max compliance seen : 18 of 18 (Moore-2005 precursor existence bound)
  [score] R-M2 Moore-1989 R/F <=2 breaks: 0.043456 of canonical mass (KW level) se=3.043e-04
  [score] R-M2 strict 0 breaks     : 0.000737 of canonical mass se=4.041e-05; min breaks seen = 0 (KW = 2)
  [score] Moore joint (M1>=16 & M2<=2): 0.00004771 of canonical mass se=1.310e-05 (independence: 0.00003450)
  [score] R-C3 level-3 positions == KW : 0.00000000 se=0.000e+00 | S-gap pattern anywhere: 0.00010207 se=1.337e-05 (Cook 2006)
  [score] R-C4 gender/valence <=2 viol : 0.000076 se=1.269e-05 | 0 viol: 0.000000 se=8.411e-08 (Cook 2006)
  [score] R-C4-B exception-form (0 viol OR 2 adjacent) : 3.0455181818e-06 se=1.505e-06 | R-C4-C KW locus [25,26]: 0.0000000000e+00 se=0.000e+00 (R13 two-convention; Schulz 1990/Cook 2006)
  [score] R-C4 0-viol DERIVED-N_gs abs : est=7.981085e+30  95%CI=[-7.6618e+30, 2.3624e+31]  relerr=100.00%  hits=1
  [score] Davis palindrome windows >=1 : 0.522104 se=7.315e-04 | >=2 (KW level): 0.152925 se=5.316e-04 (Davis 2012)
  [score] Pareto-dominates KW          : 0.00000000 of canonical mass se=0.000e+00 (F4-A)
  [score] wrap-distance mass d(s63,s0)  : d1=0.000000 d3=0.000000 d5=0.000000 se=0.000e+00/0.000e+00/0.000e+00 (odd-only per theorem; circular-C2 price = d5 mass)
  [score] WRAPBIN-SCRATCH d0 : frac=0.000000 se=0.000e+00 | abs est=0.000000e+00 se=0.000e+00 relerr=0.000%
  [score] WRAPBIN-SCRATCH d1 : frac=0.000000 se=0.000e+00 | abs est=0.000000e+00 se=0.000e+00 relerr=0.000%
  [score] WRAPBIN-SCRATCH d2 : frac=0.500407 se=7.325e-04 | abs est=4.748148e+37 se=9.829e+34 relerr=0.207%
  [score] WRAPBIN-SCRATCH d3 : frac=0.000000 se=0.000e+00 | abs est=0.000000e+00 se=0.000e+00 relerr=0.000%
  [score] WRAPBIN-SCRATCH d4 : frac=0.499593 se=7.325e-04 | abs est=4.740416e+37 se=9.828e+34 relerr=0.207%
  [score] WRAPBIN-SCRATCH d5 : frac=0.000000 se=0.000e+00 | abs est=0.000000e+00 se=0.000e+00 relerr=0.000%
  [score] WRAPBIN-SCRATCH d6 : frac=0.000000 se=0.000e+00 | abs est=0.000000e+00 se=0.000e+00 relerr=0.000%
RC=0
SEED=2026100004
