[knuth] RNG SEED OVERRIDE ACTIVE: base=0x0000000078c3d52d (R11 Phase-2 independent-seed replicate; estimator-only, sha-neutral)
[knuth] attributed-rule scoring ACTIVE (Cook 2006: R-C1/R-C2; classical+Hacker-Moore 2003: R-C5; Moore 2005: R-M1)
[knuth] 1000000000 probes, 64 threads, 0 prefix level(s)
[knuth] C5 BUDGET OVERRIDE ACTIVE (R6): d0=0 d1=2 d2=19 d3=14 d4=19 d6=8 (post pure-pair decrement; estimator-only, sha-neutral)
KNUTH-PROBES planned=1000000000 executed=1000000000
KNUTH_PROBES=EXECUTED-EQ-PLANNED
KNUTH-ESTIMATE probes=1000000000 threads=64 start_step=1 prefix_levels=0
KNUTH-PROVENANCE seed_base=0x0000000078c3d52d moore_strict=0 gender_strict=0 score=1 r11_hist=0 wall_s=197
  tree_nodes            : est=1.724258e+40  95%CI=[1.7240e+40, 1.7246e+40]  relerr=0.01%  hitrate=1
  leaves_C1C2C4C5       : est=8.018642e+38  95%CI=[8.0109e+38, 8.0264e+38]  relerr=0.05%  hitrate=0.0104
  leaves_canonical_C1C5 : est=9.483497e+37  95%CI=[9.4563e+37, 9.5107e+37]  relerr=0.15%  hitrate=0.00125
  [diag] canonical top single-probe share : max_w=1.336928e+42 = 0.0014% of estimate mass (skew/ESS audit; lower=better)
  [score] R-C1 final-pair-anchor  : 0.000000 of canonical mass se=0.000e+00
  [score] R-C1c circular anchor-adjacency (R6; A2={21,42} slot2||slot32): adjacent=0.060272 slot2=0.060272 slot32=0.000000 (McKenna 1975 frame; slot32 must reproduce R-C1=0.000000)
  [score] R-C1c A2 pair-slot histogram (report-only; fraction of canonical mass, slots 1-32):
  a2slot 2 6.0271643965e-02
  a2slot 3 4.1658176657e-02
  a2slot 4 3.7594330182e-02
  a2slot 5 3.5596291089e-02
  a2slot 6 3.5203665210e-02
  a2slot 7 3.3360613280e-02
  a2slot 8 3.2744999099e-02
  a2slot 9 3.1853488124e-02
  a2slot 10 3.1093124476e-02
  a2slot 11 3.0213652479e-02
  a2slot 12 3.0133628243e-02
  a2slot 13 2.9335613183e-02
  a2slot 14 2.8846037700e-02
  a2slot 15 2.8875719152e-02
  a2slot 16 2.9032491341e-02
  a2slot 17 2.9130961266e-02
  a2slot 18 2.9087512960e-02
  a2slot 19 2.9042002769e-02
  a2slot 20 2.9408142397e-02
  a2slot 21 2.9743626925e-02
  a2slot 22 3.0057784171e-02
  a2slot 23 3.0254212279e-02
  a2slot 24 3.1320437305e-02
  a2slot 25 3.1360279223e-02
  a2slot 26 3.2034181576e-02
  a2slot 27 3.3304981859e-02
  a2slot 28 3.4406603780e-02
  a2slot 29 3.6052851208e-02
  a2slot 30 3.8286557235e-02
  a2slot 31 4.0696390866e-02
  [score] R-C2 first7-level-cover : 0.139669 of canonical mass se=4.942e-04
  [score] R-C5 18:18-HEC-split    : 0.328373 of canonical mass se=6.833e-04
  [score] R-M1 Moore-parity strict : 0.000004 of canonical mass (18/18; KW itself FAILS this) se=2.054e-06
  [score] R-M1 Moore-parity >=16/18: 0.000757 of canonical mass (KW level) se=3.957e-05
  [score] R-M1 max compliance seen : 18 of 18 (Moore-2005 precursor existence bound)
  [score] R-M2 Moore-1989 R/F <=2 breaks: 0.043963 of canonical mass (KW level) se=3.044e-04
  [score] R-M2 strict 0 breaks     : 0.000706 of canonical mass se=4.067e-05; min breaks seen = 0 (KW = 2)
  [score] Moore joint (M1>=16 & M2<=2): 0.00001625 of canonical mass se=4.893e-06 (independence: 0.00003330)
  [score] R-C3 level-3 positions == KW : 0.00000000 se=0.000e+00 | S-gap pattern anywhere: 0.00011489 se=1.654e-05 (Cook 2006)
  [score] R-C4 gender/valence <=2 viol : 0.000098 se=1.346e-05 | 0 viol: 0.000001 se=5.721e-07 (Cook 2006)
  [score] R-C4-B exception-form (0 viol OR 2 adjacent) : 5.8530708202e-06 se=2.400e-06 | R-C4-C KW locus [25,26]: 1.8472211993e-06 se=1.847e-06 (R13 two-convention; Schulz 1990/Cook 2006)
  [score] R-C4 0-viol DERIVED-N_gs abs : est=6.252572e+31  95%CI=[-4.3810e+31, 1.6886e+32]  relerr=86.77%  hits=2
  [score] Davis palindrome windows >=1 : 0.520769 se=7.304e-04 | >=2 (KW level): 0.152243 se=5.273e-04 (Davis 2012)
  [score] Pareto-dominates KW          : 0.00000000 of canonical mass se=0.000e+00 (F4-A)
  [score] wrap-distance mass d(s63,s0)  : d1=0.000000 d3=0.000000 d5=0.000000 se=0.000e+00/0.000e+00/0.000e+00 (odd-only per theorem; circular-C2 price = d5 mass)
  [score] WRAPBIN-SCRATCH d0 : frac=0.000000 se=0.000e+00 | abs est=0.000000e+00 se=0.000e+00 relerr=0.000%
  [score] WRAPBIN-SCRATCH d1 : frac=0.000000 se=0.000e+00 | abs est=0.000000e+00 se=0.000e+00 relerr=0.000%
  [score] WRAPBIN-SCRATCH d2 : frac=0.500409 se=7.312e-04 | abs est=4.745630e+37 se=9.806e+34 relerr=0.207%
  [score] WRAPBIN-SCRATCH d3 : frac=0.000000 se=0.000e+00 | abs est=0.000000e+00 se=0.000e+00 relerr=0.000%
  [score] WRAPBIN-SCRATCH d4 : frac=0.499591 se=7.312e-04 | abs est=4.737867e+37 se=9.804e+34 relerr=0.207%
  [score] WRAPBIN-SCRATCH d5 : frac=0.000000 se=0.000e+00 | abs est=0.000000e+00 se=0.000e+00 relerr=0.000%
  [score] WRAPBIN-SCRATCH d6 : frac=0.000000 se=0.000e+00 | abs est=0.000000e+00 se=0.000e+00 relerr=0.000%
RC=0
SEED=2026100013
