[knuth] RNG SEED OVERRIDE ACTIVE: base=0x0000000078c3d52a (R11 Phase-2 independent-seed replicate; estimator-only, sha-neutral)
[knuth] attributed-rule scoring ACTIVE (Cook 2006: R-C1/R-C2; classical+Hacker-Moore 2003: R-C5; Moore 2005: R-M1)
[knuth] 1000000000 probes, 64 threads, 0 prefix level(s)
[knuth] C5 BUDGET OVERRIDE ACTIVE (R6): d0=0 d1=2 d2=19 d3=14 d4=19 d6=8 (post pure-pair decrement; estimator-only, sha-neutral)
KNUTH-PROBES planned=1000000000 executed=1000000000
KNUTH_PROBES=EXECUTED-EQ-PLANNED
KNUTH-ESTIMATE probes=1000000000 threads=64 start_step=1 prefix_levels=0
KNUTH-PROVENANCE seed_base=0x0000000078c3d52a moore_strict=0 gender_strict=0 score=1 r11_hist=0 wall_s=199
  tree_nodes            : est=1.724145e+40  95%CI=[1.7238e+40, 1.7245e+40]  relerr=0.01%  hitrate=1
  leaves_C1C2C4C5       : est=8.024714e+38  95%CI=[8.0169e+38, 8.0325e+38]  relerr=0.05%  hitrate=0.0104
  leaves_canonical_C1C5 : est=9.493875e+37  95%CI=[9.4666e+37, 9.5211e+37]  relerr=0.15%  hitrate=0.00125
  [diag] canonical top single-probe share : max_w=1.394658e+42 = 0.0015% of estimate mass (skew/ESS audit; lower=better)
  [score] R-C1 final-pair-anchor  : 0.000000 of canonical mass se=0.000e+00
  [score] R-C1c circular anchor-adjacency (R6; A2={21,42} slot2||slot32): adjacent=0.060124 slot2=0.060124 slot32=0.000000 (McKenna 1975 frame; slot32 must reproduce R-C1=0.000000)
  [score] R-C1c A2 pair-slot histogram (report-only; fraction of canonical mass, slots 1-32):
  a2slot 2 6.0123754818e-02
  a2slot 3 4.1146539563e-02
  a2slot 4 3.7794890610e-02
  a2slot 5 3.5786564643e-02
  a2slot 6 3.4549254806e-02
  a2slot 7 3.3175707023e-02
  a2slot 8 3.2615455732e-02
  a2slot 9 3.1726789044e-02
  a2slot 10 3.0933476073e-02
  a2slot 11 3.0355601305e-02
  a2slot 12 3.0052577932e-02
  a2slot 13 2.9960466274e-02
  a2slot 14 2.9505470077e-02
  a2slot 15 2.9121687930e-02
  a2slot 16 2.8826963817e-02
  a2slot 17 2.8945061318e-02
  a2slot 18 2.8955820790e-02
  a2slot 19 2.9141421573e-02
  a2slot 20 2.9379693604e-02
  a2slot 21 2.9643575328e-02
  a2slot 22 3.0050639746e-02
  a2slot 23 3.0078157998e-02
  a2slot 24 3.1049585979e-02
  a2slot 25 3.1668571751e-02
  a2slot 26 3.2395622725e-02
  a2slot 27 3.3169319520e-02
  a2slot 28 3.4111308177e-02
  a2slot 29 3.5834242672e-02
  a2slot 30 3.8732618805e-02
  a2slot 31 4.1169160368e-02
  [score] R-C2 first7-level-cover : 0.140742 of canonical mass se=4.964e-04
  [score] R-C5 18:18-HEC-split    : 0.329065 of canonical mass se=6.853e-04
  [score] R-M1 Moore-parity strict : 0.000004 of canonical mass (18/18; KW itself FAILS this) se=2.416e-06
  [score] R-M1 Moore-parity >=16/18: 0.000738 of canonical mass (KW level) se=3.760e-05
  [score] R-M1 max compliance seen : 18 of 18 (Moore-2005 precursor existence bound)
  [score] R-M2 Moore-1989 R/F <=2 breaks: 0.043588 of canonical mass (KW level) se=3.059e-04
  [score] R-M2 strict 0 breaks     : 0.000743 of canonical mass se=3.949e-05; min breaks seen = 0 (KW = 2)
  [score] Moore joint (M1>=16 & M2<=2): 0.00002034 of canonical mass se=6.656e-06 (independence: 0.00003215)
  [score] R-C3 level-3 positions == KW : 0.00000000 se=0.000e+00 | S-gap pattern anywhere: 0.00011789 se=1.663e-05 (Cook 2006)
  [score] R-C4 gender/valence <=2 viol : 0.000083 se=1.197e-05 | 0 viol: 0.000000 se=1.494e-07 (Cook 2006)
  [score] R-C4-B exception-form (0 viol OR 2 adjacent) : 5.9360451633e-06 se=3.190e-06 | R-C4-C KW locus [25,26]: 0.0000000000e+00 se=0.000e+00 (R13 two-convention; Schulz 1990/Cook 2006)
  [score] R-C4 0-viol DERIVED-N_gs abs : est=1.418744e+31  95%CI=[-1.3620e+31, 4.1995e+31]  relerr=100.00%  hits=1
  [score] Davis palindrome windows >=1 : 0.521464 se=7.314e-04 | >=2 (KW level): 0.152513 se=5.289e-04 (Davis 2012)
  [score] Pareto-dominates KW          : 0.00000000 of canonical mass se=0.000e+00 (F4-A)
  [score] wrap-distance mass d(s63,s0)  : d1=0.000000 d3=0.000000 d5=0.000000 se=0.000e+00/0.000e+00/0.000e+00 (odd-only per theorem; circular-C2 price = d5 mass)
  [score] WRAPBIN-SCRATCH d0 : frac=0.000000 se=0.000e+00 | abs est=0.000000e+00 se=0.000e+00 relerr=0.000%
  [score] WRAPBIN-SCRATCH d1 : frac=0.000000 se=0.000e+00 | abs est=0.000000e+00 se=0.000e+00 relerr=0.000%
  [score] WRAPBIN-SCRATCH d2 : frac=0.499449 se=7.322e-04 | abs est=4.741709e+37 se=9.818e+34 relerr=0.207%
  [score] WRAPBIN-SCRATCH d3 : frac=0.000000 se=0.000e+00 | abs est=0.000000e+00 se=0.000e+00 relerr=0.000%
  [score] WRAPBIN-SCRATCH d4 : frac=0.500551 se=7.322e-04 | abs est=4.752167e+37 se=9.842e+34 relerr=0.207%
  [score] WRAPBIN-SCRATCH d5 : frac=0.000000 se=0.000e+00 | abs est=0.000000e+00 se=0.000e+00 relerr=0.000%
  [score] WRAPBIN-SCRATCH d6 : frac=0.000000 se=0.000e+00 | abs est=0.000000e+00 se=0.000e+00 relerr=0.000%
RC=0
SEED=2026100010
