[knuth] RNG SEED OVERRIDE ACTIVE: base=0x0000000078c3d527 (R11 Phase-2 independent-seed replicate; estimator-only, sha-neutral)
[knuth] attributed-rule scoring ACTIVE (Cook 2006: R-C1/R-C2; classical+Hacker-Moore 2003: R-C5; Moore 2005: R-M1)
[knuth] 1000000000 probes, 64 threads, 0 prefix level(s)
[knuth] C5 BUDGET OVERRIDE ACTIVE (R6): d0=0 d1=2 d2=19 d3=14 d4=19 d6=8 (post pure-pair decrement; estimator-only, sha-neutral)
KNUTH-PROBES planned=1000000000 executed=1000000000
KNUTH_PROBES=EXECUTED-EQ-PLANNED
KNUTH-ESTIMATE probes=1000000000 threads=64 start_step=1 prefix_levels=0
KNUTH-PROVENANCE seed_base=0x0000000078c3d527 moore_strict=0 gender_strict=0 score=1 r11_hist=0 wall_s=206
  tree_nodes            : est=1.724206e+40  95%CI=[1.7239e+40, 1.7245e+40]  relerr=0.01%  hitrate=1
  leaves_C1C2C4C5       : est=8.019838e+38  95%CI=[8.0121e+38, 8.0276e+38]  relerr=0.05%  hitrate=0.0104
  leaves_canonical_C1C5 : est=9.486654e+37  95%CI=[9.4594e+37, 9.5139e+37]  relerr=0.15%  hitrate=0.00125
  [diag] canonical top single-probe share : max_w=1.349790e+42 = 0.0014% of estimate mass (skew/ESS audit; lower=better)
  [score] R-C1 final-pair-anchor  : 0.000000 of canonical mass se=0.000e+00
  [score] R-C1c circular anchor-adjacency (R6; A2={21,42} slot2||slot32): adjacent=0.060139 slot2=0.060139 slot32=0.000000 (McKenna 1975 frame; slot32 must reproduce R-C1=0.000000)
  [score] R-C1c A2 pair-slot histogram (report-only; fraction of canonical mass, slots 1-32):
  a2slot 2 6.0139232213e-02
  a2slot 3 4.1374155242e-02
  a2slot 4 3.7384018928e-02
  a2slot 5 3.6084045649e-02
  a2slot 6 3.4343799487e-02
  a2slot 7 3.3386009452e-02
  a2slot 8 3.2550219510e-02
  a2slot 9 3.1905176502e-02
  a2slot 10 3.1275792891e-02
  a2slot 11 3.0283508549e-02
  a2slot 12 2.9518664068e-02
  a2slot 13 2.9486391662e-02
  a2slot 14 2.9514238229e-02
  a2slot 15 2.9400086841e-02
  a2slot 16 2.9216477433e-02
  a2slot 17 2.9132516638e-02
  a2slot 18 2.8722235962e-02
  a2slot 19 2.9050785959e-02
  a2slot 20 2.8833409694e-02
  a2slot 21 2.9444105303e-02
  a2slot 22 2.9938543659e-02
  a2slot 23 3.0026643532e-02
  a2slot 24 3.0643708722e-02
  a2slot 25 3.1063245984e-02
  a2slot 26 3.2200090781e-02
  a2slot 27 3.3542051071e-02
  a2slot 28 3.4344595160e-02
  a2slot 29 3.6310313002e-02
  a2slot 30 3.8906109301e-02
  a2slot 31 4.1979828576e-02
  [score] R-C2 first7-level-cover : 0.139888 of canonical mass se=4.949e-04
  [score] R-C5 18:18-HEC-split    : 0.329360 of canonical mass se=6.848e-04
  [score] R-M1 Moore-parity strict : 0.000001 of canonical mass (18/18; KW itself FAILS this) se=9.428e-07
  [score] R-M1 Moore-parity >=16/18: 0.000704 of canonical mass (KW level) se=3.626e-05
  [score] R-M1 max compliance seen : 18 of 18 (Moore-2005 precursor existence bound)
  [score] R-M2 Moore-1989 R/F <=2 breaks: 0.043656 of canonical mass (KW level) se=3.046e-04
  [score] R-M2 strict 0 breaks     : 0.000749 of canonical mass se=4.145e-05; min breaks seen = 0 (KW = 2)
  [score] Moore joint (M1>=16 & M2<=2): 0.00002530 of canonical mass se=7.041e-06 (independence: 0.00003072)
  [score] R-C3 level-3 positions == KW : 0.00000000 se=0.000e+00 | S-gap pattern anywhere: 0.00011526 se=1.700e-05 (Cook 2006)
  [score] R-C4 gender/valence <=2 viol : 0.000083 se=1.569e-05 | 0 viol: 0.000000 se=3.571e-07 (Cook 2006)
  [score] R-C4-B exception-form (0 viol OR 2 adjacent) : 1.3332714251e-05 se=5.038e-06 | R-C4-C KW locus [25,26]: 0.0000000000e+00 se=0.000e+00 (R13 two-convention; Schulz 1990/Cook 2006)
  [score] R-C4 0-viol DERIVED-N_gs abs : est=3.388017e+31  95%CI=[-3.2525e+31, 1.0029e+32]  relerr=100.00%  hits=1
  [score] Davis palindrome windows >=1 : 0.520908 se=7.311e-04 | >=2 (KW level): 0.151625 se=5.270e-04 (Davis 2012)
  [score] Pareto-dominates KW          : 0.00000000 of canonical mass se=0.000e+00 (F4-A)
  [score] wrap-distance mass d(s63,s0)  : d1=0.000000 d3=0.000000 d5=0.000000 se=0.000e+00/0.000e+00/0.000e+00 (odd-only per theorem; circular-C2 price = d5 mass)
  [score] WRAPBIN-SCRATCH d0 : frac=0.000000 se=0.000e+00 | abs est=0.000000e+00 se=0.000e+00 relerr=0.000%
  [score] WRAPBIN-SCRATCH d1 : frac=0.000000 se=0.000e+00 | abs est=0.000000e+00 se=0.000e+00 relerr=0.000%
  [score] WRAPBIN-SCRATCH d2 : frac=0.500391 se=7.319e-04 | abs est=4.747033e+37 se=9.825e+34 relerr=0.207%
  [score] WRAPBIN-SCRATCH d3 : frac=0.000000 se=0.000e+00 | abs est=0.000000e+00 se=0.000e+00 relerr=0.000%
  [score] WRAPBIN-SCRATCH d4 : frac=0.499609 se=7.319e-04 | abs est=4.739621e+37 se=9.811e+34 relerr=0.207%
  [score] WRAPBIN-SCRATCH d5 : frac=0.000000 se=0.000e+00 | abs est=0.000000e+00 se=0.000e+00 relerr=0.000%
  [score] WRAPBIN-SCRATCH d6 : frac=0.000000 se=0.000e+00 | abs est=0.000000e+00 se=0.000e+00 relerr=0.000%
RC=0
SEED=2026100007
