[knuth] RNG SEED OVERRIDE ACTIVE: base=0x0000000078c3d52e (R11 Phase-2 independent-seed replicate; estimator-only, sha-neutral)
[knuth] attributed-rule scoring ACTIVE (Cook 2006: R-C1/R-C2; classical+Hacker-Moore 2003: R-C5; Moore 2005: R-M1)
[knuth] 1000000000 probes, 64 threads, 0 prefix level(s)
[knuth] C5 BUDGET OVERRIDE ACTIVE (R6): d0=0 d1=2 d2=19 d3=14 d4=19 d6=8 (post pure-pair decrement; estimator-only, sha-neutral)
KNUTH-PROBES planned=1000000000 executed=1000000000
KNUTH_PROBES=EXECUTED-EQ-PLANNED
KNUTH-ESTIMATE probes=1000000000 threads=64 start_step=1 prefix_levels=0
KNUTH-PROVENANCE seed_base=0x0000000078c3d52e moore_strict=0 gender_strict=0 score=1 r11_hist=0 wall_s=192
  tree_nodes            : est=1.724396e+40  95%CI=[1.7241e+40, 1.7247e+40]  relerr=0.01%  hitrate=1
  leaves_C1C2C4C5       : est=8.021151e+38  95%CI=[8.0134e+38, 8.0289e+38]  relerr=0.05%  hitrate=0.0104
  leaves_canonical_C1C5 : est=9.511919e+37  95%CI=[9.4847e+37, 9.5392e+37]  relerr=0.15%  hitrate=0.00125
  [diag] canonical top single-probe share : max_w=1.389139e+42 = 0.0015% of estimate mass (skew/ESS audit; lower=better)
  [score] R-C1 final-pair-anchor  : 0.000000 of canonical mass se=0.000e+00
  [score] R-C1c circular anchor-adjacency (R6; A2={21,42} slot2||slot32): adjacent=0.060800 slot2=0.060800 slot32=0.000000 (McKenna 1975 frame; slot32 must reproduce R-C1=0.000000)
  [score] R-C1c A2 pair-slot histogram (report-only; fraction of canonical mass, slots 1-32):
  a2slot 2 6.0799936469e-02
  a2slot 3 4.0666805522e-02
  a2slot 4 3.7447749991e-02
  a2slot 5 3.5817786664e-02
  a2slot 6 3.4341425582e-02
  a2slot 7 3.3059113163e-02
  a2slot 8 3.2753480819e-02
  a2slot 9 3.1353504909e-02
  a2slot 10 3.0955138806e-02
  a2slot 11 3.0490215203e-02
  a2slot 12 3.0193421496e-02
  a2slot 13 2.9883646377e-02
  a2slot 14 2.8994963453e-02
  a2slot 15 2.8962126122e-02
  a2slot 16 2.9152153131e-02
  a2slot 17 2.8977566900e-02
  a2slot 18 2.9501963200e-02
  a2slot 19 2.9253874056e-02
  a2slot 20 2.9178685869e-02
  a2slot 21 2.9311041679e-02
  a2slot 22 2.9696150292e-02
  a2slot 23 3.0077421569e-02
  a2slot 24 3.0832486794e-02
  a2slot 25 3.1588098772e-02
  a2slot 26 3.2746122811e-02
  a2slot 27 3.3295257993e-02
  a2slot 28 3.4174284979e-02
  a2slot 29 3.5933670683e-02
  a2slot 30 3.8791121445e-02
  a2slot 31 4.1770785250e-02
  [score] R-C2 first7-level-cover : 0.140262 of canonical mass se=4.954e-04
  [score] R-C5 18:18-HEC-split    : 0.329626 of canonical mass se=6.851e-04
  [score] R-M1 Moore-parity strict : 0.000001 of canonical mass (18/18; KW itself FAILS this) se=8.547e-07
  [score] R-M1 Moore-parity >=16/18: 0.000719 of canonical mass (KW level) se=3.741e-05
  [score] R-M1 max compliance seen : 18 of 18 (Moore-2005 precursor existence bound)
  [score] R-M2 Moore-1989 R/F <=2 breaks: 0.043277 of canonical mass (KW level) se=3.058e-04
  [score] R-M2 strict 0 breaks     : 0.000753 of canonical mass se=4.107e-05; min breaks seen = 0 (KW = 2)
  [score] Moore joint (M1>=16 & M2<=2): 0.00003610 of canonical mass se=1.180e-05 (independence: 0.00003114)
  [score] R-C3 level-3 positions == KW : 0.00000000 se=0.000e+00 | S-gap pattern anywhere: 0.00010944 se=1.506e-05 (Cook 2006)
  [score] R-C4 gender/valence <=2 viol : 0.000074 se=1.073e-05 | 0 viol: 0.000000 se=0.000e+00 (Cook 2006)
  [score] R-C4-B exception-form (0 viol OR 2 adjacent) : 1.2475682468e-05 se=5.143e-06 | R-C4-C KW locus [25,26]: 6.3181087945e-08 se=6.318e-08 (R13 two-convention; Schulz 1990/Cook 2006)
  [score] R-C4 0-viol DERIVED-N_gs abs : est=0.000000e+00  95%CI=[0.0000e+00, 0.0000e+00]  relerr=0.00%  hits=0
  [score] Davis palindrome windows >=1 : 0.521063 se=7.308e-04 | >=2 (KW level): 0.152785 se=5.278e-04 (Davis 2012)
  [score] Pareto-dominates KW          : 0.00000000 of canonical mass se=0.000e+00 (F4-A)
  [score] wrap-distance mass d(s63,s0)  : d1=0.000000 d3=0.000000 d5=0.000000 se=0.000e+00/0.000e+00/0.000e+00 (odd-only per theorem; circular-C2 price = d5 mass)
  [score] WRAPBIN-SCRATCH d0 : frac=0.000000 se=0.000e+00 | abs est=0.000000e+00 se=0.000e+00 relerr=0.000%
  [score] WRAPBIN-SCRATCH d1 : frac=0.000000 se=0.000e+00 | abs est=0.000000e+00 se=0.000e+00 relerr=0.000%
  [score] WRAPBIN-SCRATCH d2 : frac=0.499849 se=7.314e-04 | abs est=4.754527e+37 se=9.835e+34 relerr=0.207%
  [score] WRAPBIN-SCRATCH d3 : frac=0.000000 se=0.000e+00 | abs est=0.000000e+00 se=0.000e+00 relerr=0.000%
  [score] WRAPBIN-SCRATCH d4 : frac=0.500151 se=7.314e-04 | abs est=4.757392e+37 se=9.842e+34 relerr=0.207%
  [score] WRAPBIN-SCRATCH d5 : frac=0.000000 se=0.000e+00 | abs est=0.000000e+00 se=0.000e+00 relerr=0.000%
  [score] WRAPBIN-SCRATCH d6 : frac=0.000000 se=0.000e+00 | abs est=0.000000e+00 se=0.000e+00 relerr=0.000%
RC=0
SEED=2026100014
