[knuth] RNG SEED OVERRIDE ACTIVE: base=0x0000000078c3d525 (R11 Phase-2 independent-seed replicate; estimator-only, sha-neutral)
[knuth] attributed-rule scoring ACTIVE (Cook 2006: R-C1/R-C2; classical+Hacker-Moore 2003: R-C5; Moore 2005: R-M1)
[knuth] 1000000000 probes, 64 threads, 0 prefix level(s)
[knuth] C5 BUDGET OVERRIDE ACTIVE (R6): d0=0 d1=2 d2=19 d3=14 d4=19 d6=8 (post pure-pair decrement; estimator-only, sha-neutral)
KNUTH-PROBES planned=1000000000 executed=1000000000
KNUTH_PROBES=EXECUTED-EQ-PLANNED
KNUTH-ESTIMATE probes=1000000000 threads=64 start_step=1 prefix_levels=0
KNUTH-PROVENANCE seed_base=0x0000000078c3d525 moore_strict=0 gender_strict=0 score=1 r11_hist=0 wall_s=204
  tree_nodes            : est=1.724179e+40  95%CI=[1.7239e+40, 1.7245e+40]  relerr=0.01%  hitrate=1
  leaves_C1C2C4C5       : est=8.025346e+38  95%CI=[8.0176e+38, 8.0331e+38]  relerr=0.05%  hitrate=0.0104
  leaves_canonical_C1C5 : est=9.499066e+37  95%CI=[9.4718e+37, 9.5263e+37]  relerr=0.15%  hitrate=0.00125
  [diag] canonical top single-probe share : max_w=1.325250e+42 = 0.0014% of estimate mass (skew/ESS audit; lower=better)
  [score] R-C1 final-pair-anchor  : 0.000000 of canonical mass se=0.000e+00
  [score] R-C1c circular anchor-adjacency (R6; A2={21,42} slot2||slot32): adjacent=0.060254 slot2=0.060254 slot32=0.000000 (McKenna 1975 frame; slot32 must reproduce R-C1=0.000000)
  [score] R-C1c A2 pair-slot histogram (report-only; fraction of canonical mass, slots 1-32):
  a2slot 2 6.0254220715e-02
  a2slot 3 4.1388759884e-02
  a2slot 4 3.7835527532e-02
  a2slot 5 3.6248631120e-02
  a2slot 6 3.4336405148e-02
  a2slot 7 3.3527826519e-02
  a2slot 8 3.2314380178e-02
  a2slot 9 3.1749206476e-02
  a2slot 10 3.0618766527e-02
  a2slot 11 3.0180576786e-02
  a2slot 12 3.0143485588e-02
  a2slot 13 2.9717159320e-02
  a2slot 14 2.9305516333e-02
  a2slot 15 2.9118003909e-02
  a2slot 16 2.9138717424e-02
  a2slot 17 2.8717416647e-02
  a2slot 18 2.9285532769e-02
  a2slot 19 2.9148000173e-02
  a2slot 20 2.9225139318e-02
  a2slot 21 2.9853918515e-02
  a2slot 22 3.0086470555e-02
  a2slot 23 2.9815430610e-02
  a2slot 24 3.1015651324e-02
  a2slot 25 3.1566197989e-02
  a2slot 26 3.2279665874e-02
  a2slot 27 3.3206797625e-02
  a2slot 28 3.3993050297e-02
  a2slot 29 3.5597923397e-02
  a2slot 30 3.8500684954e-02
  a2slot 31 4.1830936496e-02
  [score] R-C2 first7-level-cover : 0.139889 of canonical mass se=4.947e-04
  [score] R-C5 18:18-HEC-split    : 0.328390 of canonical mass se=6.843e-04
  [score] R-M1 Moore-parity strict : 0.000004 of canonical mass (18/18; KW itself FAILS this) se=2.377e-06
  [score] R-M1 Moore-parity >=16/18: 0.000705 of canonical mass (KW level) se=3.748e-05
  [score] R-M1 max compliance seen : 18 of 18 (Moore-2005 precursor existence bound)
  [score] R-M2 Moore-1989 R/F <=2 breaks: 0.043841 of canonical mass (KW level) se=3.057e-04
  [score] R-M2 strict 0 breaks     : 0.000721 of canonical mass se=4.177e-05; min breaks seen = 0 (KW = 2)
  [score] Moore joint (M1>=16 & M2<=2): 0.00002516 of canonical mass se=7.414e-06 (independence: 0.00003091)
  [score] R-C3 level-3 positions == KW : 0.00000000 se=0.000e+00 | S-gap pattern anywhere: 0.00007729 se=9.718e-06 (Cook 2006)
  [score] R-C4 gender/valence <=2 viol : 0.000062 se=1.009e-05 | 0 viol: 0.000001 se=8.395e-07 (Cook 2006)
  [score] R-C4-B exception-form (0 viol OR 2 adjacent) : 3.0344858558e-06 se=1.321e-06 | R-C4-C KW locus [25,26]: 0.0000000000e+00 se=0.000e+00 (R13 two-convention; Schulz 1990/Cook 2006)
  [score] R-C4 0-viol DERIVED-N_gs abs : est=7.974214e+31  95%CI=[-7.6552e+31, 2.3604e+32]  relerr=100.00%  hits=1
  [score] Davis palindrome windows >=1 : 0.520627 se=7.309e-04 | >=2 (KW level): 0.152182 se=5.279e-04 (Davis 2012)
  [score] Pareto-dominates KW          : 0.00000000 of canonical mass se=0.000e+00 (F4-A)
  [score] wrap-distance mass d(s63,s0)  : d1=0.000000 d3=0.000000 d5=0.000000 se=0.000e+00/0.000e+00/0.000e+00 (odd-only per theorem; circular-C2 price = d5 mass)
  [score] WRAPBIN-SCRATCH d0 : frac=0.000000 se=0.000e+00 | abs est=0.000000e+00 se=0.000e+00 relerr=0.000%
  [score] WRAPBIN-SCRATCH d1 : frac=0.000000 se=0.000e+00 | abs est=0.000000e+00 se=0.000e+00 relerr=0.000%
  [score] WRAPBIN-SCRATCH d2 : frac=0.501234 se=7.316e-04 | abs est=4.761257e+37 se=9.858e+34 relerr=0.207%
  [score] WRAPBIN-SCRATCH d3 : frac=0.000000 se=0.000e+00 | abs est=0.000000e+00 se=0.000e+00 relerr=0.000%
  [score] WRAPBIN-SCRATCH d4 : frac=0.498766 se=7.316e-04 | abs est=4.737809e+37 se=9.795e+34 relerr=0.207%
  [score] WRAPBIN-SCRATCH d5 : frac=0.000000 se=0.000e+00 | abs est=0.000000e+00 se=0.000e+00 relerr=0.000%
  [score] WRAPBIN-SCRATCH d6 : frac=0.000000 se=0.000e+00 | abs est=0.000000e+00 se=0.000e+00 relerr=0.000%
RC=0
SEED=2026100005
