[knuth] RNG SEED OVERRIDE ACTIVE: base=0x0000000078c3d591 (R11 Phase-2 independent-seed replicate; estimator-only, sha-neutral)
[knuth] attributed-rule scoring ACTIVE (Cook 2006: R-C1/R-C2; classical+Hacker-Moore 2003: R-C5; Moore 2005: R-M1)
[knuth] 1000000000 probes, 64 threads, 0 prefix level(s)
[knuth] C5 BUDGET OVERRIDE ACTIVE (R6): d0=0 d1=2 d2=20 d3=14 d4=18 d6=8 (post pure-pair decrement; estimator-only, sha-neutral)
KNUTH-PROBES planned=1000000000 executed=1000000000
KNUTH_PROBES=EXECUTED-EQ-PLANNED
KNUTH-ESTIMATE probes=1000000000 threads=64 start_step=1 prefix_levels=0
KNUTH-PROVENANCE seed_base=0x0000000078c3d591 moore_strict=0 gender_strict=0 score=1 r11_hist=0 wall_s=206
  tree_nodes            : est=1.547627e+40  95%CI=[1.5473e+40, 1.5479e+40]  relerr=0.01%  hitrate=1
  leaves_C1C2C4C5       : est=7.010801e+38  95%CI=[7.0035e+38, 7.0181e+38]  relerr=0.05%  hitrate=0.0088
  leaves_canonical_C1C5 : est=8.284749e+37  95%CI=[8.2592e+37, 8.3103e+37]  relerr=0.16%  hitrate=0.00105
  [diag] canonical top single-probe share : max_w=1.405219e+42 = 0.0017% of estimate mass (skew/ESS audit; lower=better)
  [score] R-C1 final-pair-anchor  : 0.000000 of canonical mass se=0.000e+00
  [score] R-C1c circular anchor-adjacency (R6; A2={21,42} slot2||slot32): adjacent=0.060316 slot2=0.060316 slot32=0.000000 (McKenna 1975 frame; slot32 must reproduce R-C1=0.000000)
  [score] R-C1c A2 pair-slot histogram (report-only; fraction of canonical mass, slots 1-32):
  a2slot 2 6.0315954211e-02
  a2slot 3 4.1571449713e-02
  a2slot 4 3.7447868251e-02
  a2slot 5 3.5900116031e-02
  a2slot 6 3.4636052522e-02
  a2slot 7 3.3589531419e-02
  a2slot 8 3.2629537217e-02
  a2slot 9 3.1497225435e-02
  a2slot 10 3.1324261245e-02
  a2slot 11 3.0185366857e-02
  a2slot 12 2.9673666243e-02
  a2slot 13 2.9737238374e-02
  a2slot 14 2.9305834795e-02
  a2slot 15 2.9676206339e-02
  a2slot 16 2.9173928941e-02
  a2slot 17 2.9121191884e-02
  a2slot 18 2.9108099206e-02
  a2slot 19 2.8907985040e-02
  a2slot 20 2.9395466593e-02
  a2slot 21 2.9068926896e-02
  a2slot 22 2.9899069955e-02
  a2slot 23 3.0148379980e-02
  a2slot 24 3.1259146553e-02
  a2slot 25 3.1785291288e-02
  a2slot 26 3.2479941310e-02
  a2slot 27 3.3494925999e-02
  a2slot 28 3.4295088857e-02
  a2slot 29 3.4966377424e-02
  a2slot 30 3.8754039740e-02
  a2slot 31 4.0651831680e-02
  [score] R-C2 first7-level-cover : 0.136193 of canonical mass se=5.274e-04
  [score] R-C5 18:18-HEC-split    : 0.330543 of canonical mass se=7.399e-04
  [score] R-M1 Moore-parity strict : 0.000003 of canonical mass (18/18; KW itself FAILS this) se=1.467e-06
  [score] R-M1 Moore-parity >=16/18: 0.000698 of canonical mass (KW level) se=4.020e-05
  [score] R-M1 max compliance seen : 18 of 18 (Moore-2005 precursor existence bound)
  [score] R-M2 Moore-1989 R/F <=2 breaks: 0.043030 of canonical mass (KW level) se=3.253e-04
  [score] R-M2 strict 0 breaks     : 0.000752 of canonical mass se=4.212e-05; min breaks seen = 0 (KW = 2)
  [score] Moore joint (M1>=16 & M2<=2): 0.00001254 of canonical mass se=5.793e-06 (independence: 0.00003004)
  [score] R-C3 level-3 positions == KW : 0.00000000 se=0.000e+00 | S-gap pattern anywhere: 0.00010170 se=1.578e-05 (Cook 2006)
  [score] R-C4 gender/valence <=2 viol : 0.000079 se=1.356e-05 | 0 viol: 0.000000 se=0.000e+00 (Cook 2006)
  [score] R-C4-B exception-form (0 viol OR 2 adjacent) : 1.6749174295e-05 se=8.521e-06 | R-C4-C KW locus [25,26]: 0.0000000000e+00 se=0.000e+00 (R13 two-convention; Schulz 1990/Cook 2006)
  [score] R-C4 0-viol DERIVED-N_gs abs : est=0.000000e+00  95%CI=[0.0000e+00, 0.0000e+00]  relerr=0.00%  hits=0
  [score] Davis palindrome windows >=1 : 0.518678 se=7.875e-04 | >=2 (KW level): 0.150225 se=5.635e-04 (Davis 2012)
  [score] Pareto-dominates KW          : 0.00000000 of canonical mass se=0.000e+00 (F4-A)
  [score] wrap-distance mass d(s63,s0)  : d1=0.000000 d3=0.000000 d5=0.000000 se=0.000e+00/0.000e+00/0.000e+00 (odd-only per theorem; circular-C2 price = d5 mass)
  [score] WRAPBIN-SCRATCH d0 : frac=0.000000 se=0.000e+00 | abs est=0.000000e+00 se=0.000e+00 relerr=0.000%
  [score] WRAPBIN-SCRATCH d1 : frac=0.000000 se=0.000e+00 | abs est=0.000000e+00 se=0.000e+00 relerr=0.000%
  [score] WRAPBIN-SCRATCH d2 : frac=0.499648 se=7.881e-04 | abs est=4.139457e+37 se=9.234e+34 relerr=0.223%
  [score] WRAPBIN-SCRATCH d3 : frac=0.000000 se=0.000e+00 | abs est=0.000000e+00 se=0.000e+00 relerr=0.000%
  [score] WRAPBIN-SCRATCH d4 : frac=0.500352 se=7.881e-04 | abs est=4.145293e+37 se=9.231e+34 relerr=0.223%
  [score] WRAPBIN-SCRATCH d5 : frac=0.000000 se=0.000e+00 | abs est=0.000000e+00 se=0.000e+00 relerr=0.000%
  [score] WRAPBIN-SCRATCH d6 : frac=0.000000 se=0.000e+00 | abs est=0.000000e+00 se=0.000e+00 relerr=0.000%
RC=0
SEED=2026100113
