[knuth] RNG SEED OVERRIDE ACTIVE: base=0x0000000078c3d594 (R11 Phase-2 independent-seed replicate; estimator-only, sha-neutral)
[knuth] attributed-rule scoring ACTIVE (Cook 2006: R-C1/R-C2; classical+Hacker-Moore 2003: R-C5; Moore 2005: R-M1)
[knuth] 1000000000 probes, 64 threads, 0 prefix level(s)
[knuth] C5 BUDGET OVERRIDE ACTIVE (R6): d0=0 d1=2 d2=20 d3=14 d4=18 d6=8 (post pure-pair decrement; estimator-only, sha-neutral)
KNUTH-PROBES planned=1000000000 executed=1000000000
KNUTH_PROBES=EXECUTED-EQ-PLANNED
KNUTH-ESTIMATE probes=1000000000 threads=64 start_step=1 prefix_levels=0
KNUTH-PROVENANCE seed_base=0x0000000078c3d594 moore_strict=0 gender_strict=0 score=1 r11_hist=0 wall_s=211
  tree_nodes            : est=1.547746e+40  95%CI=[1.5475e+40, 1.5480e+40]  relerr=0.01%  hitrate=1
  leaves_C1C2C4C5       : est=7.016242e+38  95%CI=[7.0089e+38, 7.0236e+38]  relerr=0.05%  hitrate=0.00881
  leaves_canonical_C1C5 : est=8.311247e+37  95%CI=[8.2856e+37, 8.3369e+37]  relerr=0.16%  hitrate=0.00105
  [diag] canonical top single-probe share : max_w=1.311314e+42 = 0.0016% of estimate mass (skew/ESS audit; lower=better)
  [score] R-C1 final-pair-anchor  : 0.000000 of canonical mass se=0.000e+00
  [score] R-C1c circular anchor-adjacency (R6; A2={21,42} slot2||slot32): adjacent=0.060604 slot2=0.060604 slot32=0.000000 (McKenna 1975 frame; slot32 must reproduce R-C1=0.000000)
  [score] R-C1c A2 pair-slot histogram (report-only; fraction of canonical mass, slots 1-32):
  a2slot 2 6.0603609383e-02
  a2slot 3 4.1400865694e-02
  a2slot 4 3.7317206022e-02
  a2slot 5 3.5546822765e-02
  a2slot 6 3.4316636719e-02
  a2slot 7 3.3735378575e-02
  a2slot 8 3.2006643192e-02
  a2slot 9 3.1437218257e-02
  a2slot 10 3.0699902689e-02
  a2slot 11 3.0815189724e-02
  a2slot 12 2.9964781958e-02
  a2slot 13 2.9254595412e-02
  a2slot 14 2.9193058798e-02
  a2slot 15 2.9528848530e-02
  a2slot 16 2.9147404103e-02
  a2slot 17 2.9052107114e-02
  a2slot 18 2.9435014148e-02
  a2slot 19 2.8830313042e-02
  a2slot 20 2.9296690659e-02
  a2slot 21 2.9713287886e-02
  a2slot 22 3.0043500564e-02
  a2slot 23 3.0219649317e-02
  a2slot 24 3.0659549189e-02
  a2slot 25 3.1633385876e-02
  a2slot 26 3.2559469413e-02
  a2slot 27 3.3156061893e-02
  a2slot 28 3.4192210160e-02
  a2slot 29 3.6276627667e-02
  a2slot 30 3.8745962469e-02
  a2slot 31 4.1218008785e-02
  [score] R-C2 first7-level-cover : 0.136201 of canonical mass se=5.254e-04
  [score] R-C5 18:18-HEC-split    : 0.329869 of canonical mass se=7.392e-04
  [score] R-M1 Moore-parity strict : 0.000001 of canonical mass (18/18; KW itself FAILS this) se=4.289e-07
  [score] R-M1 Moore-parity >=16/18: 0.000656 of canonical mass (KW level) se=3.751e-05
  [score] R-M1 max compliance seen : 18 of 18 (Moore-2005 precursor existence bound)
  [score] R-M2 Moore-1989 R/F <=2 breaks: 0.042791 of canonical mass (KW level) se=3.244e-04
  [score] R-M2 strict 0 breaks     : 0.000652 of canonical mass se=3.870e-05; min breaks seen = 0 (KW = 2)
  [score] Moore joint (M1>=16 & M2<=2): 0.00002828 of canonical mass se=7.862e-06 (independence: 0.00002805)
  [score] R-C3 level-3 positions == KW : 0.00000000 se=0.000e+00 | S-gap pattern anywhere: 0.00010467 se=1.402e-05 (Cook 2006)
  [score] R-C4 gender/valence <=2 viol : 0.000071 se=1.362e-05 | 0 viol: 0.000003 se=2.492e-06 (Cook 2006)
  [score] R-C4-B exception-form (0 viol OR 2 adjacent) : 6.7161505178e-06 se=3.764e-06 | R-C4-C KW locus [25,26]: 0.0000000000e+00 se=0.000e+00 (R13 two-convention; Schulz 1990/Cook 2006)
  [score] R-C4 0-viol DERIVED-N_gs abs : est=2.302436e+32  95%CI=[-1.7570e+32, 6.3618e+32]  relerr=89.95%  hits=2
  [score] Davis palindrome windows >=1 : 0.518993 se=7.873e-04 | >=2 (KW level): 0.150430 se=5.667e-04 (Davis 2012)
  [score] Pareto-dominates KW          : 0.00000000 of canonical mass se=0.000e+00 (F4-A)
  [score] wrap-distance mass d(s63,s0)  : d1=0.000000 d3=0.000000 d5=0.000000 se=0.000e+00/0.000e+00/0.000e+00 (odd-only per theorem; circular-C2 price = d5 mass)
  [score] WRAPBIN-SCRATCH d0 : frac=0.000000 se=0.000e+00 | abs est=0.000000e+00 se=0.000e+00 relerr=0.000%
  [score] WRAPBIN-SCRATCH d1 : frac=0.000000 se=0.000e+00 | abs est=0.000000e+00 se=0.000e+00 relerr=0.000%
  [score] WRAPBIN-SCRATCH d2 : frac=0.500895 se=7.881e-04 | abs est=4.163059e+37 se=9.289e+34 relerr=0.223%
  [score] WRAPBIN-SCRATCH d3 : frac=0.000000 se=0.000e+00 | abs est=0.000000e+00 se=0.000e+00 relerr=0.000%
  [score] WRAPBIN-SCRATCH d4 : frac=0.499105 se=7.881e-04 | abs est=4.148188e+37 se=9.236e+34 relerr=0.223%
  [score] WRAPBIN-SCRATCH d5 : frac=0.000000 se=0.000e+00 | abs est=0.000000e+00 se=0.000e+00 relerr=0.000%
  [score] WRAPBIN-SCRATCH d6 : frac=0.000000 se=0.000e+00 | abs est=0.000000e+00 se=0.000e+00 relerr=0.000%
RC=0
SEED=2026100116
