[knuth] RNG SEED OVERRIDE ACTIVE: base=0x0000000078c3d588 (R11 Phase-2 independent-seed replicate; estimator-only, sha-neutral)
[knuth] attributed-rule scoring ACTIVE (Cook 2006: R-C1/R-C2; classical+Hacker-Moore 2003: R-C5; Moore 2005: R-M1)
[knuth] 1000000000 probes, 64 threads, 0 prefix level(s)
[knuth] C5 BUDGET OVERRIDE ACTIVE (R6): d0=0 d1=2 d2=20 d3=14 d4=18 d6=8 (post pure-pair decrement; estimator-only, sha-neutral)
KNUTH-PROBES planned=1000000000 executed=1000000000
KNUTH_PROBES=EXECUTED-EQ-PLANNED
KNUTH-ESTIMATE probes=1000000000 threads=64 start_step=1 prefix_levels=0
KNUTH-PROVENANCE seed_base=0x0000000078c3d588 moore_strict=0 gender_strict=0 score=1 r11_hist=0 wall_s=205
  tree_nodes            : est=1.547950e+40  95%CI=[1.5477e+40, 1.5482e+40]  relerr=0.01%  hitrate=1
  leaves_C1C2C4C5       : est=7.019419e+38  95%CI=[7.0121e+38, 7.0267e+38]  relerr=0.05%  hitrate=0.00881
  leaves_canonical_C1C5 : est=8.284384e+37  95%CI=[8.2588e+37, 8.3100e+37]  relerr=0.16%  hitrate=0.00105
  [diag] canonical top single-probe share : max_w=1.334000e+42 = 0.0016% of estimate mass (skew/ESS audit; lower=better)
  [score] R-C1 final-pair-anchor  : 0.000000 of canonical mass se=0.000e+00
  [score] R-C1c circular anchor-adjacency (R6; A2={21,42} slot2||slot32): adjacent=0.060059 slot2=0.060059 slot32=0.000000 (McKenna 1975 frame; slot32 must reproduce R-C1=0.000000)
  [score] R-C1c A2 pair-slot histogram (report-only; fraction of canonical mass, slots 1-32):
  a2slot 2 6.0058826705e-02
  a2slot 3 4.1731082417e-02
  a2slot 4 3.8104233188e-02
  a2slot 5 3.5157424917e-02
  a2slot 6 3.4274266055e-02
  a2slot 7 3.4087679291e-02
  a2slot 8 3.2684924290e-02
  a2slot 9 3.1516138479e-02
  a2slot 10 3.0982767541e-02
  a2slot 11 3.0174742174e-02
  a2slot 12 2.9918508167e-02
  a2slot 13 2.9599559053e-02
  a2slot 14 2.9451794622e-02
  a2slot 15 2.9215868845e-02
  a2slot 16 2.9363428151e-02
  a2slot 17 2.8651846544e-02
  a2slot 18 2.9096403547e-02
  a2slot 19 2.8843519176e-02
  a2slot 20 2.9241258382e-02
  a2slot 21 2.9705820887e-02
  a2slot 22 2.9997668630e-02
  a2slot 23 3.0533235852e-02
  a2slot 24 3.0815419178e-02
  a2slot 25 3.2077519358e-02
  a2slot 26 3.2234513109e-02
  a2slot 27 3.2901368861e-02
  a2slot 28 3.4153528138e-02
  a2slot 29 3.6108568795e-02
  a2slot 30 3.8048257582e-02
  a2slot 31 4.1269828061e-02
  [score] R-C2 first7-level-cover : 0.136560 of canonical mass se=5.279e-04
  [score] R-C5 18:18-HEC-split    : 0.328469 of canonical mass se=7.360e-04
  [score] R-M1 Moore-parity strict : 0.000002 of canonical mass (18/18; KW itself FAILS this) se=1.132e-06
  [score] R-M1 Moore-parity >=16/18: 0.000634 of canonical mass (KW level) se=3.824e-05
  [score] R-M1 max compliance seen : 18 of 18 (Moore-2005 precursor existence bound)
  [score] R-M2 Moore-1989 R/F <=2 breaks: 0.043465 of canonical mass (KW level) se=3.308e-04
  [score] R-M2 strict 0 breaks     : 0.000757 of canonical mass se=4.516e-05; min breaks seen = 0 (KW = 2)
  [score] Moore joint (M1>=16 & M2<=2): 0.00001941 of canonical mass se=5.983e-06 (independence: 0.00002757)
  [score] R-C3 level-3 positions == KW : 0.00000000 se=0.000e+00 | S-gap pattern anywhere: 0.00011184 se=1.495e-05 (Cook 2006)
  [score] R-C4 gender/valence <=2 viol : 0.000061 se=1.059e-05 | 0 viol: 0.000000 se=4.201e-07 (Cook 2006)
  [score] R-C4-B exception-form (0 viol OR 2 adjacent) : 3.4824443523e-06 se=1.427e-06 | R-C4-C KW locus [25,26]: 0.0000000000e+00 se=0.000e+00 (R13 two-convention; Schulz 1990/Cook 2006)
  [score] R-C4 0-viol DERIVED-N_gs abs : est=3.480427e+31  95%CI=[-3.3412e+31, 1.0302e+32]  relerr=100.00%  hits=1
  [score] Davis palindrome windows >=1 : 0.518383 se=7.869e-04 | >=2 (KW level): 0.149839 se=5.620e-04 (Davis 2012)
  [score] Pareto-dominates KW          : 0.00000000 of canonical mass se=0.000e+00 (F4-A)
  [score] wrap-distance mass d(s63,s0)  : d1=0.000000 d3=0.000000 d5=0.000000 se=0.000e+00/0.000e+00/0.000e+00 (odd-only per theorem; circular-C2 price = d5 mass)
  [score] WRAPBIN-SCRATCH d0 : frac=0.000000 se=0.000e+00 | abs est=0.000000e+00 se=0.000e+00 relerr=0.000%
  [score] WRAPBIN-SCRATCH d1 : frac=0.000000 se=0.000e+00 | abs est=0.000000e+00 se=0.000e+00 relerr=0.000%
  [score] WRAPBIN-SCRATCH d2 : frac=0.501403 se=7.875e-04 | abs est=4.153813e+37 se=9.237e+34 relerr=0.222%
  [score] WRAPBIN-SCRATCH d3 : frac=0.000000 se=0.000e+00 | abs est=0.000000e+00 se=0.000e+00 relerr=0.000%
  [score] WRAPBIN-SCRATCH d4 : frac=0.498597 se=7.875e-04 | abs est=4.130571e+37 se=9.215e+34 relerr=0.223%
  [score] WRAPBIN-SCRATCH d5 : frac=0.000000 se=0.000e+00 | abs est=0.000000e+00 se=0.000e+00 relerr=0.000%
  [score] WRAPBIN-SCRATCH d6 : frac=0.000000 se=0.000e+00 | abs est=0.000000e+00 se=0.000e+00 relerr=0.000%
RC=0
SEED=2026100104
