[knuth] RNG SEED OVERRIDE ACTIVE: base=0x0000000078c3d595 (R11 Phase-2 independent-seed replicate; estimator-only, sha-neutral)
[knuth] attributed-rule scoring ACTIVE (Cook 2006: R-C1/R-C2; classical+Hacker-Moore 2003: R-C5; Moore 2005: R-M1)
[knuth] 1000000000 probes, 64 threads, 0 prefix level(s)
[knuth] C5 BUDGET OVERRIDE ACTIVE (R6): d0=0 d1=2 d2=20 d3=14 d4=18 d6=8 (post pure-pair decrement; estimator-only, sha-neutral)
KNUTH-PROBES planned=1000000000 executed=1000000000
KNUTH_PROBES=EXECUTED-EQ-PLANNED
KNUTH-ESTIMATE probes=1000000000 threads=64 start_step=1 prefix_levels=0
KNUTH-PROVENANCE seed_base=0x0000000078c3d595 moore_strict=0 gender_strict=0 score=1 r11_hist=0 wall_s=204
  tree_nodes            : est=1.547975e+40  95%CI=[1.5477e+40, 1.5483e+40]  relerr=0.01%  hitrate=1
  leaves_C1C2C4C5       : est=7.014034e+38  95%CI=[7.0067e+38, 7.0214e+38]  relerr=0.05%  hitrate=0.00881
  leaves_canonical_C1C5 : est=8.303552e+37  95%CI=[8.2779e+37, 8.3292e+37]  relerr=0.16%  hitrate=0.00105
  [diag] canonical top single-probe share : max_w=1.348558e+42 = 0.0016% of estimate mass (skew/ESS audit; lower=better)
  [score] R-C1 final-pair-anchor  : 0.000000 of canonical mass se=0.000e+00
  [score] R-C1c circular anchor-adjacency (R6; A2={21,42} slot2||slot32): adjacent=0.060301 slot2=0.060301 slot32=0.000000 (McKenna 1975 frame; slot32 must reproduce R-C1=0.000000)
  [score] R-C1c A2 pair-slot histogram (report-only; fraction of canonical mass, slots 1-32):
  a2slot 2 6.0301150337e-02
  a2slot 3 4.1813033216e-02
  a2slot 4 3.7617470456e-02
  a2slot 5 3.5822908665e-02
  a2slot 6 3.4044835105e-02
  a2slot 7 3.3600259498e-02
  a2slot 8 3.2461183870e-02
  a2slot 9 3.2073624561e-02
  a2slot 10 3.1052295058e-02
  a2slot 11 3.0713263366e-02
  a2slot 12 2.9973796086e-02
  a2slot 13 2.9177197410e-02
  a2slot 14 2.8992462627e-02
  a2slot 15 2.8747636302e-02
  a2slot 16 2.9024773927e-02
  a2slot 17 2.8878643346e-02
  a2slot 18 2.9022432737e-02
  a2slot 19 2.9443823677e-02
  a2slot 20 2.9177843407e-02
  a2slot 21 2.9419908551e-02
  a2slot 22 3.0385222106e-02
  a2slot 23 3.0582145766e-02
  a2slot 24 3.0786074964e-02
  a2slot 25 3.1817736453e-02
  a2slot 26 3.2395020355e-02
  a2slot 27 3.3119270713e-02
  a2slot 28 3.3623339187e-02
  a2slot 29 3.6149812612e-02
  a2slot 30 3.8916690370e-02
  a2slot 31 4.0866145271e-02
  [score] R-C2 first7-level-cover : 0.135618 of canonical mass se=5.247e-04
  [score] R-C5 18:18-HEC-split    : 0.329330 of canonical mass se=7.377e-04
  [score] R-M1 Moore-parity strict : 0.000002 of canonical mass (18/18; KW itself FAILS this) se=9.853e-07
  [score] R-M1 Moore-parity >=16/18: 0.000717 of canonical mass (KW level) se=4.279e-05
  [score] R-M1 max compliance seen : 18 of 18 (Moore-2005 precursor existence bound)
  [score] R-M2 Moore-1989 R/F <=2 breaks: 0.042642 of canonical mass (KW level) se=3.221e-04
  [score] R-M2 strict 0 breaks     : 0.000759 of canonical mass se=4.514e-05; min breaks seen = 0 (KW = 2)
  [score] Moore joint (M1>=16 & M2<=2): 0.00001660 of canonical mass se=5.545e-06 (independence: 0.00003057)
  [score] R-C3 level-3 positions == KW : 0.00000000 se=0.000e+00 | S-gap pattern anywhere: 0.00009104 se=1.173e-05 (Cook 2006)
  [score] R-C4 gender/valence <=2 viol : 0.000069 se=1.572e-05 | 0 viol: 0.000000 se=2.393e-07 (Cook 2006)
  [score] R-C4-B exception-form (0 viol OR 2 adjacent) : 1.8932713988e-05 se=1.310e-05 | R-C4-C KW locus [25,26]: 0.0000000000e+00 se=0.000e+00 (R13 two-convention; Schulz 1990/Cook 2006)
  [score] R-C4 0-viol DERIVED-N_gs abs : est=1.987347e+31  95%CI=[-1.9079e+31, 5.8825e+31]  relerr=100.00%  hits=1
  [score] Davis palindrome windows >=1 : 0.517169 se=7.867e-04 | >=2 (KW level): 0.150689 se=5.652e-04 (Davis 2012)
  [score] Pareto-dominates KW          : 0.00000000 of canonical mass se=0.000e+00 (F4-A)
  [score] wrap-distance mass d(s63,s0)  : d1=0.000000 d3=0.000000 d5=0.000000 se=0.000e+00/0.000e+00/0.000e+00 (odd-only per theorem; circular-C2 price = d5 mass)
  [score] WRAPBIN-SCRATCH d0 : frac=0.000000 se=0.000e+00 | abs est=0.000000e+00 se=0.000e+00 relerr=0.000%
  [score] WRAPBIN-SCRATCH d1 : frac=0.000000 se=0.000e+00 | abs est=0.000000e+00 se=0.000e+00 relerr=0.000%
  [score] WRAPBIN-SCRATCH d2 : frac=0.499263 se=7.872e-04 | abs est=4.145660e+37 se=9.239e+34 relerr=0.223%
  [score] WRAPBIN-SCRATCH d3 : frac=0.000000 se=0.000e+00 | abs est=0.000000e+00 se=0.000e+00 relerr=0.000%
  [score] WRAPBIN-SCRATCH d4 : frac=0.500737 se=7.872e-04 | abs est=4.157892e+37 se=9.248e+34 relerr=0.222%
  [score] WRAPBIN-SCRATCH d5 : frac=0.000000 se=0.000e+00 | abs est=0.000000e+00 se=0.000e+00 relerr=0.000%
  [score] WRAPBIN-SCRATCH d6 : frac=0.000000 se=0.000e+00 | abs est=0.000000e+00 se=0.000e+00 relerr=0.000%
RC=0
SEED=2026100117
