[knuth] RNG SEED OVERRIDE ACTIVE: base=0x0000000078c3d592 (R11 Phase-2 independent-seed replicate; estimator-only, sha-neutral)
[knuth] attributed-rule scoring ACTIVE (Cook 2006: R-C1/R-C2; classical+Hacker-Moore 2003: R-C5; Moore 2005: R-M1)
[knuth] 1000000000 probes, 64 threads, 0 prefix level(s)
[knuth] C5 BUDGET OVERRIDE ACTIVE (R6): d0=0 d1=2 d2=20 d3=14 d4=18 d6=8 (post pure-pair decrement; estimator-only, sha-neutral)
KNUTH-PROBES planned=1000000000 executed=1000000000
KNUTH_PROBES=EXECUTED-EQ-PLANNED
KNUTH-ESTIMATE probes=1000000000 threads=64 start_step=1 prefix_levels=0
KNUTH-PROVENANCE seed_base=0x0000000078c3d592 moore_strict=0 gender_strict=0 score=1 r11_hist=0 wall_s=198
  tree_nodes            : est=1.547739e+40  95%CI=[1.5475e+40, 1.5480e+40]  relerr=0.01%  hitrate=1
  leaves_C1C2C4C5       : est=7.011948e+38  95%CI=[7.0046e+38, 7.0193e+38]  relerr=0.05%  hitrate=0.0088
  leaves_canonical_C1C5 : est=8.319082e+37  95%CI=[8.2934e+37, 8.3448e+37]  relerr=0.16%  hitrate=0.00105
  [diag] canonical top single-probe share : max_w=1.474073e+42 = 0.0018% of estimate mass (skew/ESS audit; lower=better)
  [score] R-C1 final-pair-anchor  : 0.000000 of canonical mass se=0.000e+00
  [score] R-C1c circular anchor-adjacency (R6; A2={21,42} slot2||slot32): adjacent=0.060294 slot2=0.060294 slot32=0.000000 (McKenna 1975 frame; slot32 must reproduce R-C1=0.000000)
  [score] R-C1c A2 pair-slot histogram (report-only; fraction of canonical mass, slots 1-32):
  a2slot 2 6.0293832796e-02
  a2slot 3 4.1354558378e-02
  a2slot 4 3.8087900484e-02
  a2slot 5 3.6115585091e-02
  a2slot 6 3.4294288611e-02
  a2slot 7 3.3460220128e-02
  a2slot 8 3.2637108767e-02
  a2slot 9 3.1254672525e-02
  a2slot 10 3.1150696281e-02
  a2slot 11 3.0082374363e-02
  a2slot 12 3.0098506824e-02
  a2slot 13 2.9716755914e-02
  a2slot 14 2.9241701982e-02
  a2slot 15 2.9364555893e-02
  a2slot 16 2.9028559589e-02
  a2slot 17 2.9062567696e-02
  a2slot 18 2.9098053731e-02
  a2slot 19 2.9324683151e-02
  a2slot 20 2.9466243528e-02
  a2slot 21 2.9308997745e-02
  a2slot 22 3.0058450429e-02
  a2slot 23 3.0421724197e-02
  a2slot 24 3.0562915761e-02
  a2slot 25 3.1821624224e-02
  a2slot 26 3.1967674947e-02
  a2slot 27 3.2567257671e-02
  a2slot 28 3.4442807590e-02
  a2slot 29 3.5699582198e-02
  a2slot 30 3.8547133409e-02
  a2slot 31 4.1468966096e-02
  [score] R-C2 first7-level-cover : 0.135652 of canonical mass se=5.243e-04
  [score] R-C5 18:18-HEC-split    : 0.327982 of canonical mass se=7.357e-04
  [score] R-M1 Moore-parity strict : 0.000010 of canonical mass (18/18; KW itself FAILS this) se=5.001e-06
  [score] R-M1 Moore-parity >=16/18: 0.000724 of canonical mass (KW level) se=4.441e-05
  [score] R-M1 max compliance seen : 18 of 18 (Moore-2005 precursor existence bound)
  [score] R-M2 Moore-1989 R/F <=2 breaks: 0.042846 of canonical mass (KW level) se=3.257e-04
  [score] R-M2 strict 0 breaks     : 0.000717 of canonical mass se=4.147e-05; min breaks seen = 0 (KW = 2)
  [score] Moore joint (M1>=16 & M2<=2): 0.00001708 of canonical mass se=4.939e-06 (independence: 0.00003101)
  [score] R-C3 level-3 positions == KW : 0.00000000 se=0.000e+00 | S-gap pattern anywhere: 0.00008865 se=1.508e-05 (Cook 2006)
  [score] R-C4 gender/valence <=2 viol : 0.000078 se=1.369e-05 | 0 viol: 0.000001 se=6.836e-07 (Cook 2006)
  [score] R-C4-B exception-form (0 viol OR 2 adjacent) : 1.0899754149e-05 se=4.405e-06 | R-C4-C KW locus [25,26]: 1.2520086986e-06 se=1.252e-06 (R13 two-convention; Schulz 1990/Cook 2006)
  [score] R-C4 0-viol DERIVED-N_gs abs : est=5.687290e+31  95%CI=[-5.4598e+31, 1.6834e+32]  relerr=100.00%  hits=1
  [score] Davis palindrome windows >=1 : 0.518300 se=7.872e-04 | >=2 (KW level): 0.150488 se=5.658e-04 (Davis 2012)
  [score] Pareto-dominates KW          : 0.00000000 of canonical mass se=0.000e+00 (F4-A)
  [score] wrap-distance mass d(s63,s0)  : d1=0.000000 d3=0.000000 d5=0.000000 se=0.000e+00/0.000e+00/0.000e+00 (odd-only per theorem; circular-C2 price = d5 mass)
  [score] WRAPBIN-SCRATCH d0 : frac=0.000000 se=0.000e+00 | abs est=0.000000e+00 se=0.000e+00 relerr=0.000%
  [score] WRAPBIN-SCRATCH d1 : frac=0.000000 se=0.000e+00 | abs est=0.000000e+00 se=0.000e+00 relerr=0.000%
  [score] WRAPBIN-SCRATCH d2 : frac=0.500866 se=7.878e-04 | abs est=4.166749e+37 se=9.288e+34 relerr=0.223%
  [score] WRAPBIN-SCRATCH d3 : frac=0.000000 se=0.000e+00 | abs est=0.000000e+00 se=0.000e+00 relerr=0.000%
  [score] WRAPBIN-SCRATCH d4 : frac=0.499134 se=7.878e-04 | abs est=4.152333e+37 se=9.248e+34 relerr=0.223%
  [score] WRAPBIN-SCRATCH d5 : frac=0.000000 se=0.000e+00 | abs est=0.000000e+00 se=0.000e+00 relerr=0.000%
  [score] WRAPBIN-SCRATCH d6 : frac=0.000000 se=0.000e+00 | abs est=0.000000e+00 se=0.000e+00 relerr=0.000%
RC=0
SEED=2026100114
