[knuth] RNG SEED OVERRIDE ACTIVE: base=0x0000000078c3d587 (R11 Phase-2 independent-seed replicate; estimator-only, sha-neutral)
[knuth] attributed-rule scoring ACTIVE (Cook 2006: R-C1/R-C2; classical+Hacker-Moore 2003: R-C5; Moore 2005: R-M1)
[knuth] 1000000000 probes, 64 threads, 0 prefix level(s)
[knuth] C5 BUDGET OVERRIDE ACTIVE (R6): d0=0 d1=2 d2=20 d3=14 d4=18 d6=8 (post pure-pair decrement; estimator-only, sha-neutral)
KNUTH-PROBES planned=1000000000 executed=1000000000
KNUTH_PROBES=EXECUTED-EQ-PLANNED
KNUTH-ESTIMATE probes=1000000000 threads=64 start_step=1 prefix_levels=0
KNUTH-PROVENANCE seed_base=0x0000000078c3d587 moore_strict=0 gender_strict=0 score=1 r11_hist=0 wall_s=209
  tree_nodes            : est=1.547634e+40  95%CI=[1.5473e+40, 1.5479e+40]  relerr=0.01%  hitrate=1
  leaves_C1C2C4C5       : est=7.015775e+38  95%CI=[7.0084e+38, 7.0231e+38]  relerr=0.05%  hitrate=0.0088
  leaves_canonical_C1C5 : est=8.304431e+37  95%CI=[8.2788e+37, 8.3300e+37]  relerr=0.16%  hitrate=0.00105
  [diag] canonical top single-probe share : max_w=1.386125e+42 = 0.0017% of estimate mass (skew/ESS audit; lower=better)
  [score] R-C1 final-pair-anchor  : 0.000000 of canonical mass se=0.000e+00
  [score] R-C1c circular anchor-adjacency (R6; A2={21,42} slot2||slot32): adjacent=0.060303 slot2=0.060303 slot32=0.000000 (McKenna 1975 frame; slot32 must reproduce R-C1=0.000000)
  [score] R-C1c A2 pair-slot histogram (report-only; fraction of canonical mass, slots 1-32):
  a2slot 2 6.0302574229e-02
  a2slot 3 4.1414675504e-02
  a2slot 4 3.7768247600e-02
  a2slot 5 3.5848102078e-02
  a2slot 6 3.4529595439e-02
  a2slot 7 3.3486934666e-02
  a2slot 8 3.1813206234e-02
  a2slot 9 3.1920701874e-02
  a2slot 10 3.0473788159e-02
  a2slot 11 3.0922336896e-02
  a2slot 12 2.9760947809e-02
  a2slot 13 2.9564226407e-02
  a2slot 14 2.9436704626e-02
  a2slot 15 2.8734971208e-02
  a2slot 16 2.8994289802e-02
  a2slot 17 2.9001078021e-02
  a2slot 18 2.9144693028e-02
  a2slot 19 2.8848066060e-02
  a2slot 20 2.8937148668e-02
  a2slot 21 2.9565260200e-02
  a2slot 22 3.0059043731e-02
  a2slot 23 3.0949160681e-02
  a2slot 24 3.1271100752e-02
  a2slot 25 3.1842098069e-02
  a2slot 26 3.2039643377e-02
  a2slot 27 3.2783862239e-02
  a2slot 28 3.4569622383e-02
  a2slot 29 3.5605099536e-02
  a2slot 30 3.8787265351e-02
  a2slot 31 4.1625555372e-02
  [score] R-C2 first7-level-cover : 0.136722 of canonical mass se=5.276e-04
  [score] R-C5 18:18-HEC-split    : 0.329296 of canonical mass se=7.367e-04
  [score] R-M1 Moore-parity strict : 0.000004 of canonical mass (18/18; KW itself FAILS this) se=1.646e-06
  [score] R-M1 Moore-parity >=16/18: 0.000721 of canonical mass (KW level) se=4.291e-05
  [score] R-M1 max compliance seen : 18 of 18 (Moore-2005 precursor existence bound)
  [score] R-M2 Moore-1989 R/F <=2 breaks: 0.042969 of canonical mass (KW level) se=3.268e-04
  [score] R-M2 strict 0 breaks     : 0.000717 of canonical mass se=4.216e-05; min breaks seen = 0 (KW = 2)
  [score] Moore joint (M1>=16 & M2<=2): 0.00002551 of canonical mass se=1.054e-05 (independence: 0.00003098)
  [score] R-C3 level-3 positions == KW : 0.00000000 se=0.000e+00 | S-gap pattern anywhere: 0.00008406 se=1.346e-05 (Cook 2006)
  [score] R-C4 gender/valence <=2 viol : 0.000111 se=1.900e-05 | 0 viol: 0.000000 se=1.462e-07 (Cook 2006)
  [score] R-C4-B exception-form (0 viol OR 2 adjacent) : 7.4407955732e-06 se=3.480e-06 | R-C4-C KW locus [25,26]: 0.0000000000e+00 se=0.000e+00 (R13 two-convention; Schulz 1990/Cook 2006)
  [score] R-C4 0-viol DERIVED-N_gs abs : est=1.213909e+31  95%CI=[-1.1654e+31, 3.5932e+31]  relerr=100.00%  hits=1
  [score] Davis palindrome windows >=1 : 0.517763 se=7.860e-04 | >=2 (KW level): 0.150048 se=5.637e-04 (Davis 2012)
  [score] Pareto-dominates KW          : 0.00000000 of canonical mass se=0.000e+00 (F4-A)
  [score] wrap-distance mass d(s63,s0)  : d1=0.000000 d3=0.000000 d5=0.000000 se=0.000e+00/0.000e+00/0.000e+00 (odd-only per theorem; circular-C2 price = d5 mass)
  [score] WRAPBIN-SCRATCH d0 : frac=0.000000 se=0.000e+00 | abs est=0.000000e+00 se=0.000e+00 relerr=0.000%
  [score] WRAPBIN-SCRATCH d1 : frac=0.000000 se=0.000e+00 | abs est=0.000000e+00 se=0.000e+00 relerr=0.000%
  [score] WRAPBIN-SCRATCH d2 : frac=0.500816 se=7.865e-04 | abs est=4.158989e+37 se=9.252e+34 relerr=0.222%
  [score] WRAPBIN-SCRATCH d3 : frac=0.000000 se=0.000e+00 | abs est=0.000000e+00 se=0.000e+00 relerr=0.000%
  [score] WRAPBIN-SCRATCH d4 : frac=0.499184 se=7.865e-04 | abs est=4.145442e+37 se=9.220e+34 relerr=0.222%
  [score] WRAPBIN-SCRATCH d5 : frac=0.000000 se=0.000e+00 | abs est=0.000000e+00 se=0.000e+00 relerr=0.000%
  [score] WRAPBIN-SCRATCH d6 : frac=0.000000 se=0.000e+00 | abs est=0.000000e+00 se=0.000e+00 relerr=0.000%
RC=0
SEED=2026100103
