[knuth] RNG SEED OVERRIDE ACTIVE: base=0x0000000078c3d590 (R11 Phase-2 independent-seed replicate; estimator-only, sha-neutral)
[knuth] attributed-rule scoring ACTIVE (Cook 2006: R-C1/R-C2; classical+Hacker-Moore 2003: R-C5; Moore 2005: R-M1)
[knuth] 1000000000 probes, 64 threads, 0 prefix level(s)
[knuth] C5 BUDGET OVERRIDE ACTIVE (R6): d0=0 d1=2 d2=20 d3=14 d4=18 d6=8 (post pure-pair decrement; estimator-only, sha-neutral)
KNUTH-PROBES planned=1000000000 executed=1000000000
KNUTH_PROBES=EXECUTED-EQ-PLANNED
KNUTH-ESTIMATE probes=1000000000 threads=64 start_step=1 prefix_levels=0
KNUTH-PROVENANCE seed_base=0x0000000078c3d590 moore_strict=0 gender_strict=0 score=1 r11_hist=0 wall_s=208
  tree_nodes            : est=1.547686e+40  95%CI=[1.5474e+40, 1.5480e+40]  relerr=0.01%  hitrate=1
  leaves_C1C2C4C5       : est=7.013537e+38  95%CI=[7.0062e+38, 7.0209e+38]  relerr=0.05%  hitrate=0.0088
  leaves_canonical_C1C5 : est=8.299352e+37  95%CI=[8.2737e+37, 8.3250e+37]  relerr=0.16%  hitrate=0.00105
  [diag] canonical top single-probe share : max_w=1.320434e+42 = 0.0016% of estimate mass (skew/ESS audit; lower=better)
  [score] R-C1 final-pair-anchor  : 0.000000 of canonical mass se=0.000e+00
  [score] R-C1c circular anchor-adjacency (R6; A2={21,42} slot2||slot32): adjacent=0.060521 slot2=0.060521 slot32=0.000000 (McKenna 1975 frame; slot32 must reproduce R-C1=0.000000)
  [score] R-C1c A2 pair-slot histogram (report-only; fraction of canonical mass, slots 1-32):
  a2slot 2 6.0521038743e-02
  a2slot 3 4.1256370126e-02
  a2slot 4 3.7738405526e-02
  a2slot 5 3.5760568840e-02
  a2slot 6 3.4751695807e-02
  a2slot 7 3.3531004412e-02
  a2slot 8 3.2207245682e-02
  a2slot 9 3.1696264107e-02
  a2slot 10 3.0631106893e-02
  a2slot 11 3.0601001392e-02
  a2slot 12 2.9811166013e-02
  a2slot 13 2.9720174584e-02
  a2slot 14 2.9433834053e-02
  a2slot 15 2.9377424617e-02
  a2slot 16 2.8819002122e-02
  a2slot 17 2.8841501613e-02
  a2slot 18 2.8859793838e-02
  a2slot 19 2.9420183579e-02
  a2slot 20 2.8988553604e-02
  a2slot 21 2.9763097608e-02
  a2slot 22 3.0330951645e-02
  a2slot 23 3.0048099324e-02
  a2slot 24 3.1129365651e-02
  a2slot 25 3.1693915374e-02
  a2slot 26 3.2047779563e-02
  a2slot 27 3.3224908377e-02
  a2slot 28 3.4259336615e-02
  a2slot 29 3.5656590460e-02
  a2slot 30 3.8955857510e-02
  a2slot 31 4.0923762324e-02
  [score] R-C2 first7-level-cover : 0.137695 of canonical mass se=5.324e-04
  [score] R-C5 18:18-HEC-split    : 0.329388 of canonical mass se=7.385e-04
  [score] R-M1 Moore-parity strict : 0.000009 of canonical mass (18/18; KW itself FAILS this) se=4.821e-06
  [score] R-M1 Moore-parity >=16/18: 0.000739 of canonical mass (KW level) se=4.414e-05
  [score] R-M1 max compliance seen : 18 of 18 (Moore-2005 precursor existence bound)
  [score] R-M2 Moore-1989 R/F <=2 breaks: 0.043189 of canonical mass (KW level) se=3.273e-04
  [score] R-M2 strict 0 breaks     : 0.000755 of canonical mass se=4.511e-05; min breaks seen = 0 (KW = 2)
  [score] Moore joint (M1>=16 & M2<=2): 0.00003656 of canonical mass se=9.334e-06 (independence: 0.00003192)
  [score] R-C3 level-3 positions == KW : 0.00000000 se=0.000e+00 | S-gap pattern anywhere: 0.00010355 se=1.563e-05 (Cook 2006)
  [score] R-C4 gender/valence <=2 viol : 0.000080 se=1.394e-05 | 0 viol: 0.000002 se=2.326e-06 (Cook 2006)
  [score] R-C4-B exception-form (0 viol OR 2 adjacent) : 9.9656536472e-06 se=3.802e-06 | R-C4-C KW locus [25,26]: 0.0000000000e+00 se=0.000e+00 (R13 two-convention; Schulz 1990/Cook 2006)
  [score] R-C4 0-viol DERIVED-N_gs abs : est=1.930797e+32  95%CI=[-1.8536e+32, 5.7152e+32]  relerr=100.00%  hits=1
  [score] Davis palindrome windows >=1 : 0.519117 se=7.868e-04 | >=2 (KW level): 0.150952 se=5.659e-04 (Davis 2012)
  [score] Pareto-dominates KW          : 0.00000000 of canonical mass se=0.000e+00 (F4-A)
  [score] wrap-distance mass d(s63,s0)  : d1=0.000000 d3=0.000000 d5=0.000000 se=0.000e+00/0.000e+00/0.000e+00 (odd-only per theorem; circular-C2 price = d5 mass)
  [score] WRAPBIN-SCRATCH d0 : frac=0.000000 se=0.000e+00 | abs est=0.000000e+00 se=0.000e+00 relerr=0.000%
  [score] WRAPBIN-SCRATCH d1 : frac=0.000000 se=0.000e+00 | abs est=0.000000e+00 se=0.000e+00 relerr=0.000%
  [score] WRAPBIN-SCRATCH d2 : frac=0.501022 se=7.876e-04 | abs est=4.158159e+37 se=9.246e+34 relerr=0.222%
  [score] WRAPBIN-SCRATCH d3 : frac=0.000000 se=0.000e+00 | abs est=0.000000e+00 se=0.000e+00 relerr=0.000%
  [score] WRAPBIN-SCRATCH d4 : frac=0.498978 se=7.876e-04 | abs est=4.141192e+37 se=9.241e+34 relerr=0.223%
  [score] WRAPBIN-SCRATCH d5 : frac=0.000000 se=0.000e+00 | abs est=0.000000e+00 se=0.000e+00 relerr=0.000%
  [score] WRAPBIN-SCRATCH d6 : frac=0.000000 se=0.000e+00 | abs est=0.000000e+00 se=0.000e+00 relerr=0.000%
RC=0
SEED=2026100112
