[knuth] RNG SEED OVERRIDE ACTIVE: base=0x0000000078c3d584 (R11 Phase-2 independent-seed replicate; estimator-only, sha-neutral)
[knuth] attributed-rule scoring ACTIVE (Cook 2006: R-C1/R-C2; classical+Hacker-Moore 2003: R-C5; Moore 2005: R-M1)
[knuth] 1000000000 probes, 64 threads, 0 prefix level(s)
[knuth] C5 BUDGET OVERRIDE ACTIVE (R6): d0=0 d1=2 d2=20 d3=14 d4=18 d6=8 (post pure-pair decrement; estimator-only, sha-neutral)
KNUTH-PROBES planned=1000000000 executed=1000000000
KNUTH_PROBES=EXECUTED-EQ-PLANNED
KNUTH-ESTIMATE probes=1000000000 threads=64 start_step=1 prefix_levels=0
KNUTH-PROVENANCE seed_base=0x0000000078c3d584 moore_strict=0 gender_strict=0 score=1 r11_hist=0 wall_s=211
  tree_nodes            : est=1.547713e+40  95%CI=[1.5474e+40, 1.5480e+40]  relerr=0.01%  hitrate=1
  leaves_C1C2C4C5       : est=7.015419e+38  95%CI=[7.0081e+38, 7.0227e+38]  relerr=0.05%  hitrate=0.0088
  leaves_canonical_C1C5 : est=8.327343e+37  95%CI=[8.3017e+37, 8.3530e+37]  relerr=0.16%  hitrate=0.00105
  [diag] canonical top single-probe share : max_w=1.338002e+42 = 0.0016% of estimate mass (skew/ESS audit; lower=better)
  [score] R-C1 final-pair-anchor  : 0.000000 of canonical mass se=0.000e+00
  [score] R-C1c circular anchor-adjacency (R6; A2={21,42} slot2||slot32): adjacent=0.060852 slot2=0.060852 slot32=0.000000 (McKenna 1975 frame; slot32 must reproduce R-C1=0.000000)
  [score] R-C1c A2 pair-slot histogram (report-only; fraction of canonical mass, slots 1-32):
  a2slot 2 6.0852041112e-02
  a2slot 3 4.2127815252e-02
  a2slot 4 3.7685172581e-02
  a2slot 5 3.5700682052e-02
  a2slot 6 3.4672339721e-02
  a2slot 7 3.3669865388e-02
  a2slot 8 3.2703986937e-02
  a2slot 9 3.1182507879e-02
  a2slot 10 3.0889581384e-02
  a2slot 11 3.0692351626e-02
  a2slot 12 3.0505223298e-02
  a2slot 13 2.9552661377e-02
  a2slot 14 2.9269598070e-02
  a2slot 15 2.9245907638e-02
  a2slot 16 2.8827408315e-02
  a2slot 17 2.8969787316e-02
  a2slot 18 2.8598246636e-02
  a2slot 19 2.9036496781e-02
  a2slot 20 2.9423861233e-02
  a2slot 21 2.9652429867e-02
  a2slot 22 2.9861260116e-02
  a2slot 23 2.9882626876e-02
  a2slot 24 3.0855733442e-02
  a2slot 25 3.1515380682e-02
  a2slot 26 3.2287943541e-02
  a2slot 27 3.2891485905e-02
  a2slot 28 3.3830452282e-02
  a2slot 29 3.5776818736e-02
  a2slot 30 3.8703999020e-02
  a2slot 31 4.1136334937e-02
  [score] R-C2 first7-level-cover : 0.136985 of canonical mass se=5.279e-04
  [score] R-C5 18:18-HEC-split    : 0.329933 of canonical mass se=7.373e-04
  [score] R-M1 Moore-parity strict : 0.000004 of canonical mass (18/18; KW itself FAILS this) se=2.342e-06
  [score] R-M1 Moore-parity >=16/18: 0.000692 of canonical mass (KW level) se=3.894e-05
  [score] R-M1 max compliance seen : 18 of 18 (Moore-2005 precursor existence bound)
  [score] R-M2 Moore-1989 R/F <=2 breaks: 0.042867 of canonical mass (KW level) se=3.240e-04
  [score] R-M2 strict 0 breaks     : 0.000729 of canonical mass se=4.184e-05; min breaks seen = 0 (KW = 2)
  [score] Moore joint (M1>=16 & M2<=2): 0.00001430 of canonical mass se=4.529e-06 (independence: 0.00002966)
  [score] R-C3 level-3 positions == KW : 0.00000000 se=0.000e+00 | S-gap pattern anywhere: 0.00011429 se=1.617e-05 (Cook 2006)
  [score] R-C4 gender/valence <=2 viol : 0.000065 se=1.232e-05 | 0 viol: 0.000001 se=8.593e-07 (Cook 2006)
  [score] R-C4-B exception-form (0 viol OR 2 adjacent) : 8.9324579170e-06 se=3.626e-06 | R-C4-C KW locus [25,26]: 0.0000000000e+00 se=0.000e+00 (R13 two-convention; Schulz 1990/Cook 2006)
  [score] R-C4 0-viol DERIVED-N_gs abs : est=7.155997e+31  95%CI=[-6.8698e+31, 2.1182e+32]  relerr=100.00%  hits=1
  [score] Davis palindrome windows >=1 : 0.518906 se=7.854e-04 | >=2 (KW level): 0.150980 se=5.640e-04 (Davis 2012)
  [score] Pareto-dominates KW          : 0.00000000 of canonical mass se=0.000e+00 (F4-A)
  [score] wrap-distance mass d(s63,s0)  : d1=0.000000 d3=0.000000 d5=0.000000 se=0.000e+00/0.000e+00/0.000e+00 (odd-only per theorem; circular-C2 price = d5 mass)
  [score] WRAPBIN-SCRATCH d0 : frac=0.000000 se=0.000e+00 | abs est=0.000000e+00 se=0.000e+00 relerr=0.000%
  [score] WRAPBIN-SCRATCH d1 : frac=0.000000 se=0.000e+00 | abs est=0.000000e+00 se=0.000e+00 relerr=0.000%
  [score] WRAPBIN-SCRATCH d2 : frac=0.501264 se=7.861e-04 | abs est=4.174193e+37 se=9.275e+34 relerr=0.222%
  [score] WRAPBIN-SCRATCH d3 : frac=0.000000 se=0.000e+00 | abs est=0.000000e+00 se=0.000e+00 relerr=0.000%
  [score] WRAPBIN-SCRATCH d4 : frac=0.498736 se=7.861e-04 | abs est=4.153150e+37 se=9.238e+34 relerr=0.222%
  [score] WRAPBIN-SCRATCH d5 : frac=0.000000 se=0.000e+00 | abs est=0.000000e+00 se=0.000e+00 relerr=0.000%
  [score] WRAPBIN-SCRATCH d6 : frac=0.000000 se=0.000e+00 | abs est=0.000000e+00 se=0.000e+00 relerr=0.000%
RC=0
SEED=2026100100
