[knuth] RNG SEED OVERRIDE ACTIVE: base=0x0000000078c3d58a (R11 Phase-2 independent-seed replicate; estimator-only, sha-neutral)
[knuth] attributed-rule scoring ACTIVE (Cook 2006: R-C1/R-C2; classical+Hacker-Moore 2003: R-C5; Moore 2005: R-M1)
[knuth] 1000000000 probes, 64 threads, 0 prefix level(s)
[knuth] C5 BUDGET OVERRIDE ACTIVE (R6): d0=0 d1=2 d2=20 d3=14 d4=18 d6=8 (post pure-pair decrement; estimator-only, sha-neutral)
KNUTH-PROBES planned=1000000000 executed=1000000000
KNUTH_PROBES=EXECUTED-EQ-PLANNED
KNUTH-ESTIMATE probes=1000000000 threads=64 start_step=1 prefix_levels=0
KNUTH-PROVENANCE seed_base=0x0000000078c3d58a moore_strict=0 gender_strict=0 score=1 r11_hist=0 wall_s=202
  tree_nodes            : est=1.547615e+40  95%CI=[1.5473e+40, 1.5479e+40]  relerr=0.01%  hitrate=1
  leaves_C1C2C4C5       : est=7.015949e+38  95%CI=[7.0086e+38, 7.0233e+38]  relerr=0.05%  hitrate=0.00881
  leaves_canonical_C1C5 : est=8.338462e+37  95%CI=[8.3127e+37, 8.3642e+37]  relerr=0.16%  hitrate=0.00105
  [diag] canonical top single-probe share : max_w=1.408632e+42 = 0.0017% of estimate mass (skew/ESS audit; lower=better)
  [score] R-C1 final-pair-anchor  : 0.000000 of canonical mass se=0.000e+00
  [score] R-C1c circular anchor-adjacency (R6; A2={21,42} slot2||slot32): adjacent=0.060803 slot2=0.060803 slot32=0.000000 (McKenna 1975 frame; slot32 must reproduce R-C1=0.000000)
  [score] R-C1c A2 pair-slot histogram (report-only; fraction of canonical mass, slots 1-32):
  a2slot 2 6.0802609592e-02
  a2slot 3 4.1584909518e-02
  a2slot 4 3.7393093721e-02
  a2slot 5 3.6317609640e-02
  a2slot 6 3.4132378889e-02
  a2slot 7 3.3293460038e-02
  a2slot 8 3.2511318890e-02
  a2slot 9 3.1449782568e-02
  a2slot 10 3.1034252801e-02
  a2slot 11 3.0211906315e-02
  a2slot 12 3.0119180898e-02
  a2slot 13 2.9499078468e-02
  a2slot 14 2.9081485985e-02
  a2slot 15 2.9043863418e-02
  a2slot 16 2.9045084172e-02
  a2slot 17 2.9174539174e-02
  a2slot 18 2.8917975277e-02
  a2slot 19 2.9292327316e-02
  a2slot 20 2.9217551251e-02
  a2slot 21 2.9990435503e-02
  a2slot 22 2.9907832264e-02
  a2slot 23 3.0660975192e-02
  a2slot 24 3.0567418342e-02
  a2slot 25 3.1106405653e-02
  a2slot 26 3.2306381275e-02
  a2slot 27 3.3509280156e-02
  a2slot 28 3.4210804815e-02
  a2slot 29 3.5659349630e-02
  a2slot 30 3.8663078202e-02
  a2slot 31 4.1295631036e-02
  [score] R-C2 first7-level-cover : 0.136961 of canonical mass se=5.301e-04
  [score] R-C5 18:18-HEC-split    : 0.328906 of canonical mass se=7.377e-04
  [score] R-M1 Moore-parity strict : 0.000006 of canonical mass (18/18; KW itself FAILS this) se=3.831e-06
  [score] R-M1 Moore-parity >=16/18: 0.000663 of canonical mass (KW level) se=3.957e-05
  [score] R-M1 max compliance seen : 18 of 18 (Moore-2005 precursor existence bound)
  [score] R-M2 Moore-1989 R/F <=2 breaks: 0.042941 of canonical mass (KW level) se=3.252e-04
  [score] R-M2 strict 0 breaks     : 0.000741 of canonical mass se=4.181e-05; min breaks seen = 0 (KW = 2)
  [score] Moore joint (M1>=16 & M2<=2): 0.00001211 of canonical mass se=3.792e-06 (independence: 0.00002847)
  [score] R-C3 level-3 positions == KW : 0.00000000 se=0.000e+00 | S-gap pattern anywhere: 0.00010611 se=1.466e-05 (Cook 2006)
  [score] R-C4 gender/valence <=2 viol : 0.000053 se=9.553e-06 | 0 viol: 0.000001 se=7.980e-07 (Cook 2006)
  [score] R-C4-B exception-form (0 viol OR 2 adjacent) : 1.0738100090e-06 se=8.443e-07 | R-C4-C KW locus [25,26]: 0.0000000000e+00 se=0.000e+00 (R13 two-convention; Schulz 1990/Cook 2006)
  [score] R-C4 0-viol DERIVED-N_gs abs : est=6.653965e+31  95%CI=[-6.3878e+31, 1.9696e+32]  relerr=100.00%  hits=1
  [score] Davis palindrome windows >=1 : 0.519229 se=7.874e-04 | >=2 (KW level): 0.150888 se=5.679e-04 (Davis 2012)
  [score] Pareto-dominates KW          : 0.00000000 of canonical mass se=0.000e+00 (F4-A)
  [score] wrap-distance mass d(s63,s0)  : d1=0.000000 d3=0.000000 d5=0.000000 se=0.000e+00/0.000e+00/0.000e+00 (odd-only per theorem; circular-C2 price = d5 mass)
  [score] WRAPBIN-SCRATCH d0 : frac=0.000000 se=0.000e+00 | abs est=0.000000e+00 se=0.000e+00 relerr=0.000%
  [score] WRAPBIN-SCRATCH d1 : frac=0.000000 se=0.000e+00 | abs est=0.000000e+00 se=0.000e+00 relerr=0.000%
  [score] WRAPBIN-SCRATCH d2 : frac=0.499533 se=7.881e-04 | abs est=4.165338e+37 se=9.287e+34 relerr=0.223%
  [score] WRAPBIN-SCRATCH d3 : frac=0.000000 se=0.000e+00 | abs est=0.000000e+00 se=0.000e+00 relerr=0.000%
  [score] WRAPBIN-SCRATCH d4 : frac=0.500467 se=7.881e-04 | abs est=4.173124e+37 se=9.299e+34 relerr=0.223%
  [score] WRAPBIN-SCRATCH d5 : frac=0.000000 se=0.000e+00 | abs est=0.000000e+00 se=0.000e+00 relerr=0.000%
  [score] WRAPBIN-SCRATCH d6 : frac=0.000000 se=0.000e+00 | abs est=0.000000e+00 se=0.000e+00 relerr=0.000%
RC=0
SEED=2026100106
