[knuth] RNG SEED OVERRIDE ACTIVE: base=0x0000000078c3d593 (R11 Phase-2 independent-seed replicate; estimator-only, sha-neutral)
[knuth] attributed-rule scoring ACTIVE (Cook 2006: R-C1/R-C2; classical+Hacker-Moore 2003: R-C5; Moore 2005: R-M1)
[knuth] 1000000000 probes, 64 threads, 0 prefix level(s)
[knuth] C5 BUDGET OVERRIDE ACTIVE (R6): d0=0 d1=2 d2=20 d3=14 d4=18 d6=8 (post pure-pair decrement; estimator-only, sha-neutral)
KNUTH-PROBES planned=1000000000 executed=1000000000
KNUTH_PROBES=EXECUTED-EQ-PLANNED
KNUTH-ESTIMATE probes=1000000000 threads=64 start_step=1 prefix_levels=0
KNUTH-PROVENANCE seed_base=0x0000000078c3d593 moore_strict=0 gender_strict=0 score=1 r11_hist=0 wall_s=199
  tree_nodes            : est=1.547876e+40  95%CI=[1.5476e+40, 1.5482e+40]  relerr=0.01%  hitrate=1
  leaves_C1C2C4C5       : est=7.011659e+38  95%CI=[7.0043e+38, 7.0190e+38]  relerr=0.05%  hitrate=0.0088
  leaves_canonical_C1C5 : est=8.293439e+37  95%CI=[8.2678e+37, 8.3191e+37]  relerr=0.16%  hitrate=0.00105
  [diag] canonical top single-probe share : max_w=1.368424e+42 = 0.0017% of estimate mass (skew/ESS audit; lower=better)
  [score] R-C1 final-pair-anchor  : 0.000000 of canonical mass se=0.000e+00
  [score] R-C1c circular anchor-adjacency (R6; A2={21,42} slot2||slot32): adjacent=0.060587 slot2=0.060587 slot32=0.000000 (McKenna 1975 frame; slot32 must reproduce R-C1=0.000000)
  [score] R-C1c A2 pair-slot histogram (report-only; fraction of canonical mass, slots 1-32):
  a2slot 2 6.0587418809e-02
  a2slot 3 4.1392213423e-02
  a2slot 4 3.7717939624e-02
  a2slot 5 3.5985906854e-02
  a2slot 6 3.4594288532e-02
  a2slot 7 3.3835778626e-02
  a2slot 8 3.2655855405e-02
  a2slot 9 3.1366545943e-02
  a2slot 10 3.0970937856e-02
  a2slot 11 3.0456680104e-02
  a2slot 12 3.0344384204e-02
  a2slot 13 2.9563147044e-02
  a2slot 14 2.9028217468e-02
  a2slot 15 2.9181943694e-02
  a2slot 16 2.8681939126e-02
  a2slot 17 2.8770975245e-02
  a2slot 18 2.9156216644e-02
  a2slot 19 2.9226015327e-02
  a2slot 20 2.9545391953e-02
  a2slot 21 2.9178228890e-02
  a2slot 22 2.9965223783e-02
  a2slot 23 3.0409197757e-02
  a2slot 24 3.1084033474e-02
  a2slot 25 3.1095046120e-02
  a2slot 26 3.2151220752e-02
  a2slot 27 3.3286263554e-02
  a2slot 28 3.4014584189e-02
  a2slot 29 3.5834719072e-02
  a2slot 30 3.8737008742e-02
  a2slot 31 4.1182677785e-02
  [score] R-C2 first7-level-cover : 0.135851 of canonical mass se=5.255e-04
  [score] R-C5 18:18-HEC-split    : 0.328825 of canonical mass se=7.371e-04
  [score] R-M1 Moore-parity strict : 0.000001 of canonical mass (18/18; KW itself FAILS this) se=9.627e-07
  [score] R-M1 Moore-parity >=16/18: 0.000689 of canonical mass (KW level) se=4.080e-05
  [score] R-M1 max compliance seen : 18 of 18 (Moore-2005 precursor existence bound)
  [score] R-M2 Moore-1989 R/F <=2 breaks: 0.043087 of canonical mass (KW level) se=3.274e-04
  [score] R-M2 strict 0 breaks     : 0.000731 of canonical mass se=4.620e-05; min breaks seen = 0 (KW = 2)
  [score] Moore joint (M1>=16 & M2<=2): 0.00001569 of canonical mass se=5.019e-06 (independence: 0.00002969)
  [score] R-C3 level-3 positions == KW : 0.00000000 se=0.000e+00 | S-gap pattern anywhere: 0.00013258 se=2.013e-05 (Cook 2006)
  [score] R-C4 gender/valence <=2 viol : 0.000084 se=1.530e-05 | 0 viol: 0.000000 se=0.000e+00 (Cook 2006)
  [score] R-C4-B exception-form (0 viol OR 2 adjacent) : 8.2558173274e-06 se=4.304e-06 | R-C4-C KW locus [25,26]: 0.0000000000e+00 se=0.000e+00 (R13 two-convention; Schulz 1990/Cook 2006)
  [score] R-C4 0-viol DERIVED-N_gs abs : est=0.000000e+00  95%CI=[0.0000e+00, 0.0000e+00]  relerr=0.00%  hits=0
  [score] Davis palindrome windows >=1 : 0.519938 se=7.872e-04 | >=2 (KW level): 0.150714 se=5.668e-04 (Davis 2012)
  [score] Pareto-dominates KW          : 0.00000000 of canonical mass se=0.000e+00 (F4-A)
  [score] wrap-distance mass d(s63,s0)  : d1=0.000000 d3=0.000000 d5=0.000000 se=0.000e+00/0.000e+00/0.000e+00 (odd-only per theorem; circular-C2 price = d5 mass)
  [score] WRAPBIN-SCRATCH d0 : frac=0.000000 se=0.000e+00 | abs est=0.000000e+00 se=0.000e+00 relerr=0.000%
  [score] WRAPBIN-SCRATCH d1 : frac=0.000000 se=0.000e+00 | abs est=0.000000e+00 se=0.000e+00 relerr=0.000%
  [score] WRAPBIN-SCRATCH d2 : frac=0.499447 se=7.881e-04 | abs est=4.142130e+37 se=9.217e+34 relerr=0.223%
  [score] WRAPBIN-SCRATCH d3 : frac=0.000000 se=0.000e+00 | abs est=0.000000e+00 se=0.000e+00 relerr=0.000%
  [score] WRAPBIN-SCRATCH d4 : frac=0.500553 se=7.881e-04 | abs est=4.151309e+37 se=9.268e+34 relerr=0.223%
  [score] WRAPBIN-SCRATCH d5 : frac=0.000000 se=0.000e+00 | abs est=0.000000e+00 se=0.000e+00 relerr=0.000%
  [score] WRAPBIN-SCRATCH d6 : frac=0.000000 se=0.000e+00 | abs est=0.000000e+00 se=0.000e+00 relerr=0.000%
RC=0
SEED=2026100115
