[knuth] RNG SEED OVERRIDE ACTIVE: base=0x0000000078c3d589 (R11 Phase-2 independent-seed replicate; estimator-only, sha-neutral)
[knuth] attributed-rule scoring ACTIVE (Cook 2006: R-C1/R-C2; classical+Hacker-Moore 2003: R-C5; Moore 2005: R-M1)
[knuth] 1000000000 probes, 64 threads, 0 prefix level(s)
[knuth] C5 BUDGET OVERRIDE ACTIVE (R6): d0=0 d1=2 d2=20 d3=14 d4=18 d6=8 (post pure-pair decrement; estimator-only, sha-neutral)
KNUTH-PROBES planned=1000000000 executed=1000000000
KNUTH_PROBES=EXECUTED-EQ-PLANNED
KNUTH-ESTIMATE probes=1000000000 threads=64 start_step=1 prefix_levels=0
KNUTH-PROVENANCE seed_base=0x0000000078c3d589 moore_strict=0 gender_strict=0 score=1 r11_hist=0 wall_s=256
  tree_nodes            : est=1.547762e+40  95%CI=[1.5475e+40, 1.5481e+40]  relerr=0.01%  hitrate=1
  leaves_C1C2C4C5       : est=7.014578e+38  95%CI=[7.0073e+38, 7.0219e+38]  relerr=0.05%  hitrate=0.00881
  leaves_canonical_C1C5 : est=8.319100e+37  95%CI=[8.2935e+37, 8.3447e+37]  relerr=0.16%  hitrate=0.00105
  [diag] canonical top single-probe share : max_w=1.343953e+42 = 0.0016% of estimate mass (skew/ESS audit; lower=better)
  [score] R-C1 final-pair-anchor  : 0.000000 of canonical mass se=0.000e+00
  [score] R-C1c circular anchor-adjacency (R6; A2={21,42} slot2||slot32): adjacent=0.061099 slot2=0.061099 slot32=0.000000 (McKenna 1975 frame; slot32 must reproduce R-C1=0.000000)
  [score] R-C1c A2 pair-slot histogram (report-only; fraction of canonical mass, slots 1-32):
  a2slot 2 6.1099445807e-02
  a2slot 3 4.1330338055e-02
  a2slot 4 3.7060004408e-02
  a2slot 5 3.5702356356e-02
  a2slot 6 3.4424873889e-02
  a2slot 7 3.3481645913e-02
  a2slot 8 3.2495499223e-02
  a2slot 9 3.1457197680e-02
  a2slot 10 3.1131147879e-02
  a2slot 11 3.0497315662e-02
  a2slot 12 3.0000861987e-02
  a2slot 13 2.9714119147e-02
  a2slot 14 2.9329125447e-02
  a2slot 15 2.9274943224e-02
  a2slot 16 2.9162543495e-02
  a2slot 17 2.8352210976e-02
  a2slot 18 2.8692656685e-02
  a2slot 19 2.8567808735e-02
  a2slot 20 2.9396190456e-02
  a2slot 21 2.9789449378e-02
  a2slot 22 3.0066264475e-02
  a2slot 23 2.9922852090e-02
  a2slot 24 3.0619384366e-02
  a2slot 25 3.1840852474e-02
  a2slot 26 3.2277714318e-02
  a2slot 27 3.3333469580e-02
  a2slot 28 3.4733874817e-02
  a2slot 29 3.5948668115e-02
  a2slot 30 3.8895656314e-02
  a2slot 31 4.1401529048e-02
  [score] R-C2 first7-level-cover : 0.136318 of canonical mass se=5.273e-04
  [score] R-C5 18:18-HEC-split    : 0.328984 of canonical mass se=7.352e-04
  [score] R-M1 Moore-parity strict : 0.000006 of canonical mass (18/18; KW itself FAILS this) se=2.834e-06
  [score] R-M1 Moore-parity >=16/18: 0.000722 of canonical mass (KW level) se=4.208e-05
  [score] R-M1 max compliance seen : 18 of 18 (Moore-2005 precursor existence bound)
  [score] R-M2 Moore-1989 R/F <=2 breaks: 0.042610 of canonical mass (KW level) se=3.254e-04
  [score] R-M2 strict 0 breaks     : 0.000687 of canonical mass se=4.265e-05; min breaks seen = 0 (KW = 2)
  [score] Moore joint (M1>=16 & M2<=2): 0.00002166 of canonical mass se=7.264e-06 (independence: 0.00003079)
  [score] R-C3 level-3 positions == KW : 0.00000000 se=0.000e+00 | S-gap pattern anywhere: 0.00012156 se=1.860e-05 (Cook 2006)
  [score] R-C4 gender/valence <=2 viol : 0.000080 se=1.709e-05 | 0 viol: 0.000001 se=1.044e-06 (Cook 2006)
  [score] R-C4-B exception-form (0 viol OR 2 adjacent) : 1.4478218603e-05 se=7.509e-06 | R-C4-C KW locus [25,26]: 0.0000000000e+00 se=0.000e+00 (R13 two-convention; Schulz 1990/Cook 2006)
  [score] R-C4 0-viol DERIVED-N_gs abs : est=1.203455e+32  95%CI=[-4.9894e+31, 2.9058e+32]  relerr=72.17%  hits=2
  [score] Davis palindrome windows >=1 : 0.518742 se=7.851e-04 | >=2 (KW level): 0.151146 se=5.649e-04 (Davis 2012)
  [score] Pareto-dominates KW          : 0.00000000 of canonical mass se=0.000e+00 (F4-A)
  [score] wrap-distance mass d(s63,s0)  : d1=0.000000 d3=0.000000 d5=0.000000 se=0.000e+00/0.000e+00/0.000e+00 (odd-only per theorem; circular-C2 price = d5 mass)
  [score] WRAPBIN-SCRATCH d0 : frac=0.000000 se=0.000e+00 | abs est=0.000000e+00 se=0.000e+00 relerr=0.000%
  [score] WRAPBIN-SCRATCH d1 : frac=0.000000 se=0.000e+00 | abs est=0.000000e+00 se=0.000e+00 relerr=0.000%
  [score] WRAPBIN-SCRATCH d2 : frac=0.500568 se=7.858e-04 | abs est=4.164276e+37 se=9.265e+34 relerr=0.222%
  [score] WRAPBIN-SCRATCH d3 : frac=0.000000 se=0.000e+00 | abs est=0.000000e+00 se=0.000e+00 relerr=0.000%
  [score] WRAPBIN-SCRATCH d4 : frac=0.499432 se=7.858e-04 | abs est=4.154824e+37 se=9.222e+34 relerr=0.222%
  [score] WRAPBIN-SCRATCH d5 : frac=0.000000 se=0.000e+00 | abs est=0.000000e+00 se=0.000e+00 relerr=0.000%
  [score] WRAPBIN-SCRATCH d6 : frac=0.000000 se=0.000e+00 | abs est=0.000000e+00 se=0.000e+00 relerr=0.000%
RC=0
SEED=2026100105
