[knuth] RNG SEED OVERRIDE ACTIVE: base=0x0000000078c3d5f9 (R11 Phase-2 independent-seed replicate; estimator-only, sha-neutral)
[knuth] attributed-rule scoring ACTIVE (Cook 2006: R-C1/R-C2; classical+Hacker-Moore 2003: R-C5; Moore 2005: R-M1)
[knuth] 1000000000 probes, 64 threads, 0 prefix level(s)
[knuth] C5 BUDGET OVERRIDE ACTIVE (R6): d0=0 d1=1 d2=20 d3=14 d4=19 d6=8 (post pure-pair decrement; estimator-only, sha-neutral)
KNUTH-PROBES planned=1000000000 executed=1000000000
KNUTH_PROBES=EXECUTED-EQ-PLANNED
KNUTH-ESTIMATE probes=1000000000 threads=64 start_step=1 prefix_levels=0
KNUTH-PROVENANCE seed_base=0x0000000078c3d5f9 moore_strict=0 gender_strict=0 score=1 r11_hist=0 wall_s=258
  tree_nodes            : est=9.193763e+39  95%CI=[9.1918e+39, 9.1957e+39]  relerr=0.01%  hitrate=1
  leaves_C1C2C4C5       : est=5.212459e+38  95%CI=[5.2071e+38, 5.2178e+38]  relerr=0.05%  hitrate=0.0124
  leaves_canonical_C1C5 : est=6.489904e+37  95%CI=[6.4707e+37, 6.5091e+37]  relerr=0.15%  hitrate=0.00155
  [diag] canonical top single-probe share : max_w=1.320714e+42 = 0.0020% of estimate mass (skew/ESS audit; lower=better)
  [score] R-C1 final-pair-anchor  : 0.078595 of canonical mass se=3.861e-04
  [score] R-C1c circular anchor-adjacency (R6; A2={21,42} slot2||slot32): adjacent=0.134294 slot2=0.055699 slot32=0.078595 (McKenna 1975 frame; slot32 must reproduce R-C1=0.078595)
  [score] R-C1c A2 pair-slot histogram (report-only; fraction of canonical mass, slots 1-32):
  a2slot 2 5.5699054636e-02
  a2slot 3 3.8827395429e-02
  a2slot 4 3.4941781519e-02
  a2slot 5 3.2814193199e-02
  a2slot 6 3.2107872164e-02
  a2slot 7 3.0891280058e-02
  a2slot 8 2.9460451704e-02
  a2slot 9 2.9073047669e-02
  a2slot 10 2.8735600150e-02
  a2slot 11 2.8120698581e-02
  a2slot 12 2.7650525029e-02
  a2slot 13 2.7527234531e-02
  a2slot 14 2.6890735048e-02
  a2slot 15 2.7090071907e-02
  a2slot 16 2.6851530360e-02
  a2slot 17 2.6363818592e-02
  a2slot 18 2.6908047481e-02
  a2slot 19 2.6441698679e-02
  a2slot 20 2.6805616372e-02
  a2slot 21 2.7160611720e-02
  a2slot 22 2.8076028461e-02
  a2slot 23 2.8094109488e-02
  a2slot 24 2.8799325017e-02
  a2slot 25 2.9051821537e-02
  a2slot 26 2.9604078349e-02
  a2slot 27 3.1259653569e-02
  a2slot 28 3.1987095424e-02
  a2slot 29 3.2633339676e-02
  a2slot 30 3.3585469760e-02
  a2slot 31 3.7953033488e-02
  a2slot 32 7.8594780403e-02
  [score] R-C2 first7-level-cover : 0.116368 of canonical mass se=4.683e-04
  [score] R-C5 18:18-HEC-split    : 0.364628 of canonical mass se=7.278e-04
  [score] R-M1 Moore-parity strict : 0.000013 of canonical mass (18/18; KW itself FAILS this) se=4.624e-06
  [score] R-M1 Moore-parity >=16/18: 0.000740 of canonical mass (KW level) se=3.784e-05
  [score] R-M1 max compliance seen : 18 of 18 (Moore-2005 precursor existence bound)
  [score] R-M2 Moore-1989 R/F <=2 breaks: 0.034059 of canonical mass (KW level) se=2.811e-04
  [score] R-M2 strict 0 breaks     : 0.000517 of canonical mass se=3.603e-05; min breaks seen = 0 (KW = 2)
  [score] Moore joint (M1>=16 & M2<=2): 0.00001824 of canonical mass se=4.605e-06 (independence: 0.00002519)
  [score] R-C3 level-3 positions == KW : 0.00000000 se=0.000e+00 | S-gap pattern anywhere: 0.00011785 se=2.110e-05 (Cook 2006)
  [score] R-C4 gender/valence <=2 viol : 0.000109 se=1.632e-05 | 0 viol: 0.000000 se=3.474e-07 (Cook 2006)
  [score] R-C4-B exception-form (0 viol OR 2 adjacent) : 8.7852413666e-06 se=4.702e-06 | R-C4-C KW locus [25,26]: 3.8388186614e-07 se=3.839e-07 (R13 two-convention; Schulz 1990/Cook 2006)
  [score] R-C4 0-viol DERIVED-N_gs abs : est=2.877311e+31  95%CI=[-1.5412e+31, 7.2958e+31]  relerr=78.35%  hits=2
  [score] Davis palindrome windows >=1 : 0.502340 se=7.543e-04 | >=2 (KW level): 0.140831 se=5.318e-04 (Davis 2012)
  [score] Pareto-dominates KW          : 0.00000000 of canonical mass se=0.000e+00 (F4-A)
  [score] wrap-distance mass d(s63,s0)  : d1=0.176208 d3=0.649007 d5=0.174784 se=5.951e-04/7.349e-04/5.930e-04 (odd-only per theorem; circular-C2 price = d5 mass)
  [score] WRAPBIN-SCRATCH d0 : frac=0.000000 se=0.000e+00 | abs est=0.000000e+00 se=0.000e+00 relerr=0.000%
  [score] WRAPBIN-SCRATCH d1 : frac=0.176208 se=5.951e-04 | abs est=1.143576e+37 se=4.294e+34 relerr=0.375%
  [score] WRAPBIN-SCRATCH d2 : frac=0.000000 se=0.000e+00 | abs est=0.000000e+00 se=0.000e+00 relerr=0.000%
  [score] WRAPBIN-SCRATCH d3 : frac=0.649007 se=7.349e-04 | abs est=4.211995e+37 se=7.690e+34 relerr=0.183%
  [score] WRAPBIN-SCRATCH d4 : frac=0.000000 se=0.000e+00 | abs est=0.000000e+00 se=0.000e+00 relerr=0.000%
  [score] WRAPBIN-SCRATCH d5 : frac=0.174784 se=5.930e-04 | abs est=1.134333e+37 se=4.274e+34 relerr=0.377%
  [score] WRAPBIN-SCRATCH d6 : frac=0.000000 se=0.000e+00 | abs est=0.000000e+00 se=0.000e+00 relerr=0.000%
RC=0
SEED=2026100217
