[knuth] RNG SEED OVERRIDE ACTIVE: base=0x0000000078c3d5ee (R11 Phase-2 independent-seed replicate; estimator-only, sha-neutral)
[knuth] attributed-rule scoring ACTIVE (Cook 2006: R-C1/R-C2; classical+Hacker-Moore 2003: R-C5; Moore 2005: R-M1)
[knuth] 1000000000 probes, 64 threads, 0 prefix level(s)
[knuth] C5 BUDGET OVERRIDE ACTIVE (R6): d0=0 d1=1 d2=20 d3=14 d4=19 d6=8 (post pure-pair decrement; estimator-only, sha-neutral)
KNUTH-PROBES planned=1000000000 executed=1000000000
KNUTH_PROBES=EXECUTED-EQ-PLANNED
KNUTH-ESTIMATE probes=1000000000 threads=64 start_step=1 prefix_levels=0
KNUTH-PROVENANCE seed_base=0x0000000078c3d5ee moore_strict=0 gender_strict=0 score=1 r11_hist=0 wall_s=207
  tree_nodes            : est=9.195389e+39  95%CI=[9.1934e+39, 9.1973e+39]  relerr=0.01%  hitrate=1
  leaves_C1C2C4C5       : est=5.218820e+38  95%CI=[5.2134e+38, 5.2242e+38]  relerr=0.05%  hitrate=0.0124
  leaves_canonical_C1C5 : est=6.526333e+37  95%CI=[6.5070e+37, 6.5457e+37]  relerr=0.15%  hitrate=0.00155
  [diag] canonical top single-probe share : max_w=1.362092e+42 = 0.0021% of estimate mass (skew/ESS audit; lower=better)
  [score] R-C1 final-pair-anchor  : 0.078391 of canonical mass se=3.864e-04
  [score] R-C1c circular anchor-adjacency (R6; A2={21,42} slot2||slot32): adjacent=0.134418 slot2=0.056027 slot32=0.078391 (McKenna 1975 frame; slot32 must reproduce R-C1=0.078391)
  [score] R-C1c A2 pair-slot histogram (report-only; fraction of canonical mass, slots 1-32):
  a2slot 2 5.6026721376e-02
  a2slot 3 3.8299055747e-02
  a2slot 4 3.4310354756e-02
  a2slot 5 3.3230239401e-02
  a2slot 6 3.1921849772e-02
  a2slot 7 3.0623271440e-02
  a2slot 8 2.9433288051e-02
  a2slot 9 2.9204206389e-02
  a2slot 10 2.9048145028e-02
  a2slot 11 2.8226246711e-02
  a2slot 12 2.7721090838e-02
  a2slot 13 2.7108365727e-02
  a2slot 14 2.6983476454e-02
  a2slot 15 2.7288628917e-02
  a2slot 16 2.6909933231e-02
  a2slot 17 2.6645829345e-02
  a2slot 18 2.6853230453e-02
  a2slot 19 2.6710762904e-02
  a2slot 20 2.7026553420e-02
  a2slot 21 2.7211254187e-02
  a2slot 22 2.7374944177e-02
  a2slot 23 2.8072124519e-02
  a2slot 24 2.9064962720e-02
  a2slot 25 2.9114874155e-02
  a2slot 26 2.9839530526e-02
  a2slot 27 3.0826656102e-02
  a2slot 28 3.2097379176e-02
  a2slot 29 3.3070874725e-02
  a2slot 30 3.3560545320e-02
  a2slot 31 3.7804796136e-02
  a2slot 32 7.8390808296e-02
  [score] R-C2 first7-level-cover : 0.116101 of canonical mass se=4.682e-04
  [score] R-C5 18:18-HEC-split    : 0.363480 of canonical mass se=7.276e-04
  [score] R-M1 Moore-parity strict : 0.000002 of canonical mass (18/18; KW itself FAILS this) se=1.252e-06
  [score] R-M1 Moore-parity >=16/18: 0.000872 of canonical mass (KW level) se=4.429e-05
  [score] R-M1 max compliance seen : 18 of 18 (Moore-2005 precursor existence bound)
  [score] R-M2 Moore-1989 R/F <=2 breaks: 0.033849 of canonical mass (KW level) se=2.806e-04
  [score] R-M2 strict 0 breaks     : 0.000510 of canonical mass se=3.768e-05; min breaks seen = 0 (KW = 2)
  [score] Moore joint (M1>=16 & M2<=2): 0.00002139 of canonical mass se=8.032e-06 (independence: 0.00002952)
  [score] R-C3 level-3 positions == KW : 0.00000000 se=0.000e+00 | S-gap pattern anywhere: 0.00012280 se=1.833e-05 (Cook 2006)
  [score] R-C4 gender/valence <=2 viol : 0.000097 se=1.138e-05 | 0 viol: 0.000001 se=5.279e-07 (Cook 2006)
  [score] R-C4-B exception-form (0 viol OR 2 adjacent) : 1.3717831107e-05 se=5.013e-06 | R-C4-C KW locus [25,26]: 0.0000000000e+00 se=0.000e+00 (R13 two-convention; Schulz 1990/Cook 2006)
  [score] R-C4 0-viol DERIVED-N_gs abs : est=3.445428e+31  95%CI=[-3.3076e+31, 1.0198e+32]  relerr=100.00%  hits=1
  [score] Davis palindrome windows >=1 : 0.502988 se=7.556e-04 | >=2 (KW level): 0.141612 se=5.325e-04 (Davis 2012)
  [score] Pareto-dominates KW          : 0.00000000 of canonical mass se=0.000e+00 (F4-A)
  [score] wrap-distance mass d(s63,s0)  : d1=0.175628 d3=0.649483 d5=0.174889 se=5.947e-04/7.354e-04/5.933e-04 (odd-only per theorem; circular-C2 price = d5 mass)
  [score] WRAPBIN-SCRATCH d0 : frac=0.000000 se=0.000e+00 | abs est=0.000000e+00 se=0.000e+00 relerr=0.000%
  [score] WRAPBIN-SCRATCH d1 : frac=0.175628 se=5.947e-04 | abs est=1.146204e+37 se=4.312e+34 relerr=0.376%
  [score] WRAPBIN-SCRATCH d2 : frac=0.000000 se=0.000e+00 | abs est=0.000000e+00 se=0.000e+00 relerr=0.000%
  [score] WRAPBIN-SCRATCH d3 : frac=0.649483 se=7.354e-04 | abs est=4.238745e+37 se=7.759e+34 relerr=0.183%
  [score] WRAPBIN-SCRATCH d4 : frac=0.000000 se=0.000e+00 | abs est=0.000000e+00 se=0.000e+00 relerr=0.000%
  [score] WRAPBIN-SCRATCH d5 : frac=0.174889 se=5.933e-04 | abs est=1.141384e+37 se=4.299e+34 relerr=0.377%
  [score] WRAPBIN-SCRATCH d6 : frac=0.000000 se=0.000e+00 | abs est=0.000000e+00 se=0.000e+00 relerr=0.000%
RC=0
SEED=2026100206
