[knuth] RNG SEED OVERRIDE ACTIVE: base=0x0000000078c3d5e9 (R11 Phase-2 independent-seed replicate; estimator-only, sha-neutral)
[knuth] attributed-rule scoring ACTIVE (Cook 2006: R-C1/R-C2; classical+Hacker-Moore 2003: R-C5; Moore 2005: R-M1)
[knuth] 1000000000 probes, 64 threads, 0 prefix level(s)
[knuth] C5 BUDGET OVERRIDE ACTIVE (R6): d0=0 d1=1 d2=20 d3=14 d4=19 d6=8 (post pure-pair decrement; estimator-only, sha-neutral)
KNUTH-PROBES planned=1000000000 executed=1000000000
KNUTH_PROBES=EXECUTED-EQ-PLANNED
KNUTH-ESTIMATE probes=1000000000 threads=64 start_step=1 prefix_levels=0
KNUTH-PROVENANCE seed_base=0x0000000078c3d5e9 moore_strict=0 gender_strict=0 score=1 r11_hist=0 wall_s=204
  tree_nodes            : est=9.195054e+39  95%CI=[9.1931e+39, 9.1970e+39]  relerr=0.01%  hitrate=1
  leaves_C1C2C4C5       : est=5.212642e+38  95%CI=[5.2073e+38, 5.2180e+38]  relerr=0.05%  hitrate=0.0124
  leaves_canonical_C1C5 : est=6.502341e+37  95%CI=[6.4831e+37, 6.5216e+37]  relerr=0.15%  hitrate=0.00155
  [diag] canonical top single-probe share : max_w=1.272074e+42 = 0.0020% of estimate mass (skew/ESS audit; lower=better)
  [score] R-C1 final-pair-anchor  : 0.078359 of canonical mass se=3.872e-04
  [score] R-C1c circular anchor-adjacency (R6; A2={21,42} slot2||slot32): adjacent=0.134347 slot2=0.055989 slot32=0.078359 (McKenna 1975 frame; slot32 must reproduce R-C1=0.078359)
  [score] R-C1c A2 pair-slot histogram (report-only; fraction of canonical mass, slots 1-32):
  a2slot 2 5.5988611137e-02
  a2slot 3 3.9154771089e-02
  a2slot 4 3.4859185599e-02
  a2slot 5 3.2873086358e-02
  a2slot 6 3.1692878491e-02
  a2slot 7 3.0645055413e-02
  a2slot 8 2.9564901151e-02
  a2slot 9 2.8743227124e-02
  a2slot 10 2.8349541469e-02
  a2slot 11 2.8009079530e-02
  a2slot 12 2.7432919382e-02
  a2slot 13 2.6976823863e-02
  a2slot 14 2.7205296386e-02
  a2slot 15 2.7115918310e-02
  a2slot 16 2.6860321145e-02
  a2slot 17 2.6939848069e-02
  a2slot 18 2.6621903537e-02
  a2slot 19 2.6615933800e-02
  a2slot 20 2.7153240887e-02
  a2slot 21 2.7283343901e-02
  a2slot 22 2.7426050755e-02
  a2slot 23 2.8399627081e-02
  a2slot 24 2.8376180837e-02
  a2slot 25 2.9647519649e-02
  a2slot 26 2.9568640771e-02
  a2slot 27 3.1198233537e-02
  a2slot 28 3.1995622502e-02
  a2slot 29 3.3059341091e-02
  a2slot 30 3.3734303429e-02
  a2slot 31 3.8149866208e-02
  a2slot 32 7.8358727500e-02
  [score] R-C2 first7-level-cover : 0.116574 of canonical mass se=4.694e-04
  [score] R-C5 18:18-HEC-split    : 0.364432 of canonical mass se=7.276e-04
  [score] R-M1 Moore-parity strict : 0.000009 of canonical mass (18/18; KW itself FAILS this) se=4.274e-06
  [score] R-M1 Moore-parity >=16/18: 0.000874 of canonical mass (KW level) se=4.605e-05
  [score] R-M1 max compliance seen : 18 of 18 (Moore-2005 precursor existence bound)
  [score] R-M2 Moore-1989 R/F <=2 breaks: 0.034030 of canonical mass (KW level) se=2.834e-04
  [score] R-M2 strict 0 breaks     : 0.000522 of canonical mass se=3.331e-05; min breaks seen = 0 (KW = 2)
  [score] Moore joint (M1>=16 & M2<=2): 0.00005199 of canonical mass se=1.862e-05 (independence: 0.00002975)
  [score] R-C3 level-3 positions == KW : 0.00000000 se=0.000e+00 | S-gap pattern anywhere: 0.00010641 se=1.490e-05 (Cook 2006)
  [score] R-C4 gender/valence <=2 viol : 0.000095 se=1.273e-05 | 0 viol: 0.000000 se=0.000e+00 (Cook 2006)
  [score] R-C4-B exception-form (0 viol OR 2 adjacent) : 4.8038002109e-06 se=1.799e-06 | R-C4-C KW locus [25,26]: 4.9585812553e-07 se=4.959e-07 (R13 two-convention; Schulz 1990/Cook 2006)
  [score] R-C4 0-viol DERIVED-N_gs abs : est=0.000000e+00  95%CI=[0.0000e+00, 0.0000e+00]  relerr=0.00%  hits=0
  [score] Davis palindrome windows >=1 : 0.502817 se=7.557e-04 | >=2 (KW level): 0.140730 se=5.320e-04 (Davis 2012)
  [score] Pareto-dominates KW          : 0.00000000 of canonical mass se=0.000e+00 (F4-A)
  [score] wrap-distance mass d(s63,s0)  : d1=0.175105 d3=0.650204 d5=0.174692 se=5.922e-04/7.350e-04/5.943e-04 (odd-only per theorem; circular-C2 price = d5 mass)
  [score] WRAPBIN-SCRATCH d0 : frac=0.000000 se=0.000e+00 | abs est=0.000000e+00 se=0.000e+00 relerr=0.000%
  [score] WRAPBIN-SCRATCH d1 : frac=0.175105 se=5.922e-04 | abs est=1.138589e+37 se=4.273e+34 relerr=0.375%
  [score] WRAPBIN-SCRATCH d2 : frac=0.000000 se=0.000e+00 | abs est=0.000000e+00 se=0.000e+00 relerr=0.000%
  [score] WRAPBIN-SCRATCH d3 : frac=0.650204 se=7.350e-04 | abs est=4.227845e+37 se=7.739e+34 relerr=0.183%
  [score] WRAPBIN-SCRATCH d4 : frac=0.000000 se=0.000e+00 | abs est=0.000000e+00 se=0.000e+00 relerr=0.000%
  [score] WRAPBIN-SCRATCH d5 : frac=0.174692 se=5.943e-04 | abs est=1.135906e+37 se=4.292e+34 relerr=0.378%
  [score] WRAPBIN-SCRATCH d6 : frac=0.000000 se=0.000e+00 | abs est=0.000000e+00 se=0.000e+00 relerr=0.000%
RC=0
SEED=2026100201
