[knuth] RNG SEED OVERRIDE ACTIVE: base=0x0000000078c3d5f7 (R11 Phase-2 independent-seed replicate; estimator-only, sha-neutral)
[knuth] attributed-rule scoring ACTIVE (Cook 2006: R-C1/R-C2; classical+Hacker-Moore 2003: R-C5; Moore 2005: R-M1)
[knuth] 1000000000 probes, 64 threads, 0 prefix level(s)
[knuth] C5 BUDGET OVERRIDE ACTIVE (R6): d0=0 d1=1 d2=20 d3=14 d4=19 d6=8 (post pure-pair decrement; estimator-only, sha-neutral)
KNUTH-PROBES planned=1000000000 executed=1000000000
KNUTH_PROBES=EXECUTED-EQ-PLANNED
KNUTH-ESTIMATE probes=1000000000 threads=64 start_step=1 prefix_levels=0
KNUTH-PROVENANCE seed_base=0x0000000078c3d5f7 moore_strict=0 gender_strict=0 score=1 r11_hist=0 wall_s=208
  tree_nodes            : est=9.196110e+39  95%CI=[9.1942e+39, 9.1981e+39]  relerr=0.01%  hitrate=1
  leaves_C1C2C4C5       : est=5.216576e+38  95%CI=[5.2112e+38, 5.2220e+38]  relerr=0.05%  hitrate=0.0124
  leaves_canonical_C1C5 : est=6.502924e+37  95%CI=[6.4837e+37, 6.5222e+37]  relerr=0.15%  hitrate=0.00155
  [diag] canonical top single-probe share : max_w=1.247008e+42 = 0.0019% of estimate mass (skew/ESS audit; lower=better)
  [score] R-C1 final-pair-anchor  : 0.078101 of canonical mass se=3.806e-04
  [score] R-C1c circular anchor-adjacency (R6; A2={21,42} slot2||slot32): adjacent=0.133381 slot2=0.055280 slot32=0.078101 (McKenna 1975 frame; slot32 must reproduce R-C1=0.078101)
  [score] R-C1c A2 pair-slot histogram (report-only; fraction of canonical mass, slots 1-32):
  a2slot 2 5.5280224033e-02
  a2slot 3 3.8690792181e-02
  a2slot 4 3.5151783691e-02
  a2slot 5 3.2807447923e-02
  a2slot 6 3.2119996297e-02
  a2slot 7 3.1013171145e-02
  a2slot 8 2.9785395347e-02
  a2slot 9 2.9470018721e-02
  a2slot 10 2.8563515750e-02
  a2slot 11 2.7981870654e-02
  a2slot 12 2.7944157293e-02
  a2slot 13 2.6836030281e-02
  a2slot 14 2.7331893392e-02
  a2slot 15 2.6673917639e-02
  a2slot 16 2.6690988673e-02
  a2slot 17 2.6829984106e-02
  a2slot 18 2.6802878482e-02
  a2slot 19 2.6631266337e-02
  a2slot 20 2.7301824931e-02
  a2slot 21 2.7454087632e-02
  a2slot 22 2.7205547698e-02
  a2slot 23 2.8008210961e-02
  a2slot 24 2.8557586358e-02
  a2slot 25 2.9258607511e-02
  a2slot 26 2.9840336883e-02
  a2slot 27 3.1143010041e-02
  a2slot 28 3.2412447972e-02
  a2slot 29 3.2665820321e-02
  a2slot 30 3.4117224293e-02
  a2slot 31 3.7329412568e-02
  a2slot 32 7.8100550885e-02
  [score] R-C2 first7-level-cover : 0.116712 of canonical mass se=4.683e-04
  [score] R-C5 18:18-HEC-split    : 0.364042 of canonical mass se=7.265e-04
  [score] R-M1 Moore-parity strict : 0.000003 of canonical mass (18/18; KW itself FAILS this) se=1.309e-06
  [score] R-M1 Moore-parity >=16/18: 0.000749 of canonical mass (KW level) se=4.171e-05
  [score] R-M1 max compliance seen : 18 of 18 (Moore-2005 precursor existence bound)
  [score] R-M2 Moore-1989 R/F <=2 breaks: 0.034154 of canonical mass (KW level) se=2.845e-04
  [score] R-M2 strict 0 breaks     : 0.000514 of canonical mass se=3.360e-05; min breaks seen = 0 (KW = 2)
  [score] Moore joint (M1>=16 & M2<=2): 0.00001470 of canonical mass se=3.881e-06 (independence: 0.00002557)
  [score] R-C3 level-3 positions == KW : 0.00000000 se=0.000e+00 | S-gap pattern anywhere: 0.00009716 se=1.391e-05 (Cook 2006)
  [score] R-C4 gender/valence <=2 viol : 0.000084 se=1.138e-05 | 0 viol: 0.000000 se=0.000e+00 (Cook 2006)
  [score] R-C4-B exception-form (0 viol OR 2 adjacent) : 8.2751701962e-06 se=2.773e-06 | R-C4-C KW locus [25,26]: 1.3464687130e-07 se=1.346e-07 (R13 two-convention; Schulz 1990/Cook 2006)
  [score] R-C4 0-viol DERIVED-N_gs abs : est=0.000000e+00  95%CI=[0.0000e+00, 0.0000e+00]  relerr=0.00%  hits=0
  [score] Davis palindrome windows >=1 : 0.501715 se=7.544e-04 | >=2 (KW level): 0.140207 se=5.274e-04 (Davis 2012)
  [score] Pareto-dominates KW          : 0.00000000 of canonical mass se=0.000e+00 (F4-A)
  [score] wrap-distance mass d(s63,s0)  : d1=0.174772 d3=0.650585 d5=0.174643 se=5.904e-04/7.323e-04/5.904e-04 (odd-only per theorem; circular-C2 price = d5 mass)
  [score] WRAPBIN-SCRATCH d0 : frac=0.000000 se=0.000e+00 | abs est=0.000000e+00 se=0.000e+00 relerr=0.000%
  [score] WRAPBIN-SCRATCH d1 : frac=0.174772 se=5.904e-04 | abs est=1.136527e+37 se=4.259e+34 relerr=0.375%
  [score] WRAPBIN-SCRATCH d2 : frac=0.000000 se=0.000e+00 | abs est=0.000000e+00 se=0.000e+00 relerr=0.000%
  [score] WRAPBIN-SCRATCH d3 : frac=0.650585 se=7.323e-04 | abs est=4.230708e+37 se=7.743e+34 relerr=0.183%
  [score] WRAPBIN-SCRATCH d4 : frac=0.000000 se=0.000e+00 | abs est=0.000000e+00 se=0.000e+00 relerr=0.000%
  [score] WRAPBIN-SCRATCH d5 : frac=0.174643 se=5.904e-04 | abs est=1.135689e+37 se=4.259e+34 relerr=0.375%
  [score] WRAPBIN-SCRATCH d6 : frac=0.000000 se=0.000e+00 | abs est=0.000000e+00 se=0.000e+00 relerr=0.000%
RC=0
SEED=2026100215
