[knuth] RNG SEED OVERRIDE ACTIVE: base=0x0000000078c3d5f4 (R11 Phase-2 independent-seed replicate; estimator-only, sha-neutral)
[knuth] attributed-rule scoring ACTIVE (Cook 2006: R-C1/R-C2; classical+Hacker-Moore 2003: R-C5; Moore 2005: R-M1)
[knuth] 1000000000 probes, 64 threads, 0 prefix level(s)
[knuth] C5 BUDGET OVERRIDE ACTIVE (R6): d0=0 d1=1 d2=20 d3=14 d4=19 d6=8 (post pure-pair decrement; estimator-only, sha-neutral)
KNUTH-PROBES planned=1000000000 executed=1000000000
KNUTH_PROBES=EXECUTED-EQ-PLANNED
KNUTH-ESTIMATE probes=1000000000 threads=64 start_step=1 prefix_levels=0
KNUTH-PROVENANCE seed_base=0x0000000078c3d5f4 moore_strict=0 gender_strict=0 score=1 r11_hist=0 wall_s=208
  tree_nodes            : est=9.193665e+39  95%CI=[9.1917e+39, 9.1956e+39]  relerr=0.01%  hitrate=1
  leaves_C1C2C4C5       : est=5.213890e+38  95%CI=[5.2085e+38, 5.2193e+38]  relerr=0.05%  hitrate=0.0124
  leaves_canonical_C1C5 : est=6.507183e+37  95%CI=[6.4879e+37, 6.5264e+37]  relerr=0.15%  hitrate=0.00155
  [diag] canonical top single-probe share : max_w=1.268016e+42 = 0.0019% of estimate mass (skew/ESS audit; lower=better)
  [score] R-C1 final-pair-anchor  : 0.078156 of canonical mass se=3.845e-04
  [score] R-C1c circular anchor-adjacency (R6; A2={21,42} slot2||slot32): adjacent=0.133423 slot2=0.055267 slot32=0.078156 (McKenna 1975 frame; slot32 must reproduce R-C1=0.078156)
  [score] R-C1c A2 pair-slot histogram (report-only; fraction of canonical mass, slots 1-32):
  a2slot 2 5.5266642756e-02
  a2slot 3 3.9094296132e-02
  a2slot 4 3.5334070418e-02
  a2slot 5 3.3623611288e-02
  a2slot 6 3.1842705538e-02
  a2slot 7 3.0983728187e-02
  a2slot 8 2.9544960704e-02
  a2slot 9 2.9227078649e-02
  a2slot 10 2.8193916001e-02
  a2slot 11 2.7917248810e-02
  a2slot 12 2.7382035138e-02
  a2slot 13 2.7608442370e-02
  a2slot 14 2.6709330294e-02
  a2slot 15 2.7000751565e-02
  a2slot 16 2.7148489606e-02
  a2slot 17 2.6932625201e-02
  a2slot 18 2.6008778593e-02
  a2slot 19 2.6884038999e-02
  a2slot 20 2.7524173004e-02
  a2slot 21 2.6920753256e-02
  a2slot 22 2.7322162772e-02
  a2slot 23 2.7938845512e-02
  a2slot 24 2.8719482957e-02
  a2slot 25 2.8856137044e-02
  a2slot 26 2.9889302625e-02
  a2slot 27 3.0392620484e-02
  a2slot 28 3.2467217985e-02
  a2slot 29 3.3424715170e-02
  a2slot 30 3.3798508963e-02
  a2slot 31 3.7887132383e-02
  a2slot 32 7.8156197597e-02
  [score] R-C2 first7-level-cover : 0.115816 of canonical mass se=4.647e-04
  [score] R-C5 18:18-HEC-split    : 0.364144 of canonical mass se=7.269e-04
  [score] R-M1 Moore-parity strict : 0.000005 of canonical mass (18/18; KW itself FAILS this) se=2.528e-06
  [score] R-M1 Moore-parity >=16/18: 0.000847 of canonical mass (KW level) se=4.176e-05
  [score] R-M1 max compliance seen : 18 of 18 (Moore-2005 precursor existence bound)
  [score] R-M2 Moore-1989 R/F <=2 breaks: 0.034061 of canonical mass (KW level) se=2.850e-04
  [score] R-M2 strict 0 breaks     : 0.000533 of canonical mass se=3.780e-05; min breaks seen = 0 (KW = 2)
  [score] Moore joint (M1>=16 & M2<=2): 0.00001591 of canonical mass se=4.445e-06 (independence: 0.00002884)
  [score] R-C3 level-3 positions == KW : 0.00000000 se=0.000e+00 | S-gap pattern anywhere: 0.00010716 se=1.314e-05 (Cook 2006)
  [score] R-C4 gender/valence <=2 viol : 0.000110 se=1.922e-05 | 0 viol: 0.000000 se=0.000e+00 (Cook 2006)
  [score] R-C4-B exception-form (0 viol OR 2 adjacent) : 7.2371365574e-06 se=3.512e-06 | R-C4-C KW locus [25,26]: 0.0000000000e+00 se=0.000e+00 (R13 two-convention; Schulz 1990/Cook 2006)
  [score] R-C4 0-viol DERIVED-N_gs abs : est=0.000000e+00  95%CI=[0.0000e+00, 0.0000e+00]  relerr=0.00%  hits=0
  [score] Davis palindrome windows >=1 : 0.502119 se=7.543e-04 | >=2 (KW level): 0.141365 se=5.302e-04 (Davis 2012)
  [score] Pareto-dominates KW          : 0.00000000 of canonical mass se=0.000e+00 (F4-A)
  [score] wrap-distance mass d(s63,s0)  : d1=0.175023 d3=0.650624 d5=0.174353 se=5.951e-04/7.346e-04/5.919e-04 (odd-only per theorem; circular-C2 price = d5 mass)
  [score] WRAPBIN-SCRATCH d0 : frac=0.000000 se=0.000e+00 | abs est=0.000000e+00 se=0.000e+00 relerr=0.000%
  [score] WRAPBIN-SCRATCH d1 : frac=0.175023 se=5.951e-04 | abs est=1.138908e+37 se=4.304e+34 relerr=0.378%
  [score] WRAPBIN-SCRATCH d2 : frac=0.000000 se=0.000e+00 | abs est=0.000000e+00 se=0.000e+00 relerr=0.000%
  [score] WRAPBIN-SCRATCH d3 : frac=0.650624 se=7.346e-04 | abs est=4.233728e+37 se=7.717e+34 relerr=0.182%
  [score] WRAPBIN-SCRATCH d4 : frac=0.000000 se=0.000e+00 | abs est=0.000000e+00 se=0.000e+00 relerr=0.000%
  [score] WRAPBIN-SCRATCH d5 : frac=0.174353 se=5.919e-04 | abs est=1.134547e+37 se=4.276e+34 relerr=0.377%
  [score] WRAPBIN-SCRATCH d6 : frac=0.000000 se=0.000e+00 | abs est=0.000000e+00 se=0.000e+00 relerr=0.000%
RC=0
SEED=2026100212
