[knuth] RNG SEED OVERRIDE ACTIVE: base=0x0000000078c3d5e8 (R11 Phase-2 independent-seed replicate; estimator-only, sha-neutral)
[knuth] attributed-rule scoring ACTIVE (Cook 2006: R-C1/R-C2; classical+Hacker-Moore 2003: R-C5; Moore 2005: R-M1)
[knuth] 1000000000 probes, 64 threads, 0 prefix level(s)
[knuth] C5 BUDGET OVERRIDE ACTIVE (R6): d0=0 d1=1 d2=20 d3=14 d4=19 d6=8 (post pure-pair decrement; estimator-only, sha-neutral)
KNUTH-PROBES planned=1000000000 executed=1000000000
KNUTH_PROBES=EXECUTED-EQ-PLANNED
KNUTH-ESTIMATE probes=1000000000 threads=64 start_step=1 prefix_levels=0
KNUTH-PROVENANCE seed_base=0x0000000078c3d5e8 moore_strict=0 gender_strict=0 score=1 r11_hist=0 wall_s=202
  tree_nodes            : est=9.193525e+39  95%CI=[9.1916e+39, 9.1955e+39]  relerr=0.01%  hitrate=1
  leaves_C1C2C4C5       : est=5.212143e+38  95%CI=[5.2068e+38, 5.2175e+38]  relerr=0.05%  hitrate=0.0124
  leaves_canonical_C1C5 : est=6.505556e+37  95%CI=[6.4864e+37, 6.5248e+37]  relerr=0.15%  hitrate=0.00155
  [diag] canonical top single-probe share : max_w=1.352800e+42 = 0.0021% of estimate mass (skew/ESS audit; lower=better)
  [score] R-C1 final-pair-anchor  : 0.078181 of canonical mass se=3.828e-04
  [score] R-C1c circular anchor-adjacency (R6; A2={21,42} slot2||slot32): adjacent=0.134018 slot2=0.055837 slot32=0.078181 (McKenna 1975 frame; slot32 must reproduce R-C1=0.078181)
  [score] R-C1c A2 pair-slot histogram (report-only; fraction of canonical mass, slots 1-32):
  a2slot 2 5.5837131987e-02
  a2slot 3 3.8917083470e-02
  a2slot 4 3.4817150270e-02
  a2slot 5 3.3304079058e-02
  a2slot 6 3.1767370489e-02
  a2slot 7 3.0839474770e-02
  a2slot 8 2.9729839074e-02
  a2slot 9 2.9165276426e-02
  a2slot 10 2.8386859858e-02
  a2slot 11 2.8325329589e-02
  a2slot 12 2.7690011223e-02
  a2slot 13 2.7766593917e-02
  a2slot 14 2.6968916936e-02
  a2slot 15 2.7043236076e-02
  a2slot 16 2.6430325559e-02
  a2slot 17 2.6938990336e-02
  a2slot 18 2.7031787447e-02
  a2slot 19 2.6695886156e-02
  a2slot 20 2.6668631276e-02
  a2slot 21 2.7451213829e-02
  a2slot 22 2.7922385111e-02
  a2slot 23 2.7793898823e-02
  a2slot 24 2.9103363396e-02
  a2slot 25 2.8958380336e-02
  a2slot 26 2.9806416899e-02
  a2slot 27 3.0429891733e-02
  a2slot 28 3.2002021265e-02
  a2slot 29 3.2681035398e-02
  a2slot 30 3.3783901098e-02
  a2slot 31 3.7562973110e-02
  a2slot 32 7.8180545085e-02
  [score] R-C2 first7-level-cover : 0.116122 of canonical mass se=4.634e-04
  [score] R-C5 18:18-HEC-split    : 0.364668 of canonical mass se=7.271e-04
  [score] R-M1 Moore-parity strict : 0.000014 of canonical mass (18/18; KW itself FAILS this) se=9.475e-06
  [score] R-M1 Moore-parity >=16/18: 0.000920 of canonical mass (KW level) se=4.664e-05
  [score] R-M1 max compliance seen : 18 of 18 (Moore-2005 precursor existence bound)
  [score] R-M2 Moore-1989 R/F <=2 breaks: 0.033772 of canonical mass (KW level) se=2.790e-04
  [score] R-M2 strict 0 breaks     : 0.000518 of canonical mass se=3.430e-05; min breaks seen = 0 (KW = 2)
  [score] Moore joint (M1>=16 & M2<=2): 0.00002935 of canonical mass se=9.276e-06 (independence: 0.00003108)
  [score] R-C3 level-3 positions == KW : 0.00000000 se=0.000e+00 | S-gap pattern anywhere: 0.00009737 se=1.279e-05 (Cook 2006)
  [score] R-C4 gender/valence <=2 viol : 0.000098 se=1.220e-05 | 0 viol: 0.000001 se=1.246e-06 (Cook 2006)
  [score] R-C4-B exception-form (0 viol OR 2 adjacent) : 8.0393239651e-06 se=4.003e-06 | R-C4-C KW locus [25,26]: 0.0000000000e+00 se=0.000e+00 (R13 two-convention; Schulz 1990/Cook 2006)
  [score] R-C4 0-viol DERIVED-N_gs abs : est=9.658515e+31  95%CI=[-6.2325e+31, 2.5550e+32]  relerr=83.94%  hits=2
  [score] Davis palindrome windows >=1 : 0.502311 se=7.529e-04 | >=2 (KW level): 0.140624 se=5.269e-04 (Davis 2012)
  [score] Pareto-dominates KW          : 0.00000000 of canonical mass se=0.000e+00 (F4-A)
  [score] wrap-distance mass d(s63,s0)  : d1=0.175008 d3=0.650918 d5=0.174074 se=5.905e-04/7.308e-04/5.876e-04 (odd-only per theorem; circular-C2 price = d5 mass)
  [score] WRAPBIN-SCRATCH d0 : frac=0.000000 se=0.000e+00 | abs est=0.000000e+00 se=0.000e+00 relerr=0.000%
  [score] WRAPBIN-SCRATCH d1 : frac=0.175008 se=5.905e-04 | abs est=1.138523e+37 se=4.264e+34 relerr=0.375%
  [score] WRAPBIN-SCRATCH d2 : frac=0.000000 se=0.000e+00 | abs est=0.000000e+00 se=0.000e+00 relerr=0.000%
  [score] WRAPBIN-SCRATCH d3 : frac=0.650918 se=7.308e-04 | abs est=4.234587e+37 se=7.734e+34 relerr=0.183%
  [score] WRAPBIN-SCRATCH d4 : frac=0.000000 se=0.000e+00 | abs est=0.000000e+00 se=0.000e+00 relerr=0.000%
  [score] WRAPBIN-SCRATCH d5 : frac=0.174074 se=5.876e-04 | abs est=1.132446e+37 se=4.237e+34 relerr=0.374%
  [score] WRAPBIN-SCRATCH d6 : frac=0.000000 se=0.000e+00 | abs est=0.000000e+00 se=0.000e+00 relerr=0.000%
RC=0
SEED=2026100200
