[knuth] RNG SEED OVERRIDE ACTIVE: base=0x0000000078c3d5f1 (R11 Phase-2 independent-seed replicate; estimator-only, sha-neutral)
[knuth] attributed-rule scoring ACTIVE (Cook 2006: R-C1/R-C2; classical+Hacker-Moore 2003: R-C5; Moore 2005: R-M1)
[knuth] 1000000000 probes, 64 threads, 0 prefix level(s)
[knuth] C5 BUDGET OVERRIDE ACTIVE (R6): d0=0 d1=1 d2=20 d3=14 d4=19 d6=8 (post pure-pair decrement; estimator-only, sha-neutral)
KNUTH-PROBES planned=1000000000 executed=1000000000
KNUTH_PROBES=EXECUTED-EQ-PLANNED
KNUTH-ESTIMATE probes=1000000000 threads=64 start_step=1 prefix_levels=0
KNUTH-PROVENANCE seed_base=0x0000000078c3d5f1 moore_strict=0 gender_strict=0 score=1 r11_hist=0 wall_s=252
  tree_nodes            : est=9.194701e+39  95%CI=[9.1928e+39, 9.1966e+39]  relerr=0.01%  hitrate=1
  leaves_C1C2C4C5       : est=5.212339e+38  95%CI=[5.2070e+38, 5.2177e+38]  relerr=0.05%  hitrate=0.0124
  leaves_canonical_C1C5 : est=6.512302e+37  95%CI=[6.4931e+37, 6.5315e+37]  relerr=0.15%  hitrate=0.00155
  [diag] canonical top single-probe share : max_w=1.382034e+42 = 0.0021% of estimate mass (skew/ESS audit; lower=better)
  [score] R-C1 final-pair-anchor  : 0.077796 of canonical mass se=3.827e-04
  [score] R-C1c circular anchor-adjacency (R6; A2={21,42} slot2||slot32): adjacent=0.133963 slot2=0.056167 slot32=0.077796 (McKenna 1975 frame; slot32 must reproduce R-C1=0.077796)
  [score] R-C1c A2 pair-slot histogram (report-only; fraction of canonical mass, slots 1-32):
  a2slot 2 5.6166526352e-02
  a2slot 3 3.9158517651e-02
  a2slot 4 3.5532904224e-02
  a2slot 5 3.3487965305e-02
  a2slot 6 3.1871449643e-02
  a2slot 7 3.0727667988e-02
  a2slot 8 2.9749739018e-02
  a2slot 9 2.9175293671e-02
  a2slot 10 2.8525734906e-02
  a2slot 11 2.8319984508e-02
  a2slot 12 2.7453151944e-02
  a2slot 13 2.6923841530e-02
  a2slot 14 2.7078175539e-02
  a2slot 15 2.6404856348e-02
  a2slot 16 2.7116784152e-02
  a2slot 17 2.6618414711e-02
  a2slot 18 2.7465938734e-02
  a2slot 19 2.6850980475e-02
  a2slot 20 2.6555554873e-02
  a2slot 21 2.7432051292e-02
  a2slot 22 2.7503072480e-02
  a2slot 23 2.8040344862e-02
  a2slot 24 2.8627217787e-02
  a2slot 25 2.9320917268e-02
  a2slot 26 2.9934357607e-02
  a2slot 27 3.0593766739e-02
  a2slot 28 3.1308013726e-02
  a2slot 29 3.3338154138e-02
  a2slot 30 3.3227680827e-02
  a2slot 31 3.7694787122e-02
  a2slot 32 7.7796154583e-02
  [score] R-C2 first7-level-cover : 0.115015 of canonical mass se=4.619e-04
  [score] R-C5 18:18-HEC-split    : 0.364136 of canonical mass se=7.268e-04
  [score] R-M1 Moore-parity strict : 0.000007 of canonical mass (18/18; KW itself FAILS this) se=4.220e-06
  [score] R-M1 Moore-parity >=16/18: 0.000784 of canonical mass (KW level) se=3.990e-05
  [score] R-M1 max compliance seen : 18 of 18 (Moore-2005 precursor existence bound)
  [score] R-M2 Moore-1989 R/F <=2 breaks: 0.033918 of canonical mass (KW level) se=2.833e-04
  [score] R-M2 strict 0 breaks     : 0.000581 of canonical mass se=4.021e-05; min breaks seen = 0 (KW = 2)
  [score] Moore joint (M1>=16 & M2<=2): 0.00001692 of canonical mass se=6.813e-06 (independence: 0.00002658)
  [score] R-C3 level-3 positions == KW : 0.00000000 se=0.000e+00 | S-gap pattern anywhere: 0.00011991 se=1.586e-05 (Cook 2006)
  [score] R-C4 gender/valence <=2 viol : 0.000102 se=1.336e-05 | 0 viol: 0.000000 se=0.000e+00 (Cook 2006)
  [score] R-C4-B exception-form (0 viol OR 2 adjacent) : 5.3549828223e-06 se=2.141e-06 | R-C4-C KW locus [25,26]: 0.0000000000e+00 se=0.000e+00 (R13 two-convention; Schulz 1990/Cook 2006)
  [score] R-C4 0-viol DERIVED-N_gs abs : est=0.000000e+00  95%CI=[0.0000e+00, 0.0000e+00]  relerr=0.00%  hits=0
  [score] Davis palindrome windows >=1 : 0.502293 se=7.540e-04 | >=2 (KW level): 0.140575 se=5.308e-04 (Davis 2012)
  [score] Pareto-dominates KW          : 0.00000000 of canonical mass se=0.000e+00 (F4-A)
  [score] wrap-distance mass d(s63,s0)  : d1=0.175562 d3=0.650369 d5=0.174069 se=5.928e-04/7.331e-04/5.902e-04 (odd-only per theorem; circular-C2 price = d5 mass)
  [score] WRAPBIN-SCRATCH d0 : frac=0.000000 se=0.000e+00 | abs est=0.000000e+00 se=0.000e+00 relerr=0.000%
  [score] WRAPBIN-SCRATCH d1 : frac=0.175562 se=5.928e-04 | abs est=1.143311e+37 se=4.288e+34 relerr=0.375%
  [score] WRAPBIN-SCRATCH d2 : frac=0.000000 se=0.000e+00 | abs est=0.000000e+00 se=0.000e+00 relerr=0.000%
  [score] WRAPBIN-SCRATCH d3 : frac=0.650369 se=7.331e-04 | abs est=4.235399e+37 se=7.738e+34 relerr=0.183%
  [score] WRAPBIN-SCRATCH d4 : frac=0.000000 se=0.000e+00 | abs est=0.000000e+00 se=0.000e+00 relerr=0.000%
  [score] WRAPBIN-SCRATCH d5 : frac=0.174069 se=5.902e-04 | abs est=1.133591e+37 se=4.264e+34 relerr=0.376%
  [score] WRAPBIN-SCRATCH d6 : frac=0.000000 se=0.000e+00 | abs est=0.000000e+00 se=0.000e+00 relerr=0.000%
RC=0
SEED=2026100209
