[knuth] RNG SEED OVERRIDE ACTIVE: base=0x0000000078c3d5f3 (R11 Phase-2 independent-seed replicate; estimator-only, sha-neutral)
[knuth] attributed-rule scoring ACTIVE (Cook 2006: R-C1/R-C2; classical+Hacker-Moore 2003: R-C5; Moore 2005: R-M1)
[knuth] 1000000000 probes, 64 threads, 0 prefix level(s)
[knuth] C5 BUDGET OVERRIDE ACTIVE (R6): d0=0 d1=1 d2=20 d3=14 d4=19 d6=8 (post pure-pair decrement; estimator-only, sha-neutral)
KNUTH-PROBES planned=1000000000 executed=1000000000
KNUTH_PROBES=EXECUTED-EQ-PLANNED
KNUTH-ESTIMATE probes=1000000000 threads=64 start_step=1 prefix_levels=0
KNUTH-PROVENANCE seed_base=0x0000000078c3d5f3 moore_strict=0 gender_strict=0 score=1 r11_hist=0 wall_s=202
  tree_nodes            : est=9.195806e+39  95%CI=[9.1939e+39, 9.1978e+39]  relerr=0.01%  hitrate=1
  leaves_C1C2C4C5       : est=5.214569e+38  95%CI=[5.2092e+38, 5.2199e+38]  relerr=0.05%  hitrate=0.0124
  leaves_canonical_C1C5 : est=6.513944e+37  95%CI=[6.4947e+37, 6.5332e+37]  relerr=0.15%  hitrate=0.00155
  [diag] canonical top single-probe share : max_w=1.291477e+42 = 0.0020% of estimate mass (skew/ESS audit; lower=better)
  [score] R-C1 final-pair-anchor  : 0.078404 of canonical mass se=3.851e-04
  [score] R-C1c circular anchor-adjacency (R6; A2={21,42} slot2||slot32): adjacent=0.134220 slot2=0.055815 slot32=0.078404 (McKenna 1975 frame; slot32 must reproduce R-C1=0.078404)
  [score] R-C1c A2 pair-slot histogram (report-only; fraction of canonical mass, slots 1-32):
  a2slot 2 5.5815194195e-02
  a2slot 3 3.8631610142e-02
  a2slot 4 3.5094722890e-02
  a2slot 5 3.3323883288e-02
  a2slot 6 3.1888424970e-02
  a2slot 7 3.0877111045e-02
  a2slot 8 3.0347024127e-02
  a2slot 9 2.8812264449e-02
  a2slot 10 2.8709666198e-02
  a2slot 11 2.7750584964e-02
  a2slot 12 2.8045817166e-02
  a2slot 13 2.7670865140e-02
  a2slot 14 2.7008957738e-02
  a2slot 15 2.6314598183e-02
  a2slot 16 2.6921901146e-02
  a2slot 17 2.6713502853e-02
  a2slot 18 2.6755264700e-02
  a2slot 19 2.7006631773e-02
  a2slot 20 2.6773351390e-02
  a2slot 21 2.7260639690e-02
  a2slot 22 2.7256147248e-02
  a2slot 23 2.7963422048e-02
  a2slot 24 2.8345958577e-02
  a2slot 25 2.9896365660e-02
  a2slot 26 2.9668491774e-02
  a2slot 27 3.1011875797e-02
  a2slot 28 3.1832240395e-02
  a2slot 29 3.2847401918e-02
  a2slot 30 3.3398811678e-02
  a2slot 31 3.7652959875e-02
  a2slot 32 7.8404308984e-02
  [score] R-C2 first7-level-cover : 0.115215 of canonical mass se=4.606e-04
  [score] R-C5 18:18-HEC-split    : 0.364331 of canonical mass se=7.271e-04
  [score] R-M1 Moore-parity strict : 0.000004 of canonical mass (18/18; KW itself FAILS this) se=2.278e-06
  [score] R-M1 Moore-parity >=16/18: 0.000787 of canonical mass (KW level) se=3.958e-05
  [score] R-M1 max compliance seen : 18 of 18 (Moore-2005 precursor existence bound)
  [score] R-M2 Moore-1989 R/F <=2 breaks: 0.033955 of canonical mass (KW level) se=2.770e-04
  [score] R-M2 strict 0 breaks     : 0.000558 of canonical mass se=3.807e-05; min breaks seen = 0 (KW = 2)
  [score] Moore joint (M1>=16 & M2<=2): 0.00001840 of canonical mass se=5.345e-06 (independence: 0.00002673)
  [score] R-C3 level-3 positions == KW : 0.00000000 se=0.000e+00 | S-gap pattern anywhere: 0.00011137 se=1.665e-05 (Cook 2006)
  [score] R-C4 gender/valence <=2 viol : 0.000133 se=1.989e-05 | 0 viol: 0.000000 se=0.000e+00 (Cook 2006)
  [score] R-C4-B exception-form (0 viol OR 2 adjacent) : 1.9603902877e-05 se=5.781e-06 | R-C4-C KW locus [25,26]: 1.1487382844e-07 se=8.943e-08 (R13 two-convention; Schulz 1990/Cook 2006)
  [score] R-C4 0-viol DERIVED-N_gs abs : est=0.000000e+00  95%CI=[0.0000e+00, 0.0000e+00]  relerr=0.00%  hits=0
  [score] Davis palindrome windows >=1 : 0.501860 se=7.551e-04 | >=2 (KW level): 0.140626 se=5.308e-04 (Davis 2012)
  [score] Pareto-dominates KW          : 0.00000092 of canonical mass se=7.834e-07 (F4-A)
  [score] wrap-distance mass d(s63,s0)  : d1=0.174809 d3=0.649897 d5=0.175294 se=5.927e-04/7.347e-04/5.938e-04 (odd-only per theorem; circular-C2 price = d5 mass)
  [score] WRAPBIN-SCRATCH d0 : frac=0.000000 se=0.000e+00 | abs est=0.000000e+00 se=0.000e+00 relerr=0.000%
  [score] WRAPBIN-SCRATCH d1 : frac=0.174809 se=5.927e-04 | abs est=1.138696e+37 se=4.286e+34 relerr=0.376%
  [score] WRAPBIN-SCRATCH d2 : frac=0.000000 se=0.000e+00 | abs est=0.000000e+00 se=0.000e+00 relerr=0.000%
  [score] WRAPBIN-SCRATCH d3 : frac=0.649897 se=7.347e-04 | abs est=4.233394e+37 se=7.742e+34 relerr=0.183%
  [score] WRAPBIN-SCRATCH d4 : frac=0.000000 se=0.000e+00 | abs est=0.000000e+00 se=0.000e+00 relerr=0.000%
  [score] WRAPBIN-SCRATCH d5 : frac=0.175294 se=5.938e-04 | abs est=1.141854e+37 se=4.296e+34 relerr=0.376%
  [score] WRAPBIN-SCRATCH d6 : frac=0.000000 se=0.000e+00 | abs est=0.000000e+00 se=0.000e+00 relerr=0.000%
RC=0
SEED=2026100211
