[knuth] RNG SEED OVERRIDE ACTIVE: base=0x0000000078c3d5ef (R11 Phase-2 independent-seed replicate; estimator-only, sha-neutral)
[knuth] attributed-rule scoring ACTIVE (Cook 2006: R-C1/R-C2; classical+Hacker-Moore 2003: R-C5; Moore 2005: R-M1)
[knuth] 1000000000 probes, 64 threads, 0 prefix level(s)
[knuth] C5 BUDGET OVERRIDE ACTIVE (R6): d0=0 d1=1 d2=20 d3=14 d4=19 d6=8 (post pure-pair decrement; estimator-only, sha-neutral)
KNUTH-PROBES planned=1000000000 executed=1000000000
KNUTH_PROBES=EXECUTED-EQ-PLANNED
KNUTH-ESTIMATE probes=1000000000 threads=64 start_step=1 prefix_levels=0
KNUTH-PROVENANCE seed_base=0x0000000078c3d5ef moore_strict=0 gender_strict=0 score=1 r11_hist=0 wall_s=202
  tree_nodes            : est=9.195954e+39  95%CI=[9.1940e+39, 9.1979e+39]  relerr=0.01%  hitrate=1
  leaves_C1C2C4C5       : est=5.217298e+38  95%CI=[5.2119e+38, 5.2227e+38]  relerr=0.05%  hitrate=0.0124
  leaves_canonical_C1C5 : est=6.502172e+37  95%CI=[6.4830e+37, 6.5213e+37]  relerr=0.15%  hitrate=0.00155
  [diag] canonical top single-probe share : max_w=1.234129e+42 = 0.0019% of estimate mass (skew/ESS audit; lower=better)
  [score] R-C1 final-pair-anchor  : 0.077750 of canonical mass se=3.809e-04
  [score] R-C1c circular anchor-adjacency (R6; A2={21,42} slot2||slot32): adjacent=0.133872 slot2=0.056122 slot32=0.077750 (McKenna 1975 frame; slot32 must reproduce R-C1=0.077750)
  [score] R-C1c A2 pair-slot histogram (report-only; fraction of canonical mass, slots 1-32):
  a2slot 2 5.6122154947e-02
  a2slot 3 3.8846930653e-02
  a2slot 4 3.5142990394e-02
  a2slot 5 3.3202657826e-02
  a2slot 6 3.2104007885e-02
  a2slot 7 3.1183448898e-02
  a2slot 8 2.9730804919e-02
  a2slot 9 2.9469539647e-02
  a2slot 10 2.8362205345e-02
  a2slot 11 2.7886979861e-02
  a2slot 12 2.7490963648e-02
  a2slot 13 2.7404082861e-02
  a2slot 14 2.7164950420e-02
  a2slot 15 2.6850216883e-02
  a2slot 16 2.6540309764e-02
  a2slot 17 2.6716839038e-02
  a2slot 18 2.6962372879e-02
  a2slot 19 2.7031624092e-02
  a2slot 20 2.7217453713e-02
  a2slot 21 2.7472357060e-02
  a2slot 22 2.7248329643e-02
  a2slot 23 2.7967478180e-02
  a2slot 24 2.8428264404e-02
  a2slot 25 2.9520674436e-02
  a2slot 26 3.0514796446e-02
  a2slot 27 3.0525694763e-02
  a2slot 28 3.1292853736e-02
  a2slot 29 3.2678205581e-02
  a2slot 30 3.3513191604e-02
  a2slot 31 3.7657816390e-02
  a2slot 32 7.7749804085e-02
  [score] R-C2 first7-level-cover : 0.116050 of canonical mass se=4.669e-04
  [score] R-C5 18:18-HEC-split    : 0.363135 of canonical mass se=7.249e-04
  [score] R-M1 Moore-parity strict : 0.000002 of canonical mass (18/18; KW itself FAILS this) se=1.379e-06
  [score] R-M1 Moore-parity >=16/18: 0.000767 of canonical mass (KW level) se=3.996e-05
  [score] R-M1 max compliance seen : 18 of 18 (Moore-2005 precursor existence bound)
  [score] R-M2 Moore-1989 R/F <=2 breaks: 0.034198 of canonical mass (KW level) se=2.820e-04
  [score] R-M2 strict 0 breaks     : 0.000570 of canonical mass se=3.860e-05; min breaks seen = 0 (KW = 2)
  [score] Moore joint (M1>=16 & M2<=2): 0.00001588 of canonical mass se=5.483e-06 (independence: 0.00002622)
  [score] R-C3 level-3 positions == KW : 0.00000000 se=0.000e+00 | S-gap pattern anywhere: 0.00009532 se=1.472e-05 (Cook 2006)
  [score] R-C4 gender/valence <=2 viol : 0.000102 se=1.379e-05 | 0 viol: 0.000000 se=6.770e-08 (Cook 2006)
  [score] R-C4-B exception-form (0 viol OR 2 adjacent) : 1.6539192397e-05 se=6.747e-06 | R-C4-C KW locus [25,26]: 9.4675161466e-07 se=9.468e-07 (R13 two-convention; Schulz 1990/Cook 2006)
  [score] R-C4 0-viol DERIVED-N_gs abs : est=6.144077e+30  95%CI=[-2.4839e+30, 1.4772e+31]  relerr=71.65%  hits=2
  [score] Davis palindrome windows >=1 : 0.502218 se=7.523e-04 | >=2 (KW level): 0.140901 se=5.262e-04 (Davis 2012)
  [score] Pareto-dominates KW          : 0.00000000 of canonical mass se=0.000e+00 (F4-A)
  [score] wrap-distance mass d(s63,s0)  : d1=0.175417 d3=0.650269 d5=0.174314 se=5.917e-04/7.315e-04/5.891e-04 (odd-only per theorem; circular-C2 price = d5 mass)
  [score] WRAPBIN-SCRATCH d0 : frac=0.000000 se=0.000e+00 | abs est=0.000000e+00 se=0.000e+00 relerr=0.000%
  [score] WRAPBIN-SCRATCH d1 : frac=0.175417 se=5.917e-04 | abs est=1.140591e+37 se=4.274e+34 relerr=0.375%
  [score] WRAPBIN-SCRATCH d2 : frac=0.000000 se=0.000e+00 | abs est=0.000000e+00 se=0.000e+00 relerr=0.000%
  [score] WRAPBIN-SCRATCH d3 : frac=0.650269 se=7.315e-04 | abs est=4.228162e+37 se=7.705e+34 relerr=0.182%
  [score] WRAPBIN-SCRATCH d4 : frac=0.000000 se=0.000e+00 | abs est=0.000000e+00 se=0.000e+00 relerr=0.000%
  [score] WRAPBIN-SCRATCH d5 : frac=0.174314 se=5.891e-04 | abs est=1.133419e+37 se=4.250e+34 relerr=0.375%
  [score] WRAPBIN-SCRATCH d6 : frac=0.000000 se=0.000e+00 | abs est=0.000000e+00 se=0.000e+00 relerr=0.000%
RC=0
SEED=2026100207
