[knuth] RNG SEED OVERRIDE ACTIVE: base=0x0000000078c3d5ed (R11 Phase-2 independent-seed replicate; estimator-only, sha-neutral)
[knuth] attributed-rule scoring ACTIVE (Cook 2006: R-C1/R-C2; classical+Hacker-Moore 2003: R-C5; Moore 2005: R-M1)
[knuth] 1000000000 probes, 64 threads, 0 prefix level(s)
[knuth] C5 BUDGET OVERRIDE ACTIVE (R6): d0=0 d1=1 d2=20 d3=14 d4=19 d6=8 (post pure-pair decrement; estimator-only, sha-neutral)
KNUTH-PROBES planned=1000000000 executed=1000000000
KNUTH_PROBES=EXECUTED-EQ-PLANNED
KNUTH-ESTIMATE probes=1000000000 threads=64 start_step=1 prefix_levels=0
KNUTH-PROVENANCE seed_base=0x0000000078c3d5ed moore_strict=0 gender_strict=0 score=1 r11_hist=0 wall_s=206
  tree_nodes            : est=9.194121e+39  95%CI=[9.1922e+39, 9.1961e+39]  relerr=0.01%  hitrate=1
  leaves_C1C2C4C5       : est=5.211537e+38  95%CI=[5.2062e+38, 5.2169e+38]  relerr=0.05%  hitrate=0.0124
  leaves_canonical_C1C5 : est=6.483474e+37  95%CI=[6.4643e+37, 6.5026e+37]  relerr=0.15%  hitrate=0.00155
  [diag] canonical top single-probe share : max_w=1.288392e+42 = 0.0020% of estimate mass (skew/ESS audit; lower=better)
  [score] R-C1 final-pair-anchor  : 0.078288 of canonical mass se=3.855e-04
  [score] R-C1c circular anchor-adjacency (R6; A2={21,42} slot2||slot32): adjacent=0.133931 slot2=0.055643 slot32=0.078288 (McKenna 1975 frame; slot32 must reproduce R-C1=0.078288)
  [score] R-C1c A2 pair-slot histogram (report-only; fraction of canonical mass, slots 1-32):
  a2slot 2 5.5643063503e-02
  a2slot 3 3.8798377908e-02
  a2slot 4 3.5379424007e-02
  a2slot 5 3.3452499223e-02
  a2slot 6 3.1801601145e-02
  a2slot 7 3.0613559767e-02
  a2slot 8 3.0099941433e-02
  a2slot 9 2.9589617170e-02
  a2slot 10 2.8380709811e-02
  a2slot 11 2.8125759300e-02
  a2slot 12 2.7498960361e-02
  a2slot 13 2.7219459972e-02
  a2slot 14 2.6877356432e-02
  a2slot 15 2.6367482840e-02
  a2slot 16 2.6969917538e-02
  a2slot 17 2.6971314648e-02
  a2slot 18 2.7220125335e-02
  a2slot 19 2.6370398076e-02
  a2slot 20 2.6472598191e-02
  a2slot 21 2.7105683704e-02
  a2slot 22 2.7692736954e-02
  a2slot 23 2.7419824540e-02
  a2slot 24 2.7984604285e-02
  a2slot 25 2.9016750672e-02
  a2slot 26 2.9899633339e-02
  a2slot 27 3.1351117860e-02
  a2slot 28 3.2352336773e-02
  a2slot 29 3.3219598970e-02
  a2slot 30 3.3874661230e-02
  a2slot 31 3.7943111207e-02
  a2slot 32 7.8287773808e-02
  [score] R-C2 first7-level-cover : 0.116260 of canonical mass se=4.647e-04
  [score] R-C5 18:18-HEC-split    : 0.363480 of canonical mass se=7.254e-04
  [score] R-M1 Moore-parity strict : 0.000010 of canonical mass (18/18; KW itself FAILS this) se=5.300e-06
  [score] R-M1 Moore-parity >=16/18: 0.000760 of canonical mass (KW level) se=3.864e-05
  [score] R-M1 max compliance seen : 18 of 18 (Moore-2005 precursor existence bound)
  [score] R-M2 Moore-1989 R/F <=2 breaks: 0.033955 of canonical mass (KW level) se=2.819e-04
  [score] R-M2 strict 0 breaks     : 0.000509 of canonical mass se=3.308e-05; min breaks seen = 0 (KW = 2)
  [score] Moore joint (M1>=16 & M2<=2): 0.00003419 of canonical mass se=1.044e-05 (independence: 0.00002581)
  [score] R-C3 level-3 positions == KW : 0.00000000 se=0.000e+00 | S-gap pattern anywhere: 0.00012614 se=1.751e-05 (Cook 2006)
  [score] R-C4 gender/valence <=2 viol : 0.000086 se=1.179e-05 | 0 viol: 0.000001 se=6.485e-07 (Cook 2006)
  [score] R-C4-B exception-form (0 viol OR 2 adjacent) : 3.6060963766e-06 se=1.339e-06 | R-C4-C KW locus [25,26]: 0.0000000000e+00 se=0.000e+00 (R13 two-convention; Schulz 1990/Cook 2006)
  [score] R-C4 0-viol DERIVED-N_gs abs : est=4.623923e+31  95%CI=[-3.6165e+31, 1.2864e+32]  relerr=90.92%  hits=2
  [score] Davis palindrome windows >=1 : 0.501918 se=7.532e-04 | >=2 (KW level): 0.140762 se=5.269e-04 (Davis 2012)
  [score] Pareto-dominates KW          : 0.00000016 of canonical mass se=1.555e-07 (F4-A)
  [score] wrap-distance mass d(s63,s0)  : d1=0.174641 d3=0.649612 d5=0.175747 se=5.908e-04/7.339e-04/5.956e-04 (odd-only per theorem; circular-C2 price = d5 mass)
  [score] WRAPBIN-SCRATCH d0 : frac=0.000000 se=0.000e+00 | abs est=0.000000e+00 se=0.000e+00 relerr=0.000%
  [score] WRAPBIN-SCRATCH d1 : frac=0.174641 se=5.908e-04 | abs est=1.132281e+37 se=4.251e+34 relerr=0.375%
  [score] WRAPBIN-SCRATCH d2 : frac=0.000000 se=0.000e+00 | abs est=0.000000e+00 se=0.000e+00 relerr=0.000%
  [score] WRAPBIN-SCRATCH d3 : frac=0.649612 se=7.339e-04 | abs est=4.211740e+37 se=7.671e+34 relerr=0.182%
  [score] WRAPBIN-SCRATCH d4 : frac=0.000000 se=0.000e+00 | abs est=0.000000e+00 se=0.000e+00 relerr=0.000%
  [score] WRAPBIN-SCRATCH d5 : frac=0.175747 se=5.956e-04 | abs est=1.139453e+37 se=4.295e+34 relerr=0.377%
  [score] WRAPBIN-SCRATCH d6 : frac=0.000000 se=0.000e+00 | abs est=0.000000e+00 se=0.000e+00 relerr=0.000%
RC=0
SEED=2026100205
