[knuth] RNG SEED OVERRIDE ACTIVE: base=0x0000000078c3d5f2 (R11 Phase-2 independent-seed replicate; estimator-only, sha-neutral)
[knuth] attributed-rule scoring ACTIVE (Cook 2006: R-C1/R-C2; classical+Hacker-Moore 2003: R-C5; Moore 2005: R-M1)
[knuth] 1000000000 probes, 64 threads, 0 prefix level(s)
[knuth] C5 BUDGET OVERRIDE ACTIVE (R6): d0=0 d1=1 d2=20 d3=14 d4=19 d6=8 (post pure-pair decrement; estimator-only, sha-neutral)
KNUTH-PROBES planned=1000000000 executed=1000000000
KNUTH_PROBES=EXECUTED-EQ-PLANNED
KNUTH-ESTIMATE probes=1000000000 threads=64 start_step=1 prefix_levels=0
KNUTH-PROVENANCE seed_base=0x0000000078c3d5f2 moore_strict=0 gender_strict=0 score=1 r11_hist=0 wall_s=200
  tree_nodes            : est=9.195594e+39  95%CI=[9.1936e+39, 9.1975e+39]  relerr=0.01%  hitrate=1
  leaves_C1C2C4C5       : est=5.216641e+38  95%CI=[5.2113e+38, 5.2220e+38]  relerr=0.05%  hitrate=0.0124
  leaves_canonical_C1C5 : est=6.499464e+37  95%CI=[6.4803e+37, 6.5187e+37]  relerr=0.15%  hitrate=0.00155
  [diag] canonical top single-probe share : max_w=1.293187e+42 = 0.0020% of estimate mass (skew/ESS audit; lower=better)
  [score] R-C1 final-pair-anchor  : 0.078233 of canonical mass se=3.840e-04
  [score] R-C1c circular anchor-adjacency (R6; A2={21,42} slot2||slot32): adjacent=0.134496 slot2=0.056263 slot32=0.078233 (McKenna 1975 frame; slot32 must reproduce R-C1=0.078233)
  [score] R-C1c A2 pair-slot histogram (report-only; fraction of canonical mass, slots 1-32):
  a2slot 2 5.6263454732e-02
  a2slot 3 3.8586217428e-02
  a2slot 4 3.5097901790e-02
  a2slot 5 3.3303634973e-02
  a2slot 6 3.2172588151e-02
  a2slot 7 3.0609678641e-02
  a2slot 8 3.0235555340e-02
  a2slot 9 2.9405078637e-02
  a2slot 10 2.8550763760e-02
  a2slot 11 2.7916824373e-02
  a2slot 12 2.7800069605e-02
  a2slot 13 2.7106005396e-02
  a2slot 14 2.6787509561e-02
  a2slot 15 2.6821226602e-02
  a2slot 16 2.6768683996e-02
  a2slot 17 2.6839513377e-02
  a2slot 18 2.6743057109e-02
  a2slot 19 2.6594526467e-02
  a2slot 20 2.6733471658e-02
  a2slot 21 2.6946614288e-02
  a2slot 22 2.7383633242e-02
  a2slot 23 2.8222549281e-02
  a2slot 24 2.8333530703e-02
  a2slot 25 2.8709684990e-02
  a2slot 26 3.0149226521e-02
  a2slot 27 3.1334366551e-02
  a2slot 28 3.1751688110e-02
  a2slot 29 3.3429745001e-02
  a2slot 30 3.3733593059e-02
  a2slot 31 3.7436993228e-02
  a2slot 32 7.8232613431e-02
  [score] R-C2 first7-level-cover : 0.115848 of canonical mass se=4.649e-04
  [score] R-C5 18:18-HEC-split    : 0.363690 of canonical mass se=7.271e-04
  [score] R-M1 Moore-parity strict : 0.000010 of canonical mass (18/18; KW itself FAILS this) se=8.481e-06
  [score] R-M1 Moore-parity >=16/18: 0.000776 of canonical mass (KW level) se=3.996e-05
  [score] R-M1 max compliance seen : 18 of 18 (Moore-2005 precursor existence bound)
  [score] R-M2 Moore-1989 R/F <=2 breaks: 0.034074 of canonical mass (KW level) se=2.816e-04
  [score] R-M2 strict 0 breaks     : 0.000549 of canonical mass se=3.752e-05; min breaks seen = 0 (KW = 2)
  [score] Moore joint (M1>=16 & M2<=2): 0.00001512 of canonical mass se=4.935e-06 (independence: 0.00002643)
  [score] R-C3 level-3 positions == KW : 0.00000000 se=0.000e+00 | S-gap pattern anywhere: 0.00013637 se=2.139e-05 (Cook 2006)
  [score] R-C4 gender/valence <=2 viol : 0.000110 se=1.600e-05 | 0 viol: 0.000000 se=3.660e-07 (Cook 2006)
  [score] R-C4-B exception-form (0 viol OR 2 adjacent) : 1.1977460489e-05 se=5.588e-06 | R-C4-C KW locus [25,26]: 1.9504502624e-07 se=1.950e-07 (R13 two-convention; Schulz 1990/Cook 2006)
  [score] R-C4 0-viol DERIVED-N_gs abs : est=2.378829e+31  95%CI=[-2.2837e+31, 7.0413e+31]  relerr=100.00%  hits=1
  [score] Davis palindrome windows >=1 : 0.502700 se=7.542e-04 | >=2 (KW level): 0.141538 se=5.330e-04 (Davis 2012)
  [score] Pareto-dominates KW          : 0.00000000 of canonical mass se=0.000e+00 (F4-A)
  [score] wrap-distance mass d(s63,s0)  : d1=0.174357 d3=0.650483 d5=0.175160 se=5.892e-04/7.333e-04/5.942e-04 (odd-only per theorem; circular-C2 price = d5 mass)
  [score] WRAPBIN-SCRATCH d0 : frac=0.000000 se=0.000e+00 | abs est=0.000000e+00 se=0.000e+00 relerr=0.000%
  [score] WRAPBIN-SCRATCH d1 : frac=0.174357 se=5.892e-04 | abs est=1.133229e+37 se=4.246e+34 relerr=0.375%
  [score] WRAPBIN-SCRATCH d2 : frac=0.000000 se=0.000e+00 | abs est=0.000000e+00 se=0.000e+00 relerr=0.000%
  [score] WRAPBIN-SCRATCH d3 : frac=0.650483 se=7.333e-04 | abs est=4.227791e+37 se=7.725e+34 relerr=0.183%
  [score] WRAPBIN-SCRATCH d4 : frac=0.000000 se=0.000e+00 | abs est=0.000000e+00 se=0.000e+00 relerr=0.000%
  [score] WRAPBIN-SCRATCH d5 : frac=0.175160 se=5.942e-04 | abs est=1.138444e+37 se=4.291e+34 relerr=0.377%
  [score] WRAPBIN-SCRATCH d6 : frac=0.000000 se=0.000e+00 | abs est=0.000000e+00 se=0.000e+00 relerr=0.000%
RC=0
SEED=2026100210
