[knuth] RNG SEED OVERRIDE ACTIVE: base=0x0000000078c3d5fa (R11 Phase-2 independent-seed replicate; estimator-only, sha-neutral)
[knuth] attributed-rule scoring ACTIVE (Cook 2006: R-C1/R-C2; classical+Hacker-Moore 2003: R-C5; Moore 2005: R-M1)
[knuth] 1000000000 probes, 64 threads, 0 prefix level(s)
[knuth] C5 BUDGET OVERRIDE ACTIVE (R6): d0=0 d1=1 d2=20 d3=14 d4=19 d6=8 (post pure-pair decrement; estimator-only, sha-neutral)
KNUTH-PROBES planned=1000000000 executed=1000000000
KNUTH_PROBES=EXECUTED-EQ-PLANNED
KNUTH-ESTIMATE probes=1000000000 threads=64 start_step=1 prefix_levels=0
KNUTH-PROVENANCE seed_base=0x0000000078c3d5fa moore_strict=0 gender_strict=0 score=1 r11_hist=0 wall_s=202
  tree_nodes            : est=9.195373e+39  95%CI=[9.1934e+39, 9.1973e+39]  relerr=0.01%  hitrate=1
  leaves_C1C2C4C5       : est=5.212999e+38  95%CI=[5.2076e+38, 5.2184e+38]  relerr=0.05%  hitrate=0.0124
  leaves_canonical_C1C5 : est=6.501892e+37  95%CI=[6.4827e+37, 6.5211e+37]  relerr=0.15%  hitrate=0.00155
  [diag] canonical top single-probe share : max_w=1.269443e+42 = 0.0020% of estimate mass (skew/ESS audit; lower=better)
  [score] R-C1 final-pair-anchor  : 0.078435 of canonical mass se=3.844e-04
  [score] R-C1c circular anchor-adjacency (R6; A2={21,42} slot2||slot32): adjacent=0.133817 slot2=0.055382 slot32=0.078435 (McKenna 1975 frame; slot32 must reproduce R-C1=0.078435)
  [score] R-C1c A2 pair-slot histogram (report-only; fraction of canonical mass, slots 1-32):
  a2slot 2 5.5381944148e-02
  a2slot 3 3.9132058113e-02
  a2slot 4 3.5089055479e-02
  a2slot 5 3.3482692250e-02
  a2slot 6 3.1902041334e-02
  a2slot 7 3.0426774078e-02
  a2slot 8 3.0118414276e-02
  a2slot 9 2.9007531072e-02
  a2slot 10 2.8557927608e-02
  a2slot 11 2.8229713736e-02
  a2slot 12 2.7598055705e-02
  a2slot 13 2.7427248127e-02
  a2slot 14 2.7077909652e-02
  a2slot 15 2.6905356021e-02
  a2slot 16 2.6988781210e-02
  a2slot 17 2.6650286563e-02
  a2slot 18 2.6643211096e-02
  a2slot 19 2.6786863176e-02
  a2slot 20 2.7061633429e-02
  a2slot 21 2.7127089622e-02
  a2slot 22 2.7712837085e-02
  a2slot 23 2.7994948340e-02
  a2slot 24 2.8160444494e-02
  a2slot 25 2.8832701748e-02
  a2slot 26 2.9701178155e-02
  a2slot 27 3.0917379574e-02
  a2slot 28 3.2038167916e-02
  a2slot 29 3.3320906526e-02
  a2slot 30 3.3460133593e-02
  a2slot 31 3.7832038731e-02
  a2slot 32 7.8434677144e-02
  [score] R-C2 first7-level-cover : 0.116054 of canonical mass se=4.641e-04
  [score] R-C5 18:18-HEC-split    : 0.364507 of canonical mass se=7.256e-04
  [score] R-M1 Moore-parity strict : 0.000003 of canonical mass (18/18; KW itself FAILS this) se=1.740e-06
  [score] R-M1 Moore-parity >=16/18: 0.000773 of canonical mass (KW level) se=4.218e-05
  [score] R-M1 max compliance seen : 18 of 18 (Moore-2005 precursor existence bound)
  [score] R-M2 Moore-1989 R/F <=2 breaks: 0.033995 of canonical mass (KW level) se=2.797e-04
  [score] R-M2 strict 0 breaks     : 0.000545 of canonical mass se=3.756e-05; min breaks seen = 0 (KW = 2)
  [score] Moore joint (M1>=16 & M2<=2): 0.00002207 of canonical mass se=7.265e-06 (independence: 0.00002629)
  [score] R-C3 level-3 positions == KW : 0.00000000 se=0.000e+00 | S-gap pattern anywhere: 0.00008731 se=1.277e-05 (Cook 2006)
  [score] R-C4 gender/valence <=2 viol : 0.000121 se=1.874e-05 | 0 viol: 0.000001 se=6.571e-07 (Cook 2006)
  [score] R-C4-B exception-form (0 viol OR 2 adjacent) : 1.4056860216e-05 se=4.256e-06 | R-C4-C KW locus [25,26]: 2.0712209740e-07 se=2.071e-07 (R13 two-convention; Schulz 1990/Cook 2006)
  [score] R-C4 0-viol DERIVED-N_gs abs : est=4.272696e+31  95%CI=[-4.1018e+31, 1.2647e+32]  relerr=100.00%  hits=1
  [score] Davis palindrome windows >=1 : 0.502027 se=7.531e-04 | >=2 (KW level): 0.140991 se=5.283e-04 (Davis 2012)
  [score] Pareto-dominates KW          : 0.00000000 of canonical mass se=0.000e+00 (F4-A)
  [score] wrap-distance mass d(s63,s0)  : d1=0.174086 d3=0.650322 d5=0.175592 se=5.886e-04/7.324e-04/5.935e-04 (odd-only per theorem; circular-C2 price = d5 mass)
  [score] WRAPBIN-SCRATCH d0 : frac=0.000000 se=0.000e+00 | abs est=0.000000e+00 se=0.000e+00 relerr=0.000%
  [score] WRAPBIN-SCRATCH d1 : frac=0.174086 se=5.886e-04 | abs est=1.131891e+37 se=4.244e+34 relerr=0.375%
  [score] WRAPBIN-SCRATCH d2 : frac=0.000000 se=0.000e+00 | abs est=0.000000e+00 se=0.000e+00 relerr=0.000%
  [score] WRAPBIN-SCRATCH d3 : frac=0.650322 se=7.324e-04 | abs est=4.228321e+37 se=7.714e+34 relerr=0.182%
  [score] WRAPBIN-SCRATCH d4 : frac=0.000000 se=0.000e+00 | abs est=0.000000e+00 se=0.000e+00 relerr=0.000%
  [score] WRAPBIN-SCRATCH d5 : frac=0.175592 se=5.935e-04 | abs est=1.141679e+37 se=4.289e+34 relerr=0.376%
  [score] WRAPBIN-SCRATCH d6 : frac=0.000000 se=0.000e+00 | abs est=0.000000e+00 se=0.000e+00 relerr=0.000%
RC=0
SEED=2026100218
