[knuth] RNG SEED OVERRIDE ACTIVE: base=0x0000000078c3d5ec (R11 Phase-2 independent-seed replicate; estimator-only, sha-neutral)
[knuth] attributed-rule scoring ACTIVE (Cook 2006: R-C1/R-C2; classical+Hacker-Moore 2003: R-C5; Moore 2005: R-M1)
[knuth] 1000000000 probes, 64 threads, 0 prefix level(s)
[knuth] C5 BUDGET OVERRIDE ACTIVE (R6): d0=0 d1=1 d2=20 d3=14 d4=19 d6=8 (post pure-pair decrement; estimator-only, sha-neutral)
KNUTH-PROBES planned=1000000000 executed=1000000000
KNUTH_PROBES=EXECUTED-EQ-PLANNED
KNUTH-ESTIMATE probes=1000000000 threads=64 start_step=1 prefix_levels=0
KNUTH-PROVENANCE seed_base=0x0000000078c3d5ec moore_strict=0 gender_strict=0 score=1 r11_hist=0 wall_s=215
  tree_nodes            : est=9.195086e+39  95%CI=[9.1931e+39, 9.1970e+39]  relerr=0.01%  hitrate=1
  leaves_C1C2C4C5       : est=5.216124e+38  95%CI=[5.2107e+38, 5.2215e+38]  relerr=0.05%  hitrate=0.0124
  leaves_canonical_C1C5 : est=6.510308e+37  95%CI=[6.4911e+37, 6.5296e+37]  relerr=0.15%  hitrate=0.00155
  [diag] canonical top single-probe share : max_w=1.370153e+42 = 0.0021% of estimate mass (skew/ESS audit; lower=better)
  [score] R-C1 final-pair-anchor  : 0.078099 of canonical mass se=3.823e-04
  [score] R-C1c circular anchor-adjacency (R6; A2={21,42} slot2||slot32): adjacent=0.134264 slot2=0.056164 slot32=0.078099 (McKenna 1975 frame; slot32 must reproduce R-C1=0.078099)
  [score] R-C1c A2 pair-slot histogram (report-only; fraction of canonical mass, slots 1-32):
  a2slot 2 5.6164324252e-02
  a2slot 3 3.8776134964e-02
  a2slot 4 3.5295112964e-02
  a2slot 5 3.2815124365e-02
  a2slot 6 3.1567278176e-02
  a2slot 7 3.0761590587e-02
  a2slot 8 2.9780898663e-02
  a2slot 9 2.8841846042e-02
  a2slot 10 2.8780765088e-02
  a2slot 11 2.7895313224e-02
  a2slot 12 2.7510178453e-02
  a2slot 13 2.7461128183e-02
  a2slot 14 2.7018705160e-02
  a2slot 15 2.7182135964e-02
  a2slot 16 2.7020309543e-02
  a2slot 17 2.6598350760e-02
  a2slot 18 2.6906681061e-02
  a2slot 19 2.6783591471e-02
  a2slot 20 2.7110917724e-02
  a2slot 21 2.7237647613e-02
  a2slot 22 2.7337046969e-02
  a2slot 23 2.7954909912e-02
  a2slot 24 2.8302107262e-02
  a2slot 25 2.8932562971e-02
  a2slot 26 2.9745892661e-02
  a2slot 27 3.1284418291e-02
  a2slot 28 3.2431719139e-02
  a2slot 29 3.3236347105e-02
  a2slot 30 3.3556942754e-02
  a2slot 31 3.7610734295e-02
  a2slot 32 7.8099284382e-02
  [score] R-C2 first7-level-cover : 0.115822 of canonical mass se=4.618e-04
  [score] R-C5 18:18-HEC-split    : 0.363561 of canonical mass se=7.277e-04
  [score] R-M1 Moore-parity strict : 0.000007 of canonical mass (18/18; KW itself FAILS this) se=4.981e-06
  [score] R-M1 Moore-parity >=16/18: 0.000836 of canonical mass (KW level) se=4.380e-05
  [score] R-M1 max compliance seen : 18 of 18 (Moore-2005 precursor existence bound)
  [score] R-M2 Moore-1989 R/F <=2 breaks: 0.033879 of canonical mass (KW level) se=2.765e-04
  [score] R-M2 strict 0 breaks     : 0.000522 of canonical mass se=3.519e-05; min breaks seen = 0 (KW = 2)
  [score] Moore joint (M1>=16 & M2<=2): 0.00002678 of canonical mass se=9.245e-06 (independence: 0.00002833)
  [score] R-C3 level-3 positions == KW : 0.00000000 se=0.000e+00 | S-gap pattern anywhere: 0.00012474 se=1.789e-05 (Cook 2006)
  [score] R-C4 gender/valence <=2 viol : 0.000134 se=2.267e-05 | 0 viol: 0.000000 se=0.000e+00 (Cook 2006)
  [score] R-C4-B exception-form (0 viol OR 2 adjacent) : 2.9256857506e-05 se=1.613e-05 | R-C4-C KW locus [25,26]: 1.5932937022e-06 se=1.335e-06 (R13 two-convention; Schulz 1990/Cook 2006)
  [score] R-C4 0-viol DERIVED-N_gs abs : est=0.000000e+00  95%CI=[0.0000e+00, 0.0000e+00]  relerr=0.00%  hits=0
  [score] Davis palindrome windows >=1 : 0.502065 se=7.543e-04 | >=2 (KW level): 0.141257 se=5.312e-04 (Davis 2012)
  [score] Pareto-dominates KW          : 0.00000018 of canonical mass se=1.807e-07 (F4-A)
  [score] wrap-distance mass d(s63,s0)  : d1=0.175211 d3=0.649786 d5=0.175003 se=5.915e-04/7.332e-04/5.919e-04 (odd-only per theorem; circular-C2 price = d5 mass)
  [score] WRAPBIN-SCRATCH d0 : frac=0.000000 se=0.000e+00 | abs est=0.000000e+00 se=0.000e+00 relerr=0.000%
  [score] WRAPBIN-SCRATCH d1 : frac=0.175211 se=5.915e-04 | abs est=1.140681e+37 se=4.274e+34 relerr=0.375%
  [score] WRAPBIN-SCRATCH d2 : frac=0.000000 se=0.000e+00 | abs est=0.000000e+00 se=0.000e+00 relerr=0.000%
  [score] WRAPBIN-SCRATCH d3 : frac=0.649786 se=7.332e-04 | abs est=4.230305e+37 se=7.738e+34 relerr=0.183%
  [score] WRAPBIN-SCRATCH d4 : frac=0.000000 se=0.000e+00 | abs est=0.000000e+00 se=0.000e+00 relerr=0.000%
  [score] WRAPBIN-SCRATCH d5 : frac=0.175003 se=5.919e-04 | abs est=1.139323e+37 se=4.278e+34 relerr=0.375%
  [score] WRAPBIN-SCRATCH d6 : frac=0.000000 se=0.000e+00 | abs est=0.000000e+00 se=0.000e+00 relerr=0.000%
RC=0
SEED=2026100204
