[knuth] RNG SEED OVERRIDE ACTIVE: base=0x0000000078c3d5f5 (R11 Phase-2 independent-seed replicate; estimator-only, sha-neutral)
[knuth] attributed-rule scoring ACTIVE (Cook 2006: R-C1/R-C2; classical+Hacker-Moore 2003: R-C5; Moore 2005: R-M1)
[knuth] 1000000000 probes, 64 threads, 0 prefix level(s)
[knuth] C5 BUDGET OVERRIDE ACTIVE (R6): d0=0 d1=1 d2=20 d3=14 d4=19 d6=8 (post pure-pair decrement; estimator-only, sha-neutral)
KNUTH-PROBES planned=1000000000 executed=1000000000
KNUTH_PROBES=EXECUTED-EQ-PLANNED
KNUTH-ESTIMATE probes=1000000000 threads=64 start_step=1 prefix_levels=0
KNUTH-PROVENANCE seed_base=0x0000000078c3d5f5 moore_strict=0 gender_strict=0 score=1 r11_hist=0 wall_s=202
  tree_nodes            : est=9.196292e+39  95%CI=[9.1943e+39, 9.1982e+39]  relerr=0.01%  hitrate=1
  leaves_C1C2C4C5       : est=5.213769e+38  95%CI=[5.2084e+38, 5.2191e+38]  relerr=0.05%  hitrate=0.0124
  leaves_canonical_C1C5 : est=6.500654e+37  95%CI=[6.4815e+37, 6.5199e+37]  relerr=0.15%  hitrate=0.00155
  [diag] canonical top single-probe share : max_w=1.351123e+42 = 0.0021% of estimate mass (skew/ESS audit; lower=better)
  [score] R-C1 final-pair-anchor  : 0.078496 of canonical mass se=3.887e-04
  [score] R-C1c circular anchor-adjacency (R6; A2={21,42} slot2||slot32): adjacent=0.134115 slot2=0.055619 slot32=0.078496 (McKenna 1975 frame; slot32 must reproduce R-C1=0.078496)
  [score] R-C1c A2 pair-slot histogram (report-only; fraction of canonical mass, slots 1-32):
  a2slot 2 5.5619132506e-02
  a2slot 3 3.8836344815e-02
  a2slot 4 3.4814288858e-02
  a2slot 5 3.2951421167e-02
  a2slot 6 3.1782060059e-02
  a2slot 7 3.1055495588e-02
  a2slot 8 2.9827243193e-02
  a2slot 9 2.8630906846e-02
  a2slot 10 2.8973941593e-02
  a2slot 11 2.8023221547e-02
  a2slot 12 2.7443465262e-02
  a2slot 13 2.7283292208e-02
  a2slot 14 2.7366767034e-02
  a2slot 15 2.7191374691e-02
  a2slot 16 2.6854984432e-02
  a2slot 17 2.6511595453e-02
  a2slot 18 2.6799660506e-02
  a2slot 19 2.7458830063e-02
  a2slot 20 2.7381934699e-02
  a2slot 21 2.7254766960e-02
  a2slot 22 2.7624241167e-02
  a2slot 23 2.7909113651e-02
  a2slot 24 2.8146105480e-02
  a2slot 25 2.8898041044e-02
  a2slot 26 2.9655710416e-02
  a2slot 27 3.0824084392e-02
  a2slot 28 3.2134401638e-02
  a2slot 29 3.3048558328e-02
  a2slot 30 3.3471427404e-02
  a2slot 31 3.7731741777e-02
  a2slot 32 7.8495847224e-02
  [score] R-C2 first7-level-cover : 0.115680 of canonical mass se=4.663e-04
  [score] R-C5 18:18-HEC-split    : 0.364331 of canonical mass se=7.261e-04
  [score] R-M1 Moore-parity strict : 0.000006 of canonical mass (18/18; KW itself FAILS this) se=4.119e-06
  [score] R-M1 Moore-parity >=16/18: 0.000837 of canonical mass (KW level) se=4.374e-05
  [score] R-M1 max compliance seen : 18 of 18 (Moore-2005 precursor existence bound)
  [score] R-M2 Moore-1989 R/F <=2 breaks: 0.033976 of canonical mass (KW level) se=2.808e-04
  [score] R-M2 strict 0 breaks     : 0.000485 of canonical mass se=3.295e-05; min breaks seen = 0 (KW = 2)
  [score] Moore joint (M1>=16 & M2<=2): 0.00001633 of canonical mass se=5.398e-06 (independence: 0.00002842)
  [score] R-C3 level-3 positions == KW : 0.00000000 se=0.000e+00 | S-gap pattern anywhere: 0.00010180 se=1.381e-05 (Cook 2006)
  [score] R-C4 gender/valence <=2 viol : 0.000109 se=1.373e-05 | 0 viol: 0.000000 se=0.000e+00 (Cook 2006)
  [score] R-C4-B exception-form (0 viol OR 2 adjacent) : 1.0597446093e-05 se=3.630e-06 | R-C4-C KW locus [25,26]: 4.7511908427e-07 se=4.519e-07 (R13 two-convention; Schulz 1990/Cook 2006)
  [score] R-C4 0-viol DERIVED-N_gs abs : est=0.000000e+00  95%CI=[0.0000e+00, 0.0000e+00]  relerr=0.00%  hits=0
  [score] Davis palindrome windows >=1 : 0.501869 se=7.535e-04 | >=2 (KW level): 0.139864 se=5.286e-04 (Davis 2012)
  [score] Pareto-dominates KW          : 0.00000000 of canonical mass se=0.000e+00 (F4-A)
  [score] wrap-distance mass d(s63,s0)  : d1=0.175451 d3=0.651013 d5=0.173536 se=5.922e-04/7.317e-04/5.876e-04 (odd-only per theorem; circular-C2 price = d5 mass)
  [score] WRAPBIN-SCRATCH d0 : frac=0.000000 se=0.000e+00 | abs est=0.000000e+00 se=0.000e+00 relerr=0.000%
  [score] WRAPBIN-SCRATCH d1 : frac=0.175451 se=5.922e-04 | abs est=1.140545e+37 se=4.275e+34 relerr=0.375%
  [score] WRAPBIN-SCRATCH d2 : frac=0.000000 se=0.000e+00 | abs est=0.000000e+00 se=0.000e+00 relerr=0.000%
  [score] WRAPBIN-SCRATCH d3 : frac=0.651013 se=7.317e-04 | abs est=4.232010e+37 se=7.731e+34 relerr=0.183%
  [score] WRAPBIN-SCRATCH d4 : frac=0.000000 se=0.000e+00 | abs est=0.000000e+00 se=0.000e+00 relerr=0.000%
  [score] WRAPBIN-SCRATCH d5 : frac=0.173536 se=5.876e-04 | abs est=1.128100e+37 se=4.233e+34 relerr=0.375%
  [score] WRAPBIN-SCRATCH d6 : frac=0.000000 se=0.000e+00 | abs est=0.000000e+00 se=0.000e+00 relerr=0.000%
RC=0
SEED=2026100213
