[knuth] RNG SEED OVERRIDE ACTIVE: base=0x0000000078c3d5f0 (R11 Phase-2 independent-seed replicate; estimator-only, sha-neutral)
[knuth] attributed-rule scoring ACTIVE (Cook 2006: R-C1/R-C2; classical+Hacker-Moore 2003: R-C5; Moore 2005: R-M1)
[knuth] 1000000000 probes, 64 threads, 0 prefix level(s)
[knuth] C5 BUDGET OVERRIDE ACTIVE (R6): d0=0 d1=1 d2=20 d3=14 d4=19 d6=8 (post pure-pair decrement; estimator-only, sha-neutral)
KNUTH-PROBES planned=1000000000 executed=1000000000
KNUTH_PROBES=EXECUTED-EQ-PLANNED
KNUTH-ESTIMATE probes=1000000000 threads=64 start_step=1 prefix_levels=0
KNUTH-PROVENANCE seed_base=0x0000000078c3d5f0 moore_strict=0 gender_strict=0 score=1 r11_hist=0 wall_s=195
  tree_nodes            : est=9.196522e+39  95%CI=[9.1946e+39, 9.1985e+39]  relerr=0.01%  hitrate=1
  leaves_C1C2C4C5       : est=5.215516e+38  95%CI=[5.2101e+38, 5.2209e+38]  relerr=0.05%  hitrate=0.0124
  leaves_canonical_C1C5 : est=6.502089e+37  95%CI=[6.4829e+37, 6.5213e+37]  relerr=0.15%  hitrate=0.00155
  [diag] canonical top single-probe share : max_w=1.247972e+42 = 0.0019% of estimate mass (skew/ESS audit; lower=better)
  [score] R-C1 final-pair-anchor  : 0.078132 of canonical mass se=3.824e-04
  [score] R-C1c circular anchor-adjacency (R6; A2={21,42} slot2||slot32): adjacent=0.134015 slot2=0.055883 slot32=0.078132 (McKenna 1975 frame; slot32 must reproduce R-C1=0.078132)
  [score] R-C1c A2 pair-slot histogram (report-only; fraction of canonical mass, slots 1-32):
  a2slot 2 5.5882671735e-02
  a2slot 3 3.9082656746e-02
  a2slot 4 3.4752474693e-02
  a2slot 5 3.3246586514e-02
  a2slot 6 3.2393432441e-02
  a2slot 7 3.0775113122e-02
  a2slot 8 3.0368346965e-02
  a2slot 9 2.9001339920e-02
  a2slot 10 2.8526458017e-02
  a2slot 11 2.8019450195e-02
  a2slot 12 2.7475671243e-02
  a2slot 13 2.7143668345e-02
  a2slot 14 2.6647514002e-02
  a2slot 15 2.6645291543e-02
  a2slot 16 2.6699818016e-02
  a2slot 17 2.6687882486e-02
  a2slot 18 2.6944805668e-02
  a2slot 19 2.6889121717e-02
  a2slot 20 2.7448174697e-02
  a2slot 21 2.7098419528e-02
  a2slot 22 2.7443753283e-02
  a2slot 23 2.8461736766e-02
  a2slot 24 2.8872782346e-02
  a2slot 25 2.9121578177e-02
  a2slot 26 2.9653212778e-02
  a2slot 27 3.0815999224e-02
  a2slot 28 3.1453812443e-02
  a2slot 29 3.3117070508e-02
  a2slot 30 3.3240817416e-02
  a2slot 31 3.7958157928e-02
  a2slot 32 7.8132181538e-02
  [score] R-C2 first7-level-cover : 0.115581 of canonical mass se=4.623e-04
  [score] R-C5 18:18-HEC-split    : 0.364648 of canonical mass se=7.254e-04
  [score] R-M1 Moore-parity strict : 0.000004 of canonical mass (18/18; KW itself FAILS this) se=1.390e-06
  [score] R-M1 Moore-parity >=16/18: 0.000762 of canonical mass (KW level) se=3.910e-05
  [score] R-M1 max compliance seen : 18 of 18 (Moore-2005 precursor existence bound)
  [score] R-M2 Moore-1989 R/F <=2 breaks: 0.033563 of canonical mass (KW level) se=2.757e-04
  [score] R-M2 strict 0 breaks     : 0.000478 of canonical mass se=2.839e-05; min breaks seen = 0 (KW = 2)
  [score] Moore joint (M1>=16 & M2<=2): 0.00001196 of canonical mass se=3.254e-06 (independence: 0.00002557)
  [score] R-C3 level-3 positions == KW : 0.00000000 se=0.000e+00 | S-gap pattern anywhere: 0.00010844 se=1.486e-05 (Cook 2006)
  [score] R-C4 gender/valence <=2 viol : 0.000094 se=1.432e-05 | 0 viol: 0.000000 se=0.000e+00 (Cook 2006)
  [score] R-C4-B exception-form (0 viol OR 2 adjacent) : 1.5627146370e-05 se=8.822e-06 | R-C4-C KW locus [25,26]: 0.0000000000e+00 se=0.000e+00 (R13 two-convention; Schulz 1990/Cook 2006)
  [score] R-C4 0-viol DERIVED-N_gs abs : est=0.000000e+00  95%CI=[0.0000e+00, 0.0000e+00]  relerr=0.00%  hits=0
  [score] Davis palindrome windows >=1 : 0.502554 se=7.527e-04 | >=2 (KW level): 0.141364 se=5.311e-04 (Davis 2012)
  [score] Pareto-dominates KW          : 0.00000000 of canonical mass se=0.000e+00 (F4-A)
  [score] wrap-distance mass d(s63,s0)  : d1=0.174357 d3=0.650387 d5=0.175256 se=5.895e-04/7.313e-04/5.902e-04 (odd-only per theorem; circular-C2 price = d5 mass)
  [score] WRAPBIN-SCRATCH d0 : frac=0.000000 se=0.000e+00 | abs est=0.000000e+00 se=0.000e+00 relerr=0.000%
  [score] WRAPBIN-SCRATCH d1 : frac=0.174357 se=5.895e-04 | abs est=1.133682e+37 se=4.253e+34 relerr=0.375%
  [score] WRAPBIN-SCRATCH d2 : frac=0.000000 se=0.000e+00 | abs est=0.000000e+00 se=0.000e+00 relerr=0.000%
  [score] WRAPBIN-SCRATCH d3 : frac=0.650387 se=7.313e-04 | abs est=4.228876e+37 se=7.718e+34 relerr=0.183%
  [score] WRAPBIN-SCRATCH d4 : frac=0.000000 se=0.000e+00 | abs est=0.000000e+00 se=0.000e+00 relerr=0.000%
  [score] WRAPBIN-SCRATCH d5 : frac=0.175256 se=5.902e-04 | abs est=1.139531e+37 se=4.259e+34 relerr=0.374%
  [score] WRAPBIN-SCRATCH d6 : frac=0.000000 se=0.000e+00 | abs est=0.000000e+00 se=0.000e+00 relerr=0.000%
RC=0
SEED=2026100208
