[knuth] RNG SEED OVERRIDE ACTIVE: base=0x0000000078c3d5fb (R11 Phase-2 independent-seed replicate; estimator-only, sha-neutral)
[knuth] attributed-rule scoring ACTIVE (Cook 2006: R-C1/R-C2; classical+Hacker-Moore 2003: R-C5; Moore 2005: R-M1)
[knuth] 1000000000 probes, 64 threads, 0 prefix level(s)
[knuth] C5 BUDGET OVERRIDE ACTIVE (R6): d0=0 d1=1 d2=20 d3=14 d4=19 d6=8 (post pure-pair decrement; estimator-only, sha-neutral)
KNUTH-PROBES planned=1000000000 executed=1000000000
KNUTH_PROBES=EXECUTED-EQ-PLANNED
KNUTH-ESTIMATE probes=1000000000 threads=64 start_step=1 prefix_levels=0
KNUTH-PROVENANCE seed_base=0x0000000078c3d5fb moore_strict=0 gender_strict=0 score=1 r11_hist=0 wall_s=257
  tree_nodes            : est=9.195917e+39  95%CI=[9.1940e+39, 9.1979e+39]  relerr=0.01%  hitrate=1
  leaves_C1C2C4C5       : est=5.214295e+38  95%CI=[5.2089e+38, 5.2197e+38]  relerr=0.05%  hitrate=0.0124
  leaves_canonical_C1C5 : est=6.499019e+37  95%CI=[6.4798e+37, 6.5182e+37]  relerr=0.15%  hitrate=0.00155
  [diag] canonical top single-probe share : max_w=1.303251e+42 = 0.0020% of estimate mass (skew/ESS audit; lower=better)
  [score] R-C1 final-pair-anchor  : 0.078342 of canonical mass se=3.874e-04
  [score] R-C1c circular anchor-adjacency (R6; A2={21,42} slot2||slot32): adjacent=0.134075 slot2=0.055733 slot32=0.078342 (McKenna 1975 frame; slot32 must reproduce R-C1=0.078342)
  [score] R-C1c A2 pair-slot histogram (report-only; fraction of canonical mass, slots 1-32):
  a2slot 2 5.5733268600e-02
  a2slot 3 3.8335681519e-02
  a2slot 4 3.4582640517e-02
  a2slot 5 3.2869836149e-02
  a2slot 6 3.1839290980e-02
  a2slot 7 3.1383207624e-02
  a2slot 8 2.9687550715e-02
  a2slot 9 2.9144084113e-02
  a2slot 10 2.8348811595e-02
  a2slot 11 2.8372106883e-02
  a2slot 12 2.7679021328e-02
  a2slot 13 2.7188060148e-02
  a2slot 14 2.7077312348e-02
  a2slot 15 2.6603002255e-02
  a2slot 16 2.6898667223e-02
  a2slot 17 2.6832942638e-02
  a2slot 18 2.6475656389e-02
  a2slot 19 2.6848253933e-02
  a2slot 20 2.6897736969e-02
  a2slot 21 2.7621101573e-02
  a2slot 22 2.7349171390e-02
  a2slot 23 2.8240522715e-02
  a2slot 24 2.8985270920e-02
  a2slot 25 2.8673853351e-02
  a2slot 26 2.9985737156e-02
  a2slot 27 3.1769892009e-02
  a2slot 28 3.1694341128e-02
  a2slot 29 3.3169141746e-02
  a2slot 30 3.3663694238e-02
  a2slot 31 3.7708521062e-02
  a2slot 32 7.8341620785e-02
  [score] R-C2 first7-level-cover : 0.115307 of canonical mass se=4.650e-04
  [score] R-C5 18:18-HEC-split    : 0.365474 of canonical mass se=7.280e-04
  [score] R-M1 Moore-parity strict : 0.000002 of canonical mass (18/18; KW itself FAILS this) se=1.153e-06
  [score] R-M1 Moore-parity >=16/18: 0.000708 of canonical mass (KW level) se=3.524e-05
  [score] R-M1 max compliance seen : 18 of 18 (Moore-2005 precursor existence bound)
  [score] R-M2 Moore-1989 R/F <=2 breaks: 0.033607 of canonical mass (KW level) se=2.817e-04
  [score] R-M2 strict 0 breaks     : 0.000542 of canonical mass se=3.800e-05; min breaks seen = 0 (KW = 2)
  [score] Moore joint (M1>=16 & M2<=2): 0.00003363 of canonical mass se=1.167e-05 (independence: 0.00002381)
  [score] R-C3 level-3 positions == KW : 0.00000000 se=0.000e+00 | S-gap pattern anywhere: 0.00011470 se=1.374e-05 (Cook 2006)
  [score] R-C4 gender/valence <=2 viol : 0.000098 se=1.282e-05 | 0 viol: 0.000000 se=6.917e-08 (Cook 2006)
  [score] R-C4-B exception-form (0 viol OR 2 adjacent) : 8.0510607370e-06 se=2.784e-06 | R-C4-C KW locus [25,26]: 0.0000000000e+00 se=0.000e+00 (R13 two-convention; Schulz 1990/Cook 2006)
  [score] R-C4 0-viol DERIVED-N_gs abs : est=4.495545e+30  95%CI=[-4.3157e+30, 1.3307e+31]  relerr=100.00%  hits=1
  [score] Davis palindrome windows >=1 : 0.502092 se=7.546e-04 | >=2 (KW level): 0.140484 se=5.298e-04 (Davis 2012)
  [score] Pareto-dominates KW          : 0.00000000 of canonical mass se=0.000e+00 (F4-A)
  [score] wrap-distance mass d(s63,s0)  : d1=0.175038 d3=0.650580 d5=0.174382 se=5.924e-04/7.330e-04/5.899e-04 (odd-only per theorem; circular-C2 price = d5 mass)
  [score] WRAPBIN-SCRATCH d0 : frac=0.000000 se=0.000e+00 | abs est=0.000000e+00 se=0.000e+00 relerr=0.000%
  [score] WRAPBIN-SCRATCH d1 : frac=0.175038 se=5.924e-04 | abs est=1.137575e+37 se=4.275e+34 relerr=0.376%
  [score] WRAPBIN-SCRATCH d2 : frac=0.000000 se=0.000e+00 | abs est=0.000000e+00 se=0.000e+00 relerr=0.000%
  [score] WRAPBIN-SCRATCH d3 : frac=0.650580 se=7.330e-04 | abs est=4.228129e+37 se=7.736e+34 relerr=0.183%
  [score] WRAPBIN-SCRATCH d4 : frac=0.000000 se=0.000e+00 | abs est=0.000000e+00 se=0.000e+00 relerr=0.000%
  [score] WRAPBIN-SCRATCH d5 : frac=0.174382 se=5.899e-04 | abs est=1.133315e+37 se=4.252e+34 relerr=0.375%
  [score] WRAPBIN-SCRATCH d6 : frac=0.000000 se=0.000e+00 | abs est=0.000000e+00 se=0.000e+00 relerr=0.000%
RC=0
SEED=2026100219
