[knuth] RNG SEED OVERRIDE ACTIVE: base=0x0000000078c3d5ea (R11 Phase-2 independent-seed replicate; estimator-only, sha-neutral)
[knuth] attributed-rule scoring ACTIVE (Cook 2006: R-C1/R-C2; classical+Hacker-Moore 2003: R-C5; Moore 2005: R-M1)
[knuth] 1000000000 probes, 64 threads, 0 prefix level(s)
[knuth] C5 BUDGET OVERRIDE ACTIVE (R6): d0=0 d1=1 d2=20 d3=14 d4=19 d6=8 (post pure-pair decrement; estimator-only, sha-neutral)
KNUTH-PROBES planned=1000000000 executed=1000000000
KNUTH_PROBES=EXECUTED-EQ-PLANNED
KNUTH-ESTIMATE probes=1000000000 threads=64 start_step=1 prefix_levels=0
KNUTH-PROVENANCE seed_base=0x0000000078c3d5ea moore_strict=0 gender_strict=0 score=1 r11_hist=0 wall_s=211
  tree_nodes            : est=9.194006e+39  95%CI=[9.1921e+39, 9.1960e+39]  relerr=0.01%  hitrate=1
  leaves_C1C2C4C5       : est=5.207536e+38  95%CI=[5.2022e+38, 5.2129e+38]  relerr=0.05%  hitrate=0.0124
  leaves_canonical_C1C5 : est=6.509237e+37  95%CI=[6.4900e+37, 6.5285e+37]  relerr=0.15%  hitrate=0.00155
  [diag] canonical top single-probe share : max_w=1.247527e+42 = 0.0019% of estimate mass (skew/ESS audit; lower=better)
  [score] R-C1 final-pair-anchor  : 0.078625 of canonical mass se=3.860e-04
  [score] R-C1c circular anchor-adjacency (R6; A2={21,42} slot2||slot32): adjacent=0.134334 slot2=0.055708 slot32=0.078625 (McKenna 1975 frame; slot32 must reproduce R-C1=0.078625)
  [score] R-C1c A2 pair-slot histogram (report-only; fraction of canonical mass, slots 1-32):
  a2slot 2 5.5708230274e-02
  a2slot 3 3.8531150070e-02
  a2slot 4 3.4672801577e-02
  a2slot 5 3.2787905267e-02
  a2slot 6 3.2086239578e-02
  a2slot 7 3.1174479311e-02
  a2slot 8 2.9937298741e-02
  a2slot 9 2.9271666619e-02
  a2slot 10 2.8382633155e-02
  a2slot 11 2.7584004510e-02
  a2slot 12 2.7842329916e-02
  a2slot 13 2.7351509985e-02
  a2slot 14 2.7397660985e-02
  a2slot 15 2.6832379988e-02
  a2slot 16 2.6592283985e-02
  a2slot 17 2.7142940962e-02
  a2slot 18 2.6481951490e-02
  a2slot 19 2.7242358103e-02
  a2slot 20 2.6946495510e-02
  a2slot 21 2.7148914778e-02
  a2slot 22 2.7491424751e-02
  a2slot 23 2.8192384735e-02
  a2slot 24 2.8422798461e-02
  a2slot 25 2.9321787941e-02
  a2slot 26 2.9523235522e-02
  a2slot 27 3.1238377919e-02
  a2slot 28 3.1734614771e-02
  a2slot 29 3.3144736569e-02
  a2slot 30 3.3465414178e-02
  a2slot 31 3.7724621926e-02
  a2slot 32 7.8625368423e-02
  [score] R-C2 first7-level-cover : 0.115581 of canonical mass se=4.660e-04
  [score] R-C5 18:18-HEC-split    : 0.364648 of canonical mass se=7.281e-04
  [score] R-M1 Moore-parity strict : 0.000005 of canonical mass (18/18; KW itself FAILS this) se=1.869e-06
  [score] R-M1 Moore-parity >=16/18: 0.000842 of canonical mass (KW level) se=4.584e-05
  [score] R-M1 max compliance seen : 18 of 18 (Moore-2005 precursor existence bound)
  [score] R-M2 Moore-1989 R/F <=2 breaks: 0.033575 of canonical mass (KW level) se=2.780e-04
  [score] R-M2 strict 0 breaks     : 0.000501 of canonical mass se=3.590e-05; min breaks seen = 0 (KW = 2)
  [score] Moore joint (M1>=16 & M2<=2): 0.00003259 of canonical mass se=1.523e-05 (independence: 0.00002826)
  [score] R-C3 level-3 positions == KW : 0.00000000 se=0.000e+00 | S-gap pattern anywhere: 0.00009465 se=1.400e-05 (Cook 2006)
  [score] R-C4 gender/valence <=2 viol : 0.000119 se=1.588e-05 | 0 viol: 0.000001 se=3.512e-07 (Cook 2006)
  [score] R-C4-B exception-form (0 viol OR 2 adjacent) : 1.6551442087e-05 se=5.093e-06 | R-C4-C KW locus [25,26]: 0.0000000000e+00 se=0.000e+00 (R13 two-convention; Schulz 1990/Cook 2006)
  [score] R-C4 0-viol DERIVED-N_gs abs : est=3.845372e+31  95%CI=[-6.3527e+30, 8.3260e+31]  relerr=59.45%  hits=3
  [score] Davis palindrome windows >=1 : 0.501998 se=7.550e-04 | >=2 (KW level): 0.141225 se=5.318e-04 (Davis 2012)
  [score] Pareto-dominates KW          : 0.00000000 of canonical mass se=0.000e+00 (F4-A)
  [score] wrap-distance mass d(s63,s0)  : d1=0.175341 d3=0.650389 d5=0.174271 se=5.931e-04/7.341e-04/5.916e-04 (odd-only per theorem; circular-C2 price = d5 mass)
  [score] WRAPBIN-SCRATCH d0 : frac=0.000000 se=0.000e+00 | abs est=0.000000e+00 se=0.000e+00 relerr=0.000%
  [score] WRAPBIN-SCRATCH d1 : frac=0.175341 se=5.931e-04 | abs est=1.141335e+37 se=4.287e+34 relerr=0.376%
  [score] WRAPBIN-SCRATCH d2 : frac=0.000000 se=0.000e+00 | abs est=0.000000e+00 se=0.000e+00 relerr=0.000%
  [score] WRAPBIN-SCRATCH d3 : frac=0.650389 se=7.341e-04 | abs est=4.233533e+37 se=7.744e+34 relerr=0.183%
  [score] WRAPBIN-SCRATCH d4 : frac=0.000000 se=0.000e+00 | abs est=0.000000e+00 se=0.000e+00 relerr=0.000%
  [score] WRAPBIN-SCRATCH d5 : frac=0.174271 se=5.916e-04 | abs est=1.134369e+37 se=4.273e+34 relerr=0.377%
  [score] WRAPBIN-SCRATCH d6 : frac=0.000000 se=0.000e+00 | abs est=0.000000e+00 se=0.000e+00 relerr=0.000%
RC=0
SEED=2026100202
